Archive member included because of file (symbol)

d:/alalala/nios2eds/bin/gnu/h-i686-mingw32/bin/../lib/gcc/nios2-elf/4.1.2/mno-hw-mul\libgcc.a(lib2-mul.o)
                              obj/default/count_binary.o (__mulsi3)
d:/alalala/nios2eds/bin/gnu/h-i686-mingw32/bin/../lib/gcc/nios2-elf/4.1.2/../../../../nios2-elf/lib/mno-hw-mul\libc.a(lib_a-printf.o)
                              obj/default/count_binary.o (printf)
d:/alalala/nios2eds/bin/gnu/h-i686-mingw32/bin/../lib/gcc/nios2-elf/4.1.2/../../../../nios2-elf/lib/mno-hw-mul\libc.a(lib_a-puts.o)
                              obj/default/count_binary.o (puts)
d:/alalala/nios2eds/bin/gnu/h-i686-mingw32/bin/../lib/gcc/nios2-elf/4.1.2/../../../../nios2-elf/lib/mno-hw-mul\libc.a(lib_a-rand.o)
                              obj/default/count_binary.o (srand)
d:/alalala/nios2eds/bin/gnu/h-i686-mingw32/bin/../lib/gcc/nios2-elf/4.1.2/../../../../nios2-elf/lib/mno-hw-mul\libc.a(lib_a-strlen.o)
                              d:/alalala/nios2eds/bin/gnu/h-i686-mingw32/bin/../lib/gcc/nios2-elf/4.1.2/../../../../nios2-elf/lib/mno-hw-mul\libc.a(lib_a-puts.o) (strlen)
d:/alalala/nios2eds/bin/gnu/h-i686-mingw32/bin/../lib/gcc/nios2-elf/4.1.2/../../../../nios2-elf/lib/mno-hw-mul\libc.a(lib_a-vfprintf.o)
                              d:/alalala/nios2eds/bin/gnu/h-i686-mingw32/bin/../lib/gcc/nios2-elf/4.1.2/../../../../nios2-elf/lib/mno-hw-mul\libc.a(lib_a-printf.o) (___vfprintf_internal_r)
d:/alalala/nios2eds/bin/gnu/h-i686-mingw32/bin/../lib/gcc/nios2-elf/4.1.2/../../../../nios2-elf/lib/mno-hw-mul\libc.a(lib_a-wsetup.o)
                              d:/alalala/nios2eds/bin/gnu/h-i686-mingw32/bin/../lib/gcc/nios2-elf/4.1.2/../../../../nios2-elf/lib/mno-hw-mul\libc.a(lib_a-vfprintf.o) (__swsetup_r)
d:/alalala/nios2eds/bin/gnu/h-i686-mingw32/bin/../lib/gcc/nios2-elf/4.1.2/../../../../nios2-elf/lib/mno-hw-mul\libc.a(lib_a-dtoa.o)
                              d:/alalala/nios2eds/bin/gnu/h-i686-mingw32/bin/../lib/gcc/nios2-elf/4.1.2/../../../../nios2-elf/lib/mno-hw-mul\libc.a(lib_a-vfprintf.o) (_dtoa_r)
d:/alalala/nios2eds/bin/gnu/h-i686-mingw32/bin/../lib/gcc/nios2-elf/4.1.2/../../../../nios2-elf/lib/mno-hw-mul\libc.a(lib_a-fflush.o)
                              d:/alalala/nios2eds/bin/gnu/h-i686-mingw32/bin/../lib/gcc/nios2-elf/4.1.2/../../../../nios2-elf/lib/mno-hw-mul\libc.a(lib_a-vfprintf.o) (_fflush_r)
d:/alalala/nios2eds/bin/gnu/h-i686-mingw32/bin/../lib/gcc/nios2-elf/4.1.2/../../../../nios2-elf/lib/mno-hw-mul\libc.a(lib_a-findfp.o)
                              d:/alalala/nios2eds/bin/gnu/h-i686-mingw32/bin/../lib/gcc/nios2-elf/4.1.2/../../../../nios2-elf/lib/mno-hw-mul\libc.a(lib_a-vfprintf.o) (__sinit)
d:/alalala/nios2eds/bin/gnu/h-i686-mingw32/bin/../lib/gcc/nios2-elf/4.1.2/../../../../nios2-elf/lib/mno-hw-mul\libc.a(lib_a-freer.o)
                              d:/alalala/nios2eds/bin/gnu/h-i686-mingw32/bin/../lib/gcc/nios2-elf/4.1.2/../../../../nios2-elf/lib/mno-hw-mul\libc.a(lib_a-wsetup.o) (_free_r)
d:/alalala/nios2eds/bin/gnu/h-i686-mingw32/bin/../lib/gcc/nios2-elf/4.1.2/../../../../nios2-elf/lib/mno-hw-mul\libc.a(lib_a-fvwrite.o)
                              d:/alalala/nios2eds/bin/gnu/h-i686-mingw32/bin/../lib/gcc/nios2-elf/4.1.2/../../../../nios2-elf/lib/mno-hw-mul\libc.a(lib_a-puts.o) (__sfvwrite_r)
d:/alalala/nios2eds/bin/gnu/h-i686-mingw32/bin/../lib/gcc/nios2-elf/4.1.2/../../../../nios2-elf/lib/mno-hw-mul\libc.a(lib_a-fwalk.o)
                              d:/alalala/nios2eds/bin/gnu/h-i686-mingw32/bin/../lib/gcc/nios2-elf/4.1.2/../../../../nios2-elf/lib/mno-hw-mul\libc.a(lib_a-fflush.o) (_fwalk_reent)
d:/alalala/nios2eds/bin/gnu/h-i686-mingw32/bin/../lib/gcc/nios2-elf/4.1.2/../../../../nios2-elf/lib/mno-hw-mul\libc.a(lib_a-impure.o)
                              d:/alalala/nios2eds/bin/gnu/h-i686-mingw32/bin/../lib/gcc/nios2-elf/4.1.2/../../../../nios2-elf/lib/mno-hw-mul\libc.a(lib_a-printf.o) (_impure_ptr)
d:/alalala/nios2eds/bin/gnu/h-i686-mingw32/bin/../lib/gcc/nios2-elf/4.1.2/../../../../nios2-elf/lib/mno-hw-mul\libc.a(lib_a-locale.o)
                              d:/alalala/nios2eds/bin/gnu/h-i686-mingw32/bin/../lib/gcc/nios2-elf/4.1.2/../../../../nios2-elf/lib/mno-hw-mul\libc.a(lib_a-vfprintf.o) (_localeconv_r)
d:/alalala/nios2eds/bin/gnu/h-i686-mingw32/bin/../lib/gcc/nios2-elf/4.1.2/../../../../nios2-elf/lib/mno-hw-mul\libc.a(lib_a-makebuf.o)
                              d:/alalala/nios2eds/bin/gnu/h-i686-mingw32/bin/../lib/gcc/nios2-elf/4.1.2/../../../../nios2-elf/lib/mno-hw-mul\libc.a(lib_a-wsetup.o) (__smakebuf_r)
d:/alalala/nios2eds/bin/gnu/h-i686-mingw32/bin/../lib/gcc/nios2-elf/4.1.2/../../../../nios2-elf/lib/mno-hw-mul\libc.a(lib_a-mallocr.o)
                              d:/alalala/nios2eds/bin/gnu/h-i686-mingw32/bin/../lib/gcc/nios2-elf/4.1.2/../../../../nios2-elf/lib/mno-hw-mul\libc.a(lib_a-findfp.o) (_malloc_r)
[...]
Memory Configuration

Name             Origin             Length             Attributes
reset            0x02800000         0x00000020
sdram_ctrl       0x02800020         0x007fffe0
*default*        0x00000000         0xffffffff

Linker script and memory map

LOAD ../1121robot_test_bsp//obj/HAL/src/crt0.o
LOAD obj/default/count_binary.o
LOAD d:/alalala/nios2eds/bin/gnu/h-i686-mingw32/bin/../lib/gcc/nios2-elf/4.1.2/../../../../nios2-elf/lib/mno-hw-mul\libstdc++.a
LOAD d:/alalala/nios2eds/bin/gnu/h-i686-mingw32/bin/../lib/gcc/nios2-elf/4.1.2/../../../../nios2-elf/lib/mno-hw-mul\libm.a
LOAD d:/alalala/nios2eds/bin/gnu/h-i686-mingw32/bin/../lib/gcc/nios2-elf/4.1.2/mno-hw-mul\libgcc.a
START GROUP
LOAD d:/alalala/nios2eds/bin/gnu/h-i686-mingw32/bin/../lib/gcc/nios2-elf/4.1.2/../../../../nios2-elf/lib/mno-hw-mul\libc.a
LOAD d:/alalala/nios2eds/bin/gnu/h-i686-mingw32/bin/../lib/gcc/nios2-elf/4.1.2/mno-hw-mul\libgcc.a
LOAD ../1121robot_test_bsp/\libhal_bsp.a
END GROUP
LOAD d:/alalala/nios2eds/bin/gnu/h-i686-mingw32/bin/../lib/gcc/nios2-elf/4.1.2/mno-hw-mul\libgcc.a
                0x02800000                __alt_mem_sdram_ctrl = 0x2800000

.entry          0x02800000       0x20
 *(.entry)
 .entry         0x02800000       0x20 ../1121robot_test_bsp//obj/HAL/src/crt0.o
                0x02800000                __reset

.exceptions     0x02800020      0x194
                0x02800020                PROVIDE (__ram_exceptions_start, ABSOLUTE (.))
                0x02800020                . = ALIGN (0x20)
 *(.irq)
 *(.exceptions.entry.label)
 .exceptions.entry.label
                0x02800020        0x0 ../1121robot_test_bsp/\libhal_bsp.a(alt_irq_entry.o)
                0x02800020                alt_irq_entry
 .exceptions.entry.label
                0x02800020        0x0 ../1121robot_test_bsp/\libhal_bsp.a(alt_exception_entry.o)
                0x02800020                alt_exception
 *(.exceptions.entry.user)
 *(.exceptions.entry)
 .exceptions.entry
                0x02800020       0x54 ../1121robot_test_bsp/\libhal_bsp.a(alt_exception_entry.o)
 *(.exceptions.irqtest.user)
 *(.exceptions.irqtest)
 .exceptions.irqtest
                0x02800074       0x10 ../1121robot_test_bsp/\libhal_bsp.a(alt_irq_entry.o)
 *(.exceptions.irqhandler.user)
 *(.exceptions.irqhandler)
 .exceptions.irqhandler
                0x02800084        0x4 ../1121robot_test_bsp/\libhal_bsp.a(alt_irq_entry.o)
 *(.exceptions.irqreturn.user)
 *(.exceptions.irqreturn)
 .exceptions.irqreturn
                0x02800088        0x4 ../1121robot_test_bsp/\libhal_bsp.a(alt_irq_entry.o)
 *(.exceptions.notirq.label)
 .exceptions.notirq.label
                0x0280008c        0x0 ../1121robot_test_bsp/\libhal_bsp.a(alt_irq_entry.o)
 *(.exceptions.notirq.user)
 *(.exceptions.notirq)
 .exceptions.notirq
                0x0280008c        0x8 ../1121robot_test_bsp/\libhal_bsp.a(alt_exception_entry.o)
 *(.exceptions.soft.user)
 *(.exceptions.soft)
 *(.exceptions.unknown.user)
 *(.exceptions.unknown)
 .exceptions.unknown
                0x02800094        0x4 ../1121robot_test_bsp/\libhal_bsp.a(alt_exception_entry.o)
 *(.exceptions.exit.label)
 .exceptions.exit.label
                0x02800098        0x0 ../1121robot_test_bsp/\libhal_bsp.a(alt_irq_entry.o)
 .exceptions.exit.label
                0x02800098        0x0 ../1121robot_test_bsp/\libhal_bsp.a(alt_exception_entry.o)
 *(.exceptions.exit.user)
 *(.exceptions.exit)
 .exceptions.exit
                0x02800098       0x54 ../1121robot_test_bsp/\libhal_bsp.a(alt_exception_entry.o)
 *(.exceptions)
 .exceptions    0x028000ec       0xc8 ../1121robot_test_bsp/\libhal_bsp.a(alt_irq_handler.o)
                0x028000ec                alt_irq_handler
                0x028001b4                PROVIDE (__ram_exceptions_end, ABSOLUTE (.))
                0x02800020                PROVIDE (__flash_exceptions_start, LOADADDR (.exceptions))

.text           0x028001b4     0xdf28
                0x028001b4                PROVIDE (stext, ABSOLUTE (.))
 *(.interp)
 *(.hash)
 *(.dynsym)
 *(.dynstr)
 *(.gnu.version)
 *(.gnu.version_d)
 *(.gnu.version_r)
 *(.rel.init)
 *(.rela.init)
 *(.rel.text .rel.text.* .rel.gnu.linkonce.t.*)
 *(.rela.text .rela.text.* .rela.gnu.linkonce.t.*)
 *(.rel.fini)
 *(.rela.fini)
 *(.rel.rodata .rel.rodata.* .rel.gnu.linkonce.r.*)
 *(.rela.rodata .rela.rodata.* .rela.gnu.linkonce.r.*)
 *(.rel.data .rel.data.* .rel.gnu.linkonce.d.*)
 *(.rela.data .rela.data.* .rela.gnu.linkonce.d.*)
 *(.rel.tdata .rel.tdata.* .rel.gnu.linkonce.td.*)
 *(.rela.tdata .rela.tdata.* .rela.gnu.linkonce.td.*)
 *(.rel.tbss .rel.tbss.* .rel.gnu.linkonce.tb.*)
 *(.rela.tbss .rela.tbss.* .rela.gnu.linkonce.tb.*)
 *(.rel.ctors)
 *(.rela.ctors)
 *(.rel.dtors)
 *(.rela.dtors)
 *(.rel.got)
 *(.rela.got)
 *(.rel.sdata .rel.sdata.* .rel.gnu.linkonce.s.*)
 *(.rela.sdata .rela.sdata.* .rela.gnu.linkonce.s.*)
 *(.rel.sbss .rel.sbss.* .rel.gnu.linkonce.sb.*)
 *(.rela.sbss .rela.sbss.* .rela.gnu.linkonce.sb.*)
 *(.rel.sdata2 .rel.sdata2.* .rel.gnu.linkonce.s2.*)
 *(.rela.sdata2 .rela.sdata2.* .rela.gnu.linkonce.s2.*)
 *(.rel.sbss2 .rel.sbss2.* .rel.gnu.linkonce.sb2.*)
 *(.rela.sbss2 .rela.sbss2.* .rela.gnu.linkonce.sb2.*)
 *(.rel.bss .rel.bss.* .rel.gnu.linkonce.b.*)
 *(.rela.bss .rela.bss.* .rela.gnu.linkonce.b.*)
 *(.rel.plt)
 *(.rela.plt)
 *(.rel.dyn)
 *(.init)
 *(.plt)
 *(.text .stub .text.* .gnu.linkonce.t.*)
 .text          0x028001b4       0x3c ../1121robot_test_bsp//obj/HAL/src/crt0.o
                0x028001b4                _start
 .text          0x028001f0      0x938 obj/default/count_binary.o
                0x028001f0                star_display
                0x0280034c                DoEnablePIOInterrupt
                0x02800380                DoDisablePIOInterrupt
                0x028003d8                PIOISRInitial
                0x0280040c                PIOISR
                0x02800454                main
                0x02800564                location1
                0x02800a3c                he0
 .text          0x02800b28       0x38 d:/alalala/nios2eds/bin/gnu/h-i686-mingw32/bin/../lib/gcc/nios2-elf/4.1.2/mno-hw-mul\libgcc.a(lib2-mul.o)
                0x02800b28                __mulsi3
 .text          0x02800b60       0x78 d:/alalala/nios2eds/bin/gnu/h-i686-mingw32/bin/../lib/gcc/nios2-elf/4.1.2/../../../../nios2-elf/lib/mno-hw-mul\libc.a(lib_a-printf.o)
                0x02800b60                printf
                0x02800ba4                _printf_r
 .text          0x02800bd8       0xb4 d:/alalala/nios2eds/bin/gnu/h-i686-mingw32/bin/../lib/gcc/nios2-elf/4.1.2/../../../../nios2-elf/lib/mno-hw-mul\libc.a(lib_a-puts.o)
                0x02800bd8                _puts_r
                0x02800c78                puts
 .text          0x02800c8c       0x94 d:/alalala/nios2eds/bin/gnu/h-i686-mingw32/bin/../lib/gcc/nios2-elf/4.1.2/../../../../nios2-elf/lib/mno-hw-mul\libc.a(lib_a-rand.o)
                0x02800c8c                srand
                0x02800ca8                rand
 .text          0x02800d20       0x74 d:/alalala/nios2eds/bin/gnu/h-i686-mingw32/bin/../lib/gcc/nios2-elf/4.1.2/../../../../nios2-elf/lib/mno-hw-mul\libc.a(lib_a-strlen.o)
                0x02800d20                strlen
 .text          0x02800d94     0x1f40 d:/alalala/nios2eds/bin/gnu/h-i686-mingw32/bin/../lib/gcc/nios2-elf/4.1.2/../../../../nios2-elf/lib/mno-hw-mul\libc.a(lib_a-vfprintf.o)
                0x02800dec                ___vfprintf_internal_r
                0x02802cb0                __vfprintf_internal
 .text          0x02802cd4      0x13c d:/alalala/nios2eds/bin/gnu/h-i686-mingw32/bin/../lib/gcc/nios2-elf/4.1.2/../../../../nios2-elf/lib/mno-hw-mul\libc.a(lib_a-wsetup.o)
                0x02802cd4                __swsetup_r
 .text          0x02802e10     0x17f8 d:/alalala/nios2eds/bin/gnu/h-i686-mingw32/bin/../lib/gcc/nios2-elf/4.1.2/../../../../nios2-elf/lib/mno-hw-mul\libc.a(lib_a-dtoa.o)
                0x02803054                _dtoa_r
 .text          0x02804608      0x230 d:/alalala/nios2eds/bin/gnu/h-i686-mingw32/bin/../lib/gcc/nios2-elf/4.1.2/../../../../nios2-elf/lib/mno-hw-mul\libc.a(lib_a-fflush.o)
                0x02804608                _fflush_r
                0x02804804                fflush
 .text          0x02804838      0x2f4 d:/alalala/nios2eds/bin/gnu/h-i686-mingw32/bin/../lib/gcc/nios2-elf/4.1.2/../../../../nios2-elf/lib/mno-hw-mul\libc.a(lib_a-findfp.o)
                0x02804890                __sfp_lock_acquire
                0x02804894                __sfp_lock_release
                0x02804898                __sinit_lock_acquire
                0x0280489c                __sinit_lock_release
                0x028048a0                __sinit
                0x02804954                __fp_unlock_all
                0x0280496c                __fp_lock_all
                0x02804984                _cleanup_r
                0x02804990                _cleanup
                0x028049a0                __sfmoreglue
                0x02804a3c                __sfp
 .text          0x02804b2c      0x440 d:/alalala/nios2eds/bin/gnu/h-i686-mingw32/bin/../lib/gcc/nios2-elf/4.1.2/../../../../nios2-elf/lib/mno-hw-mul\libc.a(lib_a-freer.o)
                0x02804b2c                _malloc_trim_r
                0x02804c58                _free_r
 .text          0x02804f6c      0x49c d:/alalala/nios2eds/bin/gnu/h-i686-mingw32/bin/../lib/gcc/nios2-elf/4.1.2/../../../../nios2-elf/lib/mno-hw-mul\libc.a(lib_a-fvwrite.o)
                0x02804f6c                __sfvwrite_r
 .text          0x02805408      0x180 d:/alalala/nios2eds/bin/gnu/h-i686-mingw32/bin/../lib/gcc/nios2-elf/4.1.2/../../../../nios2-elf/lib/mno-hw-mul\libc.a(lib_a-fwalk.o)
                0x02805408                _fwalk_reent
                0x028054d0                _fwalk
 .text          0x02805588        0x0 d:/alalala/nios2eds/bin/gnu/h-i686-mingw32/bin/../lib/gcc/nios2-elf/4.1.2/../../../../nios2-elf/lib/mno-hw-mul\libc.a(lib_a-impure.o)
 .text          0x02805588       0xc4 d:/alalala/nios2eds/bin/gnu/h-i686-mingw32/bin/../lib/gcc/nios2-elf/4.1.2/../../../../nios2-elf/lib/mno-hw-mul\libc.a(lib_a-locale.o)
                0x02805588                __locale_charset
                0x02805590                _localeconv_r
                0x0280559c                localeconv
                0x028055ac                _setlocale_r
                0x02805630                setlocale
 .text          0x0280564c      0x194 d:/alalala/nios2eds/bin/gnu/h-i686-mingw32/bin/../lib/gcc/nios2-elf/4.1.2/../../../../nios2-elf/lib/mno-hw-mul\libc.a(lib_a-makebuf.o)
                0x0280564c                __smakebuf_r
 .text          0x028057e0      0x740 d:/alalala/nios2eds/bin/gnu/h-i686-mingw32/bin/../lib/gcc/nios2-elf/4.1.2/../../../../nios2-elf/lib/mno-hw-mul\libc.a(lib_a-mallocr.o)
                0x028057e0                _malloc_r
 .text          0x02805f20       0xe4 d:/alalala/nios2eds/bin/gnu/h-i686-mingw32/bin/../lib/gcc/nios2-elf/4.1.2/../../../../nios2-elf/lib/mno-hw-mul\libc.a(lib_a-memchr.o)
                0x02805f20                memchr
 .text          0x02806004       0xa0 d:/alalala/nios2eds/bin/gnu/h-i686-mingw32/bin/../lib/gcc/nios2-elf/4.1.2/../../../../nios2-elf/lib/mno-hw-mul\libc.a(lib_a-memcpy.o)
                0x02806004                memcpy
 .text          0x028060a4       0xe0 d:/alalala/nios2eds/bin/gnu/h-i686-mingw32/bin/../lib/gcc/nios2-elf/4.1.2/../../../../nios2-elf/lib/mno-hw-mul\libc.a(lib_a-memmove.o)
                0x028060a4                memmove
 .text          0x02806184       0x98 d:/alalala/nios2eds/bin/gnu/h-i686-mingw32/bin/../lib/gcc/nios2-elf/4.1.2/../../../../nios2-elf/lib/mno-hw-mul\libc.a(lib_a-memset.o)
                0x02806184                memset
 .text          0x0280621c     0x108c d:/alalala/nios2eds/bin/gnu/h-i686-mingw32/bin/../lib/gcc/nios2-elf/4.1.2/../../../../nios2-elf/lib/mno-hw-mul\libc.a(lib_a-mprec.o)
                0x0280621c                _Bfree
                0x02806244                __hi0bits
                0x028062b4                __lo0bits
                0x02806378                __mcmp
                0x028063d8                __ulp
                0x02806458                __b2d
                0x02806578                __ratio
                0x02806628                _mprec_log10
                0x028066bc                __copybits
                0x02806714                __any_on
                0x0280679c                _Balloc
                0x02806858                __d2b
                0x028069d4                __mdiff
                0x02806b60                __lshift
                0x02806cac                __multiply
                0x02806f00                __i2b
                0x02806f3c                __multadd
                0x02807068                __pow5mult
                0x02807188                __s2b
 .text          0x028072a8      0x5f4 d:/alalala/nios2eds/bin/gnu/h-i686-mingw32/bin/../lib/gcc/nios2-elf/4.1.2/../../../../nios2-elf/lib/mno-hw-mul\libc.a(lib_a-reallocr.o)
                0x028072a8                _realloc_r
 .text          0x0280789c       0x40 d:/alalala/nios2eds/bin/gnu/h-i686-mingw32/bin/../lib/gcc/nios2-elf/4.1.2/../../../../nios2-elf/lib/mno-hw-mul\libc.a(lib_a-s_isinfd.o)
                0x0280789c                __isinfd
 .text          0x028078dc       0x30 d:/alalala/nios2eds/bin/gnu/h-i686-mingw32/bin/../lib/gcc/nios2-elf/4.1.2/../../../../nios2-elf/lib/mno-hw-mul\libc.a(lib_a-s_isnand.o)
                0x028078dc                __isnand
 .text          0x0280790c       0x70 d:/alalala/nios2eds/bin/gnu/h-i686-mingw32/bin/../lib/gcc/nios2-elf/4.1.2/../../../../nios2-elf/lib/mno-hw-mul\libc.a(lib_a-sbrkr.o)
                0x0280790c                _sbrk_r
 .text          0x0280797c      0x14c d:/alalala/nios2eds/bin/gnu/h-i686-mingw32/bin/../lib/gcc/nios2-elf/4.1.2/../../../../nios2-elf/lib/mno-hw-mul\libc.a(lib_a-stdio.o)
                0x0280797c                __sclose
                0x02807984                __sseek
                0x028079ec                __swrite
                0x02807a68                __sread
 .text          0x02807ac8       0xbc d:/alalala/nios2eds/bin/gnu/h-i686-mingw32/bin/../lib/gcc/nios2-elf/4.1.2/../../../../nios2-elf/lib/mno-hw-mul\libc.a(lib_a-strcmp.o)
                0x02807ac8                strcmp
 .text          0x02807b84       0x78 d:/alalala/nios2eds/bin/gnu/h-i686-mingw32/bin/../lib/gcc/nios2-elf/4.1.2/../../../../nios2-elf/lib/mno-hw-mul\libc.a(lib_a-writer.o)
                0x02807b84                _write_r
 .text          0x02807bfc       0xc8 d:/alalala/nios2eds/bin/gnu/h-i686-mingw32/bin/../lib/gcc/nios2-elf/4.1.2/../../../../nios2-elf/lib/mno-hw-mul\libc.a(lib_a-callocr.o)
                0x02807bfc                _calloc_r
 .text          0x02807cc4       0x70 d:/alalala/nios2eds/bin/gnu/h-i686-mingw32/bin/../lib/gcc/nios2-elf/4.1.2/../../../../nios2-elf/lib/mno-hw-mul\libc.a(lib_a-closer.o)
                0x02807cc4                _close_r
 .text          0x02807d34      0x124 d:/alalala/nios2eds/bin/gnu/h-i686-mingw32/bin/../lib/gcc/nios2-elf/4.1.2/../../../../nios2-elf/lib/mno-hw-mul\libc.a(lib_a-fclose.o)
                0x02807d34                _fclose_r
                0x02807e44                fclose
 .text          0x02807e58       0x74 d:/alalala/nios2eds/bin/gnu/h-i686-mingw32/bin/../lib/gcc/nios2-elf/4.1.2/../../../../nios2-elf/lib/mno-hw-mul\libc.a(lib_a-fstatr.o)
                0x02807e58                _fstat_r
 .text          0x02807ecc        0x0 d:/alalala/nios2eds/bin/gnu/h-i686-mingw32/bin/../lib/gcc/nios2-elf/4.1.2/../../../../nios2-elf/lib/mno-hw-mul\libc.a(lib_a-int_errno.o)
 .text          0x02807ecc       0x70 d:/alalala/nios2eds/bin/gnu/h-i686-mingw32/bin/../lib/gcc/nios2-elf/4.1.2/../../../../nios2-elf/lib/mno-hw-mul\libc.a(lib_a-isattyr.o)
                0x02807ecc                _isatty_r
 .text          0x02807f3c       0x78 d:/alalala/nios2eds/bin/gnu/h-i686-mingw32/bin/../lib/gcc/nios2-elf/4.1.2/../../../../nios2-elf/lib/mno-hw-mul\libc.a(lib_a-lseekr.o)
                0x02807f3c                _lseek_r
 .text          0x02807fb4       0x78 d:/alalala/nios2eds/bin/gnu/h-i686-mingw32/bin/../lib/gcc/nios2-elf/4.1.2/../../../../nios2-elf/lib/mno-hw-mul\libc.a(lib_a-readr.o)
                0x02807fb4                _read_r
 .text          0x0280802c      0x124 d:/alalala/nios2eds/bin/gnu/h-i686-mingw32/bin/../lib/gcc/nios2-elf/4.1.2/mno-hw-mul\libgcc.a(_muldi3.o)
                0x0280802c                __muldi3
 .text          0x02808150      0x66c d:/alalala/nios2eds/bin/gnu/h-i686-mingw32/bin/../lib/gcc/nios2-elf/4.1.2/mno-hw-mul\libgcc.a(_udivdi3.o)
                0x02808150                __udivdi3
 .text          0x028087bc      0x660 d:/alalala/nios2eds/bin/gnu/h-i686-mingw32/bin/../lib/gcc/nios2-elf/4.1.2/mno-hw-mul\libgcc.a(_umoddi3.o)
                0x028087bc                __umoddi3
 .text          0x02808e1c      0x504 d:/alalala/nios2eds/bin/gnu/h-i686-mingw32/bin/../lib/gcc/nios2-elf/4.1.2/mno-hw-mul\libgcc.a(_addsub_df.o)
                0x0280922c                __subdf3
                0x028092ac                __adddf3
 .text          0x02809320      0x3c4 d:/alalala/nios2eds/bin/gnu/h-i686-mingw32/bin/../lib/gcc/nios2-elf/4.1.2/mno-hw-mul\libgcc.a(_mul_df.o)
                0x02809320                __muldf3
 .text          0x028096e4      0x258 d:/alalala/nios2eds/bin/gnu/h-i686-mingw32/bin/../lib/gcc/nios2-elf/4.1.2/mno-hw-mul\libgcc.a(_div_df.o)
                0x028096e4                __divdf3
 .text          0x0280993c       0x88 d:/alalala/nios2eds/bin/gnu/h-i686-mingw32/bin/../lib/gcc/nios2-elf/4.1.2/mno-hw-mul\libgcc.a(_eq_df.o)
                0x0280993c                __eqdf2
 .text          0x028099c4       0x88 d:/alalala/nios2eds/bin/gnu/h-i686-mingw32/bin/../lib/gcc/nios2-elf/4.1.2/mno-hw-mul\libgcc.a(_ne_df.o)
                0x028099c4                __nedf2
 .text          0x02809a4c       0x88 d:/alalala/nios2eds/bin/gnu/h-i686-mingw32/bin/../lib/gcc/nios2-elf/4.1.2/mno-hw-mul\libgcc.a(_gt_df.o)
                0x02809a4c                __gtdf2
 .text          0x02809ad4       0x88 d:/alalala/nios2eds/bin/gnu/h-i686-mingw32/bin/../lib/gcc/nios2-elf/4.1.2/mno-hw-mul\libgcc.a(_ge_df.o)
                0x02809ad4                __gedf2
 .text          0x02809b5c       0x88 d:/alalala/nios2eds/bin/gnu/h-i686-mingw32/bin/../lib/gcc/nios2-elf/4.1.2/mno-hw-mul\libgcc.a(_lt_df.o)
                0x02809b5c                __ltdf2
 .text          0x02809be4       0xf8 d:/alalala/nios2eds/bin/gnu/h-i686-mingw32/bin/../lib/gcc/nios2-elf/4.1.2/mno-hw-mul\libgcc.a(_si_to_df.o)
                0x02809be4                __floatsidf
 .text          0x02809cdc       0xd8 d:/alalala/nios2eds/bin/gnu/h-i686-mingw32/bin/../lib/gcc/nios2-elf/4.1.2/mno-hw-mul\libgcc.a(_df_to_si.o)
                0x02809cdc                __fixdfsi
 .text          0x02809db4        0x0 d:/alalala/nios2eds/bin/gnu/h-i686-mingw32/bin/../lib/gcc/nios2-elf/4.1.2/mno-hw-mul\libgcc.a(_thenan_df.o)
 .text          0x02809db4      0x194 d:/alalala/nios2eds/bin/gnu/h-i686-mingw32/bin/../lib/gcc/nios2-elf/4.1.2/mno-hw-mul\libgcc.a(_usi_to_df.o)
                0x02809db4                __floatunsidf
 .text          0x02809f48      0x14c d:/alalala/nios2eds/bin/gnu/h-i686-mingw32/bin/../lib/gcc/nios2-elf/4.1.2/mno-hw-mul\libgcc.a(lib2-divmod.o)
                0x02809fc4                __divsi3
                0x0280a024                __modsi3
                0x0280a084                __udivsi3
                0x0280a08c                __umodsi3
 .text          0x0280a094        0x0 d:/alalala/nios2eds/bin/gnu/h-i686-mingw32/bin/../lib/gcc/nios2-elf/4.1.2/mno-hw-mul\libgcc.a(_clz.o)
 .text          0x0280a094       0x80 d:/alalala/nios2eds/bin/gnu/h-i686-mingw32/bin/../lib/gcc/nios2-elf/4.1.2/mno-hw-mul\libgcc.a(_clzsi2.o)
                0x0280a094                __clzsi2
 .text          0x0280a114      0x314 d:/alalala/nios2eds/bin/gnu/h-i686-mingw32/bin/../lib/gcc/nios2-elf/4.1.2/mno-hw-mul\libgcc.a(_pack_df.o)
                0x0280a114                __pack_d
 .text          0x0280a428      0x138 d:/alalala/nios2eds/bin/gnu/h-i686-mingw32/bin/../lib/gcc/nios2-elf/4.1.2/mno-hw-mul\libgcc.a(_unpack_df.o)
                0x0280a428                __unpack_d
 .text          0x0280a560       0xc8 d:/alalala/nios2eds/bin/gnu/h-i686-mingw32/bin/../lib/gcc/nios2-elf/4.1.2/mno-hw-mul\libgcc.a(_fpcmp_parts_df.o)
                0x0280a560                __fpcmp_parts_d
 .text          0x0280a628      0x160 ../1121robot_test_bsp/\libhal_bsp.a(alt_close.o)
                0x0280a628                close
 .text          0x0280a788       0x2c ../1121robot_test_bsp/\libhal_bsp.a(alt_dev.o)
 .text          0x0280a7b4        0x0 ../1121robot_test_bsp/\libhal_bsp.a(alt_errno.o)
 .text          0x0280a7b4      0x138 ../1121robot_test_bsp/\libhal_bsp.a(alt_fstat.o)
                0x0280a7b4                fstat
 .text          0x0280a8ec      0x1c0 ../1121robot_test_bsp/\libhal_bsp.a(alt_irq_register.o)
                0x0280a8ec                alt_irq_register
 .text          0x0280aaac        0x0 ../1121robot_test_bsp/\libhal_bsp.a(alt_irq_vars.o)
 .text          0x0280aaac      0x124 ../1121robot_test_bsp/\libhal_bsp.a(alt_isatty.o)
                0x0280aaac                isatty
 .text          0x0280abd0       0xec ../1121robot_test_bsp/\libhal_bsp.a(alt_load.o)
                0x0280abd0                alt_load
 .text          0x0280acbc      0x154 ../1121robot_test_bsp/\libhal_bsp.a(alt_lseek.o)
                0x0280acbc                lseek
 .text          0x0280ae10       0x6c ../1121robot_test_bsp/\libhal_bsp.a(alt_main.o)
                0x0280ae10                alt_main
 .text          0x0280ae7c       0x40 ../1121robot_test_bsp/\libhal_bsp.a(alt_malloc_lock.o)
                0x0280ae7c                __malloc_lock
                0x0280ae9c                __malloc_unlock
 .text          0x0280aebc      0x184 ../1121robot_test_bsp/\libhal_bsp.a(alt_read.o)
                0x0280aebc                read
 .text          0x0280b040       0x78 ../1121robot_test_bsp/\libhal_bsp.a(alt_release_fd.o)
                0x0280b040                alt_release_fd
 .text          0x0280b0b8       0xbc ../1121robot_test_bsp/\libhal_bsp.a(alt_sbrk.o)
                0x0280b0b8                sbrk
 .text          0x0280b174       0x30 ../1121robot_test_bsp/\libhal_bsp.a(alt_usleep.o)
                0x0280b174                usleep
 .text          0x0280b1a4      0x184 ../1121robot_test_bsp/\libhal_bsp.a(alt_write.o)
                0x0280b1a4                write
 .text          0x0280b328       0xd4 ../1121robot_test_bsp/\libhal_bsp.a(alt_sys_init.o)
                0x0280b328                alt_irq_init
                0x0280b35c                alt_sys_init
 .text          0x0280b3fc      0xcac ../1121robot_test_bsp/\libhal_bsp.a(altera_avalon_dma.o)
                0x0280b3fc                alt_avalon_dma_launch_bidir
                0x0280ba10                alt_avalon_dma_tx_ioctl
                0x0280ba54                alt_avalon_dma_rx_ioctl
                0x0280ba98                alt_avalon_dma_prepare
                0x0280bbec                alt_avalon_dma_space
                0x0280bc6c                alt_avalon_dma_send
                0x0280bf88                alt_avalon_dma_init
 .text          0x0280c0a8      0x148 ../1121robot_test_bsp/\libhal_bsp.a(altera_avalon_jtag_uart_fd.o)
                0x0280c0a8                altera_avalon_jtag_uart_read_fd
                0x0280c100                altera_avalon_jtag_uart_write_fd
                0x0280c158                altera_avalon_jtag_uart_close_fd
                0x0280c1a0                altera_avalon_jtag_uart_ioctl_fd
 .text          0x0280c1f0      0x40c ../1121robot_test_bsp/\libhal_bsp.a(altera_avalon_jtag_uart_init.o)
                0x0280c1f0                altera_avalon_jtag_uart_init
                0x0280c588                altera_avalon_jtag_uart_close
 .text          0x0280c5fc       0xf4 ../1121robot_test_bsp/\libhal_bsp.a(altera_avalon_jtag_uart_ioctl.o)
                0x0280c5fc                altera_avalon_jtag_uart_ioctl
 .text          0x0280c6f0      0x224 ../1121robot_test_bsp/\libhal_bsp.a(altera_avalon_jtag_uart_read.o)
                0x0280c6f0                altera_avalon_jtag_uart_read
 .text          0x0280c914      0x240 ../1121robot_test_bsp/\libhal_bsp.a(altera_avalon_jtag_uart_write.o)
                0x0280c914                altera_avalon_jtag_uart_write
 .text          0x0280cb54      0x154 ../1121robot_test_bsp/\libhal_bsp.a(alt_alarm_start.o)
                0x0280cb54                alt_alarm_start
 .text          0x0280cca8      0x15c ../1121robot_test_bsp/\libhal_bsp.a(alt_busy_sleep.o)
                0x0280cca8                alt_busy_sleep
 .text          0x0280ce04       0x1c ../1121robot_test_bsp/\libhal_bsp.a(alt_dcache_flush_all.o)
                0x0280ce04                alt_dcache_flush_all
 .text          0x0280ce20      0x114 ../1121robot_test_bsp/\libhal_bsp.a(alt_dev_llist_insert.o)
                0x0280ce20                alt_dev_llist_insert
 .text          0x0280cf34       0xb8 ../1121robot_test_bsp/\libhal_bsp.a(alt_dma_rxchan_open.o)
                0x0280cf34                alt_dma_rxchan_open
 .text          0x0280cfec       0xb8 ../1121robot_test_bsp/\libhal_bsp.a(alt_dma_txchan_open.o)
                0x0280cfec                alt_dma_txchan_open
 .text          0x0280d0a4       0x64 ../1121robot_test_bsp/\libhal_bsp.a(alt_do_ctors.o)
                0x0280d0a4                _do_ctors
 .text          0x0280d108       0x64 ../1121robot_test_bsp/\libhal_bsp.a(alt_do_dtors.o)
                0x0280d108                _do_dtors
 .text          0x0280d16c       0x94 ../1121robot_test_bsp/\libhal_bsp.a(alt_find_dev.o)
                0x0280d16c                alt_find_dev
 .text          0x0280d200       0x1c ../1121robot_test_bsp/\libhal_bsp.a(alt_icache_flush_all.o)
                0x0280d200                alt_icache_flush_all
 .text          0x0280d21c      0x1d4 ../1121robot_test_bsp/\libhal_bsp.a(alt_iic.o)
                0x0280d21c                alt_ic_isr_register
                0x0280d26c                alt_ic_irq_enable
                0x0280d308                alt_ic_irq_disable
                0x0280d3a8                alt_ic_irq_enabled
 .text          0x0280d3f0       0xf8 ../1121robot_test_bsp/\libhal_bsp.a(alt_iic_isr_register.o)
                0x0280d3f0                alt_iic_isr_register
 .text          0x0280d4e8      0x150 ../1121robot_test_bsp/\libhal_bsp.a(alt_io_redirect.o)
                0x0280d5c0                alt_io_redirect
 .text          0x0280d638        0x0 ../1121robot_test_bsp/\libhal_bsp.a(alt_irq_entry.o)
 .text          0x0280d638        0x0 ../1121robot_test_bsp/\libhal_bsp.a(alt_irq_handler.o)
 .text          0x0280d638      0x2e4 ../1121robot_test_bsp/\libhal_bsp.a(alt_open.o)
                0x0280d730                open
 .text          0x0280d91c      0x1a4 ../1121robot_test_bsp/\libhal_bsp.a(alt_tick.o)
                0x0280d91c                alt_alarm_stop
                0x0280d9b4                alt_tick
 .text          0x0280dac0       0x20 ../1121robot_test_bsp/\libhal_bsp.a(altera_nios2_qsys_irq.o)
                0x0280dac0                altera_nios2_qsys_irq_init
 .text          0x0280dae0        0x0 ../1121robot_test_bsp/\libhal_bsp.a(alt_exception_entry.o)
 .text          0x0280dae0      0x120 ../1121robot_test_bsp/\libhal_bsp.a(alt_find_file.o)
                0x0280dae0                alt_find_file
 .text          0x0280dc00       0xd0 ../1121robot_test_bsp/\libhal_bsp.a(alt_get_fd.o)
                0x0280dc00                alt_get_fd
 .text          0x0280dcd0       0x14 d:/alalala/nios2eds/bin/gnu/h-i686-mingw32/bin/../lib/gcc/nios2-elf/4.1.2/../../../../nios2-elf/lib/mno-hw-mul\libc.a(lib_a-atexit.o)
                0x0280dcd0                atexit
 .text          0x0280dce4       0x38 d:/alalala/nios2eds/bin/gnu/h-i686-mingw32/bin/../lib/gcc/nios2-elf/4.1.2/../../../../nios2-elf/lib/mno-hw-mul\libc.a(lib_a-exit.o)
                0x0280dce4                exit
 .text          0x0280dd1c       0x74 d:/alalala/nios2eds/bin/gnu/h-i686-mingw32/bin/../lib/gcc/nios2-elf/4.1.2/../../../../nios2-elf/lib/mno-hw-mul\libc.a(lib_a-memcmp.o)
                0x0280dd1c                memcmp
 .text          0x0280dd90      0x134 d:/alalala/nios2eds/bin/gnu/h-i686-mingw32/bin/../lib/gcc/nios2-elf/4.1.2/../../../../nios2-elf/lib/mno-hw-mul\libc.a(lib_a-__atexit.o)
                0x0280dd90                __register_exitproc
 .text          0x0280dec4      0x1b4 d:/alalala/nios2eds/bin/gnu/h-i686-mingw32/bin/../lib/gcc/nios2-elf/4.1.2/../../../../nios2-elf/lib/mno-hw-mul\libc.a(lib_a-__call_atexit.o)
                0x0280dec8                __call_exitprocs
 .text          0x0280e078       0x60 ../1121robot_test_bsp/\libhal_bsp.a(alt_exit.o)
                0x0280e0b8                _exit
 *(.gnu.warning.*)
 *(.fini)
                0x0280e0d8                PROVIDE (__etext, ABSOLUTE (.))
                0x0280e0d8                PROVIDE (_etext, ABSOLUTE (.))
                0x0280e0d8                PROVIDE (etext, ABSOLUTE (.))
 *(.eh_frame_hdr)
                0x0280e0d8                . = ALIGN (0x4)
                0x0280e0d8                PROVIDE (__preinit_array_start, ABSOLUTE (.))
 *(.preinit_array)
                0x0280e0d8                PROVIDE (__preinit_array_end, ABSOLUTE (.))
                0x0280e0d8                PROVIDE (__init_array_start, ABSOLUTE (.))
 *(.init_array)
                0x0280e0d8                PROVIDE (__init_array_end, ABSOLUTE (.))
                0x0280e0d8                PROVIDE (__fini_array_start, ABSOLUTE (.))
 *(.fini_array)
                0x0280e0d8                PROVIDE (__fini_array_end, ABSOLUTE (.))
 *(.eh_frame)
 *(.gcc_except_table)
 *(.dynamic)
                0x0280e0d8                PROVIDE (__CTOR_LIST__, ABSOLUTE (.))
 *(.ctors)
 *(SORT(.ctors.*))
 .ctors.65535   0x0280e0d8        0x4 d:/alalala/nios2eds/bin/gnu/h-i686-mingw32/bin/../lib/gcc/nios2-elf/4.1.2/../../../../nios2-elf/lib/mno-hw-mul\libc.a(lib_a-__call_atexit.o)
                0x0280e0dc                PROVIDE (__CTOR_END__, ABSOLUTE (.))
                0x0280e0dc                PROVIDE (__DTOR_LIST__, ABSOLUTE (.))
 *(.dtors)
 *(SORT(.dtors.*))
                0x0280e0dc                PROVIDE (__DTOR_END__, ABSOLUTE (.))
 *(.jcr)
                0x0280e0dc                . = ALIGN (0x4)

.rodata         0x0280e0dc      0x3f8
                0x0280e0dc                PROVIDE (__ram_rodata_start, ABSOLUTE (.))
                0x0280e0dc                . = ALIGN (0x4)
 *(.rodata .rodata.* .gnu.linkonce.r.*)
 .rodata        0x0280e0dc       0xb0 obj/default/count_binary.o
 .rodata.str1.4
                0x0280e18c        0x2 d:/alalala/nios2eds/bin/gnu/h-i686-mingw32/bin/../lib/gcc/nios2-elf/4.1.2/../../../../nios2-elf/lib/mno-hw-mul\libc.a(lib_a-puts.o)
                                  0x4 (size before relaxing)
 *fill*         0x0280e18e        0x2 00
 .rodata.str1.4
                0x0280e190       0x5e d:/alalala/nios2eds/bin/gnu/h-i686-mingw32/bin/../lib/gcc/nios2-elf/4.1.2/../../../../nios2-elf/lib/mno-hw-mul\libc.a(lib_a-vfprintf.o)
                                 0x60 (size before relaxing)
 .rodata        0x0280e1ee       0x20 d:/alalala/nios2eds/bin/gnu/h-i686-mingw32/bin/../lib/gcc/nios2-elf/4.1.2/../../../../nios2-elf/lib/mno-hw-mul\libc.a(lib_a-vfprintf.o)
 *fill*         0x0280e20e        0x2 00
 .rodata.str1.4
                0x0280e210       0x10 d:/alalala/nios2eds/bin/gnu/h-i686-mingw32/bin/../lib/gcc/nios2-elf/4.1.2/../../../../nios2-elf/lib/mno-hw-mul\libc.a(lib_a-dtoa.o)
                                 0x14 (size before relaxing)
 .rodata.str1.4
                0x0280e220        0x2 d:/alalala/nios2eds/bin/gnu/h-i686-mingw32/bin/../lib/gcc/nios2-elf/4.1.2/../../../../nios2-elf/lib/mno-hw-mul\libc.a(lib_a-impure.o)
                                  0x4 (size before relaxing)
 *fill*         0x0280e222        0x2 00
 .rodata.str1.4
                0x0280e224       0x10 d:/alalala/nios2eds/bin/gnu/h-i686-mingw32/bin/../lib/gcc/nios2-elf/4.1.2/../../../../nios2-elf/lib/mno-hw-mul\libc.a(lib_a-locale.o)
                                 0x18 (size before relaxing)
 .rodata        0x0280e234       0x30 d:/alalala/nios2eds/bin/gnu/h-i686-mingw32/bin/../lib/gcc/nios2-elf/4.1.2/../../../../nios2-elf/lib/mno-hw-mul\libc.a(lib_a-locale.o)
 .rodata        0x0280e264      0x124 d:/alalala/nios2eds/bin/gnu/h-i686-mingw32/bin/../lib/gcc/nios2-elf/4.1.2/../../../../nios2-elf/lib/mno-hw-mul\libc.a(lib_a-mprec.o)
                0x0280e264                __mprec_tens
                0x0280e32c                __mprec_bigtens
                0x0280e354                __mprec_tinytens
 .rodata        0x0280e388       0x14 d:/alalala/nios2eds/bin/gnu/h-i686-mingw32/bin/../lib/gcc/nios2-elf/4.1.2/mno-hw-mul\libgcc.a(_thenan_df.o)
                0x0280e388                __thenan_df
 .rodata        0x0280e39c      0x100 d:/alalala/nios2eds/bin/gnu/h-i686-mingw32/bin/../lib/gcc/nios2-elf/4.1.2/mno-hw-mul\libgcc.a(_clz.o)
                0x0280e39c                __clz_tab
 .rodata        0x0280e49c        0xc ../1121robot_test_bsp/\libhal_bsp.a(alt_dev.o)
 .rodata        0x0280e4a8       0x10 ../1121robot_test_bsp/\libhal_bsp.a(alt_main.o)
 .rodata        0x0280e4b8       0x1c ../1121robot_test_bsp/\libhal_bsp.a(alt_sys_init.o)
 *(.rodata1)
                0x0280e4d4                . = ALIGN (0x4)
                0x0280e4d4                PROVIDE (__ram_rodata_end, ABSOLUTE (.))
                0x0280e0dc                PROVIDE (__flash_rodata_start, LOADADDR (.rodata))

.rwdata         0x0280e4d4     0x20f4 load address 0x028105c8
                0x0280e4d4                PROVIDE (__ram_rwdata_start, ABSOLUTE (.))
                0x0280e4d4                . = ALIGN (0x4)
 *(.got.plt)
 *(.got)
 *(.data1)
 *(.data .data.* .gnu.linkonce.d.*)
 .data          0x0280e4d4        0x0 ../1121robot_test_bsp//obj/HAL/src/crt0.o
 .data          0x0280e4d4      0x5ac obj/default/count_binary.o
                0x0280e4d4                maze1
                0x0280e6b8                maze2
                0x0280e89c                maze3
 .data          0x0280ea80        0x0 d:/alalala/nios2eds/bin/gnu/h-i686-mingw32/bin/../lib/gcc/nios2-elf/4.1.2/mno-hw-mul\libgcc.a(lib2-mul.o)
 .data          0x0280ea80        0x0 d:/alalala/nios2eds/bin/gnu/h-i686-mingw32/bin/../lib/gcc/nios2-elf/4.1.2/../../../../nios2-elf/lib/mno-hw-mul\libc.a(lib_a-printf.o)
 .data          0x0280ea80        0x0 d:/alalala/nios2eds/bin/gnu/h-i686-mingw32/bin/../lib/gcc/nios2-elf/4.1.2/../../../../nios2-elf/lib/mno-hw-mul\libc.a(lib_a-puts.o)
 .data          0x0280ea80        0x0 d:/alalala/nios2eds/bin/gnu/h-i686-mingw32/bin/../lib/gcc/nios2-elf/4.1.2/../../../../nios2-elf/lib/mno-hw-mul\libc.a(lib_a-rand.o)
 .data          0x0280ea80        0x0 d:/alalala/nios2eds/bin/gnu/h-i686-mingw32/bin/../lib/gcc/nios2-elf/4.1.2/../../../../nios2-elf/lib/mno-hw-mul\libc.a(lib_a-strlen.o)
 .data          0x0280ea80        0x0 d:/alalala/nios2eds/bin/gnu/h-i686-mingw32/bin/../lib/gcc/nios2-elf/4.1.2/../../../../nios2-elf/lib/mno-hw-mul\libc.a(lib_a-vfprintf.o)
 .data          0x0280ea80        0x0 d:/alalala/nios2eds/bin/gnu/h-i686-mingw32/bin/../lib/gcc/nios2-elf/4.1.2/../../../../nios2-elf/lib/mno-hw-mul\libc.a(lib_a-wsetup.o)
 .data          0x0280ea80        0x0 d:/alalala/nios2eds/bin/gnu/h-i686-mingw32/bin/../lib/gcc/nios2-elf/4.1.2/../../../../nios2-elf/lib/mno-hw-mul\libc.a(lib_a-dtoa.o)
 .data          0x0280ea80        0x0 d:/alalala/nios2eds/bin/gnu/h-i686-mingw32/bin/../lib/gcc/nios2-elf/4.1.2/../../../../nios2-elf/lib/mno-hw-mul\libc.a(lib_a-fflush.o)
 .data          0x0280ea80        0x0 d:/alalala/nios2eds/bin/gnu/h-i686-mingw32/bin/../lib/gcc/nios2-elf/4.1.2/../../../../nios2-elf/lib/mno-hw-mul\libc.a(lib_a-findfp.o)
 .data          0x0280ea80        0x0 d:/alalala/nios2eds/bin/gnu/h-i686-mingw32/bin/../lib/gcc/nios2-elf/4.1.2/../../../../nios2-elf/lib/mno-hw-mul\libc.a(lib_a-freer.o)
 .data          0x0280ea80        0x0 d:/alalala/nios2eds/bin/gnu/h-i686-mingw32/bin/../lib/gcc/nios2-elf/4.1.2/../../../../nios2-elf/lib/mno-hw-mul\libc.a(lib_a-fvwrite.o)
 .data          0x0280ea80        0x0 d:/alalala/nios2eds/bin/gnu/h-i686-mingw32/bin/../lib/gcc/nios2-elf/4.1.2/../../../../nios2-elf/lib/mno-hw-mul\libc.a(lib_a-fwalk.o)
 .data          0x0280ea80      0x400 d:/alalala/nios2eds/bin/gnu/h-i686-mingw32/bin/../lib/gcc/nios2-elf/4.1.2/../../../../nios2-elf/lib/mno-hw-mul\libc.a(lib_a-impure.o)
 .data          0x0280ee80        0xc d:/alalala/nios2eds/bin/gnu/h-i686-mingw32/bin/../lib/gcc/nios2-elf/4.1.2/../../../../nios2-elf/lib/mno-hw-mul\libc.a(lib_a-locale.o)
                0x0280ee80                __lc_ctype
 .data          0x0280ee8c        0x0 d:/alalala/nios2eds/bin/gnu/h-i686-mingw32/bin/../lib/gcc/nios2-elf/4.1.2/../../../../nios2-elf/lib/mno-hw-mul\libc.a(lib_a-makebuf.o)
 .data          0x0280ee8c      0x408 d:/alalala/nios2eds/bin/gnu/h-i686-mingw32/bin/../lib/gcc/nios2-elf/4.1.2/../../../../nios2-elf/lib/mno-hw-mul\libc.a(lib_a-mallocr.o)
                0x0280ee8c                __malloc_av_
 .data          0x0280f294        0x0 d:/alalala/nios2eds/bin/gnu/h-i686-mingw32/bin/../lib/gcc/nios2-elf/4.1.2/../../../../nios2-elf/lib/mno-hw-mul\libc.a(lib_a-memchr.o)
 .data          0x0280f294        0x0 d:/alalala/nios2eds/bin/gnu/h-i686-mingw32/bin/../lib/gcc/nios2-elf/4.1.2/../../../../nios2-elf/lib/mno-hw-mul\libc.a(lib_a-memcpy.o)
 .data          0x0280f294        0x0 d:/alalala/nios2eds/bin/gnu/h-i686-mingw32/bin/../lib/gcc/nios2-elf/4.1.2/../../../../nios2-elf/lib/mno-hw-mul\libc.a(lib_a-memmove.o)
 .data          0x0280f294        0x0 d:/alalala/nios2eds/bin/gnu/h-i686-mingw32/bin/../lib/gcc/nios2-elf/4.1.2/../../../../nios2-elf/lib/mno-hw-mul\libc.a(lib_a-memset.o)
 .data          0x0280f294        0x0 d:/alalala/nios2eds/bin/gnu/h-i686-mingw32/bin/../lib/gcc/nios2-elf/4.1.2/../../../../nios2-elf/lib/mno-hw-mul\libc.a(lib_a-mprec.o)
 .data          0x0280f294        0x0 d:/alalala/nios2eds/bin/gnu/h-i686-mingw32/bin/../lib/gcc/nios2-elf/4.1.2/../../../../nios2-elf/lib/mno-hw-mul\libc.a(lib_a-reallocr.o)
 .data          0x0280f294        0x0 d:/alalala/nios2eds/bin/gnu/h-i686-mingw32/bin/../lib/gcc/nios2-elf/4.1.2/../../../../nios2-elf/lib/mno-hw-mul\libc.a(lib_a-s_isinfd.o)
 .data          0x0280f294        0x0 d:/alalala/nios2eds/bin/gnu/h-i686-mingw32/bin/../lib/gcc/nios2-elf/4.1.2/../../../../nios2-elf/lib/mno-hw-mul\libc.a(lib_a-s_isnand.o)
 .data          0x0280f294        0x0 d:/alalala/nios2eds/bin/gnu/h-i686-mingw32/bin/../lib/gcc/nios2-elf/4.1.2/../../../../nios2-elf/lib/mno-hw-mul\libc.a(lib_a-sbrkr.o)
 .data          0x0280f294        0x0 d:/alalala/nios2eds/bin/gnu/h-i686-mingw32/bin/../lib/gcc/nios2-elf/4.1.2/../../../../nios2-elf/lib/mno-hw-mul\libc.a(lib_a-stdio.o)
 .data          0x0280f294        0x0 d:/alalala/nios2eds/bin/gnu/h-i686-mingw32/bin/../lib/gcc/nios2-elf/4.1.2/../../../../nios2-elf/lib/mno-hw-mul\libc.a(lib_a-strcmp.o)
 .data          0x0280f294        0x0 d:/alalala/nios2eds/bin/gnu/h-i686-mingw32/bin/../lib/gcc/nios2-elf/4.1.2/../../../../nios2-elf/lib/mno-hw-mul\libc.a(lib_a-writer.o)
 .data          0x0280f294        0x0 d:/alalala/nios2eds/bin/gnu/h-i686-mingw32/bin/../lib/gcc/nios2-elf/4.1.2/../../../../nios2-elf/lib/mno-hw-mul\libc.a(lib_a-callocr.o)
 .data          0x0280f294        0x0 d:/alalala/nios2eds/bin/gnu/h-i686-mingw32/bin/../lib/gcc/nios2-elf/4.1.2/../../../../nios2-elf/lib/mno-hw-mul\libc.a(lib_a-closer.o)
 .data          0x0280f294        0x0 d:/alalala/nios2eds/bin/gnu/h-i686-mingw32/bin/../lib/gcc/nios2-elf/4.1.2/../../../../nios2-elf/lib/mno-hw-mul\libc.a(lib_a-fclose.o)
 .data          0x0280f294        0x0 d:/alalala/nios2eds/bin/gnu/h-i686-mingw32/bin/../lib/gcc/nios2-elf/4.1.2/../../../../nios2-elf/lib/mno-hw-mul\libc.a(lib_a-fstatr.o)
 .data          0x0280f294        0x0 d:/alalala/nios2eds/bin/gnu/h-i686-mingw32/bin/../lib/gcc/nios2-elf/4.1.2/../../../../nios2-elf/lib/mno-hw-mul\libc.a(lib_a-int_errno.o)
 .data          0x0280f294        0x0 d:/alalala/nios2eds/bin/gnu/h-i686-mingw32/bin/../lib/gcc/nios2-elf/4.1.2/../../../../nios2-elf/lib/mno-hw-mul\libc.a(lib_a-isattyr.o)
 .data          0x0280f294        0x0 d:/alalala/nios2eds/bin/gnu/h-i686-mingw32/bin/../lib/gcc/nios2-elf/4.1.2/../../../../nios2-elf/lib/mno-hw-mul\libc.a(lib_a-lseekr.o)
 .data          0x0280f294        0x0 d:/alalala/nios2eds/bin/gnu/h-i686-mingw32/bin/../lib/gcc/nios2-elf/4.1.2/../../../../nios2-elf/lib/mno-hw-mul\libc.a(lib_a-readr.o)
 .data          0x0280f294        0x0 d:/alalala/nios2eds/bin/gnu/h-i686-mingw32/bin/../lib/gcc/nios2-elf/4.1.2/mno-hw-mul\libgcc.a(_muldi3.o)
 .data          0x0280f294        0x0 d:/alalala/nios2eds/bin/gnu/h-i686-mingw32/bin/../lib/gcc/nios2-elf/4.1.2/mno-hw-mul\libgcc.a(_udivdi3.o)
 .data          0x0280f294        0x0 d:/alalala/nios2eds/bin/gnu/h-i686-mingw32/bin/../lib/gcc/nios2-elf/4.1.2/mno-hw-mul\libgcc.a(_umoddi3.o)
 .data          0x0280f294        0x0 d:/alalala/nios2eds/bin/gnu/h-i686-mingw32/bin/../lib/gcc/nios2-elf/4.1.2/mno-hw-mul\libgcc.a(_addsub_df.o)
 .data          0x0280f294        0x0 d:/alalala/nios2eds/bin/gnu/h-i686-mingw32/bin/../lib/gcc/nios2-elf/4.1.2/mno-hw-mul\libgcc.a(_mul_df.o)
 .data          0x0280f294        0x0 d:/alalala/nios2eds/bin/gnu/h-i686-mingw32/bin/../lib/gcc/nios2-elf/4.1.2/mno-hw-mul\libgcc.a(_div_df.o)
 .data          0x0280f294        0x0 d:/alalala/nios2eds/bin/gnu/h-i686-mingw32/bin/../lib/gcc/nios2-elf/4.1.2/mno-hw-mul\libgcc.a(_eq_df.o)
 .data          0x0280f294        0x0 d:/alalala/nios2eds/bin/gnu/h-i686-mingw32/bin/../lib/gcc/nios2-elf/4.1.2/mno-hw-mul\libgcc.a(_ne_df.o)
 .data          0x0280f294        0x0 d:/alalala/nios2eds/bin/gnu/h-i686-mingw32/bin/../lib/gcc/nios2-elf/4.1.2/mno-hw-mul\libgcc.a(_gt_df.o)
 .data          0x0280f294        0x0 d:/alalala/nios2eds/bin/gnu/h-i686-mingw32/bin/../lib/gcc/nios2-elf/4.1.2/mno-hw-mul\libgcc.a(_ge_df.o)
 .data          0x0280f294        0x0 d:/alalala/nios2eds/bin/gnu/h-i686-mingw32/bin/../lib/gcc/nios2-elf/4.1.2/mno-hw-mul\libgcc.a(_lt_df.o)
 .data          0x0280f294        0x0 d:/alalala/nios2eds/bin/gnu/h-i686-mingw32/bin/../lib/gcc/nios2-elf/4.1.2/mno-hw-mul\libgcc.a(_si_to_df.o)
 .data          0x0280f294        0x0 d:/alalala/nios2eds/bin/gnu/h-i686-mingw32/bin/../lib/gcc/nios2-elf/4.1.2/mno-hw-mul\libgcc.a(_df_to_si.o)
 .data          0x0280f294        0x0 d:/alalala/nios2eds/bin/gnu/h-i686-mingw32/bin/../lib/gcc/nios2-elf/4.1.2/mno-hw-mul\libgcc.a(_thenan_df.o)
 .data          0x0280f294        0x0 d:/alalala/nios2eds/bin/gnu/h-i686-mingw32/bin/../lib/gcc/nios2-elf/4.1.2/mno-hw-mul\libgcc.a(_usi_to_df.o)
 .data          0x0280f294        0x0 d:/alalala/nios2eds/bin/gnu/h-i686-mingw32/bin/../lib/gcc/nios2-elf/4.1.2/mno-hw-mul\libgcc.a(lib2-divmod.o)
 .data          0x0280f294        0x0 d:/alalala/nios2eds/bin/gnu/h-i686-mingw32/bin/../lib/gcc/nios2-elf/4.1.2/mno-hw-mul\libgcc.a(_clz.o)
 .data          0x0280f294        0x0 d:/alalala/nios2eds/bin/gnu/h-i686-mingw32/bin/../lib/gcc/nios2-elf/4.1.2/mno-hw-mul\libgcc.a(_clzsi2.o)
 .data          0x0280f294        0x0 d:/alalala/nios2eds/bin/gnu/h-i686-mingw32/bin/../lib/gcc/nios2-elf/4.1.2/mno-hw-mul\libgcc.a(_pack_df.o)
 .data          0x0280f294        0x0 d:/alalala/nios2eds/bin/gnu/h-i686-mingw32/bin/../lib/gcc/nios2-elf/4.1.2/mno-hw-mul\libgcc.a(_unpack_df.o)
 .data          0x0280f294        0x0 d:/alalala/nios2eds/bin/gnu/h-i686-mingw32/bin/../lib/gcc/nios2-elf/4.1.2/mno-hw-mul\libgcc.a(_fpcmp_parts_df.o)
 .data          0x0280f294        0x0 ../1121robot_test_bsp/\libhal_bsp.a(alt_close.o)
 .data          0x0280f294      0x1a8 ../1121robot_test_bsp/\libhal_bsp.a(alt_dev.o)
                0x0280f294                alt_dev_null
                0x0280f2bc                alt_fd_list
 .data          0x0280f43c        0x0 ../1121robot_test_bsp/\libhal_bsp.a(alt_errno.o)
 .data          0x0280f43c        0x0 ../1121robot_test_bsp/\libhal_bsp.a(alt_fstat.o)
 .data          0x0280f43c        0x0 ../1121robot_test_bsp/\libhal_bsp.a(alt_irq_register.o)
 .data          0x0280f43c        0x0 ../1121robot_test_bsp/\libhal_bsp.a(alt_irq_vars.o)
 .data          0x0280f43c        0x0 ../1121robot_test_bsp/\libhal_bsp.a(alt_isatty.o)
 .data          0x0280f43c        0x0 ../1121robot_test_bsp/\libhal_bsp.a(alt_load.o)
 .data          0x0280f43c        0x0 ../1121robot_test_bsp/\libhal_bsp.a(alt_lseek.o)
 .data          0x0280f43c        0x0 ../1121robot_test_bsp/\libhal_bsp.a(alt_main.o)
 .data          0x0280f43c        0x0 ../1121robot_test_bsp/\libhal_bsp.a(alt_malloc_lock.o)
 .data          0x0280f43c        0x0 ../1121robot_test_bsp/\libhal_bsp.a(alt_read.o)
 .data          0x0280f43c        0x0 ../1121robot_test_bsp/\libhal_bsp.a(alt_release_fd.o)
 .data          0x0280f43c        0x0 ../1121robot_test_bsp/\libhal_bsp.a(alt_sbrk.o)
 .data          0x0280f43c        0x0 ../1121robot_test_bsp/\libhal_bsp.a(alt_usleep.o)
 .data          0x0280f43c        0x0 ../1121robot_test_bsp/\libhal_bsp.a(alt_write.o)
 .data          0x0280f43c     0x113c ../1121robot_test_bsp/\libhal_bsp.a(alt_sys_init.o)
 .data          0x02810578        0x0 ../1121robot_test_bsp/\libhal_bsp.a(altera_avalon_dma.o)
 .data          0x02810578        0x0 ../1121robot_test_bsp/\libhal_bsp.a(altera_avalon_jtag_uart_fd.o)
 .data          0x02810578        0x0 ../1121robot_test_bsp/\libhal_bsp.a(altera_avalon_jtag_uart_init.o)
 .data          0x02810578        0x0 ../1121robot_test_bsp/\libhal_bsp.a(altera_avalon_jtag_uart_ioctl.o)
 .data          0x02810578        0x0 ../1121robot_test_bsp/\libhal_bsp.a(altera_avalon_jtag_uart_read.o)
 .data          0x02810578        0x0 ../1121robot_test_bsp/\libhal_bsp.a(altera_avalon_jtag_uart_write.o)
 .data          0x02810578        0x0 ../1121robot_test_bsp/\libhal_bsp.a(alt_alarm_start.o)
 .data          0x02810578        0x0 ../1121robot_test_bsp/\libhal_bsp.a(alt_busy_sleep.o)
 .data          0x02810578        0x0 ../1121robot_test_bsp/\libhal_bsp.a(alt_dcache_flush_all.o)
 .data          0x02810578        0x0 ../1121robot_test_bsp/\libhal_bsp.a(alt_dev_llist_insert.o)
 .data          0x02810578        0x0 ../1121robot_test_bsp/\libhal_bsp.a(alt_dma_rxchan_open.o)
 .data          0x02810578        0x0 ../1121robot_test_bsp/\libhal_bsp.a(alt_dma_txchan_open.o)
 .data          0x02810578        0x0 ../1121robot_test_bsp/\libhal_bsp.a(alt_do_ctors.o)
 .data          0x02810578        0x0 ../1121robot_test_bsp/\libhal_bsp.a(alt_do_dtors.o)
 .data          0x02810578        0x0 ../1121robot_test_bsp/\libhal_bsp.a(alt_find_dev.o)
 .data          0x02810578        0x0 ../1121robot_test_bsp/\libhal_bsp.a(alt_icache_flush_all.o)
 .data          0x02810578        0x0 ../1121robot_test_bsp/\libhal_bsp.a(alt_iic.o)
 .data          0x02810578        0x0 ../1121robot_test_bsp/\libhal_bsp.a(alt_iic_isr_register.o)
 .data          0x02810578        0x0 ../1121robot_test_bsp/\libhal_bsp.a(alt_io_redirect.o)
 .data          0x02810578        0x0 ../1121robot_test_bsp/\libhal_bsp.a(alt_irq_entry.o)
 .data          0x02810578        0x0 ../1121robot_test_bsp/\libhal_bsp.a(alt_irq_handler.o)
 .data          0x02810578        0x0 ../1121robot_test_bsp/\libhal_bsp.a(alt_open.o)
 .data          0x02810578        0x0 ../1121robot_test_bsp/\libhal_bsp.a(alt_tick.o)
 .data          0x02810578        0x0 ../1121robot_test_bsp/\libhal_bsp.a(altera_nios2_qsys_irq.o)
 .data          0x02810578        0x0 ../1121robot_test_bsp/\libhal_bsp.a(alt_exception_entry.o)
 .data          0x02810578        0x0 ../1121robot_test_bsp/\libhal_bsp.a(alt_find_file.o)
 .data          0x02810578        0x0 ../1121robot_test_bsp/\libhal_bsp.a(alt_get_fd.o)
 .data          0x02810578        0x0 d:/alalala/nios2eds/bin/gnu/h-i686-mingw32/bin/../lib/gcc/nios2-elf/4.1.2/../../../../nios2-elf/lib/mno-hw-mul\libc.a(lib_a-atexit.o)
 .data          0x02810578        0x0 d:/alalala/nios2eds/bin/gnu/h-i686-mingw32/bin/../lib/gcc/nios2-elf/4.1.2/../../../../nios2-elf/lib/mno-hw-mul\libc.a(lib_a-exit.o)
 .data          0x02810578        0x0 d:/alalala/nios2eds/bin/gnu/h-i686-mingw32/bin/../lib/gcc/nios2-elf/4.1.2/../../../../nios2-elf/lib/mno-hw-mul\libc.a(lib_a-memcmp.o)
 .data          0x02810578        0x0 d:/alalala/nios2eds/bin/gnu/h-i686-mingw32/bin/../lib/gcc/nios2-elf/4.1.2/../../../../nios2-elf/lib/mno-hw-mul\libc.a(lib_a-__atexit.o)
 .data          0x02810578        0x0 d:/alalala/nios2eds/bin/gnu/h-i686-mingw32/bin/../lib/gcc/nios2-elf/4.1.2/../../../../nios2-elf/lib/mno-hw-mul\libc.a(lib_a-__call_atexit.o)
 .data          0x02810578        0x0 ../1121robot_test_bsp/\libhal_bsp.a(alt_exit.o)
                0x02818578                _gp = ABSOLUTE ((. + 0x8000))
                0x02818578                PROVIDE (gp, _gp)
 *(.rwdata .rwdata.*)
 *(.sdata .sdata.* .gnu.linkonce.s.*)
 .sdata         0x02810578        0x8 d:/alalala/nios2eds/bin/gnu/h-i686-mingw32/bin/../lib/gcc/nios2-elf/4.1.2/../../../../nios2-elf/lib/mno-hw-mul\libc.a(lib_a-impure.o)
                0x02810578                _impure_ptr
                0x0281057c                _global_impure_ptr
 .sdata         0x02810580        0x8 d:/alalala/nios2eds/bin/gnu/h-i686-mingw32/bin/../lib/gcc/nios2-elf/4.1.2/../../../../nios2-elf/lib/mno-hw-mul\libc.a(lib_a-locale.o)
                0x02810580                __mb_cur_max
 .sdata         0x02810588        0x8 d:/alalala/nios2eds/bin/gnu/h-i686-mingw32/bin/../lib/gcc/nios2-elf/4.1.2/../../../../nios2-elf/lib/mno-hw-mul\libc.a(lib_a-mallocr.o)
                0x02810588                __malloc_trim_threshold
                0x0281058c                __malloc_sbrk_base
 .sdata         0x02810590       0x14 ../1121robot_test_bsp/\libhal_bsp.a(alt_dev.o)
                0x02810590                alt_fs_list
                0x02810598                alt_dev_list
                0x028105a0                alt_max_fd
 .sdata         0x028105a4        0x4 ../1121robot_test_bsp/\libhal_bsp.a(alt_errno.o)
                0x028105a4                alt_errno
 .sdata         0x028105a8        0x4 ../1121robot_test_bsp/\libhal_bsp.a(alt_irq_vars.o)
                0x028105a8                alt_priority_mask
 .sdata         0x028105ac        0x4 ../1121robot_test_bsp/\libhal_bsp.a(alt_sbrk.o)
 .sdata         0x028105b0        0x8 ../1121robot_test_bsp/\libhal_bsp.a(alt_dma_rxchan_open.o)
                0x028105b0                alt_dma_rxchan_list
 .sdata         0x028105b8        0x8 ../1121robot_test_bsp/\libhal_bsp.a(alt_dma_txchan_open.o)
                0x028105b8                alt_dma_txchan_list
 .sdata         0x028105c0        0x8 ../1121robot_test_bsp/\libhal_bsp.a(alt_tick.o)
                0x028105c0                alt_alarm_list
 *(.sdata2 .sdata2.* .gnu.linkonce.s2.*)
                0x028105c8                . = ALIGN (0x4)
                0x028105c8                _edata = ABSOLUTE (.)
                0x028105c8                PROVIDE (edata, ABSOLUTE (.))
                0x028105c8                PROVIDE (__ram_rwdata_end, ABSOLUTE (.))
                0x028105c8                PROVIDE (__flash_rwdata_start, LOADADDR (.rwdata))

.bss            0x028126bc      0x2ec
                0x028126bc                __bss_start = ABSOLUTE (.)
                0x028126bc                PROVIDE (__sbss_start, ABSOLUTE (.))
                0x028126bc                PROVIDE (___sbss_start, ABSOLUTE (.))
 *(.dynsbss)
 *(.sbss .sbss.* .gnu.linkonce.sb.*)
 .sbss          0x028126bc        0xc d:/alalala/nios2eds/bin/gnu/h-i686-mingw32/bin/../lib/gcc/nios2-elf/4.1.2/../../../../nios2-elf/lib/mno-hw-mul\libc.a(lib_a-locale.o)
                0x028126bc                __nlocale_changed
                0x028126c0                __mlocale_changed
                0x028126c4                _PathLocale
 .sbss          0x028126c8        0xc d:/alalala/nios2eds/bin/gnu/h-i686-mingw32/bin/../lib/gcc/nios2-elf/4.1.2/../../../../nios2-elf/lib/mno-hw-mul\libc.a(lib_a-mallocr.o)
                0x028126c8                __malloc_top_pad
                0x028126cc                __malloc_max_sbrked_mem
                0x028126d0                __malloc_max_total_mem
 .sbss          0x028126d4        0x4 d:/alalala/nios2eds/bin/gnu/h-i686-mingw32/bin/../lib/gcc/nios2-elf/4.1.2/../../../../nios2-elf/lib/mno-hw-mul\libc.a(lib_a-int_errno.o)
                0x028126d4                errno
 .sbss          0x028126d8        0x4 ../1121robot_test_bsp/\libhal_bsp.a(alt_irq_vars.o)
                0x028126d8                alt_irq_active
 .sbss          0x028126dc        0xc ../1121robot_test_bsp/\libhal_bsp.a(alt_main.o)
                0x028126dc                alt_argc
                0x028126e0                alt_argv
                0x028126e4                alt_envp
 .sbss          0x028126e8        0x8 ../1121robot_test_bsp/\libhal_bsp.a(alt_tick.o)
                0x028126e8                _alt_tick_rate
                0x028126ec                _alt_nticks
 *(.sbss2 .sbss2.* .gnu.linkonce.sb2.*)
 *(.scommon)
                0x028126f0                PROVIDE (__sbss_end, ABSOLUTE (.))
                0x028126f0                PROVIDE (___sbss_end, ABSOLUTE (.))
 *(.dynbss)
 *(.bss .bss.* .gnu.linkonce.b.*)
 .bss           0x028126f0        0x0 ../1121robot_test_bsp//obj/HAL/src/crt0.o
 .bss           0x028126f0        0x0 obj/default/count_binary.o
 .bss           0x028126f0        0x0 d:/alalala/nios2eds/bin/gnu/h-i686-mingw32/bin/../lib/gcc/nios2-elf/4.1.2/mno-hw-mul\libgcc.a(lib2-mul.o)
 .bss           0x028126f0        0x0 d:/alalala/nios2eds/bin/gnu/h-i686-mingw32/bin/../lib/gcc/nios2-elf/4.1.2/../../../../nios2-elf/lib/mno-hw-mul\libc.a(lib_a-printf.o)
 .bss           0x028126f0        0x0 d:/alalala/nios2eds/bin/gnu/h-i686-mingw32/bin/../lib/gcc/nios2-elf/4.1.2/../../../../nios2-elf/lib/mno-hw-mul\libc.a(lib_a-puts.o)
 .bss           0x028126f0        0x0 d:/alalala/nios2eds/bin/gnu/h-i686-mingw32/bin/../lib/gcc/nios2-elf/4.1.2/../../../../nios2-elf/lib/mno-hw-mul\libc.a(lib_a-rand.o)
 .bss           0x028126f0        0x0 d:/alalala/nios2eds/bin/gnu/h-i686-mingw32/bin/../lib/gcc/nios2-elf/4.1.2/../../../../nios2-elf/lib/mno-hw-mul\libc.a(lib_a-strlen.o)
 .bss           0x028126f0        0x0 d:/alalala/nios2eds/bin/gnu/h-i686-mingw32/bin/../lib/gcc/nios2-elf/4.1.2/../../../../nios2-elf/lib/mno-hw-mul\libc.a(lib_a-vfprintf.o)
 .bss           0x028126f0        0x0 d:/alalala/nios2eds/bin/gnu/h-i686-mingw32/bin/../lib/gcc/nios2-elf/4.1.2/../../../../nios2-elf/lib/mno-hw-mul\libc.a(lib_a-wsetup.o)
 .bss           0x028126f0        0x0 d:/alalala/nios2eds/bin/gnu/h-i686-mingw32/bin/../lib/gcc/nios2-elf/4.1.2/../../../../nios2-elf/lib/mno-hw-mul\libc.a(lib_a-dtoa.o)
 .bss           0x028126f0        0x0 d:/alalala/nios2eds/bin/gnu/h-i686-mingw32/bin/../lib/gcc/nios2-elf/4.1.2/../../../../nios2-elf/lib/mno-hw-mul\libc.a(lib_a-fflush.o)
 .bss           0x028126f0        0x0 d:/alalala/nios2eds/bin/gnu/h-i686-mingw32/bin/../lib/gcc/nios2-elf/4.1.2/../../../../nios2-elf/lib/mno-hw-mul\libc.a(lib_a-findfp.o)
 .bss           0x028126f0        0x0 d:/alalala/nios2eds/bin/gnu/h-i686-mingw32/bin/../lib/gcc/nios2-elf/4.1.2/../../../../nios2-elf/lib/mno-hw-mul\libc.a(lib_a-freer.o)
 .bss           0x028126f0        0x0 d:/alalala/nios2eds/bin/gnu/h-i686-mingw32/bin/../lib/gcc/nios2-elf/4.1.2/../../../../nios2-elf/lib/mno-hw-mul\libc.a(lib_a-fvwrite.o)
 .bss           0x028126f0        0x0 d:/alalala/nios2eds/bin/gnu/h-i686-mingw32/bin/../lib/gcc/nios2-elf/4.1.2/../../../../nios2-elf/lib/mno-hw-mul\libc.a(lib_a-fwalk.o)
 .bss           0x028126f0        0x0 d:/alalala/nios2eds/bin/gnu/h-i686-mingw32/bin/../lib/gcc/nios2-elf/4.1.2/../../../../nios2-elf/lib/mno-hw-mul\libc.a(lib_a-impure.o)
 .bss           0x028126f0        0x0 d:/alalala/nios2eds/bin/gnu/h-i686-mingw32/bin/../lib/gcc/nios2-elf/4.1.2/../../../../nios2-elf/lib/mno-hw-mul\libc.a(lib_a-locale.o)
 .bss           0x028126f0        0x0 d:/alalala/nios2eds/bin/gnu/h-i686-mingw32/bin/../lib/gcc/nios2-elf/4.1.2/../../../../nios2-elf/lib/mno-hw-mul\libc.a(lib_a-makebuf.o)
 .bss           0x028126f0       0x28 d:/alalala/nios2eds/bin/gnu/h-i686-mingw32/bin/../lib/gcc/nios2-elf/4.1.2/../../../../nios2-elf/lib/mno-hw-mul\libc.a(lib_a-mallocr.o)
                0x028126f0                __malloc_current_mallinfo
 .bss           0x02812718        0x0 d:/alalala/nios2eds/bin/gnu/h-i686-mingw32/bin/../lib/gcc/nios2-elf/4.1.2/../../../../nios2-elf/lib/mno-hw-mul\libc.a(lib_a-memchr.o)
 .bss           0x02812718        0x0 d:/alalala/nios2eds/bin/gnu/h-i686-mingw32/bin/../lib/gcc/nios2-elf/4.1.2/../../../../nios2-elf/lib/mno-hw-mul\libc.a(lib_a-memcpy.o)
 .bss           0x02812718        0x0 d:/alalala/nios2eds/bin/gnu/h-i686-mingw32/bin/../lib/gcc/nios2-elf/4.1.2/../../../../nios2-elf/lib/mno-hw-mul\libc.a(lib_a-memmove.o)
 .bss           0x02812718        0x0 d:/alalala/nios2eds/bin/gnu/h-i686-mingw32/bin/../lib/gcc/nios2-elf/4.1.2/../../../../nios2-elf/lib/mno-hw-mul\libc.a(lib_a-memset.o)
 .bss           0x02812718        0x0 d:/alalala/nios2eds/bin/gnu/h-i686-mingw32/bin/../lib/gcc/nios2-elf/4.1.2/../../../../nios2-elf/lib/mno-hw-mul\libc.a(lib_a-mprec.o)
 .bss           0x02812718        0x0 d:/alalala/nios2eds/bin/gnu/h-i686-mingw32/bin/../lib/gcc/nios2-elf/4.1.2/../../../../nios2-elf/lib/mno-hw-mul\libc.a(lib_a-reallocr.o)
 .bss           0x02812718        0x0 d:/alalala/nios2eds/bin/gnu/h-i686-mingw32/bin/../lib/gcc/nios2-elf/4.1.2/../../../../nios2-elf/lib/mno-hw-mul\libc.a(lib_a-s_isinfd.o)
 .bss           0x02812718        0x0 d:/alalala/nios2eds/bin/gnu/h-i686-mingw32/bin/../lib/gcc/nios2-elf/4.1.2/../../../../nios2-elf/lib/mno-hw-mul\libc.a(lib_a-s_isnand.o)
 .bss           0x02812718        0x0 d:/alalala/nios2eds/bin/gnu/h-i686-mingw32/bin/../lib/gcc/nios2-elf/4.1.2/../../../../nios2-elf/lib/mno-hw-mul\libc.a(lib_a-sbrkr.o)
 .bss           0x02812718        0x0 d:/alalala/nios2eds/bin/gnu/h-i686-mingw32/bin/../lib/gcc/nios2-elf/4.1.2/../../../../nios2-elf/lib/mno-hw-mul\libc.a(lib_a-stdio.o)
 .bss           0x02812718        0x0 d:/alalala/nios2eds/bin/gnu/h-i686-mingw32/bin/../lib/gcc/nios2-elf/4.1.2/../../../../nios2-elf/lib/mno-hw-mul\libc.a(lib_a-strcmp.o)
 .bss           0x02812718        0x0 d:/alalala/nios2eds/bin/gnu/h-i686-mingw32/bin/../lib/gcc/nios2-elf/4.1.2/../../../../nios2-elf/lib/mno-hw-mul\libc.a(lib_a-writer.o)
 .bss           0x02812718        0x0 d:/alalala/nios2eds/bin/gnu/h-i686-mingw32/bin/../lib/gcc/nios2-elf/4.1.2/../../../../nios2-elf/lib/mno-hw-mul\libc.a(lib_a-callocr.o)
 .bss           0x02812718        0x0 d:/alalala/nios2eds/bin/gnu/h-i686-mingw32/bin/../lib/gcc/nios2-elf/4.1.2/../../../../nios2-elf/lib/mno-hw-mul\libc.a(lib_a-closer.o)
 .bss           0x02812718        0x0 d:/alalala/nios2eds/bin/gnu/h-i686-mingw32/bin/../lib/gcc/nios2-elf/4.1.2/../../../../nios2-elf/lib/mno-hw-mul\libc.a(lib_a-fclose.o)
 .bss           0x02812718        0x0 d:/alalala/nios2eds/bin/gnu/h-i686-mingw32/bin/../lib/gcc/nios2-elf/4.1.2/../../../../nios2-elf/lib/mno-hw-mul\libc.a(lib_a-fstatr.o)
 .bss           0x02812718        0x0 d:/alalala/nios2eds/bin/gnu/h-i686-mingw32/bin/../lib/gcc/nios2-elf/4.1.2/../../../../nios2-elf/lib/mno-hw-mul\libc.a(lib_a-int_errno.o)
 .bss           0x02812718        0x0 d:/alalala/nios2eds/bin/gnu/h-i686-mingw32/bin/../lib/gcc/nios2-elf/4.1.2/../../../../nios2-elf/lib/mno-hw-mul\libc.a(lib_a-isattyr.o)
 .bss           0x02812718        0x0 d:/alalala/nios2eds/bin/gnu/h-i686-mingw32/bin/../lib/gcc/nios2-elf/4.1.2/../../../../nios2-elf/lib/mno-hw-mul\libc.a(lib_a-lseekr.o)
 .bss           0x02812718        0x0 d:/alalala/nios2eds/bin/gnu/h-i686-mingw32/bin/../lib/gcc/nios2-elf/4.1.2/../../../../nios2-elf/lib/mno-hw-mul\libc.a(lib_a-readr.o)
 .bss           0x02812718        0x0 d:/alalala/nios2eds/bin/gnu/h-i686-mingw32/bin/../lib/gcc/nios2-elf/4.1.2/mno-hw-mul\libgcc.a(_muldi3.o)
 .bss           0x02812718        0x0 d:/alalala/nios2eds/bin/gnu/h-i686-mingw32/bin/../lib/gcc/nios2-elf/4.1.2/mno-hw-mul\libgcc.a(_udivdi3.o)
 .bss           0x02812718        0x0 d:/alalala/nios2eds/bin/gnu/h-i686-mingw32/bin/../lib/gcc/nios2-elf/4.1.2/mno-hw-mul\libgcc.a(_umoddi3.o)
 .bss           0x02812718        0x0 d:/alalala/nios2eds/bin/gnu/h-i686-mingw32/bin/../lib/gcc/nios2-elf/4.1.2/mno-hw-mul\libgcc.a(_addsub_df.o)
 .bss           0x02812718        0x0 d:/alalala/nios2eds/bin/gnu/h-i686-mingw32/bin/../lib/gcc/nios2-elf/4.1.2/mno-hw-mul\libgcc.a(_mul_df.o)
 .bss           0x02812718        0x0 d:/alalala/nios2eds/bin/gnu/h-i686-mingw32/bin/../lib/gcc/nios2-elf/4.1.2/mno-hw-mul\libgcc.a(_div_df.o)
 .bss           0x02812718        0x0 d:/alalala/nios2eds/bin/gnu/h-i686-mingw32/bin/../lib/gcc/nios2-elf/4.1.2/mno-hw-mul\libgcc.a(_eq_df.o)
 .bss           0x02812718        0x0 d:/alalala/nios2eds/bin/gnu/h-i686-mingw32/bin/../lib/gcc/nios2-elf/4.1.2/mno-hw-mul\libgcc.a(_ne_df.o)
 .bss           0x02812718        0x0 d:/alalala/nios2eds/bin/gnu/h-i686-mingw32/bin/../lib/gcc/nios2-elf/4.1.2/mno-hw-mul\libgcc.a(_gt_df.o)
 .bss           0x02812718        0x0 d:/alalala/nios2eds/bin/gnu/h-i686-mingw32/bin/../lib/gcc/nios2-elf/4.1.2/mno-hw-mul\libgcc.a(_ge_df.o)
 .bss           0x02812718        0x0 d:/alalala/nios2eds/bin/gnu/h-i686-mingw32/bin/../lib/gcc/nios2-elf/4.1.2/mno-hw-mul\libgcc.a(_lt_df.o)
 .bss           0x02812718        0x0 d:/alalala/nios2eds/bin/gnu/h-i686-mingw32/bin/../lib/gcc/nios2-elf/4.1.2/mno-hw-mul\libgcc.a(_si_to_df.o)
 .bss           0x02812718        0x0 d:/alalala/nios2eds/bin/gnu/h-i686-mingw32/bin/../lib/gcc/nios2-elf/4.1.2/mno-hw-mul\libgcc.a(_df_to_si.o)
 .bss           0x02812718        0x0 d:/alalala/nios2eds/bin/gnu/h-i686-mingw32/bin/../lib/gcc/nios2-elf/4.1.2/mno-hw-mul\libgcc.a(_thenan_df.o)
 .bss           0x02812718        0x0 d:/alalala/nios2eds/bin/gnu/h-i686-mingw32/bin/../lib/gcc/nios2-elf/4.1.2/mno-hw-mul\libgcc.a(_usi_to_df.o)
 .bss           0x02812718        0x0 d:/alalala/nios2eds/bin/gnu/h-i686-mingw32/bin/../lib/gcc/nios2-elf/4.1.2/mno-hw-mul\libgcc.a(lib2-divmod.o)
 .bss           0x02812718        0x0 d:/alalala/nios2eds/bin/gnu/h-i686-mingw32/bin/../lib/gcc/nios2-elf/4.1.2/mno-hw-mul\libgcc.a(_clz.o)
 .bss           0x02812718        0x0 d:/alalala/nios2eds/bin/gnu/h-i686-mingw32/bin/../lib/gcc/nios2-elf/4.1.2/mno-hw-mul\libgcc.a(_clzsi2.o)
 .bss           0x02812718        0x0 d:/alalala/nios2eds/bin/gnu/h-i686-mingw32/bin/../lib/gcc/nios2-elf/4.1.2/mno-hw-mul\libgcc.a(_pack_df.o)
 .bss           0x02812718        0x0 d:/alalala/nios2eds/bin/gnu/h-i686-mingw32/bin/../lib/gcc/nios2-elf/4.1.2/mno-hw-mul\libgcc.a(_unpack_df.o)
 .bss           0x02812718        0x0 d:/alalala/nios2eds/bin/gnu/h-i686-mingw32/bin/../lib/gcc/nios2-elf/4.1.2/mno-hw-mul\libgcc.a(_fpcmp_parts_df.o)
 .bss           0x02812718        0x0 ../1121robot_test_bsp/\libhal_bsp.a(alt_close.o)
 .bss           0x02812718        0x0 ../1121robot_test_bsp/\libhal_bsp.a(alt_dev.o)
 .bss           0x02812718        0x0 ../1121robot_test_bsp/\libhal_bsp.a(alt_errno.o)
 .bss           0x02812718        0x0 ../1121robot_test_bsp/\libhal_bsp.a(alt_fstat.o)
 .bss           0x02812718        0x0 ../1121robot_test_bsp/\libhal_bsp.a(alt_irq_register.o)
 .bss           0x02812718        0x0 ../1121robot_test_bsp/\libhal_bsp.a(alt_irq_vars.o)
 .bss           0x02812718        0x0 ../1121robot_test_bsp/\libhal_bsp.a(alt_isatty.o)
 .bss           0x02812718        0x0 ../1121robot_test_bsp/\libhal_bsp.a(alt_load.o)
 .bss           0x02812718        0x0 ../1121robot_test_bsp/\libhal_bsp.a(alt_lseek.o)
 .bss           0x02812718        0x0 ../1121robot_test_bsp/\libhal_bsp.a(alt_main.o)
 .bss           0x02812718        0x0 ../1121robot_test_bsp/\libhal_bsp.a(alt_malloc_lock.o)
 .bss           0x02812718        0x0 ../1121robot_test_bsp/\libhal_bsp.a(alt_read.o)
 .bss           0x02812718        0x0 ../1121robot_test_bsp/\libhal_bsp.a(alt_release_fd.o)
 .bss           0x02812718        0x0 ../1121robot_test_bsp/\libhal_bsp.a(alt_sbrk.o)
 .bss           0x02812718        0x0 ../1121robot_test_bsp/\libhal_bsp.a(alt_usleep.o)
 .bss           0x02812718        0x0 ../1121robot_test_bsp/\libhal_bsp.a(alt_write.o)
 .bss           0x02812718        0x0 ../1121robot_test_bsp/\libhal_bsp.a(alt_sys_init.o)
 .bss           0x02812718        0x0 ../1121robot_test_bsp/\libhal_bsp.a(altera_avalon_dma.o)
 .bss           0x02812718        0x0 ../1121robot_test_bsp/\libhal_bsp.a(altera_avalon_jtag_uart_fd.o)
 .bss           0x02812718        0x0 ../1121robot_test_bsp/\libhal_bsp.a(altera_avalon_jtag_uart_init.o)
 .bss           0x02812718        0x0 ../1121robot_test_bsp/\libhal_bsp.a(altera_avalon_jtag_uart_ioctl.o)
 .bss           0x02812718        0x0 ../1121robot_test_bsp/\libhal_bsp.a(altera_avalon_jtag_uart_read.o)
 .bss           0x02812718        0x0 ../1121robot_test_bsp/\libhal_bsp.a(altera_avalon_jtag_uart_write.o)
 .bss           0x02812718        0x0 ../1121robot_test_bsp/\libhal_bsp.a(alt_alarm_start.o)
 .bss           0x02812718        0x0 ../1121robot_test_bsp/\libhal_bsp.a(alt_busy_sleep.o)
 .bss           0x02812718        0x0 ../1121robot_test_bsp/\libhal_bsp.a(alt_dcache_flush_all.o)
 .bss           0x02812718        0x0 ../1121robot_test_bsp/\libhal_bsp.a(alt_dev_llist_insert.o)
 .bss           0x02812718        0x0 ../1121robot_test_bsp/\libhal_bsp.a(alt_dma_rxchan_open.o)
 .bss           0x02812718        0x0 ../1121robot_test_bsp/\libhal_bsp.a(alt_dma_txchan_open.o)
 .bss           0x02812718        0x0 ../1121robot_test_bsp/\libhal_bsp.a(alt_do_ctors.o)
 .bss           0x02812718        0x0 ../1121robot_test_bsp/\libhal_bsp.a(alt_do_dtors.o)
 .bss           0x02812718        0x0 ../1121robot_test_bsp/\libhal_bsp.a(alt_find_dev.o)
 .bss           0x02812718        0x0 ../1121robot_test_bsp/\libhal_bsp.a(alt_icache_flush_all.o)
 .bss           0x02812718        0x0 ../1121robot_test_bsp/\libhal_bsp.a(alt_iic.o)
 .bss           0x02812718        0x0 ../1121robot_test_bsp/\libhal_bsp.a(alt_iic_isr_register.o)
 .bss           0x02812718        0x0 ../1121robot_test_bsp/\libhal_bsp.a(alt_io_redirect.o)
 .bss           0x02812718        0x0 ../1121robot_test_bsp/\libhal_bsp.a(alt_irq_entry.o)
 .bss           0x02812718        0x0 ../1121robot_test_bsp/\libhal_bsp.a(alt_irq_handler.o)
 .bss           0x02812718        0x0 ../1121robot_test_bsp/\libhal_bsp.a(alt_open.o)
 .bss           0x02812718        0x0 ../1121robot_test_bsp/\libhal_bsp.a(alt_tick.o)
 .bss           0x02812718        0x0 ../1121robot_test_bsp/\libhal_bsp.a(altera_nios2_qsys_irq.o)
 .bss           0x02812718        0x0 ../1121robot_test_bsp/\libhal_bsp.a(alt_exception_entry.o)
 .bss           0x02812718        0x0 ../1121robot_test_bsp/\libhal_bsp.a(alt_find_file.o)
 .bss           0x02812718        0x0 ../1121robot_test_bsp/\libhal_bsp.a(alt_get_fd.o)
 .bss           0x02812718        0x0 d:/alalala/nios2eds/bin/gnu/h-i686-mingw32/bin/../lib/gcc/nios2-elf/4.1.2/../../../../nios2-elf/lib/mno-hw-mul\libc.a(lib_a-atexit.o)
 .bss           0x02812718        0x0 d:/alalala/nios2eds/bin/gnu/h-i686-mingw32/bin/../lib/gcc/nios2-elf/4.1.2/../../../../nios2-elf/lib/mno-hw-mul\libc.a(lib_a-exit.o)
 .bss           0x02812718        0x0 d:/alalala/nios2eds/bin/gnu/h-i686-mingw32/bin/../lib/gcc/nios2-elf/4.1.2/../../../../nios2-elf/lib/mno-hw-mul\libc.a(lib_a-memcmp.o)
 .bss           0x02812718        0x0 d:/alalala/nios2eds/bin/gnu/h-i686-mingw32/bin/../lib/gcc/nios2-elf/4.1.2/../../../../nios2-elf/lib/mno-hw-mul\libc.a(lib_a-__atexit.o)
 .bss           0x02812718        0x0 d:/alalala/nios2eds/bin/gnu/h-i686-mingw32/bin/../lib/gcc/nios2-elf/4.1.2/../../../../nios2-elf/lib/mno-hw-mul\libc.a(lib_a-__call_atexit.o)
 .bss           0x02812718        0x0 ../1121robot_test_bsp/\libhal_bsp.a(alt_exit.o)
 *(COMMON)
 COMMON         0x02812718      0x100 ../1121robot_test_bsp/\libhal_bsp.a(alt_irq_handler.o)
                0x02812718                alt_irq
 COMMON         0x02812818      0x190 d:/alalala/nios2eds/bin/gnu/h-i686-mingw32/bin/../lib/gcc/nios2-elf/4.1.2/../../../../nios2-elf/lib/mno-hw-mul\libc.a(lib_a-atexit.o)
                0x02812818                _atexit0
                0x028129a8                . = ALIGN (0x4)
                0x028129a8                __bss_end = ABSOLUTE (.)

.sdram_ctrl     0x028129a8        0x0
                0x028129a8                PROVIDE (_alt_partition_sdram_ctrl_start, ABSOLUTE (.))
 *(.sdram_ctrl. sdram_ctrl.*)
                0x028129a8                . = ALIGN (0x4)
                0x028129a8                PROVIDE (_alt_partition_sdram_ctrl_end, ABSOLUTE (.))
                0x028129a8                _end = ABSOLUTE (.)
                0x028129a8                end = ABSOLUTE (.)
                0x028129a8                __alt_stack_base = ABSOLUTE (.)
                0x028129a8                PROVIDE (_alt_partition_sdram_ctrl_load_addr, LOADADDR (.sdram_ctrl))

.stab
 *(.stab)

.stabstr
 *(.stabstr)

.stab.excl
 *(.stab.excl)

.stab.exclstr
 *(.stab.exclstr)

.stab.index
 *(.stab.index)

.stab.indexstr
 *(.stab.indexstr)

.comment        0x00000000       0x26
 *(.comment)
 .comment       0x00000000       0x26 obj/default/count_binary.o
                                 0x27 (size before relaxing)
 .comment       0x00000000       0x27 d:/alalala/nios2eds/bin/gnu/h-i686-mingw32/bin/../lib/gcc/nios2-elf/4.1.2/mno-hw-mul\libgcc.a(lib2-mul.o)
 .comment       0x00000000       0x27 d:/alalala/nios2eds/bin/gnu/h-i686-mingw32/bin/../lib/gcc/nios2-elf/4.1.2/../../../../nios2-elf/lib/mno-hw-mul\libc.a(lib_a-printf.o)
 .comment       0x00000000       0x27 d:/alalala/nios2eds/bin/gnu/h-i686-mingw32/bin/../lib/gcc/nios2-elf/4.1.2/../../../../nios2-elf/lib/mno-hw-mul\libc.a(lib_a-puts.o)
 .comment       0x00000000       0x27 d:/alalala/nios2eds/bin/gnu/h-i686-mingw32/bin/../lib/gcc/nios2-elf/4.1.2/../../../../nios2-elf/lib/mno-hw-mul\libc.a(lib_a-rand.o)
 .comment       0x00000000       0x27 d:/alalala/nios2eds/bin/gnu/h-i686-mingw32/bin/../lib/gcc/nios2-elf/4.1.2/../../../../nios2-elf/lib/mno-hw-mul\libc.a(lib_a-strlen.o)
 .comment       0x00000000       0x27 d:/alalala/nios2eds/bin/gnu/h-i686-mingw32/bin/../lib/gcc/nios2-elf/4.1.2/../../../../nios2-elf/lib/mno-hw-mul\libc.a(lib_a-vfprintf.o)
 .comment       0x00000000       0x27 d:/alalala/nios2eds/bin/gnu/h-i686-mingw32/bin/../lib/gcc/nios2-elf/4.1.2/../../../../nios2-elf/lib/mno-hw-mul\libc.a(lib_a-wsetup.o)
 .comment       0x00000000       0x27 d:/alalala/nios2eds/bin/gnu/h-i686-mingw32/bin/../lib/gcc/nios2-elf/4.1.2/../../../../nios2-elf/lib/mno-hw-mul\libc.a(lib_a-dtoa.o)
 .comment       0x00000000       0x27 d:/alalala/nios2eds/bin/gnu/h-i686-mingw32/bin/../lib/gcc/nios2-elf/4.1.2/../../../../nios2-elf/lib/mno-hw-mul\libc.a(lib_a-fflush.o)
 .comment       0x00000000       0x27 d:/alalala/nios2eds/bin/gnu/h-i686-mingw32/bin/../lib/gcc/nios2-elf/4.1.2/../../../../nios2-elf/lib/mno-hw-mul\libc.a(lib_a-findfp.o)
 .comment       0x00000000       0x27 d:/alalala/nios2eds/bin/gnu/h-i686-mingw32/bin/../lib/gcc/nios2-elf/4.1.2/../../../../nios2-elf/lib/mno-hw-mul\libc.a(lib_a-freer.o)
 .comment       0x00000000       0x27 d:/alalala/nios2eds/bin/gnu/h-i686-mingw32/bin/../lib/gcc/nios2-elf/4.1.2/../../../../nios2-elf/lib/mno-hw-mul\libc.a(lib_a-fvwrite.o)
 .comment       0x00000000       0x27 d:/alalala/nios2eds/bin/gnu/h-i686-mingw32/bin/../lib/gcc/nios2-elf/4.1.2/../../../../nios2-elf/lib/mno-hw-mul\libc.a(lib_a-fwalk.o)
 .comment       0x00000000       0x27 d:/alalala/nios2eds/bin/gnu/h-i686-mingw32/bin/../lib/gcc/nios2-elf/4.1.2/../../../../nios2-elf/lib/mno-hw-mul\libc.a(lib_a-impure.o)
 .comment       0x00000000       0x27 d:/alalala/nios2eds/bin/gnu/h-i686-mingw32/bin/../lib/gcc/nios2-elf/4.1.2/../../../../nios2-elf/lib/mno-hw-mul\libc.a(lib_a-locale.o)
 .comment       0x00000000       0x27 d:/alalala/nios2eds/bin/gnu/h-i686-mingw32/bin/../lib/gcc/nios2-elf/4.1.2/../../../../nios2-elf/lib/mno-hw-mul\libc.a(lib_a-makebuf.o)
 .comment       0x00000000       0x27 d:/alalala/nios2eds/bin/gnu/h-i686-mingw32/bin/../lib/gcc/nios2-elf/4.1.2/../../../../nios2-elf/lib/mno-hw-mul\libc.a(lib_a-mallocr.o)
 .comment       0x00000000       0x27 d:/alalala/nios2eds/bin/gnu/h-i686-mingw32/bin/../lib/gcc/nios2-elf/4.1.2/../../../../nios2-elf/lib/mno-hw-mul\libc.a(lib_a-memchr.o)
 .comment       0x00000000       0x27 d:/alalala/nios2eds/bin/gnu/h-i686-mingw32/bin/../lib/gcc/nios2-elf/4.1.2/../../../../nios2-elf/lib/mno-hw-mul\libc.a(lib_a-memcpy.o)
 .comment       0x00000000       0x27 d:/alalala/nios2eds/bin/gnu/h-i686-mingw32/bin/../lib/gcc/nios2-elf/4.1.2/../../../../nios2-elf/lib/mno-hw-mul\libc.a(lib_a-memmove.o)
 .comment       0x00000000       0x27 d:/alalala/nios2eds/bin/gnu/h-i686-mingw32/bin/../lib/gcc/nios2-elf/4.1.2/../../../../nios2-elf/lib/mno-hw-mul\libc.a(lib_a-memset.o)
 .comment       0x00000000       0x27 d:/alalala/nios2eds/bin/gnu/h-i686-mingw32/bin/../lib/gcc/nios2-elf/4.1.2/../../../../nios2-elf/lib/mno-hw-mul\libc.a(lib_a-mprec.o)
 .comment       0x00000000       0x27 d:/alalala/nios2eds/bin/gnu/h-i686-mingw32/bin/../lib/gcc/nios2-elf/4.1.2/../../../../nios2-elf/lib/mno-hw-mul\libc.a(lib_a-reallocr.o)
 .comment       0x00000000       0x27 d:/alalala/nios2eds/bin/gnu/h-i686-mingw32/bin/../lib/gcc/nios2-elf/4.1.2/../../../../nios2-elf/lib/mno-hw-mul\libc.a(lib_a-s_isinfd.o)
 .comment       0x00000000       0x27 d:/alalala/nios2eds/bin/gnu/h-i686-mingw32/bin/../lib/gcc/nios2-elf/4.1.2/../../../../nios2-elf/lib/mno-hw-mul\libc.a(lib_a-s_isnand.o)
 .comment       0x00000000       0x27 d:/alalala/nios2eds/bin/gnu/h-i686-mingw32/bin/../lib/gcc/nios2-elf/4.1.2/../../../../nios2-elf/lib/mno-hw-mul\libc.a(lib_a-sbrkr.o)
 .comment       0x00000000       0x27 d:/alalala/nios2eds/bin/gnu/h-i686-mingw32/bin/../lib/gcc/nios2-elf/4.1.2/../../../../nios2-elf/lib/mno-hw-mul\libc.a(lib_a-stdio.o)
 .comment       0x00000000       0x27 d:/alalala/nios2eds/bin/gnu/h-i686-mingw32/bin/../lib/gcc/nios2-elf/4.1.2/../../../../nios2-elf/lib/mno-hw-mul\libc.a(lib_a-strcmp.o)
 .comment       0x00000000       0x27 d:/alalala/nios2eds/bin/gnu/h-i686-mingw32/bin/../lib/gcc/nios2-elf/4.1.2/../../../../nios2-elf/lib/mno-hw-mul\libc.a(lib_a-writer.o)
 .comment       0x00000000       0x27 d:/alalala/nios2eds/bin/gnu/h-i686-mingw32/bin/../lib/gcc/nios2-elf/4.1.2/../../../../nios2-elf/lib/mno-hw-mul\libc.a(lib_a-callocr.o)
 .comment       0x00000000       0x27 d:/alalala/nios2eds/bin/gnu/h-i686-mingw32/bin/../lib/gcc/nios2-elf/4.1.2/../../../../nios2-elf/lib/mno-hw-mul\libc.a(lib_a-closer.o)
 .comment       0x00000000       0x27 d:/alalala/nios2eds/bin/gnu/h-i686-mingw32/bin/../lib/gcc/nios2-elf/4.1.2/../../../../nios2-elf/lib/mno-hw-mul\libc.a(lib_a-fclose.o)
 .comment       0x00000000       0x27 d:/alalala/nios2eds/bin/gnu/h-i686-mingw32/bin/../lib/gcc/nios2-elf/4.1.2/../../../../nios2-elf/lib/mno-hw-mul\libc.a(lib_a-fstatr.o)
 .comment       0x00000000       0x27 d:/alalala/nios2eds/bin/gnu/h-i686-mingw32/bin/../lib/gcc/nios2-elf/4.1.2/../../../../nios2-elf/lib/mno-hw-mul\libc.a(lib_a-int_errno.o)
 .comment       0x00000000       0x27 d:/alalala/nios2eds/bin/gnu/h-i686-mingw32/bin/../lib/gcc/nios2-elf/4.1.2/../../../../nios2-elf/lib/mno-hw-mul\libc.a(lib_a-isattyr.o)
 .comment       0x00000000       0x27 d:/alalala/nios2eds/bin/gnu/h-i686-mingw32/bin/../lib/gcc/nios2-elf/4.1.2/../../../../nios2-elf/lib/mno-hw-mul\libc.a(lib_a-lseekr.o)
 .comment       0x00000000       0x27 d:/alalala/nios2eds/bin/gnu/h-i686-mingw32/bin/../lib/gcc/nios2-elf/4.1.2/../../../../nios2-elf/lib/mno-hw-mul\libc.a(lib_a-readr.o)
 .comment       0x00000000       0x27 d:/alalala/nios2eds/bin/gnu/h-i686-mingw32/bin/../lib/gcc/nios2-elf/4.1.2/mno-hw-mul\libgcc.a(_muldi3.o)
 .comment       0x00000000       0x27 d:/alalala/nios2eds/bin/gnu/h-i686-mingw32/bin/../lib/gcc/nios2-elf/4.1.2/mno-hw-mul\libgcc.a(_udivdi3.o)
 .comment       0x00000000       0x27 d:/alalala/nios2eds/bin/gnu/h-i686-mingw32/bin/../lib/gcc/nios2-elf/4.1.2/mno-hw-mul\libgcc.a(_umoddi3.o)
 .comment       0x00000000       0x27 d:/alalala/nios2eds/bin/gnu/h-i686-mingw32/bin/../lib/gcc/nios2-elf/4.1.2/mno-hw-mul\libgcc.a(_addsub_df.o)
 .comment       0x00000000       0x27 d:/alalala/nios2eds/bin/gnu/h-i686-mingw32/bin/../lib/gcc/nios2-elf/4.1.2/mno-hw-mul\libgcc.a(_mul_df.o)
 .comment       0x00000000       0x27 d:/alalala/nios2eds/bin/gnu/h-i686-mingw32/bin/../lib/gcc/nios2-elf/4.1.2/mno-hw-mul\libgcc.a(_div_df.o)
 .comment       0x00000000       0x27 d:/alalala/nios2eds/bin/gnu/h-i686-mingw32/bin/../lib/gcc/nios2-elf/4.1.2/mno-hw-mul\libgcc.a(_eq_df.o)
 .comment       0x00000000       0x27 d:/alalala/nios2eds/bin/gnu/h-i686-mingw32/bin/../lib/gcc/nios2-elf/4.1.2/mno-hw-mul\libgcc.a(_ne_df.o)
 .comment       0x00000000       0x27 d:/alalala/nios2eds/bin/gnu/h-i686-mingw32/bin/../lib/gcc/nios2-elf/4.1.2/mno-hw-mul\libgcc.a(_gt_df.o)
 .comment       0x00000000       0x27 d:/alalala/nios2eds/bin/gnu/h-i686-mingw32/bin/../lib/gcc/nios2-elf/4.1.2/mno-hw-mul\libgcc.a(_ge_df.o)
 .comment       0x00000000       0x27 d:/alalala/nios2eds/bin/gnu/h-i686-mingw32/bin/../lib/gcc/nios2-elf/4.1.2/mno-hw-mul\libgcc.a(_lt_df.o)
 .comment       0x00000000       0x27 d:/alalala/nios2eds/bin/gnu/h-i686-mingw32/bin/../lib/gcc/nios2-elf/4.1.2/mno-hw-mul\libgcc.a(_si_to_df.o)
 .comment       0x00000000       0x27 d:/alalala/nios2eds/bin/gnu/h-i686-mingw32/bin/../lib/gcc/nios2-elf/4.1.2/mno-hw-mul\libgcc.a(_df_to_si.o)
 .comment       0x00000000       0x27 d:/alalala/nios2eds/bin/gnu/h-i686-mingw32/bin/../lib/gcc/nios2-elf/4.1.2/mno-hw-mul\libgcc.a(_thenan_df.o)
 .comment       0x00000000       0x27 d:/alalala/nios2eds/bin/gnu/h-i686-mingw32/bin/../lib/gcc/nios2-elf/4.1.2/mno-hw-mul\libgcc.a(_usi_to_df.o)
 .comment       0x00000000       0x27 d:/alalala/nios2eds/bin/gnu/h-i686-mingw32/bin/../lib/gcc/nios2-elf/4.1.2/mno-hw-mul\libgcc.a(lib2-divmod.o)
 .comment       0x00000000       0x27 d:/alalala/nios2eds/bin/gnu/h-i686-mingw32/bin/../lib/gcc/nios2-elf/4.1.2/mno-hw-mul\libgcc.a(_clz.o)
 .comment       0x00000000       0x27 d:/alalala/nios2eds/bin/gnu/h-i686-mingw32/bin/../lib/gcc/nios2-elf/4.1.2/mno-hw-mul\libgcc.a(_clzsi2.o)
 .comment       0x00000000       0x27 d:/alalala/nios2eds/bin/gnu/h-i686-mingw32/bin/../lib/gcc/nios2-elf/4.1.2/mno-hw-mul\libgcc.a(_pack_df.o)
 .comment       0x00000000       0x27 d:/alalala/nios2eds/bin/gnu/h-i686-mingw32/bin/../lib/gcc/nios2-elf/4.1.2/mno-hw-mul\libgcc.a(_unpack_df.o)
 .comment       0x00000000       0x27 d:/alalala/nios2eds/bin/gnu/h-i686-mingw32/bin/../lib/gcc/nios2-elf/4.1.2/mno-hw-mul\libgcc.a(_fpcmp_parts_df.o)
 .comment       0x00000000       0x27 ../1121robot_test_bsp/\libhal_bsp.a(alt_close.o)
 .comment       0x00000000       0x27 ../1121robot_test_bsp/\libhal_bsp.a(alt_dev.o)
 .comment       0x00000000       0x27 ../1121robot_test_bsp/\libhal_bsp.a(alt_errno.o)
 .comment       0x00000000       0x27 ../1121robot_test_bsp/\libhal_bsp.a(alt_fstat.o)
 .comment       0x00000000       0x27 ../1121robot_test_bsp/\libhal_bsp.a(alt_irq_register.o)
 .comment       0x00000000       0x27 ../1121robot_test_bsp/\libhal_bsp.a(alt_irq_vars.o)
 .comment       0x00000000       0x27 ../1121robot_test_bsp/\libhal_bsp.a(alt_isatty.o)
 .comment       0x00000000       0x27 ../1121robot_test_bsp/\libhal_bsp.a(alt_load.o)
 .comment       0x00000000       0x27 ../1121robot_test_bsp/\libhal_bsp.a(alt_lseek.o)
 .comment       0x00000000       0x27 ../1121robot_test_bsp/\libhal_bsp.a(alt_main.o)
 .comment       0x00000000       0x27 ../1121robot_test_bsp/\libhal_bsp.a(alt_malloc_lock.o)
 .comment       0x00000000       0x27 ../1121robot_test_bsp/\libhal_bsp.a(alt_read.o)
 .comment       0x00000000       0x27 ../1121robot_test_bsp/\libhal_bsp.a(alt_release_fd.o)
 .comment       0x00000000       0x27 ../1121robot_test_bsp/\libhal_bsp.a(alt_sbrk.o)
 .comment       0x00000000       0x27 ../1121robot_test_bsp/\libhal_bsp.a(alt_usleep.o)
 .comment       0x00000000       0x27 ../1121robot_test_bsp/\libhal_bsp.a(alt_write.o)
 .comment       0x00000000       0x27 ../1121robot_test_bsp/\libhal_bsp.a(alt_sys_init.o)
 .comment       0x00000000       0x27 ../1121robot_test_bsp/\libhal_bsp.a(altera_avalon_dma.o)
 .comment       0x00000000       0x27 ../1121robot_test_bsp/\libhal_bsp.a(altera_avalon_jtag_uart_fd.o)
 .comment       0x00000000       0x27 ../1121robot_test_bsp/\libhal_bsp.a(altera_avalon_jtag_uart_init.o)
 .comment       0x00000000       0x27 ../1121robot_test_bsp/\libhal_bsp.a(altera_avalon_jtag_uart_ioctl.o)
 .comment       0x00000000       0x27 ../1121robot_test_bsp/\libhal_bsp.a(altera_avalon_jtag_uart_read.o)
 .comment       0x00000000       0x27 ../1121robot_test_bsp/\libhal_bsp.a(altera_avalon_jtag_uart_write.o)
 .comment       0x00000000       0x27 ../1121robot_test_bsp/\libhal_bsp.a(alt_alarm_start.o)
 .comment       0x00000000       0x27 ../1121robot_test_bsp/\libhal_bsp.a(alt_busy_sleep.o)
 .comment       0x00000000       0x27 ../1121robot_test_bsp/\libhal_bsp.a(alt_dcache_flush_all.o)
 .comment       0x00000000       0x27 ../1121robot_test_bsp/\libhal_bsp.a(alt_dev_llist_insert.o)
 .comment       0x00000000       0x27 ../1121robot_test_bsp/\libhal_bsp.a(alt_dma_rxchan_open.o)
 .comment       0x00000000       0x27 ../1121robot_test_bsp/\libhal_bsp.a(alt_dma_txchan_open.o)
 .comment       0x00000000       0x27 ../1121robot_test_bsp/\libhal_bsp.a(alt_do_ctors.o)
 .comment       0x00000000       0x27 ../1121robot_test_bsp/\libhal_bsp.a(alt_do_dtors.o)
 .comment       0x00000000       0x27 ../1121robot_test_bsp/\libhal_bsp.a(alt_find_dev.o)
 .comment       0x00000000       0x27 ../1121robot_test_bsp/\libhal_bsp.a(alt_icache_flush_all.o)
 .comment       0x00000000       0x27 ../1121robot_test_bsp/\libhal_bsp.a(alt_iic.o)
 .comment       0x00000000       0x27 ../1121robot_test_bsp/\libhal_bsp.a(alt_iic_isr_register.o)
 .comment       0x00000000       0x27 ../1121robot_test_bsp/\libhal_bsp.a(alt_io_redirect.o)
 .comment       0x00000000       0x27 ../1121robot_test_bsp/\libhal_bsp.a(alt_irq_handler.o)
 .comment       0x00000000       0x27 ../1121robot_test_bsp/\libhal_bsp.a(alt_open.o)
 .comment       0x00000000       0x27 ../1121robot_test_bsp/\libhal_bsp.a(alt_tick.o)
 .comment       0x00000000       0x27 ../1121robot_test_bsp/\libhal_bsp.a(altera_nios2_qsys_irq.o)
 .comment       0x00000000       0x27 ../1121robot_test_bsp/\libhal_bsp.a(alt_find_file.o)
 .comment       0x00000000       0x27 ../1121robot_test_bsp/\libhal_bsp.a(alt_get_fd.o)
 .comment       0x00000000       0x27 d:/alalala/nios2eds/bin/gnu/h-i686-mingw32/bin/../lib/gcc/nios2-elf/4.1.2/../../../../nios2-elf/lib/mno-hw-mul\libc.a(lib_a-atexit.o)
 .comment       0x00000000       0x27 d:/alalala/nios2eds/bin/gnu/h-i686-mingw32/bin/../lib/gcc/nios2-elf/4.1.2/../../../../nios2-elf/lib/mno-hw-mul\libc.a(lib_a-exit.o)
 .comment       0x00000000       0x27 d:/alalala/nios2eds/bin/gnu/h-i686-mingw32/bin/../lib/gcc/nios2-elf/4.1.2/../../../../nios2-elf/lib/mno-hw-mul\libc.a(lib_a-memcmp.o)
 .comment       0x00000000       0x27 d:/alalala/nios2eds/bin/gnu/h-i686-mingw32/bin/../lib/gcc/nios2-elf/4.1.2/../../../../nios2-elf/lib/mno-hw-mul\libc.a(lib_a-__atexit.o)
 .comment       0x00000000       0x27 d:/alalala/nios2eds/bin/gnu/h-i686-mingw32/bin/../lib/gcc/nios2-elf/4.1.2/../../../../nios2-elf/lib/mno-hw-mul\libc.a(lib_a-__call_atexit.o)
 .comment       0x00000000       0x27 ../1121robot_test_bsp/\libhal_bsp.a(alt_exit.o)

.debug
 *(.debug)

.line
 *(.line)

.debug_srcinfo
 *(.debug_srcinfo)

.debug_sfnames
 *(.debug_sfnames)

.debug_aranges  0x00000000      0xd38
 *(.debug_aranges)
 .debug_aranges
                0x00000000       0x28 ../1121robot_test_bsp//obj/HAL/src/crt0.o
 .debug_aranges
                0x00000028       0x20 obj/default/count_binary.o
 .debug_aranges
                0x00000048       0x20 d:/alalala/nios2eds/bin/gnu/h-i686-mingw32/bin/../lib/gcc/nios2-elf/4.1.2/mno-hw-mul\libgcc.a(lib2-mul.o)
 .debug_aranges
                0x00000068       0x20 d:/alalala/nios2eds/bin/gnu/h-i686-mingw32/bin/../lib/gcc/nios2-elf/4.1.2/../../../../nios2-elf/lib/mno-hw-mul\libc.a(lib_a-printf.o)
 .debug_aranges
                0x00000088       0x20 d:/alalala/nios2eds/bin/gnu/h-i686-mingw32/bin/../lib/gcc/nios2-elf/4.1.2/../../../../nios2-elf/lib/mno-hw-mul\libc.a(lib_a-puts.o)
 .debug_aranges
                0x000000a8       0x20 d:/alalala/nios2eds/bin/gnu/h-i686-mingw32/bin/../lib/gcc/nios2-elf/4.1.2/../../../../nios2-elf/lib/mno-hw-mul\libc.a(lib_a-rand.o)
 .debug_aranges
                0x000000c8       0x20 d:/alalala/nios2eds/bin/gnu/h-i686-mingw32/bin/../lib/gcc/nios2-elf/4.1.2/../../../../nios2-elf/lib/mno-hw-mul\libc.a(lib_a-strlen.o)
 .debug_aranges
                0x000000e8       0x20 d:/alalala/nios2eds/bin/gnu/h-i686-mingw32/bin/../lib/gcc/nios2-elf/4.1.2/../../../../nios2-elf/lib/mno-hw-mul\libc.a(lib_a-vfprintf.o)
 .debug_aranges
                0x00000108       0x20 d:/alalala/nios2eds/bin/gnu/h-i686-mingw32/bin/../lib/gcc/nios2-elf/4.1.2/../../../../nios2-elf/lib/mno-hw-mul\libc.a(lib_a-wsetup.o)
 .debug_aranges
                0x00000128       0x20 d:/alalala/nios2eds/bin/gnu/h-i686-mingw32/bin/../lib/gcc/nios2-elf/4.1.2/../../../../nios2-elf/lib/mno-hw-mul\libc.a(lib_a-dtoa.o)
 .debug_aranges
                0x00000148       0x20 d:/alalala/nios2eds/bin/gnu/h-i686-mingw32/bin/../lib/gcc/nios2-elf/4.1.2/../../../../nios2-elf/lib/mno-hw-mul\libc.a(lib_a-fflush.o)
 .debug_aranges
                0x00000168       0x20 d:/alalala/nios2eds/bin/gnu/h-i686-mingw32/bin/../lib/gcc/nios2-elf/4.1.2/../../../../nios2-elf/lib/mno-hw-mul\libc.a(lib_a-findfp.o)
 .debug_aranges
                0x00000188       0x20 d:/alalala/nios2eds/bin/gnu/h-i686-mingw32/bin/../lib/gcc/nios2-elf/4.1.2/../../../../nios2-elf/lib/mno-hw-mul\libc.a(lib_a-freer.o)
 .debug_aranges
                0x000001a8       0x20 d:/alalala/nios2eds/bin/gnu/h-i686-mingw32/bin/../lib/gcc/nios2-elf/4.1.2/../../../../nios2-elf/lib/mno-hw-mul\libc.a(lib_a-fvwrite.o)
 .debug_aranges
                0x000001c8       0x20 d:/alalala/nios2eds/bin/gnu/h-i686-mingw32/bin/../lib/gcc/nios2-elf/4.1.2/../../../../nios2-elf/lib/mno-hw-mul\libc.a(lib_a-fwalk.o)
 .debug_aranges
                0x000001e8       0x20 d:/alalala/nios2eds/bin/gnu/h-i686-mingw32/bin/../lib/gcc/nios2-elf/4.1.2/../../../../nios2-elf/lib/mno-hw-mul\libc.a(lib_a-locale.o)
 .debug_aranges
                0x00000208       0x20 d:/alalala/nios2eds/bin/gnu/h-i686-mingw32/bin/../lib/gcc/nios2-elf/4.1.2/../../../../nios2-elf/lib/mno-hw-mul\libc.a(lib_a-makebuf.o)
 .debug_aranges
                0x00000228       0x20 d:/alalala/nios2eds/bin/gnu/h-i686-mingw32/bin/../lib/gcc/nios2-elf/4.1.2/../../../../nios2-elf/lib/mno-hw-mul\libc.a(lib_a-mallocr.o)
 .debug_aranges
                0x00000248       0x20 d:/alalala/nios2eds/bin/gnu/h-i686-mingw32/bin/../lib/gcc/nios2-elf/4.1.2/../../../../nios2-elf/lib/mno-hw-mul\libc.a(lib_a-memchr.o)
 .debug_aranges
                0x00000268       0x20 d:/alalala/nios2eds/bin/gnu/h-i686-mingw32/bin/../lib/gcc/nios2-elf/4.1.2/../../../../nios2-elf/lib/mno-hw-mul\libc.a(lib_a-memcpy.o)
 .debug_aranges
                0x00000288       0x20 d:/alalala/nios2eds/bin/gnu/h-i686-mingw32/bin/../lib/gcc/nios2-elf/4.1.2/../../../../nios2-elf/lib/mno-hw-mul\libc.a(lib_a-memmove.o)
 .debug_aranges
                0x000002a8       0x20 d:/alalala/nios2eds/bin/gnu/h-i686-mingw32/bin/../lib/gcc/nios2-elf/4.1.2/../../../../nios2-elf/lib/mno-hw-mul\libc.a(lib_a-memset.o)
 .debug_aranges
                0x000002c8       0x20 d:/alalala/nios2eds/bin/gnu/h-i686-mingw32/bin/../lib/gcc/nios2-elf/4.1.2/../../../../nios2-elf/lib/mno-hw-mul\libc.a(lib_a-mprec.o)
 .debug_aranges
                0x000002e8       0x20 d:/alalala/nios2eds/bin/gnu/h-i686-mingw32/bin/../lib/gcc/nios2-elf/4.1.2/../../../../nios2-elf/lib/mno-hw-mul\libc.a(lib_a-reallocr.o)
 .debug_aranges
                0x00000308       0x20 d:/alalala/nios2eds/bin/gnu/h-i686-mingw32/bin/../lib/gcc/nios2-elf/4.1.2/../../../../nios2-elf/lib/mno-hw-mul\libc.a(lib_a-s_isinfd.o)
 .debug_aranges
                0x00000328       0x20 d:/alalala/nios2eds/bin/gnu/h-i686-mingw32/bin/../lib/gcc/nios2-elf/4.1.2/../../../../nios2-elf/lib/mno-hw-mul\libc.a(lib_a-s_isnand.o)
 .debug_aranges
                0x00000348       0x20 d:/alalala/nios2eds/bin/gnu/h-i686-mingw32/bin/../lib/gcc/nios2-elf/4.1.2/../../../../nios2-elf/lib/mno-hw-mul\libc.a(lib_a-sbrkr.o)
 .debug_aranges
                0x00000368       0x20 d:/alalala/nios2eds/bin/gnu/h-i686-mingw32/bin/../lib/gcc/nios2-elf/4.1.2/../../../../nios2-elf/lib/mno-hw-mul\libc.a(lib_a-stdio.o)
 .debug_aranges
                0x00000388       0x20 d:/alalala/nios2eds/bin/gnu/h-i686-mingw32/bin/../lib/gcc/nios2-elf/4.1.2/../../../../nios2-elf/lib/mno-hw-mul\libc.a(lib_a-strcmp.o)
 .debug_aranges
                0x000003a8       0x20 d:/alalala/nios2eds/bin/gnu/h-i686-mingw32/bin/../lib/gcc/nios2-elf/4.1.2/../../../../nios2-elf/lib/mno-hw-mul\libc.a(lib_a-writer.o)
 .debug_aranges
                0x000003c8       0x20 d:/alalala/nios2eds/bin/gnu/h-i686-mingw32/bin/../lib/gcc/nios2-elf/4.1.2/../../../../nios2-elf/lib/mno-hw-mul\libc.a(lib_a-callocr.o)
 .debug_aranges
                0x000003e8       0x20 d:/alalala/nios2eds/bin/gnu/h-i686-mingw32/bin/../lib/gcc/nios2-elf/4.1.2/../../../../nios2-elf/lib/mno-hw-mul\libc.a(lib_a-closer.o)
 .debug_aranges
                0x00000408       0x20 d:/alalala/nios2eds/bin/gnu/h-i686-mingw32/bin/../lib/gcc/nios2-elf/4.1.2/../../../../nios2-elf/lib/mno-hw-mul\libc.a(lib_a-fclose.o)
 .debug_aranges
                0x00000428       0x20 d:/alalala/nios2eds/bin/gnu/h-i686-mingw32/bin/../lib/gcc/nios2-elf/4.1.2/../../../../nios2-elf/lib/mno-hw-mul\libc.a(lib_a-fstatr.o)
 .debug_aranges
                0x00000448       0x20 d:/alalala/nios2eds/bin/gnu/h-i686-mingw32/bin/../lib/gcc/nios2-elf/4.1.2/../../../../nios2-elf/lib/mno-hw-mul\libc.a(lib_a-isattyr.o)
 .debug_aranges
                0x00000468       0x20 d:/alalala/nios2eds/bin/gnu/h-i686-mingw32/bin/../lib/gcc/nios2-elf/4.1.2/../../../../nios2-elf/lib/mno-hw-mul\libc.a(lib_a-lseekr.o)
 .debug_aranges
                0x00000488       0x20 d:/alalala/nios2eds/bin/gnu/h-i686-mingw32/bin/../lib/gcc/nios2-elf/4.1.2/../../../../nios2-elf/lib/mno-hw-mul\libc.a(lib_a-readr.o)
 .debug_aranges
                0x000004a8       0x20 d:/alalala/nios2eds/bin/gnu/h-i686-mingw32/bin/../lib/gcc/nios2-elf/4.1.2/mno-hw-mul\libgcc.a(_muldi3.o)
 .debug_aranges
                0x000004c8       0x20 d:/alalala/nios2eds/bin/gnu/h-i686-mingw32/bin/../lib/gcc/nios2-elf/4.1.2/mno-hw-mul\libgcc.a(_udivdi3.o)
 .debug_aranges
                0x000004e8       0x20 d:/alalala/nios2eds/bin/gnu/h-i686-mingw32/bin/../lib/gcc/nios2-elf/4.1.2/mno-hw-mul\libgcc.a(_umoddi3.o)
 .debug_aranges
                0x00000508       0x20 d:/alalala/nios2eds/bin/gnu/h-i686-mingw32/bin/../lib/gcc/nios2-elf/4.1.2/mno-hw-mul\libgcc.a(_addsub_df.o)
 .debug_aranges
                0x00000528       0x20 d:/alalala/nios2eds/bin/gnu/h-i686-mingw32/bin/../lib/gcc/nios2-elf/4.1.2/mno-hw-mul\libgcc.a(_mul_df.o)
 .debug_aranges
                0x00000548       0x20 d:/alalala/nios2eds/bin/gnu/h-i686-mingw32/bin/../lib/gcc/nios2-elf/4.1.2/mno-hw-mul\libgcc.a(_div_df.o)
 .debug_aranges
                0x00000568       0x20 d:/alalala/nios2eds/bin/gnu/h-i686-mingw32/bin/../lib/gcc/nios2-elf/4.1.2/mno-hw-mul\libgcc.a(_eq_df.o)
 .debug_aranges
                0x00000588       0x20 d:/alalala/nios2eds/bin/gnu/h-i686-mingw32/bin/../lib/gcc/nios2-elf/4.1.2/mno-hw-mul\libgcc.a(_ne_df.o)
 .debug_aranges
                0x000005a8       0x20 d:/alalala/nios2eds/bin/gnu/h-i686-mingw32/bin/../lib/gcc/nios2-elf/4.1.2/mno-hw-mul\libgcc.a(_gt_df.o)
 .debug_aranges
                0x000005c8       0x20 d:/alalala/nios2eds/bin/gnu/h-i686-mingw32/bin/../lib/gcc/nios2-elf/4.1.2/mno-hw-mul\libgcc.a(_ge_df.o)
 .debug_aranges
                0x000005e8       0x20 d:/alalala/nios2eds/bin/gnu/h-i686-mingw32/bin/../lib/gcc/nios2-elf/4.1.2/mno-hw-mul\libgcc.a(_lt_df.o)
 .debug_aranges
                0x00000608       0x20 d:/alalala/nios2eds/bin/gnu/h-i686-mingw32/bin/../lib/gcc/nios2-elf/4.1.2/mno-hw-mul\libgcc.a(_si_to_df.o)
 .debug_aranges
                0x00000628       0x20 d:/alalala/nios2eds/bin/gnu/h-i686-mingw32/bin/../lib/gcc/nios2-elf/4.1.2/mno-hw-mul\libgcc.a(_df_to_si.o)
 .debug_aranges
                0x00000648       0x20 d:/alalala/nios2eds/bin/gnu/h-i686-mingw32/bin/../lib/gcc/nios2-elf/4.1.2/mno-hw-mul\libgcc.a(_usi_to_df.o)
 .debug_aranges
                0x00000668       0x20 d:/alalala/nios2eds/bin/gnu/h-i686-mingw32/bin/../lib/gcc/nios2-elf/4.1.2/mno-hw-mul\libgcc.a(lib2-divmod.o)
 .debug_aranges
                0x00000688       0x20 d:/alalala/nios2eds/bin/gnu/h-i686-mingw32/bin/../lib/gcc/nios2-elf/4.1.2/mno-hw-mul\libgcc.a(_clzsi2.o)
 .debug_aranges
                0x000006a8       0x20 d:/alalala/nios2eds/bin/gnu/h-i686-mingw32/bin/../lib/gcc/nios2-elf/4.1.2/mno-hw-mul\libgcc.a(_pack_df.o)
 .debug_aranges
                0x000006c8       0x20 d:/alalala/nios2eds/bin/gnu/h-i686-mingw32/bin/../lib/gcc/nios2-elf/4.1.2/mno-hw-mul\libgcc.a(_unpack_df.o)
 .debug_aranges
                0x000006e8       0x20 d:/alalala/nios2eds/bin/gnu/h-i686-mingw32/bin/../lib/gcc/nios2-elf/4.1.2/mno-hw-mul\libgcc.a(_fpcmp_parts_df.o)
 .debug_aranges
                0x00000708       0x20 ../1121robot_test_bsp/\libhal_bsp.a(alt_close.o)
 .debug_aranges
                0x00000728       0x20 ../1121robot_test_bsp/\libhal_bsp.a(alt_dev.o)
 .debug_aranges
                0x00000748       0x20 ../1121robot_test_bsp/\libhal_bsp.a(alt_fstat.o)
 .debug_aranges
                0x00000768       0x20 ../1121robot_test_bsp/\libhal_bsp.a(alt_irq_register.o)
 .debug_aranges
                0x00000788       0x20 ../1121robot_test_bsp/\libhal_bsp.a(alt_isatty.o)
 .debug_aranges
                0x000007a8       0x20 ../1121robot_test_bsp/\libhal_bsp.a(alt_load.o)
 .debug_aranges
                0x000007c8       0x20 ../1121robot_test_bsp/\libhal_bsp.a(alt_lseek.o)
 .debug_aranges
                0x000007e8       0x20 ../1121robot_test_bsp/\libhal_bsp.a(alt_main.o)
 .debug_aranges
                0x00000808       0x20 ../1121robot_test_bsp/\libhal_bsp.a(alt_malloc_lock.o)
 .debug_aranges