Archive member included because of file (symbol)

f:/quatus/nios2eds/bin/gnu/h-i686-mingw32/bin/../lib/gcc/nios2-elf/4.1.2/../../../../nios2-elf/lib/mno-hw-mul\libc.a(lib_a-printf.o)
                              obj/default/count_binary.o (printf)
f:/quatus/nios2eds/bin/gnu/h-i686-mingw32/bin/../lib/gcc/nios2-elf/4.1.2/../../../../nios2-elf/lib/mno-hw-mul\libc.a(lib_a-puts.o)
                              obj/default/count_binary.o (puts)
f:/quatus/nios2eds/bin/gnu/h-i686-mingw32/bin/../lib/gcc/nios2-elf/4.1.2/../../../../nios2-elf/lib/mno-hw-mul\libc.a(lib_a-rand.o)
                              obj/default/count_binary.o (srand)
f:/quatus/nios2eds/bin/gnu/h-i686-mingw32/bin/../lib/gcc/nios2-elf/4.1.2/../../../../nios2-elf/lib/mno-hw-mul\libc.a(lib_a-strlen.o)
                              f:/quatus/nios2eds/bin/gnu/h-i686-mingw32/bin/../lib/gcc/nios2-elf/4.1.2/../../../../nios2-elf/lib/mno-hw-mul\libc.a(lib_a-puts.o) (strlen)
f:/quatus/nios2eds/bin/gnu/h-i686-mingw32/bin/../lib/gcc/nios2-elf/4.1.2/../../../../nios2-elf/lib/mno-hw-mul\libc.a(lib_a-time.o)
                              obj/default/count_binary.o (time)
f:/quatus/nios2eds/bin/gnu/h-i686-mingw32/bin/../lib/gcc/nios2-elf/4.1.2/../../../../nios2-elf/lib/mno-hw-mul\libc.a(lib_a-vfprintf.o)
                              f:/quatus/nios2eds/bin/gnu/h-i686-mingw32/bin/../lib/gcc/nios2-elf/4.1.2/../../../../nios2-elf/lib/mno-hw-mul\libc.a(lib_a-printf.o) (___vfprintf_internal_r)
f:/quatus/nios2eds/bin/gnu/h-i686-mingw32/bin/../lib/gcc/nios2-elf/4.1.2/../../../../nios2-elf/lib/mno-hw-mul\libc.a(lib_a-wsetup.o)
                              f:/quatus/nios2eds/bin/gnu/h-i686-mingw32/bin/../lib/gcc/nios2-elf/4.1.2/../../../../nios2-elf/lib/mno-hw-mul\libc.a(lib_a-vfprintf.o) (__swsetup_r)
f:/quatus/nios2eds/bin/gnu/h-i686-mingw32/bin/../lib/gcc/nios2-elf/4.1.2/../../../../nios2-elf/lib/mno-hw-mul\libc.a(lib_a-dtoa.o)
                              f:/quatus/nios2eds/bin/gnu/h-i686-mingw32/bin/../lib/gcc/nios2-elf/4.1.2/../../../../nios2-elf/lib/mno-hw-mul\libc.a(lib_a-vfprintf.o) (_dtoa_r)
f:/quatus/nios2eds/bin/gnu/h-i686-mingw32/bin/../lib/gcc/nios2-elf/4.1.2/../../../../nios2-elf/lib/mno-hw-mul\libc.a(lib_a-fflush.o)
                              f:/quatus/nios2eds/bin/gnu/h-i686-mingw32/bin/../lib/gcc/nios2-elf/4.1.2/../../../../nios2-elf/lib/mno-hw-mul\libc.a(lib_a-vfprintf.o) (_fflush_r)
f:/quatus/nios2eds/bin/gnu/h-i686-mingw32/bin/../lib/gcc/nios2-elf/4.1.2/../../../../nios2-elf/lib/mno-hw-mul\libc.a(lib_a-findfp.o)
                              f:/quatus/nios2eds/bin/gnu/h-i686-mingw32/bin/../lib/gcc/nios2-elf/4.1.2/../../../../nios2-elf/lib/mno-hw-mul\libc.a(lib_a-vfprintf.o) (__sinit)
f:/quatus/nios2eds/bin/gnu/h-i686-mingw32/bin/../lib/gcc/nios2-elf/4.1.2/../../../../nios2-elf/lib/mno-hw-mul\libc.a(lib_a-freer.o)
                              f:/quatus/nios2eds/bin/gnu/h-i686-mingw32/bin/../lib/gcc/nios2-elf/4.1.2/../../../../nios2-elf/lib/mno-hw-mul\libc.a(lib_a-wsetup.o) (_free_r)
f:/quatus/nios2eds/bin/gnu/h-i686-mingw32/bin/../lib/gcc/nios2-elf/4.1.2/../../../../nios2-elf/lib/mno-hw-mul\libc.a(lib_a-fvwrite.o)
                              f:/quatus/nios2eds/bin/gnu/h-i686-mingw32/bin/../lib/gcc/nios2-elf/4.1.2/../../../../nios2-elf/lib/mno-hw-mul\libc.a(lib_a-puts.o) (__sfvwrite_r)
f:/quatus/nios2eds/bin/gnu/h-i686-mingw32/bin/../lib/gcc/nios2-elf/4.1.2/../../../../nios2-elf/lib/mno-hw-mul\libc.a(lib_a-fwalk.o)
                              f:/quatus/nios2eds/bin/gnu/h-i686-mingw32/bin/../lib/gcc/nios2-elf/4.1.2/../../../../nios2-elf/lib/mno-hw-mul\libc.a(lib_a-fflush.o) (_fwalk_reent)
f:/quatus/nios2eds/bin/gnu/h-i686-mingw32/bin/../lib/gcc/nios2-elf/4.1.2/../../../../nios2-elf/lib/mno-hw-mul\libc.a(lib_a-gettimeofdayr.o)
                              f:/quatus/nios2eds/bin/gnu/h-i686-mingw32/bin/../lib/gcc/nios2-elf/4.1.2/../../../../nios2-elf/lib/mno-hw-mul\libc.a(lib_a-time.o) (_gettimeofday_r)
f:/quatus/nios2eds/bin/gnu/h-i686-mingw32/bin/../lib/gcc/nios2-elf/4.1.2/../../../../nios2-elf/lib/mno-hw-mul\libc.a(lib_a-impure.o)
                              f:/quatus/nios2eds/bin/gnu/h-i686-mingw32/bin/../lib/gcc/nios2-elf/4.1.2/../../../../nios2-elf/lib/mno-hw-mul\libc.a(lib_a-printf.o) (_impure_ptr)
f:/quatus/nios2eds/bin/gnu/h-i686-mingw32/bin/../lib/gcc/nios2-elf/4.1.2/../../../../nios2-elf/lib/mno-hw-mul\libc.a(lib_a-int_errno.o)
                              f:/quatus/nios2eds/bin/gnu/h-i686-mingw32/bin/../lib/gcc/nios2-elf/4.1.2/../../../../nios2-elf/lib/mno-hw-mul\libc.a(lib_a-gettimeofdayr.o) (errno)
f:/quatus/nios2eds/bin/gnu/h-i686-mingw32/bin/../lib/gcc/nios2-elf/4.1.2/../../../../nios2-elf/lib/mno-hw-mul\libc.a(lib_a-locale.o)
                              f:/quatus/nios2eds/bin/gnu/h-i686-mingw32/bin/../lib/gcc/nios2-elf/4.1.2/../../../../nios2-elf/lib/mno-hw-mul\libc.a(lib_a-vfprintf.o) (_localeconv_r)
[...]
Memory Configuration

Name             Origin             Length             Attributes
reset            0x02800000         0x00000020
sdram_ctrl       0x02800020         0x007fffe0
*default*        0x00000000         0xffffffff

Linker script and memory map

LOAD ../1223_bsp//obj/HAL/src/crt0.o
LOAD obj/default/count_binary.o
LOAD f:/quatus/nios2eds/bin/gnu/h-i686-mingw32/bin/../lib/gcc/nios2-elf/4.1.2/../../../../nios2-elf/lib/mno-hw-mul\libstdc++.a
LOAD f:/quatus/nios2eds/bin/gnu/h-i686-mingw32/bin/../lib/gcc/nios2-elf/4.1.2/../../../../nios2-elf/lib/mno-hw-mul\libm.a
LOAD f:/quatus/nios2eds/bin/gnu/h-i686-mingw32/bin/../lib/gcc/nios2-elf/4.1.2/mno-hw-mul\libgcc.a
START GROUP
LOAD f:/quatus/nios2eds/bin/gnu/h-i686-mingw32/bin/../lib/gcc/nios2-elf/4.1.2/../../../../nios2-elf/lib/mno-hw-mul\libc.a
LOAD f:/quatus/nios2eds/bin/gnu/h-i686-mingw32/bin/../lib/gcc/nios2-elf/4.1.2/mno-hw-mul\libgcc.a
LOAD ../1223_bsp/\libhal_bsp.a
END GROUP
LOAD f:/quatus/nios2eds/bin/gnu/h-i686-mingw32/bin/../lib/gcc/nios2-elf/4.1.2/mno-hw-mul\libgcc.a
                0x02800000                __alt_mem_sdram_ctrl = 0x2800000

.entry          0x02800000       0x20
 *(.entry)
 .entry         0x02800000       0x20 ../1223_bsp//obj/HAL/src/crt0.o
                0x02800000                __reset

.exceptions     0x02800020      0x194
                0x02800020                PROVIDE (__ram_exceptions_start, ABSOLUTE (.))
                0x02800020                . = ALIGN (0x20)
 *(.irq)
 *(.exceptions.entry.label)
 .exceptions.entry.label
                0x02800020        0x0 ../1223_bsp/\libhal_bsp.a(alt_irq_entry.o)
                0x02800020                alt_irq_entry
 .exceptions.entry.label
                0x02800020        0x0 ../1223_bsp/\libhal_bsp.a(alt_exception_entry.o)
                0x02800020                alt_exception
 *(.exceptions.entry.user)
 *(.exceptions.entry)
 .exceptions.entry
                0x02800020       0x54 ../1223_bsp/\libhal_bsp.a(alt_exception_entry.o)
 *(.exceptions.irqtest.user)
 *(.exceptions.irqtest)
 .exceptions.irqtest
                0x02800074       0x10 ../1223_bsp/\libhal_bsp.a(alt_irq_entry.o)
 *(.exceptions.irqhandler.user)
 *(.exceptions.irqhandler)
 .exceptions.irqhandler
                0x02800084        0x4 ../1223_bsp/\libhal_bsp.a(alt_irq_entry.o)
 *(.exceptions.irqreturn.user)
 *(.exceptions.irqreturn)
 .exceptions.irqreturn
                0x02800088        0x4 ../1223_bsp/\libhal_bsp.a(alt_irq_entry.o)
 *(.exceptions.notirq.label)
 .exceptions.notirq.label
                0x0280008c        0x0 ../1223_bsp/\libhal_bsp.a(alt_irq_entry.o)
 *(.exceptions.notirq.user)
 *(.exceptions.notirq)
 .exceptions.notirq
                0x0280008c        0x8 ../1223_bsp/\libhal_bsp.a(alt_exception_entry.o)
 *(.exceptions.soft.user)
 *(.exceptions.soft)
 *(.exceptions.unknown.user)
 *(.exceptions.unknown)
 .exceptions.unknown
                0x02800094        0x4 ../1223_bsp/\libhal_bsp.a(alt_exception_entry.o)
 *(.exceptions.exit.label)
 .exceptions.exit.label
                0x02800098        0x0 ../1223_bsp/\libhal_bsp.a(alt_irq_entry.o)
 .exceptions.exit.label
                0x02800098        0x0 ../1223_bsp/\libhal_bsp.a(alt_exception_entry.o)
 *(.exceptions.exit.user)
 *(.exceptions.exit)
 .exceptions.exit
                0x02800098       0x54 ../1223_bsp/\libhal_bsp.a(alt_exception_entry.o)
 *(.exceptions)
 .exceptions    0x028000ec       0xc8 ../1223_bsp/\libhal_bsp.a(alt_irq_handler.o)
                0x028000ec                alt_irq_handler
                0x028001b4                PROVIDE (__ram_exceptions_end, ABSOLUTE (.))
                0x02800020                PROVIDE (__flash_exceptions_start, LOADADDR (.exceptions))

.text           0x028001b4     0xe374
                0x028001b4                PROVIDE (stext, ABSOLUTE (.))
 *(.interp)
 *(.hash)
 *(.dynsym)
 *(.dynstr)
 *(.gnu.version)
 *(.gnu.version_d)
 *(.gnu.version_r)
 *(.rel.init)
 *(.rela.init)
 *(.rel.text .rel.text.* .rel.gnu.linkonce.t.*)
 *(.rela.text .rela.text.* .rela.gnu.linkonce.t.*)
 *(.rel.fini)
 *(.rela.fini)
 *(.rel.rodata .rel.rodata.* .rel.gnu.linkonce.r.*)
 *(.rela.rodata .rela.rodata.* .rela.gnu.linkonce.r.*)
 *(.rel.data .rel.data.* .rel.gnu.linkonce.d.*)
 *(.rela.data .rela.data.* .rela.gnu.linkonce.d.*)
 *(.rel.tdata .rel.tdata.* .rel.gnu.linkonce.td.*)
 *(.rela.tdata .rela.tdata.* .rela.gnu.linkonce.td.*)
 *(.rel.tbss .rel.tbss.* .rel.gnu.linkonce.tb.*)
 *(.rela.tbss .rela.tbss.* .rela.gnu.linkonce.tb.*)
 *(.rel.ctors)
 *(.rela.ctors)
 *(.rel.dtors)
 *(.rela.dtors)
 *(.rel.got)
 *(.rela.got)
 *(.rel.sdata .rel.sdata.* .rel.gnu.linkonce.s.*)
 *(.rela.sdata .rela.sdata.* .rela.gnu.linkonce.s.*)
 *(.rel.sbss .rel.sbss.* .rel.gnu.linkonce.sb.*)
 *(.rela.sbss .rela.sbss.* .rela.gnu.linkonce.sb.*)
 *(.rel.sdata2 .rel.sdata2.* .rel.gnu.linkonce.s2.*)
 *(.rela.sdata2 .rela.sdata2.* .rela.gnu.linkonce.s2.*)
 *(.rel.sbss2 .rel.sbss2.* .rel.gnu.linkonce.sb2.*)
 *(.rela.sbss2 .rela.sbss2.* .rela.gnu.linkonce.sb2.*)
 *(.rel.bss .rel.bss.* .rel.gnu.linkonce.b.*)
 *(.rela.bss .rela.bss.* .rela.gnu.linkonce.b.*)
 *(.rel.plt)
 *(.rela.plt)
 *(.rel.dyn)
 *(.init)
 *(.plt)
 *(.text .stub .text.* .gnu.linkonce.t.*)
 .text          0x028001b4       0x3c ../1223_bsp//obj/HAL/src/crt0.o
                0x028001b4                _start
 .text          0x028001f0      0xa98 obj/default/count_binary.o
                0x028001f0                star_display
                0x0280034c                DoEnablePIOInterrupt
                0x028003d4                DoDisablePIOInterrupt
                0x0280042c                PIOISRInitial
                0x028004bc                PIOISR
                0x02800504                main
                0x028005e0                location1
                0x02800b9c                he0
 .text          0x02800c88       0x78 f:/quatus/nios2eds/bin/gnu/h-i686-mingw32/bin/../lib/gcc/nios2-elf/4.1.2/../../../../nios2-elf/lib/mno-hw-mul\libc.a(lib_a-printf.o)
                0x02800c88                printf
                0x02800ccc                _printf_r
 .text          0x02800d00       0xb4 f:/quatus/nios2eds/bin/gnu/h-i686-mingw32/bin/../lib/gcc/nios2-elf/4.1.2/../../../../nios2-elf/lib/mno-hw-mul\libc.a(lib_a-puts.o)
                0x02800d00                _puts_r
                0x02800da0                puts
 .text          0x02800db4       0x94 f:/quatus/nios2eds/bin/gnu/h-i686-mingw32/bin/../lib/gcc/nios2-elf/4.1.2/../../../../nios2-elf/lib/mno-hw-mul\libc.a(lib_a-rand.o)
                0x02800db4                srand
                0x02800dd0                rand
 .text          0x02800e48       0x74 f:/quatus/nios2eds/bin/gnu/h-i686-mingw32/bin/../lib/gcc/nios2-elf/4.1.2/../../../../nios2-elf/lib/mno-hw-mul\libc.a(lib_a-strlen.o)
                0x02800e48                strlen
 .text          0x02800ebc       0x5c f:/quatus/nios2eds/bin/gnu/h-i686-mingw32/bin/../lib/gcc/nios2-elf/4.1.2/../../../../nios2-elf/lib/mno-hw-mul\libc.a(lib_a-time.o)
                0x02800ebc                time
 .text          0x02800f18     0x1f40 f:/quatus/nios2eds/bin/gnu/h-i686-mingw32/bin/../lib/gcc/nios2-elf/4.1.2/../../../../nios2-elf/lib/mno-hw-mul\libc.a(lib_a-vfprintf.o)
                0x02800f70                ___vfprintf_internal_r
                0x02802e34                __vfprintf_internal
 .text          0x02802e58      0x13c f:/quatus/nios2eds/bin/gnu/h-i686-mingw32/bin/../lib/gcc/nios2-elf/4.1.2/../../../../nios2-elf/lib/mno-hw-mul\libc.a(lib_a-wsetup.o)
                0x02802e58                __swsetup_r
 .text          0x02802f94     0x17f8 f:/quatus/nios2eds/bin/gnu/h-i686-mingw32/bin/../lib/gcc/nios2-elf/4.1.2/../../../../nios2-elf/lib/mno-hw-mul\libc.a(lib_a-dtoa.o)
                0x028031d8                _dtoa_r
 .text          0x0280478c      0x230 f:/quatus/nios2eds/bin/gnu/h-i686-mingw32/bin/../lib/gcc/nios2-elf/4.1.2/../../../../nios2-elf/lib/mno-hw-mul\libc.a(lib_a-fflush.o)
                0x0280478c                _fflush_r
                0x02804988                fflush
 .text          0x028049bc      0x2f4 f:/quatus/nios2eds/bin/gnu/h-i686-mingw32/bin/../lib/gcc/nios2-elf/4.1.2/../../../../nios2-elf/lib/mno-hw-mul\libc.a(lib_a-findfp.o)
                0x02804a14                __sfp_lock_acquire
                0x02804a18                __sfp_lock_release
                0x02804a1c                __sinit_lock_acquire
                0x02804a20                __sinit_lock_release
                0x02804a24                __sinit
                0x02804ad8                __fp_unlock_all
                0x02804af0                __fp_lock_all
                0x02804b08                _cleanup_r
                0x02804b14                _cleanup
                0x02804b24                __sfmoreglue
                0x02804bc0                __sfp
 .text          0x02804cb0      0x440 f:/quatus/nios2eds/bin/gnu/h-i686-mingw32/bin/../lib/gcc/nios2-elf/4.1.2/../../../../nios2-elf/lib/mno-hw-mul\libc.a(lib_a-freer.o)
                0x02804cb0                _malloc_trim_r
                0x02804ddc                _free_r
 .text          0x028050f0      0x49c f:/quatus/nios2eds/bin/gnu/h-i686-mingw32/bin/../lib/gcc/nios2-elf/4.1.2/../../../../nios2-elf/lib/mno-hw-mul\libc.a(lib_a-fvwrite.o)
                0x028050f0                __sfvwrite_r
 .text          0x0280558c      0x180 f:/quatus/nios2eds/bin/gnu/h-i686-mingw32/bin/../lib/gcc/nios2-elf/4.1.2/../../../../nios2-elf/lib/mno-hw-mul\libc.a(lib_a-fwalk.o)
                0x0280558c                _fwalk_reent
                0x02805654                _fwalk
 .text          0x0280570c       0x74 f:/quatus/nios2eds/bin/gnu/h-i686-mingw32/bin/../lib/gcc/nios2-elf/4.1.2/../../../../nios2-elf/lib/mno-hw-mul\libc.a(lib_a-gettimeofdayr.o)
                0x0280570c                _gettimeofday_r
 .text          0x02805780        0x0 f:/quatus/nios2eds/bin/gnu/h-i686-mingw32/bin/../lib/gcc/nios2-elf/4.1.2/../../../../nios2-elf/lib/mno-hw-mul\libc.a(lib_a-impure.o)
 .text          0x02805780        0x0 f:/quatus/nios2eds/bin/gnu/h-i686-mingw32/bin/../lib/gcc/nios2-elf/4.1.2/../../../../nios2-elf/lib/mno-hw-mul\libc.a(lib_a-int_errno.o)
 .text          0x02805780       0xc4 f:/quatus/nios2eds/bin/gnu/h-i686-mingw32/bin/../lib/gcc/nios2-elf/4.1.2/../../../../nios2-elf/lib/mno-hw-mul\libc.a(lib_a-locale.o)
                0x02805780                __locale_charset
                0x02805788                _localeconv_r
                0x02805794                localeconv
                0x028057a4                _setlocale_r
                0x02805828                setlocale
 .text          0x02805844      0x194 f:/quatus/nios2eds/bin/gnu/h-i686-mingw32/bin/../lib/gcc/nios2-elf/4.1.2/../../../../nios2-elf/lib/mno-hw-mul\libc.a(lib_a-makebuf.o)
                0x02805844                __smakebuf_r
 .text          0x028059d8      0x740 f:/quatus/nios2eds/bin/gnu/h-i686-mingw32/bin/../lib/gcc/nios2-elf/4.1.2/../../../../nios2-elf/lib/mno-hw-mul\libc.a(lib_a-mallocr.o)
                0x028059d8                _malloc_r
 .text          0x02806118       0xe4 f:/quatus/nios2eds/bin/gnu/h-i686-mingw32/bin/../lib/gcc/nios2-elf/4.1.2/../../../../nios2-elf/lib/mno-hw-mul\libc.a(lib_a-memchr.o)
                0x02806118                memchr
 .text          0x028061fc       0xa0 f:/quatus/nios2eds/bin/gnu/h-i686-mingw32/bin/../lib/gcc/nios2-elf/4.1.2/../../../../nios2-elf/lib/mno-hw-mul\libc.a(lib_a-memcpy.o)
                0x028061fc                memcpy
 .text          0x0280629c       0xe0 f:/quatus/nios2eds/bin/gnu/h-i686-mingw32/bin/../lib/gcc/nios2-elf/4.1.2/../../../../nios2-elf/lib/mno-hw-mul\libc.a(lib_a-memmove.o)
                0x0280629c                memmove
 .text          0x0280637c       0x98 f:/quatus/nios2eds/bin/gnu/h-i686-mingw32/bin/../lib/gcc/nios2-elf/4.1.2/../../../../nios2-elf/lib/mno-hw-mul\libc.a(lib_a-memset.o)
                0x0280637c                memset
 .text          0x02806414     0x108c f:/quatus/nios2eds/bin/gnu/h-i686-mingw32/bin/../lib/gcc/nios2-elf/4.1.2/../../../../nios2-elf/lib/mno-hw-mul\libc.a(lib_a-mprec.o)
                0x02806414                _Bfree
                0x0280643c                __hi0bits
                0x028064ac                __lo0bits
                0x02806570                __mcmp
                0x028065d0                __ulp
                0x02806650                __b2d
                0x02806770                __ratio
                0x02806820                _mprec_log10
                0x028068b4                __copybits
                0x0280690c                __any_on
                0x02806994                _Balloc
                0x02806a50                __d2b
                0x02806bcc                __mdiff
                0x02806d58                __lshift
                0x02806ea4                __multiply
                0x028070f8                __i2b
                0x02807134                __multadd
                0x02807260                __pow5mult
                0x02807380                __s2b
 .text          0x028074a0      0x5f4 f:/quatus/nios2eds/bin/gnu/h-i686-mingw32/bin/../lib/gcc/nios2-elf/4.1.2/../../../../nios2-elf/lib/mno-hw-mul\libc.a(lib_a-reallocr.o)
                0x028074a0                _realloc_r
 .text          0x02807a94       0x40 f:/quatus/nios2eds/bin/gnu/h-i686-mingw32/bin/../lib/gcc/nios2-elf/4.1.2/../../../../nios2-elf/lib/mno-hw-mul\libc.a(lib_a-s_isinfd.o)
                0x02807a94                __isinfd
 .text          0x02807ad4       0x30 f:/quatus/nios2eds/bin/gnu/h-i686-mingw32/bin/../lib/gcc/nios2-elf/4.1.2/../../../../nios2-elf/lib/mno-hw-mul\libc.a(lib_a-s_isnand.o)
                0x02807ad4                __isnand
 .text          0x02807b04       0x70 f:/quatus/nios2eds/bin/gnu/h-i686-mingw32/bin/../lib/gcc/nios2-elf/4.1.2/../../../../nios2-elf/lib/mno-hw-mul\libc.a(lib_a-sbrkr.o)
                0x02807b04                _sbrk_r
 .text          0x02807b74      0x14c f:/quatus/nios2eds/bin/gnu/h-i686-mingw32/bin/../lib/gcc/nios2-elf/4.1.2/../../../../nios2-elf/lib/mno-hw-mul\libc.a(lib_a-stdio.o)
                0x02807b74                __sclose
                0x02807b7c                __sseek
                0x02807be4                __swrite
                0x02807c60                __sread
 .text          0x02807cc0       0xbc f:/quatus/nios2eds/bin/gnu/h-i686-mingw32/bin/../lib/gcc/nios2-elf/4.1.2/../../../../nios2-elf/lib/mno-hw-mul\libc.a(lib_a-strcmp.o)
                0x02807cc0                strcmp
 .text          0x02807d7c       0x78 f:/quatus/nios2eds/bin/gnu/h-i686-mingw32/bin/../lib/gcc/nios2-elf/4.1.2/../../../../nios2-elf/lib/mno-hw-mul\libc.a(lib_a-writer.o)
                0x02807d7c                _write_r
 .text          0x02807df4       0xc8 f:/quatus/nios2eds/bin/gnu/h-i686-mingw32/bin/../lib/gcc/nios2-elf/4.1.2/../../../../nios2-elf/lib/mno-hw-mul\libc.a(lib_a-callocr.o)
                0x02807df4                _calloc_r
 .text          0x02807ebc       0x70 f:/quatus/nios2eds/bin/gnu/h-i686-mingw32/bin/../lib/gcc/nios2-elf/4.1.2/../../../../nios2-elf/lib/mno-hw-mul\libc.a(lib_a-closer.o)
                0x02807ebc                _close_r
 .text          0x02807f2c      0x124 f:/quatus/nios2eds/bin/gnu/h-i686-mingw32/bin/../lib/gcc/nios2-elf/4.1.2/../../../../nios2-elf/lib/mno-hw-mul\libc.a(lib_a-fclose.o)
                0x02807f2c                _fclose_r
                0x0280803c                fclose
 .text          0x02808050       0x74 f:/quatus/nios2eds/bin/gnu/h-i686-mingw32/bin/../lib/gcc/nios2-elf/4.1.2/../../../../nios2-elf/lib/mno-hw-mul\libc.a(lib_a-fstatr.o)
                0x02808050                _fstat_r
 .text          0x028080c4       0x70 f:/quatus/nios2eds/bin/gnu/h-i686-mingw32/bin/../lib/gcc/nios2-elf/4.1.2/../../../../nios2-elf/lib/mno-hw-mul\libc.a(lib_a-isattyr.o)
                0x028080c4                _isatty_r
 .text          0x02808134       0x78 f:/quatus/nios2eds/bin/gnu/h-i686-mingw32/bin/../lib/gcc/nios2-elf/4.1.2/../../../../nios2-elf/lib/mno-hw-mul\libc.a(lib_a-lseekr.o)
                0x02808134                _lseek_r
 .text          0x028081ac       0x78 f:/quatus/nios2eds/bin/gnu/h-i686-mingw32/bin/../lib/gcc/nios2-elf/4.1.2/../../../../nios2-elf/lib/mno-hw-mul\libc.a(lib_a-readr.o)
                0x028081ac                _read_r
 .text          0x02808224      0x124 f:/quatus/nios2eds/bin/gnu/h-i686-mingw32/bin/../lib/gcc/nios2-elf/4.1.2/mno-hw-mul\libgcc.a(_muldi3.o)
                0x02808224                __muldi3
 .text          0x02808348      0x66c f:/quatus/nios2eds/bin/gnu/h-i686-mingw32/bin/../lib/gcc/nios2-elf/4.1.2/mno-hw-mul\libgcc.a(_udivdi3.o)
                0x02808348                __udivdi3
 .text          0x028089b4      0x660 f:/quatus/nios2eds/bin/gnu/h-i686-mingw32/bin/../lib/gcc/nios2-elf/4.1.2/mno-hw-mul\libgcc.a(_umoddi3.o)
                0x028089b4                __umoddi3
 .text          0x02809014      0x504 f:/quatus/nios2eds/bin/gnu/h-i686-mingw32/bin/../lib/gcc/nios2-elf/4.1.2/mno-hw-mul\libgcc.a(_addsub_df.o)
                0x02809424                __subdf3
                0x028094a4                __adddf3
 .text          0x02809518      0x3c4 f:/quatus/nios2eds/bin/gnu/h-i686-mingw32/bin/../lib/gcc/nios2-elf/4.1.2/mno-hw-mul\libgcc.a(_mul_df.o)
                0x02809518                __muldf3
 .text          0x028098dc      0x258 f:/quatus/nios2eds/bin/gnu/h-i686-mingw32/bin/../lib/gcc/nios2-elf/4.1.2/mno-hw-mul\libgcc.a(_div_df.o)
                0x028098dc                __divdf3
 .text          0x02809b34       0x88 f:/quatus/nios2eds/bin/gnu/h-i686-mingw32/bin/../lib/gcc/nios2-elf/4.1.2/mno-hw-mul\libgcc.a(_eq_df.o)
                0x02809b34                __eqdf2
 .text          0x02809bbc       0x88 f:/quatus/nios2eds/bin/gnu/h-i686-mingw32/bin/../lib/gcc/nios2-elf/4.1.2/mno-hw-mul\libgcc.a(_ne_df.o)
                0x02809bbc                __nedf2
 .text          0x02809c44       0x88 f:/quatus/nios2eds/bin/gnu/h-i686-mingw32/bin/../lib/gcc/nios2-elf/4.1.2/mno-hw-mul\libgcc.a(_gt_df.o)
                0x02809c44                __gtdf2
 .text          0x02809ccc       0x88 f:/quatus/nios2eds/bin/gnu/h-i686-mingw32/bin/../lib/gcc/nios2-elf/4.1.2/mno-hw-mul\libgcc.a(_ge_df.o)
                0x02809ccc                __gedf2
 .text          0x02809d54       0x88 f:/quatus/nios2eds/bin/gnu/h-i686-mingw32/bin/../lib/gcc/nios2-elf/4.1.2/mno-hw-mul\libgcc.a(_lt_df.o)
                0x02809d54                __ltdf2
 .text          0x02809ddc       0xf8 f:/quatus/nios2eds/bin/gnu/h-i686-mingw32/bin/../lib/gcc/nios2-elf/4.1.2/mno-hw-mul\libgcc.a(_si_to_df.o)
                0x02809ddc                __floatsidf
 .text          0x02809ed4       0xd8 f:/quatus/nios2eds/bin/gnu/h-i686-mingw32/bin/../lib/gcc/nios2-elf/4.1.2/mno-hw-mul\libgcc.a(_df_to_si.o)
                0x02809ed4                __fixdfsi
 .text          0x02809fac        0x0 f:/quatus/nios2eds/bin/gnu/h-i686-mingw32/bin/../lib/gcc/nios2-elf/4.1.2/mno-hw-mul\libgcc.a(_thenan_df.o)
 .text          0x02809fac      0x194 f:/quatus/nios2eds/bin/gnu/h-i686-mingw32/bin/../lib/gcc/nios2-elf/4.1.2/mno-hw-mul\libgcc.a(_usi_to_df.o)
                0x02809fac                __floatunsidf
 .text          0x0280a140      0x14c f:/quatus/nios2eds/bin/gnu/h-i686-mingw32/bin/../lib/gcc/nios2-elf/4.1.2/mno-hw-mul\libgcc.a(lib2-divmod.o)
                0x0280a1bc                __divsi3
                0x0280a21c                __modsi3
                0x0280a27c                __udivsi3
                0x0280a284                __umodsi3
 .text          0x0280a28c       0x38 f:/quatus/nios2eds/bin/gnu/h-i686-mingw32/bin/../lib/gcc/nios2-elf/4.1.2/mno-hw-mul\libgcc.a(lib2-mul.o)
                0x0280a28c                __mulsi3
 .text          0x0280a2c4        0x0 f:/quatus/nios2eds/bin/gnu/h-i686-mingw32/bin/../lib/gcc/nios2-elf/4.1.2/mno-hw-mul\libgcc.a(_clz.o)
 .text          0x0280a2c4       0x80 f:/quatus/nios2eds/bin/gnu/h-i686-mingw32/bin/../lib/gcc/nios2-elf/4.1.2/mno-hw-mul\libgcc.a(_clzsi2.o)
                0x0280a2c4                __clzsi2
 .text          0x0280a344      0x314 f:/quatus/nios2eds/bin/gnu/h-i686-mingw32/bin/../lib/gcc/nios2-elf/4.1.2/mno-hw-mul\libgcc.a(_pack_df.o)
                0x0280a344                __pack_d
 .text          0x0280a658      0x138 f:/quatus/nios2eds/bin/gnu/h-i686-mingw32/bin/../lib/gcc/nios2-elf/4.1.2/mno-hw-mul\libgcc.a(_unpack_df.o)
                0x0280a658                __unpack_d
 .text          0x0280a790       0xc8 f:/quatus/nios2eds/bin/gnu/h-i686-mingw32/bin/../lib/gcc/nios2-elf/4.1.2/mno-hw-mul\libgcc.a(_fpcmp_parts_df.o)
                0x0280a790                __fpcmp_parts_d
 .text          0x0280a858      0x160 ../1223_bsp/\libhal_bsp.a(alt_close.o)
                0x0280a858                close
 .text          0x0280a9b8       0x2c ../1223_bsp/\libhal_bsp.a(alt_dev.o)
 .text          0x0280a9e4        0x0 ../1223_bsp/\libhal_bsp.a(alt_errno.o)
 .text          0x0280a9e4      0x138 ../1223_bsp/\libhal_bsp.a(alt_fstat.o)
                0x0280a9e4                fstat
 .text          0x0280ab1c      0x21c ../1223_bsp/\libhal_bsp.a(alt_gettod.o)
                0x0280ab1c                gettimeofday
 .text          0x0280ad38      0x1c0 ../1223_bsp/\libhal_bsp.a(alt_irq_register.o)
                0x0280ad38                alt_irq_register
 .text          0x0280aef8        0x0 ../1223_bsp/\libhal_bsp.a(alt_irq_vars.o)
 .text          0x0280aef8      0x124 ../1223_bsp/\libhal_bsp.a(alt_isatty.o)
                0x0280aef8                isatty
 .text          0x0280b01c       0xec ../1223_bsp/\libhal_bsp.a(alt_load.o)
                0x0280b01c                alt_load
 .text          0x0280b108      0x154 ../1223_bsp/\libhal_bsp.a(alt_lseek.o)
                0x0280b108                lseek
 .text          0x0280b25c       0x6c ../1223_bsp/\libhal_bsp.a(alt_main.o)
                0x0280b25c                alt_main
 .text          0x0280b2c8       0x40 ../1223_bsp/\libhal_bsp.a(alt_malloc_lock.o)
                0x0280b2c8                __malloc_lock
                0x0280b2e8                __malloc_unlock
 .text          0x0280b308      0x184 ../1223_bsp/\libhal_bsp.a(alt_read.o)
                0x0280b308                read
 .text          0x0280b48c       0x78 ../1223_bsp/\libhal_bsp.a(alt_release_fd.o)
                0x0280b48c                alt_release_fd
 .text          0x0280b504       0xbc ../1223_bsp/\libhal_bsp.a(alt_sbrk.o)
                0x0280b504                sbrk
 .text          0x0280b5c0      0x1a4 ../1223_bsp/\libhal_bsp.a(alt_tick.o)
                0x0280b5c0                alt_alarm_stop
                0x0280b658                alt_tick
 .text          0x0280b764       0x30 ../1223_bsp/\libhal_bsp.a(alt_usleep.o)
                0x0280b764                usleep
 .text          0x0280b794      0x184 ../1223_bsp/\libhal_bsp.a(alt_write.o)
                0x0280b794                write
 .text          0x0280b918       0xd4 ../1223_bsp/\libhal_bsp.a(alt_sys_init.o)
                0x0280b918                alt_irq_init
                0x0280b94c                alt_sys_init
 .text          0x0280b9ec      0xcac ../1223_bsp/\libhal_bsp.a(altera_avalon_dma.o)
                0x0280b9ec                alt_avalon_dma_launch_bidir
                0x0280c000                alt_avalon_dma_tx_ioctl
                0x0280c044                alt_avalon_dma_rx_ioctl
                0x0280c088                alt_avalon_dma_prepare
                0x0280c1dc                alt_avalon_dma_space
                0x0280c25c                alt_avalon_dma_send
                0x0280c578                alt_avalon_dma_init
 .text          0x0280c698      0x148 ../1223_bsp/\libhal_bsp.a(altera_avalon_jtag_uart_fd.o)
                0x0280c698                altera_avalon_jtag_uart_read_fd
                0x0280c6f0                altera_avalon_jtag_uart_write_fd
                0x0280c748                altera_avalon_jtag_uart_close_fd
                0x0280c790                altera_avalon_jtag_uart_ioctl_fd
 .text          0x0280c7e0      0x40c ../1223_bsp/\libhal_bsp.a(altera_avalon_jtag_uart_init.o)
                0x0280c7e0                altera_avalon_jtag_uart_init
                0x0280cb78                altera_avalon_jtag_uart_close
 .text          0x0280cbec       0xf4 ../1223_bsp/\libhal_bsp.a(altera_avalon_jtag_uart_ioctl.o)
                0x0280cbec                altera_avalon_jtag_uart_ioctl
 .text          0x0280cce0      0x224 ../1223_bsp/\libhal_bsp.a(altera_avalon_jtag_uart_read.o)
                0x0280cce0                altera_avalon_jtag_uart_read
 .text          0x0280cf04      0x240 ../1223_bsp/\libhal_bsp.a(altera_avalon_jtag_uart_write.o)
                0x0280cf04                altera_avalon_jtag_uart_write
 .text          0x0280d144      0x154 ../1223_bsp/\libhal_bsp.a(alt_alarm_start.o)
                0x0280d144                alt_alarm_start
 .text          0x0280d298      0x15c ../1223_bsp/\libhal_bsp.a(alt_busy_sleep.o)
                0x0280d298                alt_busy_sleep
 .text          0x0280d3f4       0x1c ../1223_bsp/\libhal_bsp.a(alt_dcache_flush_all.o)
                0x0280d3f4                alt_dcache_flush_all
 .text          0x0280d410      0x114 ../1223_bsp/\libhal_bsp.a(alt_dev_llist_insert.o)
                0x0280d410                alt_dev_llist_insert
 .text          0x0280d524       0xb8 ../1223_bsp/\libhal_bsp.a(alt_dma_rxchan_open.o)
                0x0280d524                alt_dma_rxchan_open
 .text          0x0280d5dc       0xb8 ../1223_bsp/\libhal_bsp.a(alt_dma_txchan_open.o)
                0x0280d5dc                alt_dma_txchan_open
 .text          0x0280d694       0x64 ../1223_bsp/\libhal_bsp.a(alt_do_ctors.o)
                0x0280d694                _do_ctors
 .text          0x0280d6f8       0x64 ../1223_bsp/\libhal_bsp.a(alt_do_dtors.o)
                0x0280d6f8                _do_dtors
 .text          0x0280d75c       0x94 ../1223_bsp/\libhal_bsp.a(alt_find_dev.o)
                0x0280d75c                alt_find_dev
 .text          0x0280d7f0       0x1c ../1223_bsp/\libhal_bsp.a(alt_icache_flush_all.o)
                0x0280d7f0                alt_icache_flush_all
 .text          0x0280d80c      0x1d4 ../1223_bsp/\libhal_bsp.a(alt_iic.o)
                0x0280d80c                alt_ic_isr_register
                0x0280d85c                alt_ic_irq_enable
                0x0280d8f8                alt_ic_irq_disable
                0x0280d998                alt_ic_irq_enabled
 .text          0x0280d9e0       0xf8 ../1223_bsp/\libhal_bsp.a(alt_iic_isr_register.o)
                0x0280d9e0                alt_iic_isr_register
 .text          0x0280dad8      0x150 ../1223_bsp/\libhal_bsp.a(alt_io_redirect.o)
                0x0280dbb0                alt_io_redirect
 .text          0x0280dc28        0x0 ../1223_bsp/\libhal_bsp.a(alt_irq_entry.o)
 .text          0x0280dc28        0x0 ../1223_bsp/\libhal_bsp.a(alt_irq_handler.o)
 .text          0x0280dc28      0x2e4 ../1223_bsp/\libhal_bsp.a(alt_open.o)
                0x0280dd20                open
 .text          0x0280df0c       0x20 ../1223_bsp/\libhal_bsp.a(altera_nios2_qsys_irq.o)
                0x0280df0c                altera_nios2_qsys_irq_init
 .text          0x0280df2c        0x0 ../1223_bsp/\libhal_bsp.a(alt_exception_entry.o)
 .text          0x0280df2c      0x120 ../1223_bsp/\libhal_bsp.a(alt_find_file.o)
                0x0280df2c                alt_find_file
 .text          0x0280e04c       0xd0 ../1223_bsp/\libhal_bsp.a(alt_get_fd.o)
                0x0280e04c                alt_get_fd
 .text          0x0280e11c       0x14 f:/quatus/nios2eds/bin/gnu/h-i686-mingw32/bin/../lib/gcc/nios2-elf/4.1.2/../../../../nios2-elf/lib/mno-hw-mul\libc.a(lib_a-atexit.o)
                0x0280e11c                atexit
 .text          0x0280e130       0x38 f:/quatus/nios2eds/bin/gnu/h-i686-mingw32/bin/../lib/gcc/nios2-elf/4.1.2/../../../../nios2-elf/lib/mno-hw-mul\libc.a(lib_a-exit.o)
                0x0280e130                exit
 .text          0x0280e168       0x74 f:/quatus/nios2eds/bin/gnu/h-i686-mingw32/bin/../lib/gcc/nios2-elf/4.1.2/../../../../nios2-elf/lib/mno-hw-mul\libc.a(lib_a-memcmp.o)
                0x0280e168                memcmp
 .text          0x0280e1dc      0x134 f:/quatus/nios2eds/bin/gnu/h-i686-mingw32/bin/../lib/gcc/nios2-elf/4.1.2/../../../../nios2-elf/lib/mno-hw-mul\libc.a(lib_a-__atexit.o)
                0x0280e1dc                __register_exitproc
 .text          0x0280e310      0x1b4 f:/quatus/nios2eds/bin/gnu/h-i686-mingw32/bin/../lib/gcc/nios2-elf/4.1.2/../../../../nios2-elf/lib/mno-hw-mul\libc.a(lib_a-__call_atexit.o)
                0x0280e314                __call_exitprocs
 .text          0x0280e4c4       0x60 ../1223_bsp/\libhal_bsp.a(alt_exit.o)
                0x0280e504                _exit
 *(.gnu.warning.*)
 *(.fini)
                0x0280e524                PROVIDE (__etext, ABSOLUTE (.))
                0x0280e524                PROVIDE (_etext, ABSOLUTE (.))
                0x0280e524                PROVIDE (etext, ABSOLUTE (.))
 *(.eh_frame_hdr)
                0x0280e524                . = ALIGN (0x4)
                0x0280e524                PROVIDE (__preinit_array_start, ABSOLUTE (.))
 *(.preinit_array)
                0x0280e524                PROVIDE (__preinit_array_end, ABSOLUTE (.))
                0x0280e524                PROVIDE (__init_array_start, ABSOLUTE (.))
 *(.init_array)
                0x0280e524                PROVIDE (__init_array_end, ABSOLUTE (.))
                0x0280e524                PROVIDE (__fini_array_start, ABSOLUTE (.))
 *(.fini_array)
                0x0280e524                PROVIDE (__fini_array_end, ABSOLUTE (.))
 *(.eh_frame)
 *(.gcc_except_table)
 *(.dynamic)
                0x0280e524                PROVIDE (__CTOR_LIST__, ABSOLUTE (.))
 *(.ctors)
 *(SORT(.ctors.*))
 .ctors.65535   0x0280e524        0x4 f:/quatus/nios2eds/bin/gnu/h-i686-mingw32/bin/../lib/gcc/nios2-elf/4.1.2/../../../../nios2-elf/lib/mno-hw-mul\libc.a(lib_a-__call_atexit.o)
                0x0280e528                PROVIDE (__CTOR_END__, ABSOLUTE (.))
                0x0280e528                PROVIDE (__DTOR_LIST__, ABSOLUTE (.))
 *(.dtors)
 *(SORT(.dtors.*))
                0x0280e528                PROVIDE (__DTOR_END__, ABSOLUTE (.))
 *(.jcr)
                0x0280e528                . = ALIGN (0x4)

.rodata         0x0280e528      0x454
                0x0280e528                PROVIDE (__ram_rodata_start, ABSOLUTE (.))
                0x0280e528                . = ALIGN (0x4)
 *(.rodata .rodata.* .gnu.linkonce.r.*)
 .rodata        0x0280e528      0x10c obj/default/count_binary.o
 .rodata.str1.4
                0x0280e634        0x2 f:/quatus/nios2eds/bin/gnu/h-i686-mingw32/bin/../lib/gcc/nios2-elf/4.1.2/../../../../nios2-elf/lib/mno-hw-mul\libc.a(lib_a-puts.o)
                                  0x4 (size before relaxing)
 *fill*         0x0280e636        0x2 00
 .rodata.str1.4
                0x0280e638       0x5e f:/quatus/nios2eds/bin/gnu/h-i686-mingw32/bin/../lib/gcc/nios2-elf/4.1.2/../../../../nios2-elf/lib/mno-hw-mul\libc.a(lib_a-vfprintf.o)
                                 0x60 (size before relaxing)
 .rodata        0x0280e696       0x20 f:/quatus/nios2eds/bin/gnu/h-i686-mingw32/bin/../lib/gcc/nios2-elf/4.1.2/../../../../nios2-elf/lib/mno-hw-mul\libc.a(lib_a-vfprintf.o)
 *fill*         0x0280e6b6        0x2 00
 .rodata.str1.4
                0x0280e6b8       0x10 f:/quatus/nios2eds/bin/gnu/h-i686-mingw32/bin/../lib/gcc/nios2-elf/4.1.2/../../../../nios2-elf/lib/mno-hw-mul\libc.a(lib_a-dtoa.o)
                                 0x14 (size before relaxing)
 .rodata.str1.4
                0x0280e6c8        0x2 f:/quatus/nios2eds/bin/gnu/h-i686-mingw32/bin/../lib/gcc/nios2-elf/4.1.2/../../../../nios2-elf/lib/mno-hw-mul\libc.a(lib_a-impure.o)
                                  0x4 (size before relaxing)
 *fill*         0x0280e6ca        0x2 00
 .rodata.str1.4
                0x0280e6cc       0x10 f:/quatus/nios2eds/bin/gnu/h-i686-mingw32/bin/../lib/gcc/nios2-elf/4.1.2/../../../../nios2-elf/lib/mno-hw-mul\libc.a(lib_a-locale.o)
                                 0x18 (size before relaxing)
 .rodata        0x0280e6dc       0x30 f:/quatus/nios2eds/bin/gnu/h-i686-mingw32/bin/../lib/gcc/nios2-elf/4.1.2/../../../../nios2-elf/lib/mno-hw-mul\libc.a(lib_a-locale.o)
 .rodata        0x0280e70c      0x124 f:/quatus/nios2eds/bin/gnu/h-i686-mingw32/bin/../lib/gcc/nios2-elf/4.1.2/../../../../nios2-elf/lib/mno-hw-mul\libc.a(lib_a-mprec.o)
                0x0280e70c                __mprec_tens
                0x0280e7d4                __mprec_bigtens
                0x0280e7fc                __mprec_tinytens
 .rodata        0x0280e830       0x14 f:/quatus/nios2eds/bin/gnu/h-i686-mingw32/bin/../lib/gcc/nios2-elf/4.1.2/mno-hw-mul\libgcc.a(_thenan_df.o)
                0x0280e830                __thenan_df
 .rodata        0x0280e844      0x100 f:/quatus/nios2eds/bin/gnu/h-i686-mingw32/bin/../lib/gcc/nios2-elf/4.1.2/mno-hw-mul\libgcc.a(_clz.o)
                0x0280e844                __clz_tab
 .rodata        0x0280e944        0xc ../1223_bsp/\libhal_bsp.a(alt_dev.o)
 .rodata        0x0280e950       0x10 ../1223_bsp/\libhal_bsp.a(alt_main.o)
 .rodata        0x0280e960       0x1c ../1223_bsp/\libhal_bsp.a(alt_sys_init.o)
 *(.rodata1)
                0x0280e97c                . = ALIGN (0x4)
                0x0280e97c                PROVIDE (__ram_rodata_end, ABSOLUTE (.))
                0x0280e528                PROVIDE (__flash_rodata_start, LOADADDR (.rodata))

.rwdata         0x0280e97c     0x20f4 load address 0x02810a70
                0x0280e97c                PROVIDE (__ram_rwdata_start, ABSOLUTE (.))
                0x0280e97c                . = ALIGN (0x4)
 *(.got.plt)
 *(.got)
 *(.data1)
 *(.data .data.* .gnu.linkonce.d.*)
 .data          0x0280e97c        0x0 ../1223_bsp//obj/HAL/src/crt0.o
 .data          0x0280e97c      0x5ac obj/default/count_binary.o
                0x0280e97c                maze1
                0x0280eb60                maze2
                0x0280ed44                maze3
 .data          0x0280ef28        0x0 f:/quatus/nios2eds/bin/gnu/h-i686-mingw32/bin/../lib/gcc/nios2-elf/4.1.2/../../../../nios2-elf/lib/mno-hw-mul\libc.a(lib_a-printf.o)
 .data          0x0280ef28        0x0 f:/quatus/nios2eds/bin/gnu/h-i686-mingw32/bin/../lib/gcc/nios2-elf/4.1.2/../../../../nios2-elf/lib/mno-hw-mul\libc.a(lib_a-puts.o)
 .data          0x0280ef28        0x0 f:/quatus/nios2eds/bin/gnu/h-i686-mingw32/bin/../lib/gcc/nios2-elf/4.1.2/../../../../nios2-elf/lib/mno-hw-mul\libc.a(lib_a-rand.o)
 .data          0x0280ef28        0x0 f:/quatus/nios2eds/bin/gnu/h-i686-mingw32/bin/../lib/gcc/nios2-elf/4.1.2/../../../../nios2-elf/lib/mno-hw-mul\libc.a(lib_a-strlen.o)
 .data          0x0280ef28        0x0 f:/quatus/nios2eds/bin/gnu/h-i686-mingw32/bin/../lib/gcc/nios2-elf/4.1.2/../../../../nios2-elf/lib/mno-hw-mul\libc.a(lib_a-time.o)
 .data          0x0280ef28        0x0 f:/quatus/nios2eds/bin/gnu/h-i686-mingw32/bin/../lib/gcc/nios2-elf/4.1.2/../../../../nios2-elf/lib/mno-hw-mul\libc.a(lib_a-vfprintf.o)
 .data          0x0280ef28        0x0 f:/quatus/nios2eds/bin/gnu/h-i686-mingw32/bin/../lib/gcc/nios2-elf/4.1.2/../../../../nios2-elf/lib/mno-hw-mul\libc.a(lib_a-wsetup.o)
 .data          0x0280ef28        0x0 f:/quatus/nios2eds/bin/gnu/h-i686-mingw32/bin/../lib/gcc/nios2-elf/4.1.2/../../../../nios2-elf/lib/mno-hw-mul\libc.a(lib_a-dtoa.o)
 .data          0x0280ef28        0x0 f:/quatus/nios2eds/bin/gnu/h-i686-mingw32/bin/../lib/gcc/nios2-elf/4.1.2/../../../../nios2-elf/lib/mno-hw-mul\libc.a(lib_a-fflush.o)
 .data          0x0280ef28        0x0 f:/quatus/nios2eds/bin/gnu/h-i686-mingw32/bin/../lib/gcc/nios2-elf/4.1.2/../../../../nios2-elf/lib/mno-hw-mul\libc.a(lib_a-findfp.o)
 .data          0x0280ef28        0x0 f:/quatus/nios2eds/bin/gnu/h-i686-mingw32/bin/../lib/gcc/nios2-elf/4.1.2/../../../../nios2-elf/lib/mno-hw-mul\libc.a(lib_a-freer.o)
 .data          0x0280ef28        0x0 f:/quatus/nios2eds/bin/gnu/h-i686-mingw32/bin/../lib/gcc/nios2-elf/4.1.2/../../../../nios2-elf/lib/mno-hw-mul\libc.a(lib_a-fvwrite.o)
 .data          0x0280ef28        0x0 f:/quatus/nios2eds/bin/gnu/h-i686-mingw32/bin/../lib/gcc/nios2-elf/4.1.2/../../../../nios2-elf/lib/mno-hw-mul\libc.a(lib_a-fwalk.o)
 .data          0x0280ef28        0x0 f:/quatus/nios2eds/bin/gnu/h-i686-mingw32/bin/../lib/gcc/nios2-elf/4.1.2/../../../../nios2-elf/lib/mno-hw-mul\libc.a(lib_a-gettimeofdayr.o)
 .data          0x0280ef28      0x400 f:/quatus/nios2eds/bin/gnu/h-i686-mingw32/bin/../lib/gcc/nios2-elf/4.1.2/../../../../nios2-elf/lib/mno-hw-mul\libc.a(lib_a-impure.o)
 .data          0x0280f328        0x0 f:/quatus/nios2eds/bin/gnu/h-i686-mingw32/bin/../lib/gcc/nios2-elf/4.1.2/../../../../nios2-elf/lib/mno-hw-mul\libc.a(lib_a-int_errno.o)
 .data          0x0280f328        0xc f:/quatus/nios2eds/bin/gnu/h-i686-mingw32/bin/../lib/gcc/nios2-elf/4.1.2/../../../../nios2-elf/lib/mno-hw-mul\libc.a(lib_a-locale.o)
                0x0280f328                __lc_ctype
 .data          0x0280f334        0x0 f:/quatus/nios2eds/bin/gnu/h-i686-mingw32/bin/../lib/gcc/nios2-elf/4.1.2/../../../../nios2-elf/lib/mno-hw-mul\libc.a(lib_a-makebuf.o)
 .data          0x0280f334      0x408 f:/quatus/nios2eds/bin/gnu/h-i686-mingw32/bin/../lib/gcc/nios2-elf/4.1.2/../../../../nios2-elf/lib/mno-hw-mul\libc.a(lib_a-mallocr.o)
                0x0280f334                __malloc_av_
 .data          0x0280f73c        0x0 f:/quatus/nios2eds/bin/gnu/h-i686-mingw32/bin/../lib/gcc/nios2-elf/4.1.2/../../../../nios2-elf/lib/mno-hw-mul\libc.a(lib_a-memchr.o)
 .data          0x0280f73c        0x0 f:/quatus/nios2eds/bin/gnu/h-i686-mingw32/bin/../lib/gcc/nios2-elf/4.1.2/../../../../nios2-elf/lib/mno-hw-mul\libc.a(lib_a-memcpy.o)
 .data          0x0280f73c        0x0 f:/quatus/nios2eds/bin/gnu/h-i686-mingw32/bin/../lib/gcc/nios2-elf/4.1.2/../../../../nios2-elf/lib/mno-hw-mul\libc.a(lib_a-memmove.o)
 .data          0x0280f73c        0x0 f:/quatus/nios2eds/bin/gnu/h-i686-mingw32/bin/../lib/gcc/nios2-elf/4.1.2/../../../../nios2-elf/lib/mno-hw-mul\libc.a(lib_a-memset.o)
 .data          0x0280f73c        0x0 f:/quatus/nios2eds/bin/gnu/h-i686-mingw32/bin/../lib/gcc/nios2-elf/4.1.2/../../../../nios2-elf/lib/mno-hw-mul\libc.a(lib_a-mprec.o)
 .data          0x0280f73c        0x0 f:/quatus/nios2eds/bin/gnu/h-i686-mingw32/bin/../lib/gcc/nios2-elf/4.1.2/../../../../nios2-elf/lib/mno-hw-mul\libc.a(lib_a-reallocr.o)
 .data          0x0280f73c        0x0 f:/quatus/nios2eds/bin/gnu/h-i686-mingw32/bin/../lib/gcc/nios2-elf/4.1.2/../../../../nios2-elf/lib/mno-hw-mul\libc.a(lib_a-s_isinfd.o)
 .data          0x0280f73c        0x0 f:/quatus/nios2eds/bin/gnu/h-i686-mingw32/bin/../lib/gcc/nios2-elf/4.1.2/../../../../nios2-elf/lib/mno-hw-mul\libc.a(lib_a-s_isnand.o)
 .data          0x0280f73c        0x0 f:/quatus/nios2eds/bin/gnu/h-i686-mingw32/bin/../lib/gcc/nios2-elf/4.1.2/../../../../nios2-elf/lib/mno-hw-mul\libc.a(lib_a-sbrkr.o)
 .data          0x0280f73c        0x0 f:/quatus/nios2eds/bin/gnu/h-i686-mingw32/bin/../lib/gcc/nios2-elf/4.1.2/../../../../nios2-elf/lib/mno-hw-mul\libc.a(lib_a-stdio.o)
 .data          0x0280f73c        0x0 f:/quatus/nios2eds/bin/gnu/h-i686-mingw32/bin/../lib/gcc/nios2-elf/4.1.2/../../../../nios2-elf/lib/mno-hw-mul\libc.a(lib_a-strcmp.o)
 .data          0x0280f73c        0x0 f:/quatus/nios2eds/bin/gnu/h-i686-mingw32/bin/../lib/gcc/nios2-elf/4.1.2/../../../../nios2-elf/lib/mno-hw-mul\libc.a(lib_a-writer.o)
 .data          0x0280f73c        0x0 f:/quatus/nios2eds/bin/gnu/h-i686-mingw32/bin/../lib/gcc/nios2-elf/4.1.2/../../../../nios2-elf/lib/mno-hw-mul\libc.a(lib_a-callocr.o)
 .data          0x0280f73c        0x0 f:/quatus/nios2eds/bin/gnu/h-i686-mingw32/bin/../lib/gcc/nios2-elf/4.1.2/../../../../nios2-elf/lib/mno-hw-mul\libc.a(lib_a-closer.o)
 .data          0x0280f73c        0x0 f:/quatus/nios2eds/bin/gnu/h-i686-mingw32/bin/../lib/gcc/nios2-elf/4.1.2/../../../../nios2-elf/lib/mno-hw-mul\libc.a(lib_a-fclose.o)
 .data          0x0280f73c        0x0 f:/quatus/nios2eds/bin/gnu/h-i686-mingw32/bin/../lib/gcc/nios2-elf/4.1.2/../../../../nios2-elf/lib/mno-hw-mul\libc.a(lib_a-fstatr.o)
 .data          0x0280f73c        0x0 f:/quatus/nios2eds/bin/gnu/h-i686-mingw32/bin/../lib/gcc/nios2-elf/4.1.2/../../../../nios2-elf/lib/mno-hw-mul\libc.a(lib_a-isattyr.o)
 .data          0x0280f73c        0x0 f:/quatus/nios2eds/bin/gnu/h-i686-mingw32/bin/../lib/gcc/nios2-elf/4.1.2/../../../../nios2-elf/lib/mno-hw-mul\libc.a(lib_a-lseekr.o)
 .data          0x0280f73c        0x0 f:/quatus/nios2eds/bin/gnu/h-i686-mingw32/bin/../lib/gcc/nios2-elf/4.1.2/../../../../nios2-elf/lib/mno-hw-mul\libc.a(lib_a-readr.o)
 .data          0x0280f73c        0x0 f:/quatus/nios2eds/bin/gnu/h-i686-mingw32/bin/../lib/gcc/nios2-elf/4.1.2/mno-hw-mul\libgcc.a(_muldi3.o)
 .data          0x0280f73c        0x0 f:/quatus/nios2eds/bin/gnu/h-i686-mingw32/bin/../lib/gcc/nios2-elf/4.1.2/mno-hw-mul\libgcc.a(_udivdi3.o)
 .data          0x0280f73c        0x0 f:/quatus/nios2eds/bin/gnu/h-i686-mingw32/bin/../lib/gcc/nios2-elf/4.1.2/mno-hw-mul\libgcc.a(_umoddi3.o)
 .data          0x0280f73c        0x0 f:/quatus/nios2eds/bin/gnu/h-i686-mingw32/bin/../lib/gcc/nios2-elf/4.1.2/mno-hw-mul\libgcc.a(_addsub_df.o)
 .data          0x0280f73c        0x0 f:/quatus/nios2eds/bin/gnu/h-i686-mingw32/bin/../lib/gcc/nios2-elf/4.1.2/mno-hw-mul\libgcc.a(_mul_df.o)
 .data          0x0280f73c        0x0 f:/quatus/nios2eds/bin/gnu/h-i686-mingw32/bin/../lib/gcc/nios2-elf/4.1.2/mno-hw-mul\libgcc.a(_div_df.o)
 .data          0x0280f73c        0x0 f:/quatus/nios2eds/bin/gnu/h-i686-mingw32/bin/../lib/gcc/nios2-elf/4.1.2/mno-hw-mul\libgcc.a(_eq_df.o)
 .data          0x0280f73c        0x0 f:/quatus/nios2eds/bin/gnu/h-i686-mingw32/bin/../lib/gcc/nios2-elf/4.1.2/mno-hw-mul\libgcc.a(_ne_df.o)
 .data          0x0280f73c        0x0 f:/quatus/nios2eds/bin/gnu/h-i686-mingw32/bin/../lib/gcc/nios2-elf/4.1.2/mno-hw-mul\libgcc.a(_gt_df.o)
 .data          0x0280f73c        0x0 f:/quatus/nios2eds/bin/gnu/h-i686-mingw32/bin/../lib/gcc/nios2-elf/4.1.2/mno-hw-mul\libgcc.a(_ge_df.o)
 .data          0x0280f73c        0x0 f:/quatus/nios2eds/bin/gnu/h-i686-mingw32/bin/../lib/gcc/nios2-elf/4.1.2/mno-hw-mul\libgcc.a(_lt_df.o)
 .data          0x0280f73c        0x0 f:/quatus/nios2eds/bin/gnu/h-i686-mingw32/bin/../lib/gcc/nios2-elf/4.1.2/mno-hw-mul\libgcc.a(_si_to_df.o)
 .data          0x0280f73c        0x0 f:/quatus/nios2eds/bin/gnu/h-i686-mingw32/bin/../lib/gcc/nios2-elf/4.1.2/mno-hw-mul\libgcc.a(_df_to_si.o)
 .data          0x0280f73c        0x0 f:/quatus/nios2eds/bin/gnu/h-i686-mingw32/bin/../lib/gcc/nios2-elf/4.1.2/mno-hw-mul\libgcc.a(_thenan_df.o)
 .data          0x0280f73c        0x0 f:/quatus/nios2eds/bin/gnu/h-i686-mingw32/bin/../lib/gcc/nios2-elf/4.1.2/mno-hw-mul\libgcc.a(_usi_to_df.o)
 .data          0x0280f73c        0x0 f:/quatus/nios2eds/bin/gnu/h-i686-mingw32/bin/../lib/gcc/nios2-elf/4.1.2/mno-hw-mul\libgcc.a(lib2-divmod.o)
 .data          0x0280f73c        0x0 f:/quatus/nios2eds/bin/gnu/h-i686-mingw32/bin/../lib/gcc/nios2-elf/4.1.2/mno-hw-mul\libgcc.a(lib2-mul.o)
 .data          0x0280f73c        0x0 f:/quatus/nios2eds/bin/gnu/h-i686-mingw32/bin/../lib/gcc/nios2-elf/4.1.2/mno-hw-mul\libgcc.a(_clz.o)
 .data          0x0280f73c        0x0 f:/quatus/nios2eds/bin/gnu/h-i686-mingw32/bin/../lib/gcc/nios2-elf/4.1.2/mno-hw-mul\libgcc.a(_clzsi2.o)
 .data          0x0280f73c        0x0 f:/quatus/nios2eds/bin/gnu/h-i686-mingw32/bin/../lib/gcc/nios2-elf/4.1.2/mno-hw-mul\libgcc.a(_pack_df.o)
 .data          0x0280f73c        0x0 f:/quatus/nios2eds/bin/gnu/h-i686-mingw32/bin/../lib/gcc/nios2-elf/4.1.2/mno-hw-mul\libgcc.a(_unpack_df.o)
 .data          0x0280f73c        0x0 f:/quatus/nios2eds/bin/gnu/h-i686-mingw32/bin/../lib/gcc/nios2-elf/4.1.2/mno-hw-mul\libgcc.a(_fpcmp_parts_df.o)
 .data          0x0280f73c        0x0 ../1223_bsp/\libhal_bsp.a(alt_close.o)
 .data          0x0280f73c      0x1a8 ../1223_bsp/\libhal_bsp.a(alt_dev.o)
                0x0280f73c                alt_dev_null
                0x0280f764                alt_fd_list
 .data          0x0280f8e4        0x0 ../1223_bsp/\libhal_bsp.a(alt_errno.o)
 .data          0x0280f8e4        0x0 ../1223_bsp/\libhal_bsp.a(alt_fstat.o)
 .data          0x0280f8e4        0x0 ../1223_bsp/\libhal_bsp.a(alt_gettod.o)
 .data          0x0280f8e4        0x0 ../1223_bsp/\libhal_bsp.a(alt_irq_register.o)
 .data          0x0280f8e4        0x0 ../1223_bsp/\libhal_bsp.a(alt_irq_vars.o)
 .data          0x0280f8e4        0x0 ../1223_bsp/\libhal_bsp.a(alt_isatty.o)
 .data          0x0280f8e4        0x0 ../1223_bsp/\libhal_bsp.a(alt_load.o)
 .data          0x0280f8e4        0x0 ../1223_bsp/\libhal_bsp.a(alt_lseek.o)
 .data          0x0280f8e4        0x0 ../1223_bsp/\libhal_bsp.a(alt_main.o)
 .data          0x0280f8e4        0x0 ../1223_bsp/\libhal_bsp.a(alt_malloc_lock.o)
 .data          0x0280f8e4        0x0 ../1223_bsp/\libhal_bsp.a(alt_read.o)
 .data          0x0280f8e4        0x0 ../1223_bsp/\libhal_bsp.a(alt_release_fd.o)
 .data          0x0280f8e4        0x0 ../1223_bsp/\libhal_bsp.a(alt_sbrk.o)
 .data          0x0280f8e4        0x0 ../1223_bsp/\libhal_bsp.a(alt_tick.o)
 .data          0x0280f8e4        0x0 ../1223_bsp/\libhal_bsp.a(alt_usleep.o)
 .data          0x0280f8e4        0x0 ../1223_bsp/\libhal_bsp.a(alt_write.o)
 .data          0x0280f8e4     0x113c ../1223_bsp/\libhal_bsp.a(alt_sys_init.o)
 .data          0x02810a20        0x0 ../1223_bsp/\libhal_bsp.a(altera_avalon_dma.o)
 .data          0x02810a20        0x0 ../1223_bsp/\libhal_bsp.a(altera_avalon_jtag_uart_fd.o)
 .data          0x02810a20        0x0 ../1223_bsp/\libhal_bsp.a(altera_avalon_jtag_uart_init.o)
 .data          0x02810a20        0x0 ../1223_bsp/\libhal_bsp.a(altera_avalon_jtag_uart_ioctl.o)
 .data          0x02810a20        0x0 ../1223_bsp/\libhal_bsp.a(altera_avalon_jtag_uart_read.o)
 .data          0x02810a20        0x0 ../1223_bsp/\libhal_bsp.a(altera_avalon_jtag_uart_write.o)
 .data          0x02810a20        0x0 ../1223_bsp/\libhal_bsp.a(alt_alarm_start.o)
 .data          0x02810a20        0x0 ../1223_bsp/\libhal_bsp.a(alt_busy_sleep.o)
 .data          0x02810a20        0x0 ../1223_bsp/\libhal_bsp.a(alt_dcache_flush_all.o)
 .data          0x02810a20        0x0 ../1223_bsp/\libhal_bsp.a(alt_dev_llist_insert.o)
 .data          0x02810a20        0x0 ../1223_bsp/\libhal_bsp.a(alt_dma_rxchan_open.o)
 .data          0x02810a20        0x0 ../1223_bsp/\libhal_bsp.a(alt_dma_txchan_open.o)
 .data          0x02810a20        0x0 ../1223_bsp/\libhal_bsp.a(alt_do_ctors.o)
 .data          0x02810a20        0x0 ../1223_bsp/\libhal_bsp.a(alt_do_dtors.o)
 .data          0x02810a20        0x0 ../1223_bsp/\libhal_bsp.a(alt_find_dev.o)
 .data          0x02810a20        0x0 ../1223_bsp/\libhal_bsp.a(alt_icache_flush_all.o)
 .data          0x02810a20        0x0 ../1223_bsp/\libhal_bsp.a(alt_iic.o)
 .data          0x02810a20        0x0 ../1223_bsp/\libhal_bsp.a(alt_iic_isr_register.o)
 .data          0x02810a20        0x0 ../1223_bsp/\libhal_bsp.a(alt_io_redirect.o)
 .data          0x02810a20        0x0 ../1223_bsp/\libhal_bsp.a(alt_irq_entry.o)
 .data          0x02810a20        0x0 ../1223_bsp/\libhal_bsp.a(alt_irq_handler.o)
 .data          0x02810a20        0x0 ../1223_bsp/\libhal_bsp.a(alt_open.o)
 .data          0x02810a20        0x0 ../1223_bsp/\libhal_bsp.a(altera_nios2_qsys_irq.o)
 .data          0x02810a20        0x0 ../1223_bsp/\libhal_bsp.a(alt_exception_entry.o)
 .data          0x02810a20        0x0 ../1223_bsp/\libhal_bsp.a(alt_find_file.o)
 .data          0x02810a20        0x0 ../1223_bsp/\libhal_bsp.a(alt_get_fd.o)
 .data          0x02810a20        0x0 f:/quatus/nios2eds/bin/gnu/h-i686-mingw32/bin/../lib/gcc/nios2-elf/4.1.2/../../../../nios2-elf/lib/mno-hw-mul\libc.a(lib_a-atexit.o)
 .data          0x02810a20        0x0 f:/quatus/nios2eds/bin/gnu/h-i686-mingw32/bin/../lib/gcc/nios2-elf/4.1.2/../../../../nios2-elf/lib/mno-hw-mul\libc.a(lib_a-exit.o)
 .data          0x02810a20        0x0 f:/quatus/nios2eds/bin/gnu/h-i686-mingw32/bin/../lib/gcc/nios2-elf/4.1.2/../../../../nios2-elf/lib/mno-hw-mul\libc.a(lib_a-memcmp.o)
 .data          0x02810a20        0x0 f:/quatus/nios2eds/bin/gnu/h-i686-mingw32/bin/../lib/gcc/nios2-elf/4.1.2/../../../../nios2-elf/lib/mno-hw-mul\libc.a(lib_a-__atexit.o)
 .data          0x02810a20        0x0 f:/quatus/nios2eds/bin/gnu/h-i686-mingw32/bin/../lib/gcc/nios2-elf/4.1.2/../../../../nios2-elf/lib/mno-hw-mul\libc.a(lib_a-__call_atexit.o)
 .data          0x02810a20        0x0 ../1223_bsp/\libhal_bsp.a(alt_exit.o)
                0x02818a20                _gp = ABSOLUTE ((. + 0x8000))
                0x02818a20                PROVIDE (gp, _gp)
 *(.rwdata .rwdata.*)
 *(.sdata .sdata.* .gnu.linkonce.s.*)
 .sdata         0x02810a20        0x8 f:/quatus/nios2eds/bin/gnu/h-i686-mingw32/bin/../lib/gcc/nios2-elf/4.1.2/../../../../nios2-elf/lib/mno-hw-mul\libc.a(lib_a-impure.o)
                0x02810a20                _impure_ptr
                0x02810a24                _global_impure_ptr
 .sdata         0x02810a28        0x8 f:/quatus/nios2eds/bin/gnu/h-i686-mingw32/bin/../lib/gcc/nios2-elf/4.1.2/../../../../nios2-elf/lib/mno-hw-mul\libc.a(lib_a-locale.o)
                0x02810a28                __mb_cur_max
 .sdata         0x02810a30        0x8 f:/quatus/nios2eds/bin/gnu/h-i686-mingw32/bin/../lib/gcc/nios2-elf/4.1.2/../../../../nios2-elf/lib/mno-hw-mul\libc.a(lib_a-mallocr.o)
                0x02810a30                __malloc_trim_threshold
                0x02810a34                __malloc_sbrk_base
 .sdata         0x02810a38       0x14 ../1223_bsp/\libhal_bsp.a(alt_dev.o)
                0x02810a38                alt_fs_list
                0x02810a40                alt_dev_list
                0x02810a48                alt_max_fd
 .sdata         0x02810a4c        0x4 ../1223_bsp/\libhal_bsp.a(alt_errno.o)
                0x02810a4c                alt_errno
 .sdata         0x02810a50        0x4 ../1223_bsp/\libhal_bsp.a(alt_irq_vars.o)
                0x02810a50                alt_priority_mask
 .sdata         0x02810a54        0x4 ../1223_bsp/\libhal_bsp.a(alt_sbrk.o)
 .sdata         0x02810a58        0x8 ../1223_bsp/\libhal_bsp.a(alt_tick.o)
                0x02810a58                alt_alarm_list
 .sdata         0x02810a60        0x8 ../1223_bsp/\libhal_bsp.a(alt_dma_rxchan_open.o)
                0x02810a60                alt_dma_rxchan_list
 .sdata         0x02810a68        0x8 ../1223_bsp/\libhal_bsp.a(alt_dma_txchan_open.o)
                0x02810a68                alt_dma_txchan_list
 *(.sdata2 .sdata2.* .gnu.linkonce.s2.*)
                0x02810a70                . = ALIGN (0x4)
                0x02810a70                _edata = ABSOLUTE (.)
                0x02810a70                PROVIDE (edata, ABSOLUTE (.))
                0x02810a70                PROVIDE (__ram_rwdata_end, ABSOLUTE (.))
                0x02810a70                PROVIDE (__flash_rwdata_start, LOADADDR (.rwdata))

.bss            0x02812b64      0x324
                0x02812b64                __bss_start = ABSOLUTE (.)
                0x02812b64                PROVIDE (__sbss_start, ABSOLUTE (.))
                0x02812b64                PROVIDE (___sbss_start, ABSOLUTE (.))
 *(.dynsbss)
 *(.sbss .sbss.* .gnu.linkonce.sb.*)
 .sbss          0x02812b64        0x4 obj/default/count_binary.o
                0x02812b64                tmp
 .sbss          0x02812b68        0x4 f:/quatus/nios2eds/bin/gnu/h-i686-mingw32/bin/../lib/gcc/nios2-elf/4.1.2/../../../../nios2-elf/lib/mno-hw-mul\libc.a(lib_a-int_errno.o)
                0x02812b68                errno
 .sbss          0x02812b6c        0xc f:/quatus/nios2eds/bin/gnu/h-i686-mingw32/bin/../lib/gcc/nios2-elf/4.1.2/../../../../nios2-elf/lib/mno-hw-mul\libc.a(lib_a-locale.o)
                0x02812b6c                __nlocale_changed
                0x02812b70                __mlocale_changed
                0x02812b74                _PathLocale
 .sbss          0x02812b78        0xc f:/quatus/nios2eds/bin/gnu/h-i686-mingw32/bin/../lib/gcc/nios2-elf/4.1.2/../../../../nios2-elf/lib/mno-hw-mul\libc.a(lib_a-mallocr.o)
                0x02812b78                __malloc_top_pad
                0x02812b7c                __malloc_max_sbrked_mem
                0x02812b80                __malloc_max_total_mem
 .sbss          0x02812b84       0x10 ../1223_bsp/\libhal_bsp.a(alt_gettod.o)
                0x02812b84                alt_timezone
                0x02812b8c                alt_resettime
 .sbss          0x02812b94        0x4 ../1223_bsp/\libhal_bsp.a(alt_irq_vars.o)
                0x02812b94                alt_irq_active
 .sbss          0x02812b98        0xc ../1223_bsp/\libhal_bsp.a(alt_main.o)
                0x02812b98                alt_argc
                0x02812b9c                alt_argv
                0x02812ba0                alt_envp
 .sbss          0x02812ba4        0x8 ../1223_bsp/\libhal_bsp.a(alt_tick.o)
                0x02812ba4                _alt_tick_rate
                0x02812ba8                _alt_nticks
 *(.sbss2 .sbss2.* .gnu.linkonce.sb2.*)
 *(.scommon)
                0x02812bac                PROVIDE (__sbss_end, ABSOLUTE (.))
                0x02812bac                PROVIDE (___sbss_end, ABSOLUTE (.))
 *(.dynbss)
 *(.bss .bss.* .gnu.linkonce.b.*)
 .bss           0x02812bac        0x0 ../1223_bsp//obj/HAL/src/crt0.o
 .bss           0x02812bac        0x0 obj/default/count_binary.o
 .bss           0x02812bac        0x0 f:/quatus/nios2eds/bin/gnu/h-i686-mingw32/bin/../lib/gcc/nios2-elf/4.1.2/../../../../nios2-elf/lib/mno-hw-mul\libc.a(lib_a-printf.o)
 .bss           0x02812bac        0x0 f:/quatus/nios2eds/bin/gnu/h-i686-mingw32/bin/../lib/gcc/nios2-elf/4.1.2/../../../../nios2-elf/lib/mno-hw-mul\libc.a(lib_a-puts.o)
 .bss           0x02812bac        0x0 f:/quatus/nios2eds/bin/gnu/h-i686-mingw32/bin/../lib/gcc/nios2-elf/4.1.2/../../../../nios2-elf/lib/mno-hw-mul\libc.a(lib_a-rand.o)
 .bss           0x02812bac        0x0 f:/quatus/nios2eds/bin/gnu/h-i686-mingw32/bin/../lib/gcc/nios2-elf/4.1.2/../../../../nios2-elf/lib/mno-hw-mul\libc.a(lib_a-strlen.o)
 .bss           0x02812bac        0x0 f:/quatus/nios2eds/bin/gnu/h-i686-mingw32/bin/../lib/gcc/nios2-elf/4.1.2/../../../../nios2-elf/lib/mno-hw-mul\libc.a(lib_a-time.o)
 .bss           0x02812bac        0x0 f:/quatus/nios2eds/bin/gnu/h-i686-mingw32/bin/../lib/gcc/nios2-elf/4.1.2/../../../../nios2-elf/lib/mno-hw-mul\libc.a(lib_a-vfprintf.o)
 .bss           0x02812bac        0x0 f:/quatus/nios2eds/bin/gnu/h-i686-mingw32/bin/../lib/gcc/nios2-elf/4.1.2/../../../../nios2-elf/lib/mno-hw-mul\libc.a(lib_a-wsetup.o)
 .bss           0x02812bac        0x0 f:/quatus/nios2eds/bin/gnu/h-i686-mingw32/bin/../lib/gcc/nios2-elf/4.1.2/../../../../nios2-elf/lib/mno-hw-mul\libc.a(lib_a-dtoa.o)
 .bss           0x02812bac        0x0 f:/quatus/nios2eds/bin/gnu/h-i686-mingw32/bin/../lib/gcc/nios2-elf/4.1.2/../../../../nios2-elf/lib/mno-hw-mul\libc.a(lib_a-fflush.o)
 .bss           0x02812bac        0x0 f:/quatus/nios2eds/bin/gnu/h-i686-mingw32/bin/../lib/gcc/nios2-elf/4.1.2/../../../../nios2-elf/lib/mno-hw-mul\libc.a(lib_a-findfp.o)
 .bss           0x02812bac        0x0 f:/quatus/nios2eds/bin/gnu/h-i686-mingw32/bin/../lib/gcc/nios2-elf/4.1.2/../../../../nios2-elf/lib/mno-hw-mul\libc.a(lib_a-freer.o)
 .bss           0x02812bac        0x0 f:/quatus/nios2eds/bin/gnu/h-i686-mingw32/bin/../lib/gcc/nios2-elf/4.1.2/../../../../nios2-elf/lib/mno-hw-mul\libc.a(lib_a-fvwrite.o)
 .bss           0x02812bac        0x0 f:/quatus/nios2eds/bin/gnu/h-i686-mingw32/bin/../lib/gcc/nios2-elf/4.1.2/../../../../nios2-elf/lib/mno-hw-mul\libc.a(lib_a-fwalk.o)
 .bss           0x02812bac        0x0 f:/quatus/nios2eds/bin/gnu/h-i686-mingw32/bin/../lib/gcc/nios2-elf/4.1.2/../../../../nios2-elf/lib/mno-hw-mul\libc.a(lib_a-gettimeofdayr.o)
 .bss           0x02812bac        0x0 f:/quatus/nios2eds/bin/gnu/h-i686-mingw32/bin/../lib/gcc/nios2-elf/4.1.2/../../../../nios2-elf/lib/mno-hw-mul\libc.a(lib_a-impure.o)
 .bss           0x02812bac        0x0 f:/quatus/nios2eds/bin/gnu/h-i686-mingw32/bin/../lib/gcc/nios2-elf/4.1.2/../../../../nios2-elf/lib/mno-hw-mul\libc.a(lib_a-int_errno.o)
 .bss           0x02812bac        0x0 f:/quatus/nios2eds/bin/gnu/h-i686-mingw32/bin/../lib/gcc/nios2-elf/4.1.2/../../../../nios2-elf/lib/mno-hw-mul\libc.a(lib_a-locale.o)
 .bss           0x02812bac        0x0 f:/quatus/nios2eds/bin/gnu/h-i686-mingw32/bin/../lib/gcc/nios2-elf/4.1.2/../../../../nios2-elf/lib/mno-hw-mul\libc.a(lib_a-makebuf.o)
 .bss           0x02812bac       0x28 f:/quatus/nios2eds/bin/gnu/h-i686-mingw32/bin/../lib/gcc/nios2-elf/4.1.2/../../../../nios2-elf/lib/mno-hw-mul\libc.a(lib_a-mallocr.o)
                0x02812bac                __malloc_current_mallinfo
 .bss           0x02812bd4        0x0 f:/quatus/nios2eds/bin/gnu/h-i686-mingw32/bin/../lib/gcc/nios2-elf/4.1.2/../../../../nios2-elf/lib/mno-hw-mul\libc.a(lib_a-memchr.o)
 .bss           0x02812bd4        0x0 f:/quatus/nios2eds/bin/gnu/h-i686-mingw32/bin/../lib/gcc/nios2-elf/4.1.2/../../../../nios2-elf/lib/mno-hw-mul\libc.a(lib_a-memcpy.o)
 .bss           0x02812bd4        0x0 f:/quatus/nios2eds/bin/gnu/h-i686-mingw32/bin/../lib/gcc/nios2-elf/4.1.2/../../../../nios2-elf/lib/mno-hw-mul\libc.a(lib_a-memmove.o)
 .bss           0x02812bd4        0x0 f:/quatus/nios2eds/bin/gnu/h-i686-mingw32/bin/../lib/gcc/nios2-elf/4.1.2/../../../../nios2-elf/lib/mno-hw-mul\libc.a(lib_a-memset.o)
 .bss           0x02812bd4        0x0 f:/quatus/nios2eds/bin/gnu/h-i686-mingw32/bin/../lib/gcc/nios2-elf/4.1.2/../../../../nios2-elf/lib/mno-hw-mul\libc.a(lib_a-mprec.o)
 .bss           0x02812bd4        0x0 f:/quatus/nios2eds/bin/gnu/h-i686-mingw32/bin/../lib/gcc/nios2-elf/4.1.2/../../../../nios2-elf/lib/mno-hw-mul\libc.a(lib_a-reallocr.o)
 .bss           0x02812bd4        0x0 f:/quatus/nios2eds/bin/gnu/h-i686-mingw32/bin/../lib/gcc/nios2-elf/4.1.2/../../../../nios2-elf/lib/mno-hw-mul\libc.a(lib_a-s_isinfd.o)
 .bss           0x02812bd4        0x0 f:/quatus/nios2eds/bin/gnu/h-i686-mingw32/bin/../lib/gcc/nios2-elf/4.1.2/../../../../nios2-elf/lib/mno-hw-mul\libc.a(lib_a-s_isnand.o)
 .bss           0x02812bd4        0x0 f:/quatus/nios2eds/bin/gnu/h-i686-mingw32/bin/../lib/gcc/nios2-elf/4.1.2/../../../../nios2-elf/lib/mno-hw-mul\libc.a(lib_a-sbrkr.o)
 .bss           0x02812bd4        0x0 f:/quatus/nios2eds/bin/gnu/h-i686-mingw32/bin/../lib/gcc/nios2-elf/4.1.2/../../../../nios2-elf/lib/mno-hw-mul\libc.a(lib_a-stdio.o)
 .bss           0x02812bd4        0x0 f:/quatus/nios2eds/bin/gnu/h-i686-mingw32/bin/../lib/gcc/nios2-elf/4.1.2/../../../../nios2-elf/lib/mno-hw-mul\libc.a(lib_a-strcmp.o)
 .bss           0x02812bd4        0x0 f:/quatus/nios2eds/bin/gnu/h-i686-mingw32/bin/../lib/gcc/nios2-elf/4.1.2/../../../../nios2-elf/lib/mno-hw-mul\libc.a(lib_a-writer.o)
 .bss           0x02812bd4        0x0 f:/quatus/nios2eds/bin/gnu/h-i686-mingw32/bin/../lib/gcc/nios2-elf/4.1.2/../../../../nios2-elf/lib/mno-hw-mul\libc.a(lib_a-callocr.o)
 .bss           0x02812bd4        0x0 f:/quatus/nios2eds/bin/gnu/h-i686-mingw32/bin/../lib/gcc/nios2-elf/4.1.2/../../../../nios2-elf/lib/mno-hw-mul\libc.a(lib_a-closer.o)
 .bss           0x02812bd4        0x0 f:/quatus/nios2eds/bin/gnu/h-i686-mingw32/bin/../lib/gcc/nios2-elf/4.1.2/../../../../nios2-elf/lib/mno-hw-mul\libc.a(lib_a-fclose.o)
 .bss           0x02812bd4        0x0 f:/quatus/nios2eds/bin/gnu/h-i686-mingw32/bin/../lib/gcc/nios2-elf/4.1.2/../../../../nios2-elf/lib/mno-hw-mul\libc.a(lib_a-fstatr.o)
 .bss           0x02812bd4        0x0 f:/quatus/nios2eds/bin/gnu/h-i686-mingw32/bin/../lib/gcc/nios2-elf/4.1.2/../../../../nios2-elf/lib/mno-hw-mul\libc.a(lib_a-isattyr.o)
 .bss           0x02812bd4        0x0 f:/quatus/nios2eds/bin/gnu/h-i686-mingw32/bin/../lib/gcc/nios2-elf/4.1.2/../../../../nios2-elf/lib/mno-hw-mul\libc.a(lib_a-lseekr.o)
 .bss           0x02812bd4        0x0 f:/quatus/nios2eds/bin/gnu/h-i686-mingw32/bin/../lib/gcc/nios2-elf/4.1.2/../../../../nios2-elf/lib/mno-hw-mul\libc.a(lib_a-readr.o)
 .bss           0x02812bd4        0x0 f:/quatus/nios2eds/bin/gnu/h-i686-mingw32/bin/../lib/gcc/nios2-elf/4.1.2/mno-hw-mul\libgcc.a(_muldi3.o)
 .bss           0x02812bd4        0x0 f:/quatus/nios2eds/bin/gnu/h-i686-mingw32/bin/../lib/gcc/nios2-elf/4.1.2/mno-hw-mul\libgcc.a(_udivdi3.o)
 .bss           0x02812bd4        0x0 f:/quatus/nios2eds/bin/gnu/h-i686-mingw32/bin/../lib/gcc/nios2-elf/4.1.2/mno-hw-mul\libgcc.a(_umoddi3.o)
 .bss           0x02812bd4        0x0 f:/quatus/nios2eds/bin/gnu/h-i686-mingw32/bin/../lib/gcc/nios2-elf/4.1.2/mno-hw-mul\libgcc.a(_addsub_df.o)
 .bss           0x02812bd4        0x0 f:/quatus/nios2eds/bin/gnu/h-i686-mingw32/bin/../lib/gcc/nios2-elf/4.1.2/mno-hw-mul\libgcc.a(_mul_df.o)
 .bss           0x02812bd4        0x0 f:/quatus/nios2eds/bin/gnu/h-i686-mingw32/bin/../lib/gcc/nios2-elf/4.1.2/mno-hw-mul\libgcc.a(_div_df.o)
 .bss           0x02812bd4        0x0 f:/quatus/nios2eds/bin/gnu/h-i686-mingw32/bin/../lib/gcc/nios2-elf/4.1.2/mno-hw-mul\libgcc.a(_eq_df.o)
 .bss           0x02812bd4        0x0 f:/quatus/nios2eds/bin/gnu/h-i686-mingw32/bin/../lib/gcc/nios2-elf/4.1.2/mno-hw-mul\libgcc.a(_ne_df.o)
 .bss           0x02812bd4        0x0 f:/quatus/nios2eds/bin/gnu/h-i686-mingw32/bin/../lib/gcc/nios2-elf/4.1.2/mno-hw-mul\libgcc.a(_gt_df.o)
 .bss           0x02812bd4        0x0 f:/quatus/nios2eds/bin/gnu/h-i686-mingw32/bin/../lib/gcc/nios2-elf/4.1.2/mno-hw-mul\libgcc.a(_ge_df.o)
 .bss           0x02812bd4        0x0 f:/quatus/nios2eds/bin/gnu/h-i686-mingw32/bin/../lib/gcc/nios2-elf/4.1.2/mno-hw-mul\libgcc.a(_lt_df.o)
 .bss           0x02812bd4        0x0 f:/quatus/nios2eds/bin/gnu/h-i686-mingw32/bin/../lib/gcc/nios2-elf/4.1.2/mno-hw-mul\libgcc.a(_si_to_df.o)
 .bss           0x02812bd4        0x0 f:/quatus/nios2eds/bin/gnu/h-i686-mingw32/bin/../lib/gcc/nios2-elf/4.1.2/mno-hw-mul\libgcc.a(_df_to_si.o)
 .bss           0x02812bd4        0x0 f:/quatus/nios2eds/bin/gnu/h-i686-mingw32/bin/../lib/gcc/nios2-elf/4.1.2/mno-hw-mul\libgcc.a(_thenan_df.o)
 .bss           0x02812bd4        0x0 f:/quatus/nios2eds/bin/gnu/h-i686-mingw32/bin/../lib/gcc/nios2-elf/4.1.2/mno-hw-mul\libgcc.a(_usi_to_df.o)
 .bss           0x02812bd4        0x0 f:/quatus/nios2eds/bin/gnu/h-i686-mingw32/bin/../lib/gcc/nios2-elf/4.1.2/mno-hw-mul\libgcc.a(lib2-divmod.o)
 .bss           0x02812bd4        0x0 f:/quatus/nios2eds/bin/gnu/h-i686-mingw32/bin/../lib/gcc/nios2-elf/4.1.2/mno-hw-mul\libgcc.a(lib2-mul.o)
 .bss           0x02812bd4        0x0 f:/quatus/nios2eds/bin/gnu/h-i686-mingw32/bin/../lib/gcc/nios2-elf/4.1.2/mno-hw-mul\libgcc.a(_clz.o)
 .bss           0x02812bd4        0x0 f:/quatus/nios2eds/bin/gnu/h-i686-mingw32/bin/../lib/gcc/nios2-elf/4.1.2/mno-hw-mul\libgcc.a(_clzsi2.o)
 .bss           0x02812bd4        0x0 f:/quatus/nios2eds/bin/gnu/h-i686-mingw32/bin/../lib/gcc/nios2-elf/4.1.2/mno-hw-mul\libgcc.a(_pack_df.o)
 .bss           0x02812bd4        0x0 f:/quatus/nios2eds/bin/gnu/h-i686-mingw32/bin/../lib/gcc/nios2-elf/4.1.2/mno-hw-mul\libgcc.a(_unpack_df.o)
 .bss           0x02812bd4        0x0 f:/quatus/nios2eds/bin/gnu/h-i686-mingw32/bin/../lib/gcc/nios2-elf/4.1.2/mno-hw-mul\libgcc.a(_fpcmp_parts_df.o)
 .bss           0x02812bd4        0x0 ../1223_bsp/\libhal_bsp.a(alt_close.o)
 .bss           0x02812bd4        0x0 ../1223_bsp/\libhal_bsp.a(alt_dev.o)
 .bss           0x02812bd4        0x0 ../1223_bsp/\libhal_bsp.a(alt_errno.o)
 .bss           0x02812bd4        0x0 ../1223_bsp/\libhal_bsp.a(alt_fstat.o)
 .bss           0x02812bd4        0x0 ../1223_bsp/\libhal_bsp.a(alt_gettod.o)
 .bss           0x02812bd4        0x0 ../1223_bsp/\libhal_bsp.a(alt_irq_register.o)
 .bss           0x02812bd4        0x0 ../1223_bsp/\libhal_bsp.a(alt_irq_vars.o)
 .bss           0x02812bd4        0x0 ../1223_bsp/\libhal_bsp.a(alt_isatty.o)
 .bss           0x02812bd4        0x0 ../1223_bsp/\libhal_bsp.a(alt_load.o)
 .bss           0x02812bd4        0x0 ../1223_bsp/\libhal_bsp.a(alt_lseek.o)
 .bss           0x02812bd4        0x0 ../1223_bsp/\libhal_bsp.a(alt_main.o)
 .bss           0x02812bd4        0x0 ../1223_bsp/\libhal_bsp.a(alt_malloc_lock.o)
 .bss           0x02812bd4        0x0 ../1223_bsp/\libhal_bsp.a(alt_read.o)
 .bss           0x02812bd4        0x0 ../1223_bsp/\libhal_bsp.a(alt_release_fd.o)
 .bss           0x02812bd4        0x0 ../1223_bsp/\libhal_bsp.a(alt_sbrk.o)
 .bss           0x02812bd4        0x0 ../1223_bsp/\libhal_bsp.a(alt_tick.o)
 .bss           0x02812bd4        0x0 ../1223_bsp/\libhal_bsp.a(alt_usleep.o)
 .bss           0x02812bd4        0x0 ../1223_bsp/\libhal_bsp.a(alt_write.o)
 .bss           0x02812bd4        0x0 ../1223_bsp/\libhal_bsp.a(alt_sys_init.o)
 .bss           0x02812bd4        0x0 ../1223_bsp/\libhal_bsp.a(altera_avalon_dma.o)
 .bss           0x02812bd4        0x0 ../1223_bsp/\libhal_bsp.a(altera_avalon_jtag_uart_fd.o)
 .bss           0x02812bd4        0x0 ../1223_bsp/\libhal_bsp.a(altera_avalon_jtag_uart_init.o)
 .bss           0x02812bd4        0x0 ../1223_bsp/\libhal_bsp.a(altera_avalon_jtag_uart_ioctl.o)
 .bss           0x02812bd4        0x0 ../1223_bsp/\libhal_bsp.a(altera_avalon_jtag_uart_read.o)
 .bss           0x02812bd4        0x0 ../1223_bsp/\libhal_bsp.a(altera_avalon_jtag_uart_write.o)
 .bss           0x02812bd4        0x0 ../1223_bsp/\libhal_bsp.a(alt_alarm_start.o)
 .bss           0x02812bd4        0x0 ../1223_bsp/\libhal_bsp.a(alt_busy_sleep.o)
 .bss           0x02812bd4        0x0 ../1223_bsp/\libhal_bsp.a(alt_dcache_flush_all.o)
 .bss           0x02812bd4        0x0 ../1223_bsp/\libhal_bsp.a(alt_dev_llist_insert.o)
 .bss           0x02812bd4        0x0 ../1223_bsp/\libhal_bsp.a(alt_dma_rxchan_open.o)
 .bss           0x02812bd4        0x0 ../1223_bsp/\libhal_bsp.a(alt_dma_txchan_open.o)
 .bss           0x02812bd4        0x0 ../1223_bsp/\libhal_bsp.a(alt_do_ctors.o)
 .bss           0x02812bd4        0x0 ../1223_bsp/\libhal_bsp.a(alt_do_dtors.o)
 .bss           0x02812bd4        0x0 ../1223_bsp/\libhal_bsp.a(alt_find_dev.o)
 .bss           0x02812bd4        0x0 ../1223_bsp/\libhal_bsp.a(alt_icache_flush_all.o)
 .bss           0x02812bd4        0x0 ../1223_bsp/\libhal_bsp.a(alt_iic.o)
 .bss           0x02812bd4        0x0 ../1223_bsp/\libhal_bsp.a(alt_iic_isr_register.o)
 .bss           0x02812bd4        0x0 ../1223_bsp/\libhal_bsp.a(alt_io_redirect.o)
 .bss           0x02812bd4        0x0 ../1223_bsp/\libhal_bsp.a(alt_irq_entry.o)
 .bss           0x02812bd4        0x0 ../1223_bsp/\libhal_bsp.a(alt_irq_handler.o)
 .bss           0x02812bd4        0x0 ../1223_bsp/\libhal_bsp.a(alt_open.o)
 .bss           0x02812bd4        0x0 ../1223_bsp/\libhal_bsp.a(altera_nios2_qsys_irq.o)
 .bss           0x02812bd4        0x0 ../1223_bsp/\libhal_bsp.a(alt_exception_entry.o)
 .bss           0x02812bd4        0x0 ../1223_bsp/\libhal_bsp.a(alt_find_file.o)
 .bss           0x02812bd4        0x0 ../1223_bsp/\libhal_bsp.a(alt_get_fd.o)
 .bss           0x02812bd4        0x0 f:/quatus/nios2eds/bin/gnu/h-i686-mingw32/bin/../lib/gcc/nios2-elf/4.1.2/../../../../nios2-elf/lib/mno-hw-mul\libc.a(lib_a-atexit.o)
 .bss           0x02812bd4        0x0 f:/quatus/nios2eds/bin/gnu/h-i686-mingw32/bin/../lib/gcc/nios2-elf/4.1.2/../../../../nios2-elf/lib/mno-hw-mul\libc.a(lib_a-exit.o)
 .bss           0x02812bd4        0x0 f:/quatus/nios2eds/bin/gnu/h-i686-mingw32/bin/../lib/gcc/nios2-elf/4.1.2/../../../../nios2-elf/lib/mno-hw-mul\libc.a(lib_a-memcmp.o)
 .bss           0x02812bd4        0x0 f:/quatus/nios2eds/bin/gnu/h-i686-mingw32/bin/../lib/gcc/nios2-elf/4.1.2/../../../../nios2-elf/lib/mno-hw-mul\libc.a(lib_a-__atexit.o)
 .bss           0x02812bd4        0x0 f:/quatus/nios2eds/bin/gnu/h-i686-mingw32/bin/../lib/gcc/nios2-elf/4.1.2/../../../../nios2-elf/lib/mno-hw-mul\libc.a(lib_a-__call_atexit.o)
 .bss           0x02812bd4        0x0 ../1223_bsp/\libhal_bsp.a(alt_exit.o)
 *(COMMON)
 COMMON         0x02812bd4       0x24 obj/default/count_binary.o
                0x02812bd4                sPIO
 COMMON         0x02812bf8      0x100 ../1223_bsp/\libhal_bsp.a(alt_irq_handler.o)
                0x02812bf8                alt_irq
 COMMON         0x02812cf8      0x190 f:/quatus/nios2eds/bin/gnu/h-i686-mingw32/bin/../lib/gcc/nios2-elf/4.1.2/../../../../nios2-elf/lib/mno-hw-mul\libc.a(lib_a-atexit.o)
                0x02812cf8                _atexit0
                0x02812e88                . = ALIGN (0x4)
                0x02812e88                __bss_end = ABSOLUTE (.)

.sdram_ctrl     0x02812e88        0x0
                0x02812e88                PROVIDE (_alt_partition_sdram_ctrl_start, ABSOLUTE (.))
 *(.sdram_ctrl. sdram_ctrl.*)
                0x02812e88                . = ALIGN (0x4)
                0x02812e88                PROVIDE (_alt_partition_sdram_ctrl_end, ABSOLUTE (.))
                0x02812e88                _end = ABSOLUTE (.)
                0x02812e88                end = ABSOLUTE (.)
                0x02812e88                __alt_stack_base = ABSOLUTE (.)
                0x02812e88                PROVIDE (_alt_partition_sdram_ctrl_load_addr, LOADADDR (.sdram_ctrl))

.stab
 *(.stab)

.stabstr
 *(.stabstr)

.stab.excl
 *(.stab.excl)

.stab.exclstr
 *(.stab.exclstr)

.stab.index
 *(.stab.index)

.stab.indexstr
 *(.stab.indexstr)

.comment        0x00000000       0x26
 *(.comment)
 .comment       0x00000000       0x26 obj/default/count_binary.o
                                 0x27 (size before relaxing)
 .comment       0x00000000       0x27 f:/quatus/nios2eds/bin/gnu/h-i686-mingw32/bin/../lib/gcc/nios2-elf/4.1.2/../../../../nios2-elf/lib/mno-hw-mul\libc.a(lib_a-printf.o)
 .comment       0x00000000       0x27 f:/quatus/nios2eds/bin/gnu/h-i686-mingw32/bin/../lib/gcc/nios2-elf/4.1.2/../../../../nios2-elf/lib/mno-hw-mul\libc.a(lib_a-puts.o)
 .comment       0x00000000       0x27 f:/quatus/nios2eds/bin/gnu/h-i686-mingw32/bin/../lib/gcc/nios2-elf/4.1.2/../../../../nios2-elf/lib/mno-hw-mul\libc.a(lib_a-rand.o)
 .comment       0x00000000       0x27 f:/quatus/nios2eds/bin/gnu/h-i686-mingw32/bin/../lib/gcc/nios2-elf/4.1.2/../../../../nios2-elf/lib/mno-hw-mul\libc.a(lib_a-strlen.o)
 .comment       0x00000000       0x27 f:/quatus/nios2eds/bin/gnu/h-i686-mingw32/bin/../lib/gcc/nios2-elf/4.1.2/../../../../nios2-elf/lib/mno-hw-mul\libc.a(lib_a-time.o)
 .comment       0x00000000       0x27 f:/quatus/nios2eds/bin/gnu/h-i686-mingw32/bin/../lib/gcc/nios2-elf/4.1.2/../../../../nios2-elf/lib/mno-hw-mul\libc.a(lib_a-vfprintf.o)
 .comment       0x00000000       0x27 f:/quatus/nios2eds/bin/gnu/h-i686-mingw32/bin/../lib/gcc/nios2-elf/4.1.2/../../../../nios2-elf/lib/mno-hw-mul\libc.a(lib_a-wsetup.o)
 .comment       0x00000000       0x27 f:/quatus/nios2eds/bin/gnu/h-i686-mingw32/bin/../lib/gcc/nios2-elf/4.1.2/../../../../nios2-elf/lib/mno-hw-mul\libc.a(lib_a-dtoa.o)
 .comment       0x00000000       0x27 f:/quatus/nios2eds/bin/gnu/h-i686-mingw32/bin/../lib/gcc/nios2-elf/4.1.2/../../../../nios2-elf/lib/mno-hw-mul\libc.a(lib_a-fflush.o)
 .comment       0x00000000       0x27 f:/quatus/nios2eds/bin/gnu/h-i686-mingw32/bin/../lib/gcc/nios2-elf/4.1.2/../../../../nios2-elf/lib/mno-hw-mul\libc.a(lib_a-findfp.o)
 .comment       0x00000000       0x27 f:/quatus/nios2eds/bin/gnu/h-i686-mingw32/bin/../lib/gcc/nios2-elf/4.1.2/../../../../nios2-elf/lib/mno-hw-mul\libc.a(lib_a-freer.o)
 .comment       0x00000000       0x27 f:/quatus/nios2eds/bin/gnu/h-i686-mingw32/bin/../lib/gcc/nios2-elf/4.1.2/../../../../nios2-elf/lib/mno-hw-mul\libc.a(lib_a-fvwrite.o)
 .comment       0x00000000       0x27 f:/quatus/nios2eds/bin/gnu/h-i686-mingw32/bin/../lib/gcc/nios2-elf/4.1.2/../../../../nios2-elf/lib/mno-hw-mul\libc.a(lib_a-fwalk.o)
 .comment       0x00000000       0x27 f:/quatus/nios2eds/bin/gnu/h-i686-mingw32/bin/../lib/gcc/nios2-elf/4.1.2/../../../../nios2-elf/lib/mno-hw-mul\libc.a(lib_a-gettimeofdayr.o)
 .comment       0x00000000       0x27 f:/quatus/nios2eds/bin/gnu/h-i686-mingw32/bin/../lib/gcc/nios2-elf/4.1.2/../../../../nios2-elf/lib/mno-hw-mul\libc.a(lib_a-impure.o)
 .comment       0x00000000       0x27 f:/quatus/nios2eds/bin/gnu/h-i686-mingw32/bin/../lib/gcc/nios2-elf/4.1.2/../../../../nios2-elf/lib/mno-hw-mul\libc.a(lib_a-int_errno.o)
 .comment       0x00000000       0x27 f:/quatus/nios2eds/bin/gnu/h-i686-mingw32/bin/../lib/gcc/nios2-elf/4.1.2/../../../../nios2-elf/lib/mno-hw-mul\libc.a(lib_a-locale.o)
 .comment       0x00000000       0x27 f:/quatus/nios2eds/bin/gnu/h-i686-mingw32/bin/../lib/gcc/nios2-elf/4.1.2/../../../../nios2-elf/lib/mno-hw-mul\libc.a(lib_a-makebuf.o)
 .comment       0x00000000       0x27 f:/quatus/nios2eds/bin/gnu/h-i686-mingw32/bin/../lib/gcc/nios2-elf/4.1.2/../../../../nios2-elf/lib/mno-hw-mul\libc.a(lib_a-mallocr.o)
 .comment       0x00000000       0x27 f:/quatus/nios2eds/bin/gnu/h-i686-mingw32/bin/../lib/gcc/nios2-elf/4.1.2/../../../../nios2-elf/lib/mno-hw-mul\libc.a(lib_a-memchr.o)
 .comment       0x00000000       0x27 f:/quatus/nios2eds/bin/gnu/h-i686-mingw32/bin/../lib/gcc/nios2-elf/4.1.2/../../../../nios2-elf/lib/mno-hw-mul\libc.a(lib_a-memcpy.o)
 .comment       0x00000000       0x27 f:/quatus/nios2eds/bin/gnu/h-i686-mingw32/bin/../lib/gcc/nios2-elf/4.1.2/../../../../nios2-elf/lib/mno-hw-mul\libc.a(lib_a-memmove.o)
 .comment       0x00000000       0x27 f:/quatus/nios2eds/bin/gnu/h-i686-mingw32/bin/../lib/gcc/nios2-elf/4.1.2/../../../../nios2-elf/lib/mno-hw-mul\libc.a(lib_a-memset.o)
 .comment       0x00000000       0x27 f:/quatus/nios2eds/bin/gnu/h-i686-mingw32/bin/../lib/gcc/nios2-elf/4.1.2/../../../../nios2-elf/lib/mno-hw-mul\libc.a(lib_a-mprec.o)
 .comment       0x00000000       0x27 f:/quatus/nios2eds/bin/gnu/h-i686-mingw32/bin/../lib/gcc/nios2-elf/4.1.2/../../../../nios2-elf/lib/mno-hw-mul\libc.a(lib_a-reallocr.o)
 .comment       0x00000000       0x27 f:/quatus/nios2eds/bin/gnu/h-i686-mingw32/bin/../lib/gcc/nios2-elf/4.1.2/../../../../nios2-elf/lib/mno-hw-mul\libc.a(lib_a-s_isinfd.o)
 .comment       0x00000000       0x27 f:/quatus/nios2eds/bin/gnu/h-i686-mingw32/bin/../lib/gcc/nios2-elf/4.1.2/../../../../nios2-elf/lib/mno-hw-mul\libc.a(lib_a-s_isnand.o)
 .comment       0x00000000       0x27 f:/quatus/nios2eds/bin/gnu/h-i686-mingw32/bin/../lib/gcc/nios2-elf/4.1.2/../../../../nios2-elf/lib/mno-hw-mul\libc.a(lib_a-sbrkr.o)
 .comment       0x00000000       0x27 f:/quatus/nios2eds/bin/gnu/h-i686-mingw32/bin/../lib/gcc/nios2-elf/4.1.2/../../../../nios2-elf/lib/mno-hw-mul\libc.a(lib_a-stdio.o)
 .comment       0x00000000       0x27 f:/quatus/nios2eds/bin/gnu/h-i686-mingw32/bin/../lib/gcc/nios2-elf/4.1.2/../../../../nios2-elf/lib/mno-hw-mul\libc.a(lib_a-strcmp.o)
 .comment       0x00000000       0x27 f:/quatus/nios2eds/bin/gnu/h-i686-mingw32/bin/../lib/gcc/nios2-elf/4.1.2/../../../../nios2-elf/lib/mno-hw-mul\libc.a(lib_a-writer.o)
 .comment       0x00000000       0x27 f:/quatus/nios2eds/bin/gnu/h-i686-mingw32/bin/../lib/gcc/nios2-elf/4.1.2/../../../../nios2-elf/lib/mno-hw-mul\libc.a(lib_a-callocr.o)
 .comment       0x00000000       0x27 f:/quatus/nios2eds/bin/gnu/h-i686-mingw32/bin/../lib/gcc/nios2-elf/4.1.2/../../../../nios2-elf/lib/mno-hw-mul\libc.a(lib_a-closer.o)
 .comment       0x00000000       0x27 f:/quatus/nios2eds/bin/gnu/h-i686-mingw32/bin/../lib/gcc/nios2-elf/4.1.2/../../../../nios2-elf/lib/mno-hw-mul\libc.a(lib_a-fclose.o)
 .comment       0x00000000       0x27 f:/quatus/nios2eds/bin/gnu/h-i686-mingw32/bin/../lib/gcc/nios2-elf/4.1.2/../../../../nios2-elf/lib/mno-hw-mul\libc.a(lib_a-fstatr.o)
 .comment       0x00000000       0x27 f:/quatus/nios2eds/bin/gnu/h-i686-mingw32/bin/../lib/gcc/nios2-elf/4.1.2/../../../../nios2-elf/lib/mno-hw-mul\libc.a(lib_a-isattyr.o)
 .comment       0x00000000       0x27 f:/quatus/nios2eds/bin/gnu/h-i686-mingw32/bin/../lib/gcc/nios2-elf/4.1.2/../../../../nios2-elf/lib/mno-hw-mul\libc.a(lib_a-lseekr.o)
 .comment       0x00000000       0x27 f:/quatus/nios2eds/bin/gnu/h-i686-mingw32/bin/../lib/gcc/nios2-elf/4.1.2/../../../../nios2-elf/lib/mno-hw-mul\libc.a(lib_a-readr.o)
 .comment       0x00000000       0x27 f:/quatus/nios2eds/bin/gnu/h-i686-mingw32/bin/../lib/gcc/nios2-elf/4.1.2/mno-hw-mul\libgcc.a(_muldi3.o)
 .comment       0x00000000       0x27 f:/quatus/nios2eds/bin/gnu/h-i686-mingw32/bin/../lib/gcc/nios2-elf/4.1.2/mno-hw-mul\libgcc.a(_udivdi3.o)
 .comment       0x00000000       0x27 f:/quatus/nios2eds/bin/gnu/h-i686-mingw32/bin/../lib/gcc/nios2-elf/4.1.2/mno-hw-mul\libgcc.a(_umoddi3.o)
 .comment       0x00000000       0x27 f:/quatus/nios2eds/bin/gnu/h-i686-mingw32/bin/../lib/gcc/nios2-elf/4.1.2/mno-hw-mul\libgcc.a(_addsub_df.o)
 .comment       0x00000000       0x27 f:/quatus/nios2eds/bin/gnu/h-i686-mingw32/bin/../lib/gcc/nios2-elf/4.1.2/mno-hw-mul\libgcc.a(_mul_df.o)
 .comment       0x00000000       0x27 f:/quatus/nios2eds/bin/gnu/h-i686-mingw32/bin/../lib/gcc/nios2-elf/4.1.2/mno-hw-mul\libgcc.a(_div_df.o)
 .comment       0x00000000       0x27 f:/quatus/nios2eds/bin/gnu/h-i686-mingw32/bin/../lib/gcc/nios2-elf/4.1.2/mno-hw-mul\libgcc.a(_eq_df.o)
 .comment       0x00000000       0x27 f:/quatus/nios2eds/bin/gnu/h-i686-mingw32/bin/../lib/gcc/nios2-elf/4.1.2/mno-hw-mul\libgcc.a(_ne_df.o)
 .comment       0x00000000       0x27 f:/quatus/nios2eds/bin/gnu/h-i686-mingw32/bin/../lib/gcc/nios2-elf/4.1.2/mno-hw-mul\libgcc.a(_gt_df.o)
 .comment       0x00000000       0x27 f:/quatus/nios2eds/bin/gnu/h-i686-mingw32/bin/../lib/gcc/nios2-elf/4.1.2/mno-hw-mul\libgcc.a(_ge_df.o)
 .comment       0x00000000       0x27 f:/quatus/nios2eds/bin/gnu/h-i686-mingw32/bin/../lib/gcc/nios2-elf/4.1.2/mno-hw-mul\libgcc.a(_lt_df.o)
 .comment       0x00000000       0x27 f:/quatus/nios2eds/bin/gnu/h-i686-mingw32/bin/../lib/gcc/nios2-elf/4.1.2/mno-hw-mul\libgcc.a(_si_to_df.o)
 .comment       0x00000000       0x27 f:/quatus/nios2eds/bin/gnu/h-i686-mingw32/bin/../lib/gcc/nios2-elf/4.1.2/mno-hw-mul\libgcc.a(_df_to_si.o)
 .comment       0x00000000       0x27 f:/quatus/nios2eds/bin/gnu/h-i686-mingw32/bin/../lib/gcc/nios2-elf/4.1.2/mno-hw-mul\libgcc.a(_thenan_df.o)
 .comment       0x00000000       0x27 f:/quatus/nios2eds/bin/gnu/h-i686-mingw32/bin/../lib/gcc/nios2-elf/4.1.2/mno-hw-mul\libgcc.a(_usi_to_df.o)
 .comment       0x00000000       0x27 f:/quatus/nios2eds/bin/gnu/h-i686-mingw32/bin/../lib/gcc/nios2-elf/4.1.2/mno-hw-mul\libgcc.a(lib2-divmod.o)
 .comment       0x00000000       0x27 f:/quatus/nios2eds/bin/gnu/h-i686-mingw32/bin/../lib/gcc/nios2-elf/4.1.2/mno-hw-mul\libgcc.a(lib2-mul.o)
 .comment       0x00000000       0x27 f:/quatus/nios2eds/bin/gnu/h-i686-mingw32/bin/../lib/gcc/nios2-elf/4.1.2/mno-hw-mul\libgcc.a(_clz.o)
 .comment       0x00000000       0x27 f:/quatus/nios2eds/bin/gnu/h-i686-mingw32/bin/../lib/gcc/nios2-elf/4.1.2/mno-hw-mul\libgcc.a(_clzsi2.o)
 .comment       0x00000000       0x27 f:/quatus/nios2eds/bin/gnu/h-i686-mingw32/bin/../lib/gcc/nios2-elf/4.1.2/mno-hw-mul\libgcc.a(_pack_df.o)
 .comment       0x00000000       0x27 f:/quatus/nios2eds/bin/gnu/h-i686-mingw32/bin/../lib/gcc/nios2-elf/4.1.2/mno-hw-mul\libgcc.a(_unpack_df.o)
 .comment       0x00000000       0x27 f:/quatus/nios2eds/bin/gnu/h-i686-mingw32/bin/../lib/gcc/nios2-elf/4.1.2/mno-hw-mul\libgcc.a(_fpcmp_parts_df.o)
 .comment       0x00000000       0x27 ../1223_bsp/\libhal_bsp.a(alt_close.o)
 .comment       0x00000000       0x27 ../1223_bsp/\libhal_bsp.a(alt_dev.o)
 .comment       0x00000000       0x27 ../1223_bsp/\libhal_bsp.a(alt_errno.o)
 .comment       0x00000000       0x27 ../1223_bsp/\libhal_bsp.a(alt_fstat.o)
 .comment       0x00000000       0x27 ../1223_bsp/\libhal_bsp.a(alt_gettod.o)
 .comment       0x00000000       0x27 ../1223_bsp/\libhal_bsp.a(alt_irq_register.o)
 .comment       0x00000000       0x27 ../1223_bsp/\libhal_bsp.a(alt_irq_vars.o)
 .comment       0x00000000       0x27 ../1223_bsp/\libhal_bsp.a(alt_isatty.o)
 .comment       0x00000000       0x27 ../1223_bsp/\libhal_bsp.a(alt_load.o)
 .comment       0x00000000       0x27 ../1223_bsp/\libhal_bsp.a(alt_lseek.o)
 .comment       0x00000000       0x27 ../1223_bsp/\libhal_bsp.a(alt_main.o)
 .comment       0x00000000       0x27 ../1223_bsp/\libhal_bsp.a(alt_malloc_lock.o)
 .comment       0x00000000       0x27 ../1223_bsp/\libhal_bsp.a(alt_read.o)
 .comment       0x00000000       0x27 ../1223_bsp/\libhal_bsp.a(alt_release_fd.o)
 .comment       0x00000000       0x27 ../1223_bsp/\libhal_bsp.a(alt_sbrk.o)
 .comment       0x00000000       0x27 ../1223_bsp/\libhal_bsp.a(alt_tick.o)
 .comment       0x00000000       0x27 ../1223_bsp/\libhal_bsp.a(alt_usleep.o)
 .comment       0x00000000       0x27 ../1223_bsp/\libhal_bsp.a(alt_write.o)
 .comment       0x00000000       0x27 ../1223_bsp/\libhal_bsp.a(alt_sys_init.o)
 .comment       0x00000000       0x27 ../1223_bsp/\libhal_bsp.a(altera_avalon_dma.o)
 .comment       0x00000000       0x27 ../1223_bsp/\libhal_bsp.a(altera_avalon_jtag_uart_fd.o)
 .comment       0x00000000       0x27 ../1223_bsp/\libhal_bsp.a(altera_avalon_jtag_uart_init.o)
 .comment       0x00000000       0x27 ../1223_bsp/\libhal_bsp.a(altera_avalon_jtag_uart_ioctl.o)
 .comment       0x00000000       0x27 ../1223_bsp/\libhal_bsp.a(altera_avalon_jtag_uart_read.o)
 .comment       0x00000000       0x27 ../1223_bsp/\libhal_bsp.a(altera_avalon_jtag_uart_write.o)
 .comment       0x00000000       0x27 ../1223_bsp/\libhal_bsp.a(alt_alarm_start.o)
 .comment       0x00000000       0x27 ../1223_bsp/\libhal_bsp.a(alt_busy_sleep.o)
 .comment       0x00000000       0x27 ../1223_bsp/\libhal_bsp.a(alt_dcache_flush_all.o)
 .comment       0x00000000       0x27 ../1223_bsp/\libhal_bsp.a(alt_dev_llist_insert.o)
 .comment       0x00000000       0x27 ../1223_bsp/\libhal_bsp.a(alt_dma_rxchan_open.o)
 .comment       0x00000000       0x27 ../1223_bsp/\libhal_bsp.a(alt_dma_txchan_open.o)
 .comment       0x00000000       0x27 ../1223_bsp/\libhal_bsp.a(alt_do_ctors.o)
 .comment       0x00000000       0x27 ../1223_bsp/\libhal_bsp.a(alt_do_dtors.o)
 .comment       0x00000000       0x27 ../1223_bsp/\libhal_bsp.a(alt_find_dev.o)
 .comment       0x00000000       0x27 ../1223_bsp/\libhal_bsp.a(alt_icache_flush_all.o)
 .comment       0x00000000       0x27 ../1223_bsp/\libhal_bsp.a(alt_iic.o)
 .comment       0x00000000       0x27 ../1223_bsp/\libhal_bsp.a(alt_iic_isr_register.o)
 .comment       0x00000000       0x27 ../1223_bsp/\libhal_bsp.a(alt_io_redirect.o)
 .comment       0x00000000       0x27 ../1223_bsp/\libhal_bsp.a(alt_irq_handler.o)
 .comment       0x00000000       0x27 ../1223_bsp/\libhal_bsp.a(alt_open.o)
 .comment       0x00000000       0x27 ../1223_bsp/\libhal_bsp.a(altera_nios2_qsys_irq.o)
 .comment       0x00000000       0x27 ../1223_bsp/\libhal_bsp.a(alt_find_file.o)
 .comment       0x00000000       0x27 ../1223_bsp/\libhal_bsp.a(alt_get_fd.o)
 .comment       0x00000000       0x27 f:/quatus/nios2eds/bin/gnu/h-i686-mingw32/bin/../lib/gcc/nios2-elf/4.1.2/../../../../nios2-elf/lib/mno-hw-mul\libc.a(lib_a-atexit.o)
 .comment       0x00000000       0x27 f:/quatus/nios2eds/bin/gnu/h-i686-mingw32/bin/../lib/gcc/nios2-elf/4.1.2/../../../../nios2-elf/lib/mno-hw-mul\libc.a(lib_a-exit.o)
 .comment       0x00000000       0x27 f:/quatus/nios2eds/bin/gnu/h-i686-mingw32/bin/../lib/gcc/nios2-elf/4.1.2/../../../../nios2-elf/lib/mno-hw-mul\libc.a(lib_a-memcmp.o)
 .comment       0x00000000       0x27 f:/quatus/nios2eds/bin/gnu/h-i686-mingw32/bin/../lib/gcc/nios2-elf/4.1.2/../../../../nios2-elf/lib/mno-hw-mul\libc.a(lib_a-__atexit.o)
 .comment       0x00000000       0x27 f:/quatus/nios2eds/bin/gnu/h-i686-mingw32/bin/../lib/gcc/nios2-elf/4.1.2/../../../../nios2-elf/lib/mno-hw-mul\libc.a(lib_a-__call_atexit.o)
 .comment       0x00000000       0x27 ../1223_bsp/\libhal_bsp.a(alt_exit.o)

.debug
 *(.debug)

.line
 *(.line)

.debug_srcinfo
 *(.debug_srcinfo)

.debug_sfnames
 *(.debug_sfnames)

.debug_aranges  0x00000000      0xd98
 *(.debug_aranges)
 .debug_aranges
                0x00000000       0x28 ../1223_bsp//obj/HAL/src/crt0.o
 .debug_aranges
                0x00000028       0x20 obj/default/count_binary.o
 .debug_aranges
                0x00000048       0x20 f:/quatus/nios2eds/bin/gnu/h-i686-mingw32/bin/../lib/gcc/nios2-elf/4.1.2/../../../../nios2-elf/lib/mno-hw-mul\libc.a(lib_a-printf.o)
 .debug_aranges
                0x00000068       0x20 f:/quatus/nios2eds/bin/gnu/h-i686-mingw32/bin/../lib/gcc/nios2-elf/4.1.2/../../../../nios2-elf/lib/mno-hw-mul\libc.a(lib_a-puts.o)
 .debug_aranges
                0x00000088       0x20 f:/quatus/nios2eds/bin/gnu/h-i686-mingw32/bin/../lib/gcc/nios2-elf/4.1.2/../../../../nios2-elf/lib/mno-hw-mul\libc.a(lib_a-rand.o)
 .debug_aranges
                0x000000a8       0x20 f:/quatus/nios2eds/bin/gnu/h-i686-mingw32/bin/../lib/gcc/nios2-elf/4.1.2/../../../../nios2-elf/lib/mno-hw-mul\libc.a(lib_a-strlen.o)
 .debug_aranges
                0x000000c8       0x20 f:/quatus/nios2eds/bin/gnu/h-i686-mingw32/bin/../lib/gcc/nios2-elf/4.1.2/../../../../nios2-elf/lib/mno-hw-mul\libc.a(lib_a-time.o)
 .debug_aranges
                0x000000e8       0x20 f:/quatus/nios2eds/bin/gnu/h-i686-mingw32/bin/../lib/gcc/nios2-elf/4.1.2/../../../../nios2-elf/lib/mno-hw-mul\libc.a(lib_a-vfprintf.o)
 .debug_aranges
                0x00000108       0x20 f:/quatus/nios2eds/bin/gnu/h-i686-mingw32/bin/../lib/gcc/nios2-elf/4.1.2/../../../../nios2-elf/lib/mno-hw-mul\libc.a(lib_a-wsetup.o)
 .debug_aranges
                0x00000128       0x20 f:/quatus/nios2eds/bin/gnu/h-i686-mingw32/bin/../lib/gcc/nios2-elf/4.1.2/../../../../nios2-elf/lib/mno-hw-mul\libc.a(lib_a-dtoa.o)
 .debug_aranges
                0x00000148       0x20 f:/quatus/nios2eds/bin/gnu/h-i686-mingw32/bin/../lib/gcc/nios2-elf/4.1.2/../../../../nios2-elf/lib/mno-hw-mul\libc.a(lib_a-fflush.o)
 .debug_aranges
                0x00000168       0x20 f:/quatus/nios2eds/bin/gnu/h-i686-mingw32/bin/../lib/gcc/nios2-elf/4.1.2/../../../../nios2-elf/lib/mno-hw-mul\libc.a(lib_a-findfp.o)
 .debug_aranges
                0x00000188       0x20 f:/quatus/nios2eds/bin/gnu/h-i686-mingw32/bin/../lib/gcc/nios2-elf/4.1.2/../../../../nios2-elf/lib/mno-hw-mul\libc.a(lib_a-freer.o)
 .debug_aranges
                0x000001a8       0x20 f:/quatus/nios2eds/bin/gnu/h-i686-mingw32/bin/../lib/gcc/nios2-elf/4.1.2/../../../../nios2-elf/lib/mno-hw-mul\libc.a(lib_a-fvwrite.o)
 .debug_aranges
                0x000001c8       0x20 f:/quatus/nios2eds/bin/gnu/h-i686-mingw32/bin/../lib/gcc/nios2-elf/4.1.2/../../../../nios2-elf/lib/mno-hw-mul\libc.a(lib_a-fwalk.o)
 .debug_aranges
                0x000001e8       0x20 f:/quatus/nios2eds/bin/gnu/h-i686-mingw32/bin/../lib/gcc/nios2-elf/4.1.2/../../../../nios2-elf/lib/mno-hw-mul\libc.a(lib_a-gettimeofdayr.o)
 .debug_aranges
                0x00000208       0x20 f:/quatus/nios2eds/bin/gnu/h-i686-mingw32/bin/../lib/gcc/nios2-elf/4.1.2/../../../../nios2-elf/lib/mno-hw-mul\libc.a(lib_a-locale.o)
 .debug_aranges
                0x00000228       0x20 f:/quatus/nios2eds/bin/gnu/h-i686-mingw32/bin/../lib/gcc/nios2-elf/4.1.2/../../../../nios2-elf/lib/mno-hw-mul\libc.a(lib_a-makebuf.o)
 .debug_aranges
                0x00000248       0x20 f:/quatus/nios2eds/bin/gnu/h-i686-mingw32/bin/../lib/gcc/nios2-elf/4.1.2/../../../../nios2-elf/lib/mno-hw-mul\libc.a(lib_a-mallocr.o)
 .debug_aranges
                0x00000268       0x20 f:/quatus/nios2eds/bin/gnu/h-i686-mingw32/bin/../lib/gcc/nios2-elf/4.1.2/../../../../nios2-elf/lib/mno-hw-mul\libc.a(lib_a-memchr.o)
 .debug_aranges
                0x00000288       0x20 f:/quatus/nios2eds/bin/gnu/h-i686-mingw32/bin/../lib/gcc/nios2-elf/4.1.2/../../../../nios2-elf/lib/mno-hw-mul\libc.a(lib_a-memcpy.o)
 .debug_aranges
                0x000002a8       0x20 f:/quatus/nios2eds/bin/gnu/h-i686-mingw32/bin/../lib/gcc/nios2-elf/4.1.2/../../../../nios2-elf/lib/mno-hw-mul\libc.a(lib_a-memmove.o)
 .debug_aranges
                0x000002c8       0x20 f:/quatus/nios2eds/bin/gnu/h-i686-mingw32/bin/../lib/gcc/nios2-elf/4.1.2/../../../../nios2-elf/lib/mno-hw-mul\libc.a(lib_a-memset.o)
 .debug_aranges
                0x000002e8       0x20 f:/quatus/nios2eds/bin/gnu/h-i686-mingw32/bin/../lib/gcc/nios2-elf/4.1.2/../../../../nios2-elf/lib/mno-hw-mul\libc.a(lib_a-mprec.o)
 .debug_aranges
                0x00000308       0x20 f:/quatus/nios2eds/bin/gnu/h-i686-mingw32/bin/../lib/gcc/nios2-elf/4.1.2/../../../../nios2-elf/lib/mno-hw-mul\libc.a(lib_a-reallocr.o)
 .debug_aranges
                0x00000328       0x20 f:/quatus/nios2eds/bin/gnu/h-i686-mingw32/bin/../lib/gcc/nios2-elf/4.1.2/../../../../nios2-elf/lib/mno-hw-mul\libc.a(lib_a-s_isinfd.o)
 .debug_aranges
                0x00000348       0x20 f:/quatus/nios2eds/bin/gnu/h-i686-mingw32/bin/../lib/gcc/nios2-elf/4.1.2/../../../../nios2-elf/lib/mno-hw-mul\libc.a(lib_a-s_isnand.o)
 .debug_aranges
                0x00000368       0x20 f:/quatus/nios2eds/bin/gnu/h-i686-mingw32/bin/../lib/gcc/nios2-elf/4.1.2/../../../../nios2-elf/lib/mno-hw-mul\libc.a(lib_a-sbrkr.o)
 .debug_aranges
                0x00000388       0x20 f:/quatus/nios2eds/bin/gnu/h-i686-mingw32/bin/../lib/gcc/nios2-elf/4.1.2/../../../../nios2-elf/lib/mno-hw-mul\libc.a(lib_a-stdio.o)
 .debug_aranges
                0x000003a8       0x20 f:/quatus/nios2eds/bin/gnu/h-i686-mingw32/bin/../lib/gcc/nios2-elf/4.1.2/../../../../nios2-elf/lib/mno-hw-mul\libc.a(lib_a-strcmp.o)
 .debug_aranges
                0x000003c8       0x20 f:/quatus/nios2eds/bin/gnu/h-i686-mingw32/bin/../lib/gcc/nios2-elf/4.1.2/../../../../nios2-elf/lib/mno-hw-mul\libc.a(lib_a-writer.o)
 .debug_aranges
                0x000003e8       0x20 f:/quatus/nios2eds/bin/gnu/h-i686-mingw32/bin/../lib/gcc/nios2-elf/4.1.2/../../../../nios2-elf/lib/mno-hw-mul\libc.a(lib_a-callocr.o)
 .debug_aranges
                0x00000408       0x20 f:/quatus/nios2eds/bin/gnu/h-i686-mingw32/bin/../lib/gcc/nios2-elf/4.1.2/../../../../nios2-elf/lib/mno-hw-mul\libc.a(lib_a-closer.o)
 .debug_aranges
                0x00000428       0x20 f:/quatus/nios2eds/bin/gnu/h-i686-mingw32/bin/../lib/gcc/nios2-elf/4.1.2/../../../../nios2-elf/lib/mno-hw-mul\libc.a(lib_a-fclose.o)
 .debug_aranges
                0x00000448       0x20 f:/quatus/nios2eds/bin/gnu/h-i686-mingw32/bin/../lib/gcc/nios2-elf/4.1.2/../../../../nios2-elf/lib/mno-hw-mul\libc.a(lib_a-fstatr.o)
 .debug_aranges
                0x00000468       0x20 f:/quatus/nios2eds/bin/gnu/h-i686-mingw32/bin/../lib/gcc/nios2-elf/4.1.2/../../../../nios2-elf/lib/mno-hw-mul\libc.a(lib_a-isattyr.o)
 .debug_aranges
                0x00000488       0x20 f:/quatus/nios2eds/bin/gnu/h-i686-mingw32/bin/../lib/gcc/nios2-elf/4.1.2/../../../../nios2-elf/lib/mno-hw-mul\libc.a(lib_a-lseekr.o)
 .debug_aranges
                0x000004a8       0x20 f:/quatus/nios2eds/bin/gnu/h-i686-mingw32/bin/../lib/gcc/nios2-elf/4.1.2/../../../../nios2-elf/lib/mno-hw-mul\libc.a(lib_a-readr.o)
 .debug_aranges
                0x000004c8       0x20 f:/quatus/nios2eds/bin/gnu/h-i686-mingw32/bin/../lib/gcc/nios2-elf/4.1.2/mno-hw-mul\libgcc.a(_muldi3.o)
 .debug_aranges
                0x000004e8       0x20 f:/quatus/nios2eds/bin/gnu/h-i686-mingw32/bin/../lib/gcc/nios2-elf/4.1.2/mno-hw-mul\libgcc.a(_udivdi3.o)
 .debug_aranges
                0x00000508       0x20 f:/quatus/nios2eds/bin/gnu/h-i686-mingw32/bin/../lib/gcc/nios2-elf/4.1.2/mno-hw-mul\libgcc.a(_umoddi3.o)
 .debug_aranges
                0x00000528       0x20 f:/quatus/nios2eds/bin/gnu/h-i686-mingw32/bin/../lib/gcc/nios2-elf/4.1.2/mno-hw-mul\libgcc.a(_addsub_df.o)
 .debug_aranges
                0x00000548       0x20 f:/quatus/nios2eds/bin/gnu/h-i686-mingw32/bin/../lib/gcc/nios2-elf/4.1.2/mno-hw-mul\libgcc.a(_mul_df.o)
 .debug_aranges
                0x00000568       0x20 f:/quatus/nios2eds/bin/gnu/h-i686-mingw32/bin/../lib/gcc/nios2-elf/4.1.2/mno-hw-mul\libgcc.a(_div_df.o)
 .debug_aranges
                0x00000588       0x20 f:/quatus/nios2eds/bin/gnu/h-i686-mingw32/bin/../lib/gcc/nios2-elf/4.1.2/mno-hw-mul\libgcc.a(_eq_df.o)
 .debug_aranges
                0x000005a8       0x20 f:/quatus/nios2eds/bin/gnu/h-i686-mingw32/bin/../lib/gcc/nios2-elf/4.1.2/mno-hw-mul\libgcc.a(_ne_df.o)
 .debug_aranges
                0x000005c8       0x20 f:/quatus/nios2eds/bin/gnu/h-i686-mingw32/bin/../lib/gcc/nios2-elf/4.1.2/mno-hw-mul\libgcc.a(_gt_df.o)
 .debug_aranges
                0x000005e8       0x20 f:/quatus/nios2eds/bin/gnu/h-i686-mingw32/bin/../lib/gcc/nios2-elf/4.1.2/mno-hw-mul\libgcc.a(_ge_df.o)
 .debug_aranges
                0x00000608       0x20 f:/quatus/nios2eds/bin/gnu/h-i686-mingw32/bin/../lib/gcc/nios2-elf/4.1.2/mno-hw-mul\libgcc.a(_lt_df.o)
 .debug_aranges
                0x00000628       0x20 f:/quatus/nios2eds/bin/gnu/h-i686-mingw32/bin/../lib/gcc/nios2-elf/4.1.2/mno-hw-mul\libgcc.a(_si_to_df.o)
 .debug_aranges
                0x00000648       0x20 f:/quatus/nios2eds/bin/gnu/h-i686-mingw32/bin/../lib/gcc/nios2-elf/4.1.2/mno-hw-mul\libgcc.a(_df_to_si.o)
 .debug_aranges
                0x00000668       0x20 f:/quatus/nios2eds/bin/gnu/h-i686-mingw32/bin/../lib/gcc/nios2-elf/4.1.2/mno-hw-mul\libgcc.a(_usi_to_df.o)
 .debug_aranges
                0x00000688       0x20 f:/quatus/nios2eds/bin/gnu/h-i686-mingw32/bin/../lib/gcc/nios2-elf/4.1.2/mno-hw-mul\libgcc.a(lib2-divmod.o)
 .debug_aranges
                0x000006a8       0x20 f:/quatus/nios2eds/bin/gnu/h-i686-mingw32/bin/../lib/gcc/nios2-elf/4.1.2/mno-hw-mul\libgcc.a(lib2-mul.o)
 .debug_aranges
                0x000006c8       0x20 f:/quatus/nios2eds/bin/gnu/h-i686-mingw32/bin/../lib/gcc/nios2-elf/4.1.2/mno-hw-mul\libgcc.a(_clzsi2.o)
 .debug_aranges
                0x000006e8       0x20 f:/quatus/nios2eds/bin/gnu/h-i686-mingw32/bin/../lib/gcc/nios2-elf/4.1.2/mno-hw-mul\libgcc.a(_pack_df.o)
 .debug_aranges
                0x00000708       0x20 f:/quatus/nios2eds/bin/gnu/h-i686-mingw32/bin/../lib/gcc/nios2-elf/4.1.2/mno-hw-mul\libgcc.a(_unpack_df.o)
 .debug_aranges
                0x00000728       0x20 f:/quatus/nios2eds/bin/gnu/h-i686-mingw32/bin/../lib/gcc/nios2-elf/4.1.2/mno-hw-mul\libgcc.a(_fpcmp_parts_df.o)
 .debug_aranges
                0x00000748       0x20 ../1223_bsp/\libhal_bsp.a(alt_close.o)
 .debug_aranges
                0x00000768       0x20 ../1223_bsp/\libhal_bsp.a(alt_dev.o)
 .debug_aranges
                0x00000788       0x20 ../1223_bsp/\libhal_bsp.a(alt_fstat.o)
 .debug_aranges
                0x000007a8       0x20 ../1223_bsp/\libhal_bsp.a(alt_gettod.o)
 .debug_aranges
                0x000007c8       0x20 ../1223_bsp/\libhal_bsp.a(alt_irq_register.o)
 .debug_aranges
                0x000007e8       0x20 ../1223_bsp/\libhal_bsp.a(alt_isatty.o)
 .debug_aranges
                0x00000808       0x20 ../1223_bsp/\libhal_bsp.a(alt_load.o)
 .debug_aranges
                0x00000828       0x20 ../1223_bsp/\libhal_bsp.a(alt_lseek.o)
 .debug_aranges