Archive member included because of file (symbol)

d:/alalala/nios2eds/bin/gnu/h-i686-mingw32/bin/../lib/gcc/nios2-elf/4.1.2/mno-hw-mul\libgcc.a(lib2-mul.o)
                              obj/default/count_binary.o (__mulsi3)
d:/alalala/nios2eds/bin/gnu/h-i686-mingw32/bin/../lib/gcc/nios2-elf/4.1.2/../../../../nios2-elf/lib/mno-hw-mul\libc.a(lib_a-printf.o)
                              obj/default/count_binary.o (printf)
d:/alalala/nios2eds/bin/gnu/h-i686-mingw32/bin/../lib/gcc/nios2-elf/4.1.2/../../../../nios2-elf/lib/mno-hw-mul\libc.a(lib_a-puts.o)
                              obj/default/count_binary.o (puts)
d:/alalala/nios2eds/bin/gnu/h-i686-mingw32/bin/../lib/gcc/nios2-elf/4.1.2/../../../../nios2-elf/lib/mno-hw-mul\libc.a(lib_a-rand.o)
                              obj/default/count_binary.o (srand)
d:/alalala/nios2eds/bin/gnu/h-i686-mingw32/bin/../lib/gcc/nios2-elf/4.1.2/../../../../nios2-elf/lib/mno-hw-mul\libc.a(lib_a-strlen.o)
                              d:/alalala/nios2eds/bin/gnu/h-i686-mingw32/bin/../lib/gcc/nios2-elf/4.1.2/../../../../nios2-elf/lib/mno-hw-mul\libc.a(lib_a-puts.o) (strlen)
d:/alalala/nios2eds/bin/gnu/h-i686-mingw32/bin/../lib/gcc/nios2-elf/4.1.2/../../../../nios2-elf/lib/mno-hw-mul\libc.a(lib_a-vfprintf.o)
                              d:/alalala/nios2eds/bin/gnu/h-i686-mingw32/bin/../lib/gcc/nios2-elf/4.1.2/../../../../nios2-elf/lib/mno-hw-mul\libc.a(lib_a-printf.o) (___vfprintf_internal_r)
d:/alalala/nios2eds/bin/gnu/h-i686-mingw32/bin/../lib/gcc/nios2-elf/4.1.2/../../../../nios2-elf/lib/mno-hw-mul\libc.a(lib_a-wsetup.o)
                              d:/alalala/nios2eds/bin/gnu/h-i686-mingw32/bin/../lib/gcc/nios2-elf/4.1.2/../../../../nios2-elf/lib/mno-hw-mul\libc.a(lib_a-vfprintf.o) (__swsetup_r)
d:/alalala/nios2eds/bin/gnu/h-i686-mingw32/bin/../lib/gcc/nios2-elf/4.1.2/../../../../nios2-elf/lib/mno-hw-mul\libc.a(lib_a-dtoa.o)
                              d:/alalala/nios2eds/bin/gnu/h-i686-mingw32/bin/../lib/gcc/nios2-elf/4.1.2/../../../../nios2-elf/lib/mno-hw-mul\libc.a(lib_a-vfprintf.o) (_dtoa_r)
d:/alalala/nios2eds/bin/gnu/h-i686-mingw32/bin/../lib/gcc/nios2-elf/4.1.2/../../../../nios2-elf/lib/mno-hw-mul\libc.a(lib_a-fflush.o)
                              d:/alalala/nios2eds/bin/gnu/h-i686-mingw32/bin/../lib/gcc/nios2-elf/4.1.2/../../../../nios2-elf/lib/mno-hw-mul\libc.a(lib_a-vfprintf.o) (_fflush_r)
d:/alalala/nios2eds/bin/gnu/h-i686-mingw32/bin/../lib/gcc/nios2-elf/4.1.2/../../../../nios2-elf/lib/mno-hw-mul\libc.a(lib_a-findfp.o)
                              d:/alalala/nios2eds/bin/gnu/h-i686-mingw32/bin/../lib/gcc/nios2-elf/4.1.2/../../../../nios2-elf/lib/mno-hw-mul\libc.a(lib_a-vfprintf.o) (__sinit)
d:/alalala/nios2eds/bin/gnu/h-i686-mingw32/bin/../lib/gcc/nios2-elf/4.1.2/../../../../nios2-elf/lib/mno-hw-mul\libc.a(lib_a-freer.o)
                              d:/alalala/nios2eds/bin/gnu/h-i686-mingw32/bin/../lib/gcc/nios2-elf/4.1.2/../../../../nios2-elf/lib/mno-hw-mul\libc.a(lib_a-wsetup.o) (_free_r)
d:/alalala/nios2eds/bin/gnu/h-i686-mingw32/bin/../lib/gcc/nios2-elf/4.1.2/../../../../nios2-elf/lib/mno-hw-mul\libc.a(lib_a-fvwrite.o)
                              d:/alalala/nios2eds/bin/gnu/h-i686-mingw32/bin/../lib/gcc/nios2-elf/4.1.2/../../../../nios2-elf/lib/mno-hw-mul\libc.a(lib_a-puts.o) (__sfvwrite_r)
d:/alalala/nios2eds/bin/gnu/h-i686-mingw32/bin/../lib/gcc/nios2-elf/4.1.2/../../../../nios2-elf/lib/mno-hw-mul\libc.a(lib_a-fwalk.o)
                              d:/alalala/nios2eds/bin/gnu/h-i686-mingw32/bin/../lib/gcc/nios2-elf/4.1.2/../../../../nios2-elf/lib/mno-hw-mul\libc.a(lib_a-fflush.o) (_fwalk_reent)
d:/alalala/nios2eds/bin/gnu/h-i686-mingw32/bin/../lib/gcc/nios2-elf/4.1.2/../../../../nios2-elf/lib/mno-hw-mul\libc.a(lib_a-impure.o)
                              d:/alalala/nios2eds/bin/gnu/h-i686-mingw32/bin/../lib/gcc/nios2-elf/4.1.2/../../../../nios2-elf/lib/mno-hw-mul\libc.a(lib_a-printf.o) (_impure_ptr)
d:/alalala/nios2eds/bin/gnu/h-i686-mingw32/bin/../lib/gcc/nios2-elf/4.1.2/../../../../nios2-elf/lib/mno-hw-mul\libc.a(lib_a-locale.o)
                              d:/alalala/nios2eds/bin/gnu/h-i686-mingw32/bin/../lib/gcc/nios2-elf/4.1.2/../../../../nios2-elf/lib/mno-hw-mul\libc.a(lib_a-vfprintf.o) (_localeconv_r)
d:/alalala/nios2eds/bin/gnu/h-i686-mingw32/bin/../lib/gcc/nios2-elf/4.1.2/../../../../nios2-elf/lib/mno-hw-mul\libc.a(lib_a-makebuf.o)
                              d:/alalala/nios2eds/bin/gnu/h-i686-mingw32/bin/../lib/gcc/nios2-elf/4.1.2/../../../../nios2-elf/lib/mno-hw-mul\libc.a(lib_a-wsetup.o) (__smakebuf_r)
d:/alalala/nios2eds/bin/gnu/h-i686-mingw32/bin/../lib/gcc/nios2-elf/4.1.2/../../../../nios2-elf/lib/mno-hw-mul\libc.a(lib_a-mallocr.o)
                              d:/alalala/nios2eds/bin/gnu/h-i686-mingw32/bin/../lib/gcc/nios2-elf/4.1.2/../../../../nios2-elf/lib/mno-hw-mul\libc.a(lib_a-findfp.o) (_malloc_r)
[...]
Memory Configuration

Name             Origin             Length             Attributes
reset            0x02800000         0x00000020
sdram_ctrl       0x02800020         0x007fffe0
*default*        0x00000000         0xffffffff

Linker script and memory map

LOAD ../0109_bsp//obj/HAL/src/crt0.o
LOAD obj/default/count_binary.o
LOAD d:/alalala/nios2eds/bin/gnu/h-i686-mingw32/bin/../lib/gcc/nios2-elf/4.1.2/../../../../nios2-elf/lib/mno-hw-mul\libstdc++.a
LOAD d:/alalala/nios2eds/bin/gnu/h-i686-mingw32/bin/../lib/gcc/nios2-elf/4.1.2/../../../../nios2-elf/lib/mno-hw-mul\libm.a
LOAD d:/alalala/nios2eds/bin/gnu/h-i686-mingw32/bin/../lib/gcc/nios2-elf/4.1.2/mno-hw-mul\libgcc.a
START GROUP
LOAD d:/alalala/nios2eds/bin/gnu/h-i686-mingw32/bin/../lib/gcc/nios2-elf/4.1.2/../../../../nios2-elf/lib/mno-hw-mul\libc.a
LOAD d:/alalala/nios2eds/bin/gnu/h-i686-mingw32/bin/../lib/gcc/nios2-elf/4.1.2/mno-hw-mul\libgcc.a
LOAD ../0109_bsp/\libhal_bsp.a
END GROUP
LOAD d:/alalala/nios2eds/bin/gnu/h-i686-mingw32/bin/../lib/gcc/nios2-elf/4.1.2/mno-hw-mul\libgcc.a
                0x02800000                __alt_mem_sdram_ctrl = 0x2800000

.entry          0x02800000       0x20
 *(.entry)
 .entry         0x02800000       0x20 ../0109_bsp//obj/HAL/src/crt0.o
                0x02800000                __reset

.exceptions     0x02800020      0x194
                0x02800020                PROVIDE (__ram_exceptions_start, ABSOLUTE (.))
                0x02800020                . = ALIGN (0x20)
 *(.irq)
 *(.exceptions.entry.label)
 .exceptions.entry.label
                0x02800020        0x0 ../0109_bsp/\libhal_bsp.a(alt_irq_entry.o)
                0x02800020                alt_irq_entry
 .exceptions.entry.label
                0x02800020        0x0 ../0109_bsp/\libhal_bsp.a(alt_exception_entry.o)
                0x02800020                alt_exception
 *(.exceptions.entry.user)
 *(.exceptions.entry)
 .exceptions.entry
                0x02800020       0x54 ../0109_bsp/\libhal_bsp.a(alt_exception_entry.o)
 *(.exceptions.irqtest.user)
 *(.exceptions.irqtest)
 .exceptions.irqtest
                0x02800074       0x10 ../0109_bsp/\libhal_bsp.a(alt_irq_entry.o)
 *(.exceptions.irqhandler.user)
 *(.exceptions.irqhandler)
 .exceptions.irqhandler
                0x02800084        0x4 ../0109_bsp/\libhal_bsp.a(alt_irq_entry.o)
 *(.exceptions.irqreturn.user)
 *(.exceptions.irqreturn)
 .exceptions.irqreturn
                0x02800088        0x4 ../0109_bsp/\libhal_bsp.a(alt_irq_entry.o)
 *(.exceptions.notirq.label)
 .exceptions.notirq.label
                0x0280008c        0x0 ../0109_bsp/\libhal_bsp.a(alt_irq_entry.o)
 *(.exceptions.notirq.user)
 *(.exceptions.notirq)
 .exceptions.notirq
                0x0280008c        0x8 ../0109_bsp/\libhal_bsp.a(alt_exception_entry.o)
 *(.exceptions.soft.user)
 *(.exceptions.soft)
 *(.exceptions.unknown.user)
 *(.exceptions.unknown)
 .exceptions.unknown
                0x02800094        0x4 ../0109_bsp/\libhal_bsp.a(alt_exception_entry.o)
 *(.exceptions.exit.label)
 .exceptions.exit.label
                0x02800098        0x0 ../0109_bsp/\libhal_bsp.a(alt_irq_entry.o)
 .exceptions.exit.label
                0x02800098        0x0 ../0109_bsp/\libhal_bsp.a(alt_exception_entry.o)
 *(.exceptions.exit.user)
 *(.exceptions.exit)
 .exceptions.exit
                0x02800098       0x54 ../0109_bsp/\libhal_bsp.a(alt_exception_entry.o)
 *(.exceptions)
 .exceptions    0x028000ec       0xc8 ../0109_bsp/\libhal_bsp.a(alt_irq_handler.o)
                0x028000ec                alt_irq_handler
                0x028001b4                PROVIDE (__ram_exceptions_end, ABSOLUTE (.))
                0x02800020                PROVIDE (__flash_exceptions_start, LOADADDR (.exceptions))

.text           0x028001b4     0xf5e8
                0x028001b4                PROVIDE (stext, ABSOLUTE (.))
 *(.interp)
 *(.hash)
 *(.dynsym)
 *(.dynstr)
 *(.gnu.version)
 *(.gnu.version_d)
 *(.gnu.version_r)
 *(.rel.init)
 *(.rela.init)
 *(.rel.text .rel.text.* .rel.gnu.linkonce.t.*)
 *(.rela.text .rela.text.* .rela.gnu.linkonce.t.*)
 *(.rel.fini)
 *(.rela.fini)
 *(.rel.rodata .rel.rodata.* .rel.gnu.linkonce.r.*)
 *(.rela.rodata .rela.rodata.* .rela.gnu.linkonce.r.*)
 *(.rel.data .rel.data.* .rel.gnu.linkonce.d.*)
 *(.rela.data .rela.data.* .rela.gnu.linkonce.d.*)
 *(.rel.tdata .rel.tdata.* .rel.gnu.linkonce.td.*)
 *(.rela.tdata .rela.tdata.* .rela.gnu.linkonce.td.*)
 *(.rel.tbss .rel.tbss.* .rel.gnu.linkonce.tb.*)
 *(.rela.tbss .rela.tbss.* .rela.gnu.linkonce.tb.*)
 *(.rel.ctors)
 *(.rela.ctors)
 *(.rel.dtors)
 *(.rela.dtors)
 *(.rel.got)
 *(.rela.got)
 *(.rel.sdata .rel.sdata.* .rel.gnu.linkonce.s.*)
 *(.rela.sdata .rela.sdata.* .rela.gnu.linkonce.s.*)
 *(.rel.sbss .rel.sbss.* .rel.gnu.linkonce.sb.*)
 *(.rela.sbss .rela.sbss.* .rela.gnu.linkonce.sb.*)
 *(.rel.sdata2 .rel.sdata2.* .rel.gnu.linkonce.s2.*)
 *(.rela.sdata2 .rela.sdata2.* .rela.gnu.linkonce.s2.*)
 *(.rel.sbss2 .rel.sbss2.* .rel.gnu.linkonce.sb2.*)
 *(.rela.sbss2 .rela.sbss2.* .rela.gnu.linkonce.sb2.*)
 *(.rel.bss .rel.bss.* .rel.gnu.linkonce.b.*)
 *(.rela.bss .rela.bss.* .rela.gnu.linkonce.b.*)
 *(.rel.plt)
 *(.rela.plt)
 *(.rel.dyn)
 *(.init)
 *(.plt)
 *(.text .stub .text.* .gnu.linkonce.t.*)
 .text          0x028001b4       0x3c ../0109_bsp//obj/HAL/src/crt0.o
                0x028001b4                _start
 .text          0x028001f0     0x1ff8 obj/default/count_binary.o
                0x028001f0                star_display
                0x02800340                end_display
                0x02800634                DoEnablePIOInterrupt
                0x028006a4                DoDisablePIOInterrupt
                0x028006fc                PIOISRInitial
                0x02800780                PIOISR
                0x028007c8                he0
                0x0280097c                role_map3
                0x02800ec8                role_map2
                0x02801404                role_map1
                0x02801940                role_map4
                0x02801e8c                main
 .text          0x028021e8       0x38 d:/alalala/nios2eds/bin/gnu/h-i686-mingw32/bin/../lib/gcc/nios2-elf/4.1.2/mno-hw-mul\libgcc.a(lib2-mul.o)
                0x028021e8                __mulsi3
 .text          0x02802220       0x78 d:/alalala/nios2eds/bin/gnu/h-i686-mingw32/bin/../lib/gcc/nios2-elf/4.1.2/../../../../nios2-elf/lib/mno-hw-mul\libc.a(lib_a-printf.o)
                0x02802220                printf
                0x02802264                _printf_r
 .text          0x02802298       0xb4 d:/alalala/nios2eds/bin/gnu/h-i686-mingw32/bin/../lib/gcc/nios2-elf/4.1.2/../../../../nios2-elf/lib/mno-hw-mul\libc.a(lib_a-puts.o)
                0x02802298                _puts_r
                0x02802338                puts
 .text          0x0280234c       0x94 d:/alalala/nios2eds/bin/gnu/h-i686-mingw32/bin/../lib/gcc/nios2-elf/4.1.2/../../../../nios2-elf/lib/mno-hw-mul\libc.a(lib_a-rand.o)
                0x0280234c                srand
                0x02802368                rand
 .text          0x028023e0       0x74 d:/alalala/nios2eds/bin/gnu/h-i686-mingw32/bin/../lib/gcc/nios2-elf/4.1.2/../../../../nios2-elf/lib/mno-hw-mul\libc.a(lib_a-strlen.o)
                0x028023e0                strlen
 .text          0x02802454     0x1f40 d:/alalala/nios2eds/bin/gnu/h-i686-mingw32/bin/../lib/gcc/nios2-elf/4.1.2/../../../../nios2-elf/lib/mno-hw-mul\libc.a(lib_a-vfprintf.o)
                0x028024ac                ___vfprintf_internal_r
                0x02804370                __vfprintf_internal
 .text          0x02804394      0x13c d:/alalala/nios2eds/bin/gnu/h-i686-mingw32/bin/../lib/gcc/nios2-elf/4.1.2/../../../../nios2-elf/lib/mno-hw-mul\libc.a(lib_a-wsetup.o)
                0x02804394                __swsetup_r
 .text          0x028044d0     0x17f8 d:/alalala/nios2eds/bin/gnu/h-i686-mingw32/bin/../lib/gcc/nios2-elf/4.1.2/../../../../nios2-elf/lib/mno-hw-mul\libc.a(lib_a-dtoa.o)
                0x02804714                _dtoa_r
 .text          0x02805cc8      0x230 d:/alalala/nios2eds/bin/gnu/h-i686-mingw32/bin/../lib/gcc/nios2-elf/4.1.2/../../../../nios2-elf/lib/mno-hw-mul\libc.a(lib_a-fflush.o)
                0x02805cc8                _fflush_r
                0x02805ec4                fflush
 .text          0x02805ef8      0x2f4 d:/alalala/nios2eds/bin/gnu/h-i686-mingw32/bin/../lib/gcc/nios2-elf/4.1.2/../../../../nios2-elf/lib/mno-hw-mul\libc.a(lib_a-findfp.o)
                0x02805f50                __sfp_lock_acquire
                0x02805f54                __sfp_lock_release
                0x02805f58                __sinit_lock_acquire
                0x02805f5c                __sinit_lock_release
                0x02805f60                __sinit
                0x02806014                __fp_unlock_all
                0x0280602c                __fp_lock_all
                0x02806044                _cleanup_r
                0x02806050                _cleanup
                0x02806060                __sfmoreglue
                0x028060fc                __sfp
 .text          0x028061ec      0x440 d:/alalala/nios2eds/bin/gnu/h-i686-mingw32/bin/../lib/gcc/nios2-elf/4.1.2/../../../../nios2-elf/lib/mno-hw-mul\libc.a(lib_a-freer.o)
                0x028061ec                _malloc_trim_r
                0x02806318                _free_r
 .text          0x0280662c      0x49c d:/alalala/nios2eds/bin/gnu/h-i686-mingw32/bin/../lib/gcc/nios2-elf/4.1.2/../../../../nios2-elf/lib/mno-hw-mul\libc.a(lib_a-fvwrite.o)
                0x0280662c                __sfvwrite_r
 .text          0x02806ac8      0x180 d:/alalala/nios2eds/bin/gnu/h-i686-mingw32/bin/../lib/gcc/nios2-elf/4.1.2/../../../../nios2-elf/lib/mno-hw-mul\libc.a(lib_a-fwalk.o)
                0x02806ac8                _fwalk_reent
                0x02806b90                _fwalk
 .text          0x02806c48        0x0 d:/alalala/nios2eds/bin/gnu/h-i686-mingw32/bin/../lib/gcc/nios2-elf/4.1.2/../../../../nios2-elf/lib/mno-hw-mul\libc.a(lib_a-impure.o)
 .text          0x02806c48       0xc4 d:/alalala/nios2eds/bin/gnu/h-i686-mingw32/bin/../lib/gcc/nios2-elf/4.1.2/../../../../nios2-elf/lib/mno-hw-mul\libc.a(lib_a-locale.o)
                0x02806c48                __locale_charset
                0x02806c50                _localeconv_r
                0x02806c5c                localeconv
                0x02806c6c                _setlocale_r
                0x02806cf0                setlocale
 .text          0x02806d0c      0x194 d:/alalala/nios2eds/bin/gnu/h-i686-mingw32/bin/../lib/gcc/nios2-elf/4.1.2/../../../../nios2-elf/lib/mno-hw-mul\libc.a(lib_a-makebuf.o)
                0x02806d0c                __smakebuf_r
 .text          0x02806ea0      0x740 d:/alalala/nios2eds/bin/gnu/h-i686-mingw32/bin/../lib/gcc/nios2-elf/4.1.2/../../../../nios2-elf/lib/mno-hw-mul\libc.a(lib_a-mallocr.o)
                0x02806ea0                _malloc_r
 .text          0x028075e0       0xe4 d:/alalala/nios2eds/bin/gnu/h-i686-mingw32/bin/../lib/gcc/nios2-elf/4.1.2/../../../../nios2-elf/lib/mno-hw-mul\libc.a(lib_a-memchr.o)
                0x028075e0                memchr
 .text          0x028076c4       0xa0 d:/alalala/nios2eds/bin/gnu/h-i686-mingw32/bin/../lib/gcc/nios2-elf/4.1.2/../../../../nios2-elf/lib/mno-hw-mul\libc.a(lib_a-memcpy.o)
                0x028076c4                memcpy
 .text          0x02807764       0xe0 d:/alalala/nios2eds/bin/gnu/h-i686-mingw32/bin/../lib/gcc/nios2-elf/4.1.2/../../../../nios2-elf/lib/mno-hw-mul\libc.a(lib_a-memmove.o)
                0x02807764                memmove
 .text          0x02807844       0x98 d:/alalala/nios2eds/bin/gnu/h-i686-mingw32/bin/../lib/gcc/nios2-elf/4.1.2/../../../../nios2-elf/lib/mno-hw-mul\libc.a(lib_a-memset.o)
                0x02807844                memset
 .text          0x028078dc     0x108c d:/alalala/nios2eds/bin/gnu/h-i686-mingw32/bin/../lib/gcc/nios2-elf/4.1.2/../../../../nios2-elf/lib/mno-hw-mul\libc.a(lib_a-mprec.o)
                0x028078dc                _Bfree
                0x02807904                __hi0bits
                0x02807974                __lo0bits
                0x02807a38                __mcmp
                0x02807a98                __ulp
                0x02807b18                __b2d
                0x02807c38                __ratio
                0x02807ce8                _mprec_log10
                0x02807d7c                __copybits
                0x02807dd4                __any_on
                0x02807e5c                _Balloc
                0x02807f18                __d2b
                0x02808094                __mdiff
                0x02808220                __lshift
                0x0280836c                __multiply
                0x028085c0                __i2b
                0x028085fc                __multadd
                0x02808728                __pow5mult
                0x02808848                __s2b
 .text          0x02808968      0x5f4 d:/alalala/nios2eds/bin/gnu/h-i686-mingw32/bin/../lib/gcc/nios2-elf/4.1.2/../../../../nios2-elf/lib/mno-hw-mul\libc.a(lib_a-reallocr.o)
                0x02808968                _realloc_r
 .text          0x02808f5c       0x40 d:/alalala/nios2eds/bin/gnu/h-i686-mingw32/bin/../lib/gcc/nios2-elf/4.1.2/../../../../nios2-elf/lib/mno-hw-mul\libc.a(lib_a-s_isinfd.o)
                0x02808f5c                __isinfd
 .text          0x02808f9c       0x30 d:/alalala/nios2eds/bin/gnu/h-i686-mingw32/bin/../lib/gcc/nios2-elf/4.1.2/../../../../nios2-elf/lib/mno-hw-mul\libc.a(lib_a-s_isnand.o)
                0x02808f9c                __isnand
 .text          0x02808fcc       0x70 d:/alalala/nios2eds/bin/gnu/h-i686-mingw32/bin/../lib/gcc/nios2-elf/4.1.2/../../../../nios2-elf/lib/mno-hw-mul\libc.a(lib_a-sbrkr.o)
                0x02808fcc                _sbrk_r
 .text          0x0280903c      0x14c d:/alalala/nios2eds/bin/gnu/h-i686-mingw32/bin/../lib/gcc/nios2-elf/4.1.2/../../../../nios2-elf/lib/mno-hw-mul\libc.a(lib_a-stdio.o)
                0x0280903c                __sclose
                0x02809044                __sseek
                0x028090ac                __swrite
                0x02809128                __sread
 .text          0x02809188       0xbc d:/alalala/nios2eds/bin/gnu/h-i686-mingw32/bin/../lib/gcc/nios2-elf/4.1.2/../../../../nios2-elf/lib/mno-hw-mul\libc.a(lib_a-strcmp.o)
                0x02809188                strcmp
 .text          0x02809244       0x78 d:/alalala/nios2eds/bin/gnu/h-i686-mingw32/bin/../lib/gcc/nios2-elf/4.1.2/../../../../nios2-elf/lib/mno-hw-mul\libc.a(lib_a-writer.o)
                0x02809244                _write_r
 .text          0x028092bc       0xc8 d:/alalala/nios2eds/bin/gnu/h-i686-mingw32/bin/../lib/gcc/nios2-elf/4.1.2/../../../../nios2-elf/lib/mno-hw-mul\libc.a(lib_a-callocr.o)
                0x028092bc                _calloc_r
 .text          0x02809384       0x70 d:/alalala/nios2eds/bin/gnu/h-i686-mingw32/bin/../lib/gcc/nios2-elf/4.1.2/../../../../nios2-elf/lib/mno-hw-mul\libc.a(lib_a-closer.o)
                0x02809384                _close_r
 .text          0x028093f4      0x124 d:/alalala/nios2eds/bin/gnu/h-i686-mingw32/bin/../lib/gcc/nios2-elf/4.1.2/../../../../nios2-elf/lib/mno-hw-mul\libc.a(lib_a-fclose.o)
                0x028093f4                _fclose_r
                0x02809504                fclose
 .text          0x02809518       0x74 d:/alalala/nios2eds/bin/gnu/h-i686-mingw32/bin/../lib/gcc/nios2-elf/4.1.2/../../../../nios2-elf/lib/mno-hw-mul\libc.a(lib_a-fstatr.o)
                0x02809518                _fstat_r
 .text          0x0280958c        0x0 d:/alalala/nios2eds/bin/gnu/h-i686-mingw32/bin/../lib/gcc/nios2-elf/4.1.2/../../../../nios2-elf/lib/mno-hw-mul\libc.a(lib_a-int_errno.o)
 .text          0x0280958c       0x70 d:/alalala/nios2eds/bin/gnu/h-i686-mingw32/bin/../lib/gcc/nios2-elf/4.1.2/../../../../nios2-elf/lib/mno-hw-mul\libc.a(lib_a-isattyr.o)
                0x0280958c                _isatty_r
 .text          0x028095fc       0x78 d:/alalala/nios2eds/bin/gnu/h-i686-mingw32/bin/../lib/gcc/nios2-elf/4.1.2/../../../../nios2-elf/lib/mno-hw-mul\libc.a(lib_a-lseekr.o)
                0x028095fc                _lseek_r
 .text          0x02809674       0x78 d:/alalala/nios2eds/bin/gnu/h-i686-mingw32/bin/../lib/gcc/nios2-elf/4.1.2/../../../../nios2-elf/lib/mno-hw-mul\libc.a(lib_a-readr.o)
                0x02809674                _read_r
 .text          0x028096ec      0x124 d:/alalala/nios2eds/bin/gnu/h-i686-mingw32/bin/../lib/gcc/nios2-elf/4.1.2/mno-hw-mul\libgcc.a(_muldi3.o)
                0x028096ec                __muldi3
 .text          0x02809810      0x66c d:/alalala/nios2eds/bin/gnu/h-i686-mingw32/bin/../lib/gcc/nios2-elf/4.1.2/mno-hw-mul\libgcc.a(_udivdi3.o)
                0x02809810                __udivdi3
 .text          0x02809e7c      0x660 d:/alalala/nios2eds/bin/gnu/h-i686-mingw32/bin/../lib/gcc/nios2-elf/4.1.2/mno-hw-mul\libgcc.a(_umoddi3.o)
                0x02809e7c                __umoddi3
 .text          0x0280a4dc      0x504 d:/alalala/nios2eds/bin/gnu/h-i686-mingw32/bin/../lib/gcc/nios2-elf/4.1.2/mno-hw-mul\libgcc.a(_addsub_df.o)
                0x0280a8ec                __subdf3
                0x0280a96c                __adddf3
 .text          0x0280a9e0      0x3c4 d:/alalala/nios2eds/bin/gnu/h-i686-mingw32/bin/../lib/gcc/nios2-elf/4.1.2/mno-hw-mul\libgcc.a(_mul_df.o)
                0x0280a9e0                __muldf3
 .text          0x0280ada4      0x258 d:/alalala/nios2eds/bin/gnu/h-i686-mingw32/bin/../lib/gcc/nios2-elf/4.1.2/mno-hw-mul\libgcc.a(_div_df.o)
                0x0280ada4                __divdf3
 .text          0x0280affc       0x88 d:/alalala/nios2eds/bin/gnu/h-i686-mingw32/bin/../lib/gcc/nios2-elf/4.1.2/mno-hw-mul\libgcc.a(_eq_df.o)
                0x0280affc                __eqdf2
 .text          0x0280b084       0x88 d:/alalala/nios2eds/bin/gnu/h-i686-mingw32/bin/../lib/gcc/nios2-elf/4.1.2/mno-hw-mul\libgcc.a(_ne_df.o)
                0x0280b084                __nedf2
 .text          0x0280b10c       0x88 d:/alalala/nios2eds/bin/gnu/h-i686-mingw32/bin/../lib/gcc/nios2-elf/4.1.2/mno-hw-mul\libgcc.a(_gt_df.o)
                0x0280b10c                __gtdf2
 .text          0x0280b194       0x88 d:/alalala/nios2eds/bin/gnu/h-i686-mingw32/bin/../lib/gcc/nios2-elf/4.1.2/mno-hw-mul\libgcc.a(_ge_df.o)
                0x0280b194                __gedf2
 .text          0x0280b21c       0x88 d:/alalala/nios2eds/bin/gnu/h-i686-mingw32/bin/../lib/gcc/nios2-elf/4.1.2/mno-hw-mul\libgcc.a(_lt_df.o)
                0x0280b21c                __ltdf2
 .text          0x0280b2a4       0xf8 d:/alalala/nios2eds/bin/gnu/h-i686-mingw32/bin/../lib/gcc/nios2-elf/4.1.2/mno-hw-mul\libgcc.a(_si_to_df.o)
                0x0280b2a4                __floatsidf
 .text          0x0280b39c       0xd8 d:/alalala/nios2eds/bin/gnu/h-i686-mingw32/bin/../lib/gcc/nios2-elf/4.1.2/mno-hw-mul\libgcc.a(_df_to_si.o)
                0x0280b39c                __fixdfsi
 .text          0x0280b474        0x0 d:/alalala/nios2eds/bin/gnu/h-i686-mingw32/bin/../lib/gcc/nios2-elf/4.1.2/mno-hw-mul\libgcc.a(_thenan_df.o)
 .text          0x0280b474      0x194 d:/alalala/nios2eds/bin/gnu/h-i686-mingw32/bin/../lib/gcc/nios2-elf/4.1.2/mno-hw-mul\libgcc.a(_usi_to_df.o)
                0x0280b474                __floatunsidf
 .text          0x0280b608      0x14c d:/alalala/nios2eds/bin/gnu/h-i686-mingw32/bin/../lib/gcc/nios2-elf/4.1.2/mno-hw-mul\libgcc.a(lib2-divmod.o)
                0x0280b684                __divsi3
                0x0280b6e4                __modsi3
                0x0280b744                __udivsi3
                0x0280b74c                __umodsi3
 .text          0x0280b754        0x0 d:/alalala/nios2eds/bin/gnu/h-i686-mingw32/bin/../lib/gcc/nios2-elf/4.1.2/mno-hw-mul\libgcc.a(_clz.o)
 .text          0x0280b754       0x80 d:/alalala/nios2eds/bin/gnu/h-i686-mingw32/bin/../lib/gcc/nios2-elf/4.1.2/mno-hw-mul\libgcc.a(_clzsi2.o)
                0x0280b754                __clzsi2
 .text          0x0280b7d4      0x314 d:/alalala/nios2eds/bin/gnu/h-i686-mingw32/bin/../lib/gcc/nios2-elf/4.1.2/mno-hw-mul\libgcc.a(_pack_df.o)
                0x0280b7d4                __pack_d
 .text          0x0280bae8      0x138 d:/alalala/nios2eds/bin/gnu/h-i686-mingw32/bin/../lib/gcc/nios2-elf/4.1.2/mno-hw-mul\libgcc.a(_unpack_df.o)
                0x0280bae8                __unpack_d
 .text          0x0280bc20       0xc8 d:/alalala/nios2eds/bin/gnu/h-i686-mingw32/bin/../lib/gcc/nios2-elf/4.1.2/mno-hw-mul\libgcc.a(_fpcmp_parts_df.o)
                0x0280bc20                __fpcmp_parts_d
 .text          0x0280bce8      0x160 ../0109_bsp/\libhal_bsp.a(alt_close.o)
                0x0280bce8                close
 .text          0x0280be48       0x2c ../0109_bsp/\libhal_bsp.a(alt_dev.o)
 .text          0x0280be74        0x0 ../0109_bsp/\libhal_bsp.a(alt_errno.o)
 .text          0x0280be74      0x138 ../0109_bsp/\libhal_bsp.a(alt_fstat.o)
                0x0280be74                fstat
 .text          0x0280bfac      0x1c0 ../0109_bsp/\libhal_bsp.a(alt_irq_register.o)
                0x0280bfac                alt_irq_register
 .text          0x0280c16c        0x0 ../0109_bsp/\libhal_bsp.a(alt_irq_vars.o)
 .text          0x0280c16c      0x124 ../0109_bsp/\libhal_bsp.a(alt_isatty.o)
                0x0280c16c                isatty
 .text          0x0280c290       0xec ../0109_bsp/\libhal_bsp.a(alt_load.o)
                0x0280c290                alt_load
 .text          0x0280c37c      0x154 ../0109_bsp/\libhal_bsp.a(alt_lseek.o)
                0x0280c37c                lseek
 .text          0x0280c4d0       0x6c ../0109_bsp/\libhal_bsp.a(alt_main.o)
                0x0280c4d0                alt_main
 .text          0x0280c53c       0x40 ../0109_bsp/\libhal_bsp.a(alt_malloc_lock.o)
                0x0280c53c                __malloc_lock
                0x0280c55c                __malloc_unlock
 .text          0x0280c57c      0x184 ../0109_bsp/\libhal_bsp.a(alt_read.o)
                0x0280c57c                read
 .text          0x0280c700       0x78 ../0109_bsp/\libhal_bsp.a(alt_release_fd.o)
                0x0280c700                alt_release_fd
 .text          0x0280c778       0xbc ../0109_bsp/\libhal_bsp.a(alt_sbrk.o)
                0x0280c778                sbrk
 .text          0x0280c834       0x30 ../0109_bsp/\libhal_bsp.a(alt_usleep.o)
                0x0280c834                usleep
 .text          0x0280c864      0x184 ../0109_bsp/\libhal_bsp.a(alt_write.o)
                0x0280c864                write
 .text          0x0280c9e8       0xd4 ../0109_bsp/\libhal_bsp.a(alt_sys_init.o)
                0x0280c9e8                alt_irq_init
                0x0280ca1c                alt_sys_init
 .text          0x0280cabc      0xcac ../0109_bsp/\libhal_bsp.a(altera_avalon_dma.o)
                0x0280cabc                alt_avalon_dma_launch_bidir
                0x0280d0d0                alt_avalon_dma_tx_ioctl
                0x0280d114                alt_avalon_dma_rx_ioctl
                0x0280d158                alt_avalon_dma_prepare
                0x0280d2ac                alt_avalon_dma_space
                0x0280d32c                alt_avalon_dma_send
                0x0280d648                alt_avalon_dma_init
 .text          0x0280d768      0x148 ../0109_bsp/\libhal_bsp.a(altera_avalon_jtag_uart_fd.o)
                0x0280d768                altera_avalon_jtag_uart_read_fd
                0x0280d7c0                altera_avalon_jtag_uart_write_fd
                0x0280d818                altera_avalon_jtag_uart_close_fd
                0x0280d860                altera_avalon_jtag_uart_ioctl_fd
 .text          0x0280d8b0      0x40c ../0109_bsp/\libhal_bsp.a(altera_avalon_jtag_uart_init.o)
                0x0280d8b0                altera_avalon_jtag_uart_init
                0x0280dc48                altera_avalon_jtag_uart_close
 .text          0x0280dcbc       0xf4 ../0109_bsp/\libhal_bsp.a(altera_avalon_jtag_uart_ioctl.o)
                0x0280dcbc                altera_avalon_jtag_uart_ioctl
 .text          0x0280ddb0      0x224 ../0109_bsp/\libhal_bsp.a(altera_avalon_jtag_uart_read.o)
                0x0280ddb0                altera_avalon_jtag_uart_read
 .text          0x0280dfd4      0x240 ../0109_bsp/\libhal_bsp.a(altera_avalon_jtag_uart_write.o)
                0x0280dfd4                altera_avalon_jtag_uart_write
 .text          0x0280e214      0x154 ../0109_bsp/\libhal_bsp.a(alt_alarm_start.o)
                0x0280e214                alt_alarm_start
 .text          0x0280e368      0x15c ../0109_bsp/\libhal_bsp.a(alt_busy_sleep.o)
                0x0280e368                alt_busy_sleep
 .text          0x0280e4c4       0x1c ../0109_bsp/\libhal_bsp.a(alt_dcache_flush_all.o)
                0x0280e4c4                alt_dcache_flush_all
 .text          0x0280e4e0      0x114 ../0109_bsp/\libhal_bsp.a(alt_dev_llist_insert.o)
                0x0280e4e0                alt_dev_llist_insert
 .text          0x0280e5f4       0xb8 ../0109_bsp/\libhal_bsp.a(alt_dma_rxchan_open.o)
                0x0280e5f4                alt_dma_rxchan_open
 .text          0x0280e6ac       0xb8 ../0109_bsp/\libhal_bsp.a(alt_dma_txchan_open.o)
                0x0280e6ac                alt_dma_txchan_open
 .text          0x0280e764       0x64 ../0109_bsp/\libhal_bsp.a(alt_do_ctors.o)
                0x0280e764                _do_ctors
 .text          0x0280e7c8       0x64 ../0109_bsp/\libhal_bsp.a(alt_do_dtors.o)
                0x0280e7c8                _do_dtors
 .text          0x0280e82c       0x94 ../0109_bsp/\libhal_bsp.a(alt_find_dev.o)
                0x0280e82c                alt_find_dev
 .text          0x0280e8c0       0x1c ../0109_bsp/\libhal_bsp.a(alt_icache_flush_all.o)
                0x0280e8c0                alt_icache_flush_all
 .text          0x0280e8dc      0x1d4 ../0109_bsp/\libhal_bsp.a(alt_iic.o)
                0x0280e8dc                alt_ic_isr_register
                0x0280e92c                alt_ic_irq_enable
                0x0280e9c8                alt_ic_irq_disable
                0x0280ea68                alt_ic_irq_enabled
 .text          0x0280eab0       0xf8 ../0109_bsp/\libhal_bsp.a(alt_iic_isr_register.o)
                0x0280eab0                alt_iic_isr_register
 .text          0x0280eba8      0x150 ../0109_bsp/\libhal_bsp.a(alt_io_redirect.o)
                0x0280ec80                alt_io_redirect
 .text          0x0280ecf8        0x0 ../0109_bsp/\libhal_bsp.a(alt_irq_entry.o)
 .text          0x0280ecf8        0x0 ../0109_bsp/\libhal_bsp.a(alt_irq_handler.o)
 .text          0x0280ecf8      0x2e4 ../0109_bsp/\libhal_bsp.a(alt_open.o)
                0x0280edf0                open
 .text          0x0280efdc      0x1a4 ../0109_bsp/\libhal_bsp.a(alt_tick.o)
                0x0280efdc                alt_alarm_stop
                0x0280f074                alt_tick
 .text          0x0280f180       0x20 ../0109_bsp/\libhal_bsp.a(altera_nios2_qsys_irq.o)
                0x0280f180                altera_nios2_qsys_irq_init
 .text          0x0280f1a0        0x0 ../0109_bsp/\libhal_bsp.a(alt_exception_entry.o)
 .text          0x0280f1a0      0x120 ../0109_bsp/\libhal_bsp.a(alt_find_file.o)
                0x0280f1a0                alt_find_file
 .text          0x0280f2c0       0xd0 ../0109_bsp/\libhal_bsp.a(alt_get_fd.o)
                0x0280f2c0                alt_get_fd
 .text          0x0280f390       0x14 d:/alalala/nios2eds/bin/gnu/h-i686-mingw32/bin/../lib/gcc/nios2-elf/4.1.2/../../../../nios2-elf/lib/mno-hw-mul\libc.a(lib_a-atexit.o)
                0x0280f390                atexit
 .text          0x0280f3a4       0x38 d:/alalala/nios2eds/bin/gnu/h-i686-mingw32/bin/../lib/gcc/nios2-elf/4.1.2/../../../../nios2-elf/lib/mno-hw-mul\libc.a(lib_a-exit.o)
                0x0280f3a4                exit
 .text          0x0280f3dc       0x74 d:/alalala/nios2eds/bin/gnu/h-i686-mingw32/bin/../lib/gcc/nios2-elf/4.1.2/../../../../nios2-elf/lib/mno-hw-mul\libc.a(lib_a-memcmp.o)
                0x0280f3dc                memcmp
 .text          0x0280f450      0x134 d:/alalala/nios2eds/bin/gnu/h-i686-mingw32/bin/../lib/gcc/nios2-elf/4.1.2/../../../../nios2-elf/lib/mno-hw-mul\libc.a(lib_a-__atexit.o)
                0x0280f450                __register_exitproc
 .text          0x0280f584      0x1b4 d:/alalala/nios2eds/bin/gnu/h-i686-mingw32/bin/../lib/gcc/nios2-elf/4.1.2/../../../../nios2-elf/lib/mno-hw-mul\libc.a(lib_a-__call_atexit.o)
                0x0280f588                __call_exitprocs
 .text          0x0280f738       0x60 ../0109_bsp/\libhal_bsp.a(alt_exit.o)
                0x0280f778                _exit
 *(.gnu.warning.*)
 *(.fini)
                0x0280f798                PROVIDE (__etext, ABSOLUTE (.))
                0x0280f798                PROVIDE (_etext, ABSOLUTE (.))
                0x0280f798                PROVIDE (etext, ABSOLUTE (.))
 *(.eh_frame_hdr)
                0x0280f798                . = ALIGN (0x4)
                0x0280f798                PROVIDE (__preinit_array_start, ABSOLUTE (.))
 *(.preinit_array)
                0x0280f798                PROVIDE (__preinit_array_end, ABSOLUTE (.))
                0x0280f798                PROVIDE (__init_array_start, ABSOLUTE (.))
 *(.init_array)
                0x0280f798                PROVIDE (__init_array_end, ABSOLUTE (.))
                0x0280f798                PROVIDE (__fini_array_start, ABSOLUTE (.))
 *(.fini_array)
                0x0280f798                PROVIDE (__fini_array_end, ABSOLUTE (.))
 *(.eh_frame)
 *(.gcc_except_table)
 *(.dynamic)
                0x0280f798                PROVIDE (__CTOR_LIST__, ABSOLUTE (.))
 *(.ctors)
 *(SORT(.ctors.*))
 .ctors.65535   0x0280f798        0x4 d:/alalala/nios2eds/bin/gnu/h-i686-mingw32/bin/../lib/gcc/nios2-elf/4.1.2/../../../../nios2-elf/lib/mno-hw-mul\libc.a(lib_a-__call_atexit.o)
                0x0280f79c                PROVIDE (__CTOR_END__, ABSOLUTE (.))
                0x0280f79c                PROVIDE (__DTOR_LIST__, ABSOLUTE (.))
 *(.dtors)
 *(SORT(.dtors.*))
                0x0280f79c                PROVIDE (__DTOR_END__, ABSOLUTE (.))
 *(.jcr)
                0x0280f79c                . = ALIGN (0x4)

.rodata         0x0280f79c      0x504
                0x0280f79c                PROVIDE (__ram_rodata_start, ABSOLUTE (.))
                0x0280f79c                . = ALIGN (0x4)
 *(.rodata .rodata.* .gnu.linkonce.r.*)
 .rodata        0x0280f79c      0x1bc obj/default/count_binary.o
 .rodata.str1.4
                0x0280f958        0x2 d:/alalala/nios2eds/bin/gnu/h-i686-mingw32/bin/../lib/gcc/nios2-elf/4.1.2/../../../../nios2-elf/lib/mno-hw-mul\libc.a(lib_a-puts.o)
                                  0x4 (size before relaxing)
 *fill*         0x0280f95a        0x2 00
 .rodata.str1.4
                0x0280f95c       0x5e d:/alalala/nios2eds/bin/gnu/h-i686-mingw32/bin/../lib/gcc/nios2-elf/4.1.2/../../../../nios2-elf/lib/mno-hw-mul\libc.a(lib_a-vfprintf.o)
                                 0x60 (size before relaxing)
 .rodata        0x0280f9ba       0x20 d:/alalala/nios2eds/bin/gnu/h-i686-mingw32/bin/../lib/gcc/nios2-elf/4.1.2/../../../../nios2-elf/lib/mno-hw-mul\libc.a(lib_a-vfprintf.o)
 *fill*         0x0280f9da        0x2 00
 .rodata.str1.4
                0x0280f9dc       0x10 d:/alalala/nios2eds/bin/gnu/h-i686-mingw32/bin/../lib/gcc/nios2-elf/4.1.2/../../../../nios2-elf/lib/mno-hw-mul\libc.a(lib_a-dtoa.o)
                                 0x14 (size before relaxing)
 .rodata.str1.4
                0x0280f9ec        0x2 d:/alalala/nios2eds/bin/gnu/h-i686-mingw32/bin/../lib/gcc/nios2-elf/4.1.2/../../../../nios2-elf/lib/mno-hw-mul\libc.a(lib_a-impure.o)
                                  0x4 (size before relaxing)
 *fill*         0x0280f9ee        0x2 00
 .rodata.str1.4
                0x0280f9f0       0x10 d:/alalala/nios2eds/bin/gnu/h-i686-mingw32/bin/../lib/gcc/nios2-elf/4.1.2/../../../../nios2-elf/lib/mno-hw-mul\libc.a(lib_a-locale.o)
                                 0x18 (size before relaxing)
 .rodata        0x0280fa00       0x30 d:/alalala/nios2eds/bin/gnu/h-i686-mingw32/bin/../lib/gcc/nios2-elf/4.1.2/../../../../nios2-elf/lib/mno-hw-mul\libc.a(lib_a-locale.o)
 .rodata        0x0280fa30      0x124 d:/alalala/nios2eds/bin/gnu/h-i686-mingw32/bin/../lib/gcc/nios2-elf/4.1.2/../../../../nios2-elf/lib/mno-hw-mul\libc.a(lib_a-mprec.o)
                0x0280fa30                __mprec_tens
                0x0280faf8                __mprec_bigtens
                0x0280fb20                __mprec_tinytens
 .rodata        0x0280fb54       0x14 d:/alalala/nios2eds/bin/gnu/h-i686-mingw32/bin/../lib/gcc/nios2-elf/4.1.2/mno-hw-mul\libgcc.a(_thenan_df.o)
                0x0280fb54                __thenan_df
 .rodata        0x0280fb68      0x100 d:/alalala/nios2eds/bin/gnu/h-i686-mingw32/bin/../lib/gcc/nios2-elf/4.1.2/mno-hw-mul\libgcc.a(_clz.o)
                0x0280fb68                __clz_tab
 .rodata        0x0280fc68        0xc ../0109_bsp/\libhal_bsp.a(alt_dev.o)
 .rodata        0x0280fc74       0x10 ../0109_bsp/\libhal_bsp.a(alt_main.o)
 .rodata        0x0280fc84       0x1c ../0109_bsp/\libhal_bsp.a(alt_sys_init.o)
 *(.rodata1)
                0x0280fca0                . = ALIGN (0x4)
                0x0280fca0                PROVIDE (__ram_rodata_end, ABSOLUTE (.))
                0x0280f79c                PROVIDE (__flash_rodata_start, LOADADDR (.rodata))

.rwdata         0x0280fca0     0x27e4 load address 0x02812484
                0x0280fca0                PROVIDE (__ram_rwdata_start, ABSOLUTE (.))
                0x0280fca0                . = ALIGN (0x4)
 *(.got.plt)
 *(.got)
 *(.data1)
 *(.data .data.* .gnu.linkonce.d.*)
 .data          0x0280fca0        0x0 ../0109_bsp//obj/HAL/src/crt0.o
 .data          0x0280fca0      0xc90 obj/default/count_binary.o
                0x0280fca0                maze1
                0x0280fe84                maze2
                0x02810068                maze3
                0x0281024c                maze4
 .data          0x02810930        0x0 d:/alalala/nios2eds/bin/gnu/h-i686-mingw32/bin/../lib/gcc/nios2-elf/4.1.2/mno-hw-mul\libgcc.a(lib2-mul.o)
 .data          0x02810930        0x0 d:/alalala/nios2eds/bin/gnu/h-i686-mingw32/bin/../lib/gcc/nios2-elf/4.1.2/../../../../nios2-elf/lib/mno-hw-mul\libc.a(lib_a-printf.o)
 .data          0x02810930        0x0 d:/alalala/nios2eds/bin/gnu/h-i686-mingw32/bin/../lib/gcc/nios2-elf/4.1.2/../../../../nios2-elf/lib/mno-hw-mul\libc.a(lib_a-puts.o)
 .data          0x02810930        0x0 d:/alalala/nios2eds/bin/gnu/h-i686-mingw32/bin/../lib/gcc/nios2-elf/4.1.2/../../../../nios2-elf/lib/mno-hw-mul\libc.a(lib_a-rand.o)
 .data          0x02810930        0x0 d:/alalala/nios2eds/bin/gnu/h-i686-mingw32/bin/../lib/gcc/nios2-elf/4.1.2/../../../../nios2-elf/lib/mno-hw-mul\libc.a(lib_a-strlen.o)
 .data          0x02810930        0x0 d:/alalala/nios2eds/bin/gnu/h-i686-mingw32/bin/../lib/gcc/nios2-elf/4.1.2/../../../../nios2-elf/lib/mno-hw-mul\libc.a(lib_a-vfprintf.o)
 .data          0x02810930        0x0 d:/alalala/nios2eds/bin/gnu/h-i686-mingw32/bin/../lib/gcc/nios2-elf/4.1.2/../../../../nios2-elf/lib/mno-hw-mul\libc.a(lib_a-wsetup.o)
 .data          0x02810930        0x0 d:/alalala/nios2eds/bin/gnu/h-i686-mingw32/bin/../lib/gcc/nios2-elf/4.1.2/../../../../nios2-elf/lib/mno-hw-mul\libc.a(lib_a-dtoa.o)
 .data          0x02810930        0x0 d:/alalala/nios2eds/bin/gnu/h-i686-mingw32/bin/../lib/gcc/nios2-elf/4.1.2/../../../../nios2-elf/lib/mno-hw-mul\libc.a(lib_a-fflush.o)
 .data          0x02810930        0x0 d:/alalala/nios2eds/bin/gnu/h-i686-mingw32/bin/../lib/gcc/nios2-elf/4.1.2/../../../../nios2-elf/lib/mno-hw-mul\libc.a(lib_a-findfp.o)
 .data          0x02810930        0x0 d:/alalala/nios2eds/bin/gnu/h-i686-mingw32/bin/../lib/gcc/nios2-elf/4.1.2/../../../../nios2-elf/lib/mno-hw-mul\libc.a(lib_a-freer.o)
 .data          0x02810930        0x0 d:/alalala/nios2eds/bin/gnu/h-i686-mingw32/bin/../lib/gcc/nios2-elf/4.1.2/../../../../nios2-elf/lib/mno-hw-mul\libc.a(lib_a-fvwrite.o)
 .data          0x02810930        0x0 d:/alalala/nios2eds/bin/gnu/h-i686-mingw32/bin/../lib/gcc/nios2-elf/4.1.2/../../../../nios2-elf/lib/mno-hw-mul\libc.a(lib_a-fwalk.o)
 .data          0x02810930      0x400 d:/alalala/nios2eds/bin/gnu/h-i686-mingw32/bin/../lib/gcc/nios2-elf/4.1.2/../../../../nios2-elf/lib/mno-hw-mul\libc.a(lib_a-impure.o)
 .data          0x02810d30        0xc d:/alalala/nios2eds/bin/gnu/h-i686-mingw32/bin/../lib/gcc/nios2-elf/4.1.2/../../../../nios2-elf/lib/mno-hw-mul\libc.a(lib_a-locale.o)
                0x02810d30                __lc_ctype
 .data          0x02810d3c        0x0 d:/alalala/nios2eds/bin/gnu/h-i686-mingw32/bin/../lib/gcc/nios2-elf/4.1.2/../../../../nios2-elf/lib/mno-hw-mul\libc.a(lib_a-makebuf.o)
 .data          0x02810d3c      0x408 d:/alalala/nios2eds/bin/gnu/h-i686-mingw32/bin/../lib/gcc/nios2-elf/4.1.2/../../../../nios2-elf/lib/mno-hw-mul\libc.a(lib_a-mallocr.o)
                0x02810d3c                __malloc_av_
 .data          0x02811144        0x0 d:/alalala/nios2eds/bin/gnu/h-i686-mingw32/bin/../lib/gcc/nios2-elf/4.1.2/../../../../nios2-elf/lib/mno-hw-mul\libc.a(lib_a-memchr.o)
 .data          0x02811144        0x0 d:/alalala/nios2eds/bin/gnu/h-i686-mingw32/bin/../lib/gcc/nios2-elf/4.1.2/../../../../nios2-elf/lib/mno-hw-mul\libc.a(lib_a-memcpy.o)
 .data          0x02811144        0x0 d:/alalala/nios2eds/bin/gnu/h-i686-mingw32/bin/../lib/gcc/nios2-elf/4.1.2/../../../../nios2-elf/lib/mno-hw-mul\libc.a(lib_a-memmove.o)
 .data          0x02811144        0x0 d:/alalala/nios2eds/bin/gnu/h-i686-mingw32/bin/../lib/gcc/nios2-elf/4.1.2/../../../../nios2-elf/lib/mno-hw-mul\libc.a(lib_a-memset.o)
 .data          0x02811144        0x0 d:/alalala/nios2eds/bin/gnu/h-i686-mingw32/bin/../lib/gcc/nios2-elf/4.1.2/../../../../nios2-elf/lib/mno-hw-mul\libc.a(lib_a-mprec.o)
 .data          0x02811144        0x0 d:/alalala/nios2eds/bin/gnu/h-i686-mingw32/bin/../lib/gcc/nios2-elf/4.1.2/../../../../nios2-elf/lib/mno-hw-mul\libc.a(lib_a-reallocr.o)
 .data          0x02811144        0x0 d:/alalala/nios2eds/bin/gnu/h-i686-mingw32/bin/../lib/gcc/nios2-elf/4.1.2/../../../../nios2-elf/lib/mno-hw-mul\libc.a(lib_a-s_isinfd.o)
 .data          0x02811144        0x0 d:/alalala/nios2eds/bin/gnu/h-i686-mingw32/bin/../lib/gcc/nios2-elf/4.1.2/../../../../nios2-elf/lib/mno-hw-mul\libc.a(lib_a-s_isnand.o)
 .data          0x02811144        0x0 d:/alalala/nios2eds/bin/gnu/h-i686-mingw32/bin/../lib/gcc/nios2-elf/4.1.2/../../../../nios2-elf/lib/mno-hw-mul\libc.a(lib_a-sbrkr.o)
 .data          0x02811144        0x0 d:/alalala/nios2eds/bin/gnu/h-i686-mingw32/bin/../lib/gcc/nios2-elf/4.1.2/../../../../nios2-elf/lib/mno-hw-mul\libc.a(lib_a-stdio.o)
 .data          0x02811144        0x0 d:/alalala/nios2eds/bin/gnu/h-i686-mingw32/bin/../lib/gcc/nios2-elf/4.1.2/../../../../nios2-elf/lib/mno-hw-mul\libc.a(lib_a-strcmp.o)
 .data          0x02811144        0x0 d:/alalala/nios2eds/bin/gnu/h-i686-mingw32/bin/../lib/gcc/nios2-elf/4.1.2/../../../../nios2-elf/lib/mno-hw-mul\libc.a(lib_a-writer.o)
 .data          0x02811144        0x0 d:/alalala/nios2eds/bin/gnu/h-i686-mingw32/bin/../lib/gcc/nios2-elf/4.1.2/../../../../nios2-elf/lib/mno-hw-mul\libc.a(lib_a-callocr.o)
 .data          0x02811144        0x0 d:/alalala/nios2eds/bin/gnu/h-i686-mingw32/bin/../lib/gcc/nios2-elf/4.1.2/../../../../nios2-elf/lib/mno-hw-mul\libc.a(lib_a-closer.o)
 .data          0x02811144        0x0 d:/alalala/nios2eds/bin/gnu/h-i686-mingw32/bin/../lib/gcc/nios2-elf/4.1.2/../../../../nios2-elf/lib/mno-hw-mul\libc.a(lib_a-fclose.o)
 .data          0x02811144        0x0 d:/alalala/nios2eds/bin/gnu/h-i686-mingw32/bin/../lib/gcc/nios2-elf/4.1.2/../../../../nios2-elf/lib/mno-hw-mul\libc.a(lib_a-fstatr.o)
 .data          0x02811144        0x0 d:/alalala/nios2eds/bin/gnu/h-i686-mingw32/bin/../lib/gcc/nios2-elf/4.1.2/../../../../nios2-elf/lib/mno-hw-mul\libc.a(lib_a-int_errno.o)
 .data          0x02811144        0x0 d:/alalala/nios2eds/bin/gnu/h-i686-mingw32/bin/../lib/gcc/nios2-elf/4.1.2/../../../../nios2-elf/lib/mno-hw-mul\libc.a(lib_a-isattyr.o)
 .data          0x02811144        0x0 d:/alalala/nios2eds/bin/gnu/h-i686-mingw32/bin/../lib/gcc/nios2-elf/4.1.2/../../../../nios2-elf/lib/mno-hw-mul\libc.a(lib_a-lseekr.o)
 .data          0x02811144        0x0 d:/alalala/nios2eds/bin/gnu/h-i686-mingw32/bin/../lib/gcc/nios2-elf/4.1.2/../../../../nios2-elf/lib/mno-hw-mul\libc.a(lib_a-readr.o)
 .data          0x02811144        0x0 d:/alalala/nios2eds/bin/gnu/h-i686-mingw32/bin/../lib/gcc/nios2-elf/4.1.2/mno-hw-mul\libgcc.a(_muldi3.o)
 .data          0x02811144        0x0 d:/alalala/nios2eds/bin/gnu/h-i686-mingw32/bin/../lib/gcc/nios2-elf/4.1.2/mno-hw-mul\libgcc.a(_udivdi3.o)
 .data          0x02811144        0x0 d:/alalala/nios2eds/bin/gnu/h-i686-mingw32/bin/../lib/gcc/nios2-elf/4.1.2/mno-hw-mul\libgcc.a(_umoddi3.o)
 .data          0x02811144        0x0 d:/alalala/nios2eds/bin/gnu/h-i686-mingw32/bin/../lib/gcc/nios2-elf/4.1.2/mno-hw-mul\libgcc.a(_addsub_df.o)
 .data          0x02811144        0x0 d:/alalala/nios2eds/bin/gnu/h-i686-mingw32/bin/../lib/gcc/nios2-elf/4.1.2/mno-hw-mul\libgcc.a(_mul_df.o)
 .data          0x02811144        0x0 d:/alalala/nios2eds/bin/gnu/h-i686-mingw32/bin/../lib/gcc/nios2-elf/4.1.2/mno-hw-mul\libgcc.a(_div_df.o)
 .data          0x02811144        0x0 d:/alalala/nios2eds/bin/gnu/h-i686-mingw32/bin/../lib/gcc/nios2-elf/4.1.2/mno-hw-mul\libgcc.a(_eq_df.o)
 .data          0x02811144        0x0 d:/alalala/nios2eds/bin/gnu/h-i686-mingw32/bin/../lib/gcc/nios2-elf/4.1.2/mno-hw-mul\libgcc.a(_ne_df.o)
 .data          0x02811144        0x0 d:/alalala/nios2eds/bin/gnu/h-i686-mingw32/bin/../lib/gcc/nios2-elf/4.1.2/mno-hw-mul\libgcc.a(_gt_df.o)
 .data          0x02811144        0x0 d:/alalala/nios2eds/bin/gnu/h-i686-mingw32/bin/../lib/gcc/nios2-elf/4.1.2/mno-hw-mul\libgcc.a(_ge_df.o)
 .data          0x02811144        0x0 d:/alalala/nios2eds/bin/gnu/h-i686-mingw32/bin/../lib/gcc/nios2-elf/4.1.2/mno-hw-mul\libgcc.a(_lt_df.o)
 .data          0x02811144        0x0 d:/alalala/nios2eds/bin/gnu/h-i686-mingw32/bin/../lib/gcc/nios2-elf/4.1.2/mno-hw-mul\libgcc.a(_si_to_df.o)
 .data          0x02811144        0x0 d:/alalala/nios2eds/bin/gnu/h-i686-mingw32/bin/../lib/gcc/nios2-elf/4.1.2/mno-hw-mul\libgcc.a(_df_to_si.o)
 .data          0x02811144        0x0 d:/alalala/nios2eds/bin/gnu/h-i686-mingw32/bin/../lib/gcc/nios2-elf/4.1.2/mno-hw-mul\libgcc.a(_thenan_df.o)
 .data          0x02811144        0x0 d:/alalala/nios2eds/bin/gnu/h-i686-mingw32/bin/../lib/gcc/nios2-elf/4.1.2/mno-hw-mul\libgcc.a(_usi_to_df.o)
 .data          0x02811144        0x0 d:/alalala/nios2eds/bin/gnu/h-i686-mingw32/bin/../lib/gcc/nios2-elf/4.1.2/mno-hw-mul\libgcc.a(lib2-divmod.o)
 .data          0x02811144        0x0 d:/alalala/nios2eds/bin/gnu/h-i686-mingw32/bin/../lib/gcc/nios2-elf/4.1.2/mno-hw-mul\libgcc.a(_clz.o)
 .data          0x02811144        0x0 d:/alalala/nios2eds/bin/gnu/h-i686-mingw32/bin/../lib/gcc/nios2-elf/4.1.2/mno-hw-mul\libgcc.a(_clzsi2.o)
 .data          0x02811144        0x0 d:/alalala/nios2eds/bin/gnu/h-i686-mingw32/bin/../lib/gcc/nios2-elf/4.1.2/mno-hw-mul\libgcc.a(_pack_df.o)
 .data          0x02811144        0x0 d:/alalala/nios2eds/bin/gnu/h-i686-mingw32/bin/../lib/gcc/nios2-elf/4.1.2/mno-hw-mul\libgcc.a(_unpack_df.o)
 .data          0x02811144        0x0 d:/alalala/nios2eds/bin/gnu/h-i686-mingw32/bin/../lib/gcc/nios2-elf/4.1.2/mno-hw-mul\libgcc.a(_fpcmp_parts_df.o)
 .data          0x02811144        0x0 ../0109_bsp/\libhal_bsp.a(alt_close.o)
 .data          0x02811144      0x1a8 ../0109_bsp/\libhal_bsp.a(alt_dev.o)
                0x02811144                alt_dev_null
                0x0281116c                alt_fd_list
 .data          0x028112ec        0x0 ../0109_bsp/\libhal_bsp.a(alt_errno.o)
 .data          0x028112ec        0x0 ../0109_bsp/\libhal_bsp.a(alt_fstat.o)
 .data          0x028112ec        0x0 ../0109_bsp/\libhal_bsp.a(alt_irq_register.o)
 .data          0x028112ec        0x0 ../0109_bsp/\libhal_bsp.a(alt_irq_vars.o)
 .data          0x028112ec        0x0 ../0109_bsp/\libhal_bsp.a(alt_isatty.o)
 .data          0x028112ec        0x0 ../0109_bsp/\libhal_bsp.a(alt_load.o)
 .data          0x028112ec        0x0 ../0109_bsp/\libhal_bsp.a(alt_lseek.o)
 .data          0x028112ec        0x0 ../0109_bsp/\libhal_bsp.a(alt_main.o)
 .data          0x028112ec        0x0 ../0109_bsp/\libhal_bsp.a(alt_malloc_lock.o)
 .data          0x028112ec        0x0 ../0109_bsp/\libhal_bsp.a(alt_read.o)
 .data          0x028112ec        0x0 ../0109_bsp/\libhal_bsp.a(alt_release_fd.o)
 .data          0x028112ec        0x0 ../0109_bsp/\libhal_bsp.a(alt_sbrk.o)
 .data          0x028112ec        0x0 ../0109_bsp/\libhal_bsp.a(alt_usleep.o)
 .data          0x028112ec        0x0 ../0109_bsp/\libhal_bsp.a(alt_write.o)
 .data          0x028112ec     0x113c ../0109_bsp/\libhal_bsp.a(alt_sys_init.o)
 .data          0x02812428        0x0 ../0109_bsp/\libhal_bsp.a(altera_avalon_dma.o)
 .data          0x02812428        0x0 ../0109_bsp/\libhal_bsp.a(altera_avalon_jtag_uart_fd.o)
 .data          0x02812428        0x0 ../0109_bsp/\libhal_bsp.a(altera_avalon_jtag_uart_init.o)
 .data          0x02812428        0x0 ../0109_bsp/\libhal_bsp.a(altera_avalon_jtag_uart_ioctl.o)
 .data          0x02812428        0x0 ../0109_bsp/\libhal_bsp.a(altera_avalon_jtag_uart_read.o)
 .data          0x02812428        0x0 ../0109_bsp/\libhal_bsp.a(altera_avalon_jtag_uart_write.o)
 .data          0x02812428        0x0 ../0109_bsp/\libhal_bsp.a(alt_alarm_start.o)
 .data          0x02812428        0x0 ../0109_bsp/\libhal_bsp.a(alt_busy_sleep.o)
 .data          0x02812428        0x0 ../0109_bsp/\libhal_bsp.a(alt_dcache_flush_all.o)
 .data          0x02812428        0x0 ../0109_bsp/\libhal_bsp.a(alt_dev_llist_insert.o)
 .data          0x02812428        0x0 ../0109_bsp/\libhal_bsp.a(alt_dma_rxchan_open.o)
 .data          0x02812428        0x0 ../0109_bsp/\libhal_bsp.a(alt_dma_txchan_open.o)
 .data          0x02812428        0x0 ../0109_bsp/\libhal_bsp.a(alt_do_ctors.o)
 .data          0x02812428        0x0 ../0109_bsp/\libhal_bsp.a(alt_do_dtors.o)
 .data          0x02812428        0x0 ../0109_bsp/\libhal_bsp.a(alt_find_dev.o)
 .data          0x02812428        0x0 ../0109_bsp/\libhal_bsp.a(alt_icache_flush_all.o)
 .data          0x02812428        0x0 ../0109_bsp/\libhal_bsp.a(alt_iic.o)
 .data          0x02812428        0x0 ../0109_bsp/\libhal_bsp.a(alt_iic_isr_register.o)
 .data          0x02812428        0x0 ../0109_bsp/\libhal_bsp.a(alt_io_redirect.o)
 .data          0x02812428        0x0 ../0109_bsp/\libhal_bsp.a(alt_irq_entry.o)
 .data          0x02812428        0x0 ../0109_bsp/\libhal_bsp.a(alt_irq_handler.o)
 .data          0x02812428        0x0 ../0109_bsp/\libhal_bsp.a(alt_open.o)
 .data          0x02812428        0x0 ../0109_bsp/\libhal_bsp.a(alt_tick.o)
 .data          0x02812428        0x0 ../0109_bsp/\libhal_bsp.a(altera_nios2_qsys_irq.o)
 .data          0x02812428        0x0 ../0109_bsp/\libhal_bsp.a(alt_exception_entry.o)
 .data          0x02812428        0x0 ../0109_bsp/\libhal_bsp.a(alt_find_file.o)
 .data          0x02812428        0x0 ../0109_bsp/\libhal_bsp.a(alt_get_fd.o)
 .data          0x02812428        0x0 d:/alalala/nios2eds/bin/gnu/h-i686-mingw32/bin/../lib/gcc/nios2-elf/4.1.2/../../../../nios2-elf/lib/mno-hw-mul\libc.a(lib_a-atexit.o)
 .data          0x02812428        0x0 d:/alalala/nios2eds/bin/gnu/h-i686-mingw32/bin/../lib/gcc/nios2-elf/4.1.2/../../../../nios2-elf/lib/mno-hw-mul\libc.a(lib_a-exit.o)
 .data          0x02812428        0x0 d:/alalala/nios2eds/bin/gnu/h-i686-mingw32/bin/../lib/gcc/nios2-elf/4.1.2/../../../../nios2-elf/lib/mno-hw-mul\libc.a(lib_a-memcmp.o)
 .data          0x02812428        0x0 d:/alalala/nios2eds/bin/gnu/h-i686-mingw32/bin/../lib/gcc/nios2-elf/4.1.2/../../../../nios2-elf/lib/mno-hw-mul\libc.a(lib_a-__atexit.o)
 .data          0x02812428        0x0 d:/alalala/nios2eds/bin/gnu/h-i686-mingw32/bin/../lib/gcc/nios2-elf/4.1.2/../../../../nios2-elf/lib/mno-hw-mul\libc.a(lib_a-__call_atexit.o)
 .data          0x02812428        0x0 ../0109_bsp/\libhal_bsp.a(alt_exit.o)
                0x0281a428                _gp = ABSOLUTE ((. + 0x8000))
                0x0281a428                PROVIDE (gp, _gp)
 *(.rwdata .rwdata.*)
 *(.sdata .sdata.* .gnu.linkonce.s.*)
 .sdata         0x02812428        0xc obj/default/count_binary.o
                0x02812428                x
                0x0281242c                y
                0x02812430                led
 .sdata         0x02812434        0x8 d:/alalala/nios2eds/bin/gnu/h-i686-mingw32/bin/../lib/gcc/nios2-elf/4.1.2/../../../../nios2-elf/lib/mno-hw-mul\libc.a(lib_a-impure.o)
                0x02812434                _impure_ptr
                0x02812438                _global_impure_ptr
 .sdata         0x0281243c        0x8 d:/alalala/nios2eds/bin/gnu/h-i686-mingw32/bin/../lib/gcc/nios2-elf/4.1.2/../../../../nios2-elf/lib/mno-hw-mul\libc.a(lib_a-locale.o)
                0x0281243c                __mb_cur_max
 .sdata         0x02812444        0x8 d:/alalala/nios2eds/bin/gnu/h-i686-mingw32/bin/../lib/gcc/nios2-elf/4.1.2/../../../../nios2-elf/lib/mno-hw-mul\libc.a(lib_a-mallocr.o)
                0x02812444                __malloc_trim_threshold
                0x02812448                __malloc_sbrk_base
 .sdata         0x0281244c       0x14 ../0109_bsp/\libhal_bsp.a(alt_dev.o)
                0x0281244c                alt_fs_list
                0x02812454                alt_dev_list
                0x0281245c                alt_max_fd
 .sdata         0x02812460        0x4 ../0109_bsp/\libhal_bsp.a(alt_errno.o)
                0x02812460                alt_errno
 .sdata         0x02812464        0x4 ../0109_bsp/\libhal_bsp.a(alt_irq_vars.o)
                0x02812464                alt_priority_mask
 .sdata         0x02812468        0x4 ../0109_bsp/\libhal_bsp.a(alt_sbrk.o)
 .sdata         0x0281246c        0x8 ../0109_bsp/\libhal_bsp.a(alt_dma_rxchan_open.o)
                0x0281246c                alt_dma_rxchan_list
 .sdata         0x02812474        0x8 ../0109_bsp/\libhal_bsp.a(alt_dma_txchan_open.o)
                0x02812474                alt_dma_txchan_list
 .sdata         0x0281247c        0x8 ../0109_bsp/\libhal_bsp.a(alt_tick.o)
                0x0281247c                alt_alarm_list
 *(.sdata2 .sdata2.* .gnu.linkonce.s2.*)
                0x02812484                . = ALIGN (0x4)
                0x02812484                _edata = ABSOLUTE (.)
                0x02812484                PROVIDE (edata, ABSOLUTE (.))
                0x02812484                PROVIDE (__ram_rwdata_end, ABSOLUTE (.))
                0x02812484                PROVIDE (__flash_rwdata_start, LOADADDR (.rwdata))

.bss            0x02814c68      0x350
                0x02814c68                __bss_start = ABSOLUTE (.)
                0x02814c68                PROVIDE (__sbss_start, ABSOLUTE (.))
                0x02814c68                PROVIDE (___sbss_start, ABSOLUTE (.))
 *(.dynsbss)
 *(.sbss .sbss.* .gnu.linkonce.sb.*)
 .sbss          0x02814c68       0x1c obj/default/count_binary.o
                0x02814c68                dir
                0x02814c6c                control
                0x02814c70                role
                0x02814c74                up
                0x02814c78                down
                0x02814c7c                lift
                0x02814c80                right
 .sbss          0x02814c84       0x24 obj/default/count_binary.o
                0x02814c84                tmp
                0x02814c88                b
                0x02814c8c                j
                0x02814c90                bt2
                0x02814c94                i
                0x02814c98                c
                0x02814c9c                d
                0x02814ca0                sw
                0x02814ca4                a
 .sbss          0x02814ca8        0xc d:/alalala/nios2eds/bin/gnu/h-i686-mingw32/bin/../lib/gcc/nios2-elf/4.1.2/../../../../nios2-elf/lib/mno-hw-mul\libc.a(lib_a-locale.o)
                0x02814ca8                __nlocale_changed
                0x02814cac                __mlocale_changed
                0x02814cb0                _PathLocale
 .sbss          0x02814cb4        0xc d:/alalala/nios2eds/bin/gnu/h-i686-mingw32/bin/../lib/gcc/nios2-elf/4.1.2/../../../../nios2-elf/lib/mno-hw-mul\libc.a(lib_a-mallocr.o)
                0x02814cb4                __malloc_top_pad
                0x02814cb8                __malloc_max_sbrked_mem
                0x02814cbc                __malloc_max_total_mem
 .sbss          0x02814cc0        0x4 d:/alalala/nios2eds/bin/gnu/h-i686-mingw32/bin/../lib/gcc/nios2-elf/4.1.2/../../../../nios2-elf/lib/mno-hw-mul\libc.a(lib_a-int_errno.o)
                0x02814cc0                errno
 .sbss          0x02814cc4        0x4 ../0109_bsp/\libhal_bsp.a(alt_irq_vars.o)
                0x02814cc4                alt_irq_active
 .sbss          0x02814cc8        0xc ../0109_bsp/\libhal_bsp.a(alt_main.o)
                0x02814cc8                alt_argc
                0x02814ccc                alt_argv
                0x02814cd0                alt_envp
 .sbss          0x02814cd4        0x8 ../0109_bsp/\libhal_bsp.a(alt_tick.o)
                0x02814cd4                _alt_tick_rate
                0x02814cd8                _alt_nticks
 *(.sbss2 .sbss2.* .gnu.linkonce.sb2.*)
 *(.scommon)
                0x02814cdc                PROVIDE (__sbss_end, ABSOLUTE (.))
                0x02814cdc                PROVIDE (___sbss_end, ABSOLUTE (.))
 *(.dynbss)
 *(.bss .bss.* .gnu.linkonce.b.*)
 .bss           0x02814cdc        0x0 ../0109_bsp//obj/HAL/src/crt0.o
 .bss           0x02814cdc        0x0 obj/default/count_binary.o
 .bss           0x02814cdc        0x0 d:/alalala/nios2eds/bin/gnu/h-i686-mingw32/bin/../lib/gcc/nios2-elf/4.1.2/mno-hw-mul\libgcc.a(lib2-mul.o)
 .bss           0x02814cdc        0x0 d:/alalala/nios2eds/bin/gnu/h-i686-mingw32/bin/../lib/gcc/nios2-elf/4.1.2/../../../../nios2-elf/lib/mno-hw-mul\libc.a(lib_a-printf.o)
 .bss           0x02814cdc        0x0 d:/alalala/nios2eds/bin/gnu/h-i686-mingw32/bin/../lib/gcc/nios2-elf/4.1.2/../../../../nios2-elf/lib/mno-hw-mul\libc.a(lib_a-puts.o)
 .bss           0x02814cdc        0x0 d:/alalala/nios2eds/bin/gnu/h-i686-mingw32/bin/../lib/gcc/nios2-elf/4.1.2/../../../../nios2-elf/lib/mno-hw-mul\libc.a(lib_a-rand.o)
 .bss           0x02814cdc        0x0 d:/alalala/nios2eds/bin/gnu/h-i686-mingw32/bin/../lib/gcc/nios2-elf/4.1.2/../../../../nios2-elf/lib/mno-hw-mul\libc.a(lib_a-strlen.o)
 .bss           0x02814cdc        0x0 d:/alalala/nios2eds/bin/gnu/h-i686-mingw32/bin/../lib/gcc/nios2-elf/4.1.2/../../../../nios2-elf/lib/mno-hw-mul\libc.a(lib_a-vfprintf.o)
 .bss           0x02814cdc        0x0 d:/alalala/nios2eds/bin/gnu/h-i686-mingw32/bin/../lib/gcc/nios2-elf/4.1.2/../../../../nios2-elf/lib/mno-hw-mul\libc.a(lib_a-wsetup.o)
 .bss           0x02814cdc        0x0 d:/alalala/nios2eds/bin/gnu/h-i686-mingw32/bin/../lib/gcc/nios2-elf/4.1.2/../../../../nios2-elf/lib/mno-hw-mul\libc.a(lib_a-dtoa.o)
 .bss           0x02814cdc        0x0 d:/alalala/nios2eds/bin/gnu/h-i686-mingw32/bin/../lib/gcc/nios2-elf/4.1.2/../../../../nios2-elf/lib/mno-hw-mul\libc.a(lib_a-fflush.o)
 .bss           0x02814cdc        0x0 d:/alalala/nios2eds/bin/gnu/h-i686-mingw32/bin/../lib/gcc/nios2-elf/4.1.2/../../../../nios2-elf/lib/mno-hw-mul\libc.a(lib_a-findfp.o)
 .bss           0x02814cdc        0x0 d:/alalala/nios2eds/bin/gnu/h-i686-mingw32/bin/../lib/gcc/nios2-elf/4.1.2/../../../../nios2-elf/lib/mno-hw-mul\libc.a(lib_a-freer.o)
 .bss           0x02814cdc        0x0 d:/alalala/nios2eds/bin/gnu/h-i686-mingw32/bin/../lib/gcc/nios2-elf/4.1.2/../../../../nios2-elf/lib/mno-hw-mul\libc.a(lib_a-fvwrite.o)
 .bss           0x02814cdc        0x0 d:/alalala/nios2eds/bin/gnu/h-i686-mingw32/bin/../lib/gcc/nios2-elf/4.1.2/../../../../nios2-elf/lib/mno-hw-mul\libc.a(lib_a-fwalk.o)
 .bss           0x02814cdc        0x0 d:/alalala/nios2eds/bin/gnu/h-i686-mingw32/bin/../lib/gcc/nios2-elf/4.1.2/../../../../nios2-elf/lib/mno-hw-mul\libc.a(lib_a-impure.o)
 .bss           0x02814cdc        0x0 d:/alalala/nios2eds/bin/gnu/h-i686-mingw32/bin/../lib/gcc/nios2-elf/4.1.2/../../../../nios2-elf/lib/mno-hw-mul\libc.a(lib_a-locale.o)
 .bss           0x02814cdc        0x0 d:/alalala/nios2eds/bin/gnu/h-i686-mingw32/bin/../lib/gcc/nios2-elf/4.1.2/../../../../nios2-elf/lib/mno-hw-mul\libc.a(lib_a-makebuf.o)
 .bss           0x02814cdc       0x28 d:/alalala/nios2eds/bin/gnu/h-i686-mingw32/bin/../lib/gcc/nios2-elf/4.1.2/../../../../nios2-elf/lib/mno-hw-mul\libc.a(lib_a-mallocr.o)
                0x02814cdc                __malloc_current_mallinfo
 .bss           0x02814d04        0x0 d:/alalala/nios2eds/bin/gnu/h-i686-mingw32/bin/../lib/gcc/nios2-elf/4.1.2/../../../../nios2-elf/lib/mno-hw-mul\libc.a(lib_a-memchr.o)
 .bss           0x02814d04        0x0 d:/alalala/nios2eds/bin/gnu/h-i686-mingw32/bin/../lib/gcc/nios2-elf/4.1.2/../../../../nios2-elf/lib/mno-hw-mul\libc.a(lib_a-memcpy.o)
 .bss           0x02814d04        0x0 d:/alalala/nios2eds/bin/gnu/h-i686-mingw32/bin/../lib/gcc/nios2-elf/4.1.2/../../../../nios2-elf/lib/mno-hw-mul\libc.a(lib_a-memmove.o)
 .bss           0x02814d04        0x0 d:/alalala/nios2eds/bin/gnu/h-i686-mingw32/bin/../lib/gcc/nios2-elf/4.1.2/../../../../nios2-elf/lib/mno-hw-mul\libc.a(lib_a-memset.o)
 .bss           0x02814d04        0x0 d:/alalala/nios2eds/bin/gnu/h-i686-mingw32/bin/../lib/gcc/nios2-elf/4.1.2/../../../../nios2-elf/lib/mno-hw-mul\libc.a(lib_a-mprec.o)
 .bss           0x02814d04        0x0 d:/alalala/nios2eds/bin/gnu/h-i686-mingw32/bin/../lib/gcc/nios2-elf/4.1.2/../../../../nios2-elf/lib/mno-hw-mul\libc.a(lib_a-reallocr.o)
 .bss           0x02814d04        0x0 d:/alalala/nios2eds/bin/gnu/h-i686-mingw32/bin/../lib/gcc/nios2-elf/4.1.2/../../../../nios2-elf/lib/mno-hw-mul\libc.a(lib_a-s_isinfd.o)
 .bss           0x02814d04        0x0 d:/alalala/nios2eds/bin/gnu/h-i686-mingw32/bin/../lib/gcc/nios2-elf/4.1.2/../../../../nios2-elf/lib/mno-hw-mul\libc.a(lib_a-s_isnand.o)
 .bss           0x02814d04        0x0 d:/alalala/nios2eds/bin/gnu/h-i686-mingw32/bin/../lib/gcc/nios2-elf/4.1.2/../../../../nios2-elf/lib/mno-hw-mul\libc.a(lib_a-sbrkr.o)
 .bss           0x02814d04        0x0 d:/alalala/nios2eds/bin/gnu/h-i686-mingw32/bin/../lib/gcc/nios2-elf/4.1.2/../../../../nios2-elf/lib/mno-hw-mul\libc.a(lib_a-stdio.o)
 .bss           0x02814d04        0x0 d:/alalala/nios2eds/bin/gnu/h-i686-mingw32/bin/../lib/gcc/nios2-elf/4.1.2/../../../../nios2-elf/lib/mno-hw-mul\libc.a(lib_a-strcmp.o)
 .bss           0x02814d04        0x0 d:/alalala/nios2eds/bin/gnu/h-i686-mingw32/bin/../lib/gcc/nios2-elf/4.1.2/../../../../nios2-elf/lib/mno-hw-mul\libc.a(lib_a-writer.o)
 .bss           0x02814d04        0x0 d:/alalala/nios2eds/bin/gnu/h-i686-mingw32/bin/../lib/gcc/nios2-elf/4.1.2/../../../../nios2-elf/lib/mno-hw-mul\libc.a(lib_a-callocr.o)
 .bss           0x02814d04        0x0 d:/alalala/nios2eds/bin/gnu/h-i686-mingw32/bin/../lib/gcc/nios2-elf/4.1.2/../../../../nios2-elf/lib/mno-hw-mul\libc.a(lib_a-closer.o)
 .bss           0x02814d04        0x0 d:/alalala/nios2eds/bin/gnu/h-i686-mingw32/bin/../lib/gcc/nios2-elf/4.1.2/../../../../nios2-elf/lib/mno-hw-mul\libc.a(lib_a-fclose.o)
 .bss           0x02814d04        0x0 d:/alalala/nios2eds/bin/gnu/h-i686-mingw32/bin/../lib/gcc/nios2-elf/4.1.2/../../../../nios2-elf/lib/mno-hw-mul\libc.a(lib_a-fstatr.o)
 .bss           0x02814d04        0x0 d:/alalala/nios2eds/bin/gnu/h-i686-mingw32/bin/../lib/gcc/nios2-elf/4.1.2/../../../../nios2-elf/lib/mno-hw-mul\libc.a(lib_a-int_errno.o)
 .bss           0x02814d04        0x0 d:/alalala/nios2eds/bin/gnu/h-i686-mingw32/bin/../lib/gcc/nios2-elf/4.1.2/../../../../nios2-elf/lib/mno-hw-mul\libc.a(lib_a-isattyr.o)
 .bss           0x02814d04        0x0 d:/alalala/nios2eds/bin/gnu/h-i686-mingw32/bin/../lib/gcc/nios2-elf/4.1.2/../../../../nios2-elf/lib/mno-hw-mul\libc.a(lib_a-lseekr.o)
 .bss           0x02814d04        0x0 d:/alalala/nios2eds/bin/gnu/h-i686-mingw32/bin/../lib/gcc/nios2-elf/4.1.2/../../../../nios2-elf/lib/mno-hw-mul\libc.a(lib_a-readr.o)
 .bss           0x02814d04        0x0 d:/alalala/nios2eds/bin/gnu/h-i686-mingw32/bin/../lib/gcc/nios2-elf/4.1.2/mno-hw-mul\libgcc.a(_muldi3.o)
 .bss           0x02814d04        0x0 d:/alalala/nios2eds/bin/gnu/h-i686-mingw32/bin/../lib/gcc/nios2-elf/4.1.2/mno-hw-mul\libgcc.a(_udivdi3.o)
 .bss           0x02814d04        0x0 d:/alalala/nios2eds/bin/gnu/h-i686-mingw32/bin/../lib/gcc/nios2-elf/4.1.2/mno-hw-mul\libgcc.a(_umoddi3.o)
 .bss           0x02814d04        0x0 d:/alalala/nios2eds/bin/gnu/h-i686-mingw32/bin/../lib/gcc/nios2-elf/4.1.2/mno-hw-mul\libgcc.a(_addsub_df.o)
 .bss           0x02814d04        0x0 d:/alalala/nios2eds/bin/gnu/h-i686-mingw32/bin/../lib/gcc/nios2-elf/4.1.2/mno-hw-mul\libgcc.a(_mul_df.o)
 .bss           0x02814d04        0x0 d:/alalala/nios2eds/bin/gnu/h-i686-mingw32/bin/../lib/gcc/nios2-elf/4.1.2/mno-hw-mul\libgcc.a(_div_df.o)
 .bss           0x02814d04        0x0 d:/alalala/nios2eds/bin/gnu/h-i686-mingw32/bin/../lib/gcc/nios2-elf/4.1.2/mno-hw-mul\libgcc.a(_eq_df.o)
 .bss           0x02814d04        0x0 d:/alalala/nios2eds/bin/gnu/h-i686-mingw32/bin/../lib/gcc/nios2-elf/4.1.2/mno-hw-mul\libgcc.a(_ne_df.o)
 .bss           0x02814d04        0x0 d:/alalala/nios2eds/bin/gnu/h-i686-mingw32/bin/../lib/gcc/nios2-elf/4.1.2/mno-hw-mul\libgcc.a(_gt_df.o)
 .bss           0x02814d04        0x0 d:/alalala/nios2eds/bin/gnu/h-i686-mingw32/bin/../lib/gcc/nios2-elf/4.1.2/mno-hw-mul\libgcc.a(_ge_df.o)
 .bss           0x02814d04        0x0 d:/alalala/nios2eds/bin/gnu/h-i686-mingw32/bin/../lib/gcc/nios2-elf/4.1.2/mno-hw-mul\libgcc.a(_lt_df.o)
 .bss           0x02814d04        0x0 d:/alalala/nios2eds/bin/gnu/h-i686-mingw32/bin/../lib/gcc/nios2-elf/4.1.2/mno-hw-mul\libgcc.a(_si_to_df.o)
 .bss           0x02814d04        0x0 d:/alalala/nios2eds/bin/gnu/h-i686-mingw32/bin/../lib/gcc/nios2-elf/4.1.2/mno-hw-mul\libgcc.a(_df_to_si.o)
 .bss           0x02814d04        0x0 d:/alalala/nios2eds/bin/gnu/h-i686-mingw32/bin/../lib/gcc/nios2-elf/4.1.2/mno-hw-mul\libgcc.a(_thenan_df.o)
 .bss           0x02814d04        0x0 d:/alalala/nios2eds/bin/gnu/h-i686-mingw32/bin/../lib/gcc/nios2-elf/4.1.2/mno-hw-mul\libgcc.a(_usi_to_df.o)
 .bss           0x02814d04        0x0 d:/alalala/nios2eds/bin/gnu/h-i686-mingw32/bin/../lib/gcc/nios2-elf/4.1.2/mno-hw-mul\libgcc.a(lib2-divmod.o)
 .bss           0x02814d04        0x0 d:/alalala/nios2eds/bin/gnu/h-i686-mingw32/bin/../lib/gcc/nios2-elf/4.1.2/mno-hw-mul\libgcc.a(_clz.o)
 .bss           0x02814d04        0x0 d:/alalala/nios2eds/bin/gnu/h-i686-mingw32/bin/../lib/gcc/nios2-elf/4.1.2/mno-hw-mul\libgcc.a(_clzsi2.o)
 .bss           0x02814d04        0x0 d:/alalala/nios2eds/bin/gnu/h-i686-mingw32/bin/../lib/gcc/nios2-elf/4.1.2/mno-hw-mul\libgcc.a(_pack_df.o)
 .bss           0x02814d04        0x0 d:/alalala/nios2eds/bin/gnu/h-i686-mingw32/bin/../lib/gcc/nios2-elf/4.1.2/mno-hw-mul\libgcc.a(_unpack_df.o)
 .bss           0x02814d04        0x0 d:/alalala/nios2eds/bin/gnu/h-i686-mingw32/bin/../lib/gcc/nios2-elf/4.1.2/mno-hw-mul\libgcc.a(_fpcmp_parts_df.o)
 .bss           0x02814d04        0x0 ../0109_bsp/\libhal_bsp.a(alt_close.o)
 .bss           0x02814d04        0x0 ../0109_bsp/\libhal_bsp.a(alt_dev.o)
 .bss           0x02814d04        0x0 ../0109_bsp/\libhal_bsp.a(alt_errno.o)
 .bss           0x02814d04        0x0 ../0109_bsp/\libhal_bsp.a(alt_fstat.o)
 .bss           0x02814d04        0x0 ../0109_bsp/\libhal_bsp.a(alt_irq_register.o)
 .bss           0x02814d04        0x0 ../0109_bsp/\libhal_bsp.a(alt_irq_vars.o)
 .bss           0x02814d04        0x0 ../0109_bsp/\libhal_bsp.a(alt_isatty.o)
 .bss           0x02814d04        0x0 ../0109_bsp/\libhal_bsp.a(alt_load.o)
 .bss           0x02814d04        0x0 ../0109_bsp/\libhal_bsp.a(alt_lseek.o)
 .bss           0x02814d04        0x0 ../0109_bsp/\libhal_bsp.a(alt_main.o)
 .bss           0x02814d04        0x0 ../0109_bsp/\libhal_bsp.a(alt_malloc_lock.o)
 .bss           0x02814d04        0x0 ../0109_bsp/\libhal_bsp.a(alt_read.o)
 .bss           0x02814d04        0x0 ../0109_bsp/\libhal_bsp.a(alt_release_fd.o)
 .bss           0x02814d04        0x0 ../0109_bsp/\libhal_bsp.a(alt_sbrk.o)
 .bss           0x02814d04        0x0 ../0109_bsp/\libhal_bsp.a(alt_usleep.o)
 .bss           0x02814d04        0x0 ../0109_bsp/\libhal_bsp.a(alt_write.o)
 .bss           0x02814d04        0x0 ../0109_bsp/\libhal_bsp.a(alt_sys_init.o)
 .bss           0x02814d04        0x0 ../0109_bsp/\libhal_bsp.a(altera_avalon_dma.o)
 .bss           0x02814d04        0x0 ../0109_bsp/\libhal_bsp.a(altera_avalon_jtag_uart_fd.o)
 .bss           0x02814d04        0x0 ../0109_bsp/\libhal_bsp.a(altera_avalon_jtag_uart_init.o)
 .bss           0x02814d04        0x0 ../0109_bsp/\libhal_bsp.a(altera_avalon_jtag_uart_ioctl.o)
 .bss           0x02814d04        0x0 ../0109_bsp/\libhal_bsp.a(altera_avalon_jtag_uart_read.o)
 .bss           0x02814d04        0x0 ../0109_bsp/\libhal_bsp.a(altera_avalon_jtag_uart_write.o)
 .bss           0x02814d04        0x0 ../0109_bsp/\libhal_bsp.a(alt_alarm_start.o)
 .bss           0x02814d04        0x0 ../0109_bsp/\libhal_bsp.a(alt_busy_sleep.o)
 .bss           0x02814d04        0x0 ../0109_bsp/\libhal_bsp.a(alt_dcache_flush_all.o)
 .bss           0x02814d04        0x0 ../0109_bsp/\libhal_bsp.a(alt_dev_llist_insert.o)
 .bss           0x02814d04        0x0 ../0109_bsp/\libhal_bsp.a(alt_dma_rxchan_open.o)
 .bss           0x02814d04        0x0 ../0109_bsp/\libhal_bsp.a(alt_dma_txchan_open.o)
 .bss           0x02814d04        0x0 ../0109_bsp/\libhal_bsp.a(alt_do_ctors.o)
 .bss           0x02814d04        0x0 ../0109_bsp/\libhal_bsp.a(alt_do_dtors.o)
 .bss           0x02814d04        0x0 ../0109_bsp/\libhal_bsp.a(alt_find_dev.o)
 .bss           0x02814d04        0x0 ../0109_bsp/\libhal_bsp.a(alt_icache_flush_all.o)
 .bss           0x02814d04        0x0 ../0109_bsp/\libhal_bsp.a(alt_iic.o)
 .bss           0x02814d04        0x0 ../0109_bsp/\libhal_bsp.a(alt_iic_isr_register.o)
 .bss           0x02814d04        0x0 ../0109_bsp/\libhal_bsp.a(alt_io_redirect.o)
 .bss           0x02814d04        0x0 ../0109_bsp/\libhal_bsp.a(alt_irq_entry.o)
 .bss           0x02814d04        0x0 ../0109_bsp/\libhal_bsp.a(alt_irq_handler.o)
 .bss           0x02814d04        0x0 ../0109_bsp/\libhal_bsp.a(alt_open.o)
 .bss           0x02814d04        0x0 ../0109_bsp/\libhal_bsp.a(alt_tick.o)
 .bss           0x02814d04        0x0 ../0109_bsp/\libhal_bsp.a(altera_nios2_qsys_irq.o)
 .bss           0x02814d04        0x0 ../0109_bsp/\libhal_bsp.a(alt_exception_entry.o)
 .bss           0x02814d04        0x0 ../0109_bsp/\libhal_bsp.a(alt_find_file.o)
 .bss           0x02814d04        0x0 ../0109_bsp/\libhal_bsp.a(alt_get_fd.o)
 .bss           0x02814d04        0x0 d:/alalala/nios2eds/bin/gnu/h-i686-mingw32/bin/../lib/gcc/nios2-elf/4.1.2/../../../../nios2-elf/lib/mno-hw-mul\libc.a(lib_a-atexit.o)
 .bss           0x02814d04        0x0 d:/alalala/nios2eds/bin/gnu/h-i686-mingw32/bin/../lib/gcc/nios2-elf/4.1.2/../../../../nios2-elf/lib/mno-hw-mul\libc.a(lib_a-exit.o)
 .bss           0x02814d04        0x0 d:/alalala/nios2eds/bin/gnu/h-i686-mingw32/bin/../lib/gcc/nios2-elf/4.1.2/../../../../nios2-elf/lib/mno-hw-mul\libc.a(lib_a-memcmp.o)
 .bss           0x02814d04        0x0 d:/alalala/nios2eds/bin/gnu/h-i686-mingw32/bin/../lib/gcc/nios2-elf/4.1.2/../../../../nios2-elf/lib/mno-hw-mul\libc.a(lib_a-__atexit.o)
 .bss           0x02814d04        0x0 d:/alalala/nios2eds/bin/gnu/h-i686-mingw32/bin/../lib/gcc/nios2-elf/4.1.2/../../../../nios2-elf/lib/mno-hw-mul\libc.a(lib_a-__call_atexit.o)
 .bss           0x02814d04        0x0 ../0109_bsp/\libhal_bsp.a(alt_exit.o)
 *(COMMON)
 COMMON         0x02814d04       0x24 obj/default/count_binary.o
                0x02814d04                sPIO
 COMMON         0x02814d28      0x100 ../0109_bsp/\libhal_bsp.a(alt_irq_handler.o)
                0x02814d28                alt_irq
 COMMON         0x02814e28      0x190 d:/alalala/nios2eds/bin/gnu/h-i686-mingw32/bin/../lib/gcc/nios2-elf/4.1.2/../../../../nios2-elf/lib/mno-hw-mul\libc.a(lib_a-atexit.o)
                0x02814e28                _atexit0
                0x02814fb8                . = ALIGN (0x4)
                0x02814fb8                __bss_end = ABSOLUTE (.)

.sdram_ctrl     0x02814fb8        0x0
                0x02814fb8                PROVIDE (_alt_partition_sdram_ctrl_start, ABSOLUTE (.))
 *(.sdram_ctrl. sdram_ctrl.*)
                0x02814fb8                . = ALIGN (0x4)
                0x02814fb8                PROVIDE (_alt_partition_sdram_ctrl_end, ABSOLUTE (.))
                0x02814fb8                _end = ABSOLUTE (.)
                0x02814fb8                end = ABSOLUTE (.)
                0x02814fb8                __alt_stack_base = ABSOLUTE (.)
                0x02814fb8                PROVIDE (_alt_partition_sdram_ctrl_load_addr, LOADADDR (.sdram_ctrl))

.stab
 *(.stab)

.stabstr
 *(.stabstr)

.stab.excl
 *(.stab.excl)

.stab.exclstr
 *(.stab.exclstr)

.stab.index
 *(.stab.index)

.stab.indexstr
 *(.stab.indexstr)

.comment        0x00000000       0x26
 *(.comment)
 .comment       0x00000000       0x26 obj/default/count_binary.o
                                 0x27 (size before relaxing)
 .comment       0x00000000       0x27 d:/alalala/nios2eds/bin/gnu/h-i686-mingw32/bin/../lib/gcc/nios2-elf/4.1.2/mno-hw-mul\libgcc.a(lib2-mul.o)
 .comment       0x00000000       0x27 d:/alalala/nios2eds/bin/gnu/h-i686-mingw32/bin/../lib/gcc/nios2-elf/4.1.2/../../../../nios2-elf/lib/mno-hw-mul\libc.a(lib_a-printf.o)
 .comment       0x00000000       0x27 d:/alalala/nios2eds/bin/gnu/h-i686-mingw32/bin/../lib/gcc/nios2-elf/4.1.2/../../../../nios2-elf/lib/mno-hw-mul\libc.a(lib_a-puts.o)
 .comment       0x00000000       0x27 d:/alalala/nios2eds/bin/gnu/h-i686-mingw32/bin/../lib/gcc/nios2-elf/4.1.2/../../../../nios2-elf/lib/mno-hw-mul\libc.a(lib_a-rand.o)
 .comment       0x00000000       0x27 d:/alalala/nios2eds/bin/gnu/h-i686-mingw32/bin/../lib/gcc/nios2-elf/4.1.2/../../../../nios2-elf/lib/mno-hw-mul\libc.a(lib_a-strlen.o)
 .comment       0x00000000       0x27 d:/alalala/nios2eds/bin/gnu/h-i686-mingw32/bin/../lib/gcc/nios2-elf/4.1.2/../../../../nios2-elf/lib/mno-hw-mul\libc.a(lib_a-vfprintf.o)
 .comment       0x00000000       0x27 d:/alalala/nios2eds/bin/gnu/h-i686-mingw32/bin/../lib/gcc/nios2-elf/4.1.2/../../../../nios2-elf/lib/mno-hw-mul\libc.a(lib_a-wsetup.o)
 .comment       0x00000000       0x27 d:/alalala/nios2eds/bin/gnu/h-i686-mingw32/bin/../lib/gcc/nios2-elf/4.1.2/../../../../nios2-elf/lib/mno-hw-mul\libc.a(lib_a-dtoa.o)
 .comment       0x00000000       0x27 d:/alalala/nios2eds/bin/gnu/h-i686-mingw32/bin/../lib/gcc/nios2-elf/4.1.2/../../../../nios2-elf/lib/mno-hw-mul\libc.a(lib_a-fflush.o)
 .comment       0x00000000       0x27 d:/alalala/nios2eds/bin/gnu/h-i686-mingw32/bin/../lib/gcc/nios2-elf/4.1.2/../../../../nios2-elf/lib/mno-hw-mul\libc.a(lib_a-findfp.o)
 .comment       0x00000000       0x27 d:/alalala/nios2eds/bin/gnu/h-i686-mingw32/bin/../lib/gcc/nios2-elf/4.1.2/../../../../nios2-elf/lib/mno-hw-mul\libc.a(lib_a-freer.o)
 .comment       0x00000000       0x27 d:/alalala/nios2eds/bin/gnu/h-i686-mingw32/bin/../lib/gcc/nios2-elf/4.1.2/../../../../nios2-elf/lib/mno-hw-mul\libc.a(lib_a-fvwrite.o)
 .comment       0x00000000       0x27 d:/alalala/nios2eds/bin/gnu/h-i686-mingw32/bin/../lib/gcc/nios2-elf/4.1.2/../../../../nios2-elf/lib/mno-hw-mul\libc.a(lib_a-fwalk.o)
 .comment       0x00000000       0x27 d:/alalala/nios2eds/bin/gnu/h-i686-mingw32/bin/../lib/gcc/nios2-elf/4.1.2/../../../../nios2-elf/lib/mno-hw-mul\libc.a(lib_a-impure.o)
 .comment       0x00000000       0x27 d:/alalala/nios2eds/bin/gnu/h-i686-mingw32/bin/../lib/gcc/nios2-elf/4.1.2/../../../../nios2-elf/lib/mno-hw-mul\libc.a(lib_a-locale.o)
 .comment       0x00000000       0x27 d:/alalala/nios2eds/bin/gnu/h-i686-mingw32/bin/../lib/gcc/nios2-elf/4.1.2/../../../../nios2-elf/lib/mno-hw-mul\libc.a(lib_a-makebuf.o)
 .comment       0x00000000       0x27 d:/alalala/nios2eds/bin/gnu/h-i686-mingw32/bin/../lib/gcc/nios2-elf/4.1.2/../../../../nios2-elf/lib/mno-hw-mul\libc.a(lib_a-mallocr.o)
 .comment       0x00000000       0x27 d:/alalala/nios2eds/bin/gnu/h-i686-mingw32/bin/../lib/gcc/nios2-elf/4.1.2/../../../../nios2-elf/lib/mno-hw-mul\libc.a(lib_a-memchr.o)
 .comment       0x00000000       0x27 d:/alalala/nios2eds/bin/gnu/h-i686-mingw32/bin/../lib/gcc/nios2-elf/4.1.2/../../../../nios2-elf/lib/mno-hw-mul\libc.a(lib_a-memcpy.o)
 .comment       0x00000000       0x27 d:/alalala/nios2eds/bin/gnu/h-i686-mingw32/bin/../lib/gcc/nios2-elf/4.1.2/../../../../nios2-elf/lib/mno-hw-mul\libc.a(lib_a-memmove.o)
 .comment       0x00000000       0x27 d:/alalala/nios2eds/bin/gnu/h-i686-mingw32/bin/../lib/gcc/nios2-elf/4.1.2/../../../../nios2-elf/lib/mno-hw-mul\libc.a(lib_a-memset.o)
 .comment       0x00000000       0x27 d:/alalala/nios2eds/bin/gnu/h-i686-mingw32/bin/../lib/gcc/nios2-elf/4.1.2/../../../../nios2-elf/lib/mno-hw-mul\libc.a(lib_a-mprec.o)
 .comment       0x00000000       0x27 d:/alalala/nios2eds/bin/gnu/h-i686-mingw32/bin/../lib/gcc/nios2-elf/4.1.2/../../../../nios2-elf/lib/mno-hw-mul\libc.a(lib_a-reallocr.o)
 .comment       0x00000000       0x27 d:/alalala/nios2eds/bin/gnu/h-i686-mingw32/bin/../lib/gcc/nios2-elf/4.1.2/../../../../nios2-elf/lib/mno-hw-mul\libc.a(lib_a-s_isinfd.o)
 .comment       0x00000000       0x27 d:/alalala/nios2eds/bin/gnu/h-i686-mingw32/bin/../lib/gcc/nios2-elf/4.1.2/../../../../nios2-elf/lib/mno-hw-mul\libc.a(lib_a-s_isnand.o)
 .comment       0x00000000       0x27 d:/alalala/nios2eds/bin/gnu/h-i686-mingw32/bin/../lib/gcc/nios2-elf/4.1.2/../../../../nios2-elf/lib/mno-hw-mul\libc.a(lib_a-sbrkr.o)
 .comment       0x00000000       0x27 d:/alalala/nios2eds/bin/gnu/h-i686-mingw32/bin/../lib/gcc/nios2-elf/4.1.2/../../../../nios2-elf/lib/mno-hw-mul\libc.a(lib_a-stdio.o)
 .comment       0x00000000       0x27 d:/alalala/nios2eds/bin/gnu/h-i686-mingw32/bin/../lib/gcc/nios2-elf/4.1.2/../../../../nios2-elf/lib/mno-hw-mul\libc.a(lib_a-strcmp.o)
 .comment       0x00000000       0x27 d:/alalala/nios2eds/bin/gnu/h-i686-mingw32/bin/../lib/gcc/nios2-elf/4.1.2/../../../../nios2-elf/lib/mno-hw-mul\libc.a(lib_a-writer.o)
 .comment       0x00000000       0x27 d:/alalala/nios2eds/bin/gnu/h-i686-mingw32/bin/../lib/gcc/nios2-elf/4.1.2/../../../../nios2-elf/lib/mno-hw-mul\libc.a(lib_a-callocr.o)
 .comment       0x00000000       0x27 d:/alalala/nios2eds/bin/gnu/h-i686-mingw32/bin/../lib/gcc/nios2-elf/4.1.2/../../../../nios2-elf/lib/mno-hw-mul\libc.a(lib_a-closer.o)
 .comment       0x00000000       0x27 d:/alalala/nios2eds/bin/gnu/h-i686-mingw32/bin/../lib/gcc/nios2-elf/4.1.2/../../../../nios2-elf/lib/mno-hw-mul\libc.a(lib_a-fclose.o)
 .comment       0x00000000       0x27 d:/alalala/nios2eds/bin/gnu/h-i686-mingw32/bin/../lib/gcc/nios2-elf/4.1.2/../../../../nios2-elf/lib/mno-hw-mul\libc.a(lib_a-fstatr.o)
 .comment       0x00000000       0x27 d:/alalala/nios2eds/bin/gnu/h-i686-mingw32/bin/../lib/gcc/nios2-elf/4.1.2/../../../../nios2-elf/lib/mno-hw-mul\libc.a(lib_a-int_errno.o)
 .comment       0x00000000       0x27 d:/alalala/nios2eds/bin/gnu/h-i686-mingw32/bin/../lib/gcc/nios2-elf/4.1.2/../../../../nios2-elf/lib/mno-hw-mul\libc.a(lib_a-isattyr.o)
 .comment       0x00000000       0x27 d:/alalala/nios2eds/bin/gnu/h-i686-mingw32/bin/../lib/gcc/nios2-elf/4.1.2/../../../../nios2-elf/lib/mno-hw-mul\libc.a(lib_a-lseekr.o)
 .comment       0x00000000       0x27 d:/alalala/nios2eds/bin/gnu/h-i686-mingw32/bin/../lib/gcc/nios2-elf/4.1.2/../../../../nios2-elf/lib/mno-hw-mul\libc.a(lib_a-readr.o)
 .comment       0x00000000       0x27 d:/alalala/nios2eds/bin/gnu/h-i686-mingw32/bin/../lib/gcc/nios2-elf/4.1.2/mno-hw-mul\libgcc.a(_muldi3.o)
 .comment       0x00000000       0x27 d:/alalala/nios2eds/bin/gnu/h-i686-mingw32/bin/../lib/gcc/nios2-elf/4.1.2/mno-hw-mul\libgcc.a(_udivdi3.o)
 .comment       0x00000000       0x27 d:/alalala/nios2eds/bin/gnu/h-i686-mingw32/bin/../lib/gcc/nios2-elf/4.1.2/mno-hw-mul\libgcc.a(_umoddi3.o)
 .comment       0x00000000       0x27 d:/alalala/nios2eds/bin/gnu/h-i686-mingw32/bin/../lib/gcc/nios2-elf/4.1.2/mno-hw-mul\libgcc.a(_addsub_df.o)
 .comment       0x00000000       0x27 d:/alalala/nios2eds/bin/gnu/h-i686-mingw32/bin/../lib/gcc/nios2-elf/4.1.2/mno-hw-mul\libgcc.a(_mul_df.o)
 .comment       0x00000000       0x27 d:/alalala/nios2eds/bin/gnu/h-i686-mingw32/bin/../lib/gcc/nios2-elf/4.1.2/mno-hw-mul\libgcc.a(_div_df.o)
 .comment       0x00000000       0x27 d:/alalala/nios2eds/bin/gnu/h-i686-mingw32/bin/../lib/gcc/nios2-elf/4.1.2/mno-hw-mul\libgcc.a(_eq_df.o)
 .comment       0x00000000       0x27 d:/alalala/nios2eds/bin/gnu/h-i686-mingw32/bin/../lib/gcc/nios2-elf/4.1.2/mno-hw-mul\libgcc.a(_ne_df.o)
 .comment       0x00000000       0x27 d:/alalala/nios2eds/bin/gnu/h-i686-mingw32/bin/../lib/gcc/nios2-elf/4.1.2/mno-hw-mul\libgcc.a(_gt_df.o)
 .comment       0x00000000       0x27 d:/alalala/nios2eds/bin/gnu/h-i686-mingw32/bin/../lib/gcc/nios2-elf/4.1.2/mno-hw-mul\libgcc.a(_ge_df.o)
 .comment       0x00000000       0x27 d:/alalala/nios2eds/bin/gnu/h-i686-mingw32/bin/../lib/gcc/nios2-elf/4.1.2/mno-hw-mul\libgcc.a(_lt_df.o)
 .comment       0x00000000       0x27 d:/alalala/nios2eds/bin/gnu/h-i686-mingw32/bin/../lib/gcc/nios2-elf/4.1.2/mno-hw-mul\libgcc.a(_si_to_df.o)
 .comment       0x00000000       0x27 d:/alalala/nios2eds/bin/gnu/h-i686-mingw32/bin/../lib/gcc/nios2-elf/4.1.2/mno-hw-mul\libgcc.a(_df_to_si.o)
 .comment       0x00000000       0x27 d:/alalala/nios2eds/bin/gnu/h-i686-mingw32/bin/../lib/gcc/nios2-elf/4.1.2/mno-hw-mul\libgcc.a(_thenan_df.o)
 .comment       0x00000000       0x27 d:/alalala/nios2eds/bin/gnu/h-i686-mingw32/bin/../lib/gcc/nios2-elf/4.1.2/mno-hw-mul\libgcc.a(_usi_to_df.o)
 .comment       0x00000000       0x27 d:/alalala/nios2eds/bin/gnu/h-i686-mingw32/bin/../lib/gcc/nios2-elf/4.1.2/mno-hw-mul\libgcc.a(lib2-divmod.o)
 .comment       0x00000000       0x27 d:/alalala/nios2eds/bin/gnu/h-i686-mingw32/bin/../lib/gcc/nios2-elf/4.1.2/mno-hw-mul\libgcc.a(_clz.o)
 .comment       0x00000000       0x27 d:/alalala/nios2eds/bin/gnu/h-i686-mingw32/bin/../lib/gcc/nios2-elf/4.1.2/mno-hw-mul\libgcc.a(_clzsi2.o)
 .comment       0x00000000       0x27 d:/alalala/nios2eds/bin/gnu/h-i686-mingw32/bin/../lib/gcc/nios2-elf/4.1.2/mno-hw-mul\libgcc.a(_pack_df.o)
 .comment       0x00000000       0x27 d:/alalala/nios2eds/bin/gnu/h-i686-mingw32/bin/../lib/gcc/nios2-elf/4.1.2/mno-hw-mul\libgcc.a(_unpack_df.o)
 .comment       0x00000000       0x27 d:/alalala/nios2eds/bin/gnu/h-i686-mingw32/bin/../lib/gcc/nios2-elf/4.1.2/mno-hw-mul\libgcc.a(_fpcmp_parts_df.o)
 .comment       0x00000000       0x27 ../0109_bsp/\libhal_bsp.a(alt_close.o)
 .comment       0x00000000       0x27 ../0109_bsp/\libhal_bsp.a(alt_dev.o)
 .comment       0x00000000       0x27 ../0109_bsp/\libhal_bsp.a(alt_errno.o)
 .comment       0x00000000       0x27 ../0109_bsp/\libhal_bsp.a(alt_fstat.o)
 .comment       0x00000000       0x27 ../0109_bsp/\libhal_bsp.a(alt_irq_register.o)
 .comment       0x00000000       0x27 ../0109_bsp/\libhal_bsp.a(alt_irq_vars.o)
 .comment       0x00000000       0x27 ../0109_bsp/\libhal_bsp.a(alt_isatty.o)
 .comment       0x00000000       0x27 ../0109_bsp/\libhal_bsp.a(alt_load.o)
 .comment       0x00000000       0x27 ../0109_bsp/\libhal_bsp.a(alt_lseek.o)
 .comment       0x00000000       0x27 ../0109_bsp/\libhal_bsp.a(alt_main.o)
 .comment       0x00000000       0x27 ../0109_bsp/\libhal_bsp.a(alt_malloc_lock.o)
 .comment       0x00000000       0x27 ../0109_bsp/\libhal_bsp.a(alt_read.o)
 .comment       0x00000000       0x27 ../0109_bsp/\libhal_bsp.a(alt_release_fd.o)
 .comment       0x00000000       0x27 ../0109_bsp/\libhal_bsp.a(alt_sbrk.o)
 .comment       0x00000000       0x27 ../0109_bsp/\libhal_bsp.a(alt_usleep.o)
 .comment       0x00000000       0x27 ../0109_bsp/\libhal_bsp.a(alt_write.o)
 .comment       0x00000000       0x27 ../0109_bsp/\libhal_bsp.a(alt_sys_init.o)
 .comment       0x00000000       0x27 ../0109_bsp/\libhal_bsp.a(altera_avalon_dma.o)
 .comment       0x00000000       0x27 ../0109_bsp/\libhal_bsp.a(altera_avalon_jtag_uart_fd.o)
 .comment       0x00000000       0x27 ../0109_bsp/\libhal_bsp.a(altera_avalon_jtag_uart_init.o)
 .comment       0x00000000       0x27 ../0109_bsp/\libhal_bsp.a(altera_avalon_jtag_uart_ioctl.o)
 .comment       0x00000000       0x27 ../0109_bsp/\libhal_bsp.a(altera_avalon_jtag_uart_read.o)
 .comment       0x00000000       0x27 ../0109_bsp/\libhal_bsp.a(altera_avalon_jtag_uart_write.o)
 .comment       0x00000000       0x27 ../0109_bsp/\libhal_bsp.a(alt_alarm_start.o)
 .comment       0x00000000       0x27 ../0109_bsp/\libhal_bsp.a(alt_busy_sleep.o)
 .comment       0x00000000       0x27 ../0109_bsp/\libhal_bsp.a(alt_dcache_flush_all.o)
 .comment       0x00000000       0x27 ../0109_bsp/\libhal_bsp.a(alt_dev_llist_insert.o)
 .comment       0x00000000       0x27 ../0109_bsp/\libhal_bsp.a(alt_dma_rxchan_open.o)
 .comment       0x00000000       0x27 ../0109_bsp/\libhal_bsp.a(alt_dma_txchan_open.o)
 .comment       0x00000000       0x27 ../0109_bsp/\libhal_bsp.a(alt_do_ctors.o)
 .comment       0x00000000       0x27 ../0109_bsp/\libhal_bsp.a(alt_do_dtors.o)
 .comment       0x00000000       0x27 ../0109_bsp/\libhal_bsp.a(alt_find_dev.o)
 .comment       0x00000000       0x27 ../0109_bsp/\libhal_bsp.a(alt_icache_flush_all.o)
 .comment       0x00000000       0x27 ../0109_bsp/\libhal_bsp.a(alt_iic.o)
 .comment       0x00000000       0x27 ../0109_bsp/\libhal_bsp.a(alt_iic_isr_register.o)
 .comment       0x00000000       0x27 ../0109_bsp/\libhal_bsp.a(alt_io_redirect.o)
 .comment       0x00000000       0x27 ../0109_bsp/\libhal_bsp.a(alt_irq_handler.o)
 .comment       0x00000000       0x27 ../0109_bsp/\libhal_bsp.a(alt_open.o)
 .comment       0x00000000       0x27 ../0109_bsp/\libhal_bsp.a(alt_tick.o)
 .comment       0x00000000       0x27 ../0109_bsp/\libhal_bsp.a(altera_nios2_qsys_irq.o)
 .comment       0x00000000       0x27 ../0109_bsp/\libhal_bsp.a(alt_find_file.o)
 .comment       0x00000000       0x27 ../0109_bsp/\libhal_bsp.a(alt_get_fd.o)
 .comment       0x00000000       0x27 d:/alalala/nios2eds/bin/gnu/h-i686-mingw32/bin/../lib/gcc/nios2-elf/4.1.2/../../../../nios2-elf/lib/mno-hw-mul\libc.a(lib_a-atexit.o)
 .comment       0x00000000       0x27 d:/alalala/nios2eds/bin/gnu/h-i686-mingw32/bin/../lib/gcc/nios2-elf/4.1.2/../../../../nios2-elf/lib/mno-hw-mul\libc.a(lib_a-exit.o)
 .comment       0x00000000       0x27 d:/alalala/nios2eds/bin/gnu/h-i686-mingw32/bin/../lib/gcc/nios2-elf/4.1.2/../../../../nios2-elf/lib/mno-hw-mul\libc.a(lib_a-memcmp.o)
 .comment       0x00000000       0x27 d:/alalala/nios2eds/bin/gnu/h-i686-mingw32/bin/../lib/gcc/nios2-elf/4.1.2/../../../../nios2-elf/lib/mno-hw-mul\libc.a(lib_a-__atexit.o)
 .comment       0x00000000       0x27 d:/alalala/nios2eds/bin/gnu/h-i686-mingw32/bin/../lib/gcc/nios2-elf/4.1.2/../../../../nios2-elf/lib/mno-hw-mul\libc.a(lib_a-__call_atexit.o)
 .comment       0x00000000       0x27 ../0109_bsp/\libhal_bsp.a(alt_exit.o)

.debug
 *(.debug)

.line
 *(.line)

.debug_srcinfo
 *(.debug_srcinfo)

.debug_sfnames
 *(.debug_sfnames)

.debug_aranges  0x00000000      0xd38
 *(.debug_aranges)
 .debug_aranges
                0x00000000       0x28 ../0109_bsp//obj/HAL/src/crt0.o
 .debug_aranges
                0x00000028       0x20 obj/default/count_binary.o
 .debug_aranges
                0x00000048       0x20 d:/alalala/nios2eds/bin/gnu/h-i686-mingw32/bin/../lib/gcc/nios2-elf/4.1.2/mno-hw-mul\libgcc.a(lib2-mul.o)
 .debug_aranges
                0x00000068       0x20 d:/alalala/nios2eds/bin/gnu/h-i686-mingw32/bin/../lib/gcc/nios2-elf/4.1.2/../../../../nios2-elf/lib/mno-hw-mul\libc.a(lib_a-printf.o)
 .debug_aranges
                0x00000088       0x20 d:/alalala/nios2eds/bin/gnu/h-i686-mingw32/bin/../lib/gcc/nios2-elf/4.1.2/../../../../nios2-elf/lib/mno-hw-mul\libc.a(lib_a-puts.o)
 .debug_aranges
                0x000000a8       0x20 d:/alalala/nios2eds/bin/gnu/h-i686-mingw32/bin/../lib/gcc/nios2-elf/4.1.2/../../../../nios2-elf/lib/mno-hw-mul\libc.a(lib_a-rand.o)
 .debug_aranges
                0x000000c8       0x20 d:/alalala/nios2eds/bin/gnu/h-i686-mingw32/bin/../lib/gcc/nios2-elf/4.1.2/../../../../nios2-elf/lib/mno-hw-mul\libc.a(lib_a-strlen.o)
 .debug_aranges
                0x000000e8       0x20 d:/alalala/nios2eds/bin/gnu/h-i686-mingw32/bin/../lib/gcc/nios2-elf/4.1.2/../../../../nios2-elf/lib/mno-hw-mul\libc.a(lib_a-vfprintf.o)
 .debug_aranges
                0x00000108       0x20 d:/alalala/nios2eds/bin/gnu/h-i686-mingw32/bin/../lib/gcc/nios2-elf/4.1.2/../../../../nios2-elf/lib/mno-hw-mul\libc.a(lib_a-wsetup.o)
 .debug_aranges
                0x00000128       0x20 d:/alalala/nios2eds/bin/gnu/h-i686-mingw32/bin/../lib/gcc/nios2-elf/4.1.2/../../../../nios2-elf/lib/mno-hw-mul\libc.a(lib_a-dtoa.o)
 .debug_aranges
                0x00000148       0x20 d:/alalala/nios2eds/bin/gnu/h-i686-mingw32/bin/../lib/gcc/nios2-elf/4.1.2/../../../../nios2-elf/lib/mno-hw-mul\libc.a(lib_a-fflush.o)
 .debug_aranges
                0x00000168       0x20 d:/alalala/nios2eds/bin/gnu/h-i686-mingw32/bin/../lib/gcc/nios2-elf/4.1.2/../../../../nios2-elf/lib/mno-hw-mul\libc.a(lib_a-findfp.o)
 .debug_aranges
                0x00000188       0x20 d:/alalala/nios2eds/bin/gnu/h-i686-mingw32/bin/../lib/gcc/nios2-elf/4.1.2/../../../../nios2-elf/lib/mno-hw-mul\libc.a(lib_a-freer.o)
 .debug_aranges
                0x000001a8       0x20 d:/alalala/nios2eds/bin/gnu/h-i686-mingw32/bin/../lib/gcc/nios2-elf/4.1.2/../../../../nios2-elf/lib/mno-hw-mul\libc.a(lib_a-fvwrite.o)
 .debug_aranges
                0x000001c8       0x20 d:/alalala/nios2eds/bin/gnu/h-i686-mingw32/bin/../lib/gcc/nios2-elf/4.1.2/../../../../nios2-elf/lib/mno-hw-mul\libc.a(lib_a-fwalk.o)
 .debug_aranges
                0x000001e8       0x20 d:/alalala/nios2eds/bin/gnu/h-i686-mingw32/bin/../lib/gcc/nios2-elf/4.1.2/../../../../nios2-elf/lib/mno-hw-mul\libc.a(lib_a-locale.o)
 .debug_aranges
                0x00000208       0x20 d:/alalala/nios2eds/bin/gnu/h-i686-mingw32/bin/../lib/gcc/nios2-elf/4.1.2/../../../../nios2-elf/lib/mno-hw-mul\libc.a(lib_a-makebuf.o)
 .debug_aranges
                0x00000228       0x20 d:/alalala/nios2eds/bin/gnu/h-i686-mingw32/bin/../lib/gcc/nios2-elf/4.1.2/../../../../nios2-elf/lib/mno-hw-mul\libc.a(lib_a-mallocr.o)
 .debug_aranges
                0x00000248       0x20 d:/alalala/nios2eds/bin/gnu/h-i686-mingw32/bin/../lib/gcc/nios2-elf/4.1.2/../../../../nios2-elf/lib/mno-hw-mul\libc.a(lib_a-memchr.o)
 .debug_aranges
                0x00000268       0x20 d:/alalala/nios2eds/bin/gnu/h-i686-mingw32/bin/../lib/gcc/nios2-elf/4.1.2/../../../../nios2-elf/lib/mno-hw-mul\libc.a(lib_a-memcpy.o)
 .debug_aranges
                0x00000288       0x20 d:/alalala/nios2eds/bin/gnu/h-i686-mingw32/bin/../lib/gcc/nios2-elf/4.1.2/../../../../nios2-elf/lib/mno-hw-mul\libc.a(lib_a-memmove.o)
 .debug_aranges
                0x000002a8       0x20 d:/alalala/nios2eds/bin/gnu/h-i686-mingw32/bin/../lib/gcc/nios2-elf/4.1.2/../../../../nios2-elf/lib/mno-hw-mul\libc.a(lib_a-memset.o)
 .debug_aranges
                0x000002c8       0x20 d:/alalala/nios2eds/bin/gnu/h-i686-mingw32/bin/../lib/gcc/nios2-elf/4.1.2/../../../../nios2-elf/lib/mno-hw-mul\libc.a(lib_a-mprec.o)
 .debug_aranges
                0x000002e8       0x20 d:/alalala/nios2eds/bin/gnu/h-i686-mingw32/bin/../lib/gcc/nios2-elf/4.1.2/../../../../nios2-elf/lib/mno-hw-mul\libc.a(lib_a-reallocr.o)
 .debug_aranges
                0x00000308       0x20 d:/alalala/nios2eds/bin/gnu/h-i686-mingw32/bin/../lib/gcc/nios2-elf/4.1.2/../../../../nios2-elf/lib/mno-hw-mul\libc.a(lib_a-s_isinfd.o)
 .debug_aranges
                0x00000328       0x20 d:/alalala/nios2eds/bin/gnu/h-i686-mingw32/bin/../lib/gcc/nios2-elf/4.1.2/../../../../nios2-elf/lib/mno-hw-mul\libc.a(lib_a-s_isnand.o)
 .debug_aranges
                0x00000348       0x20 d:/alalala/nios2eds/bin/gnu/h-i686-mingw32/bin/../lib/gcc/nios2-elf/4.1.2/../../../../nios2-elf/lib/mno-hw-mul\libc.a(lib_a-sbrkr.o)
 .debug_aranges
                0x00000368       0x20 d:/alalala/nios2eds/bin/gnu/h-i686-mingw32/bin/../lib/gcc/nios2-elf/4.1.2/../../../../nios2-elf/lib/mno-hw-mul\libc.a(lib_a-stdio.o)
 .debug_aranges
                0x00000388       0x20 d:/alalala/nios2eds/bin/gnu/h-i686-mingw32/bin/../lib/gcc/nios2-elf/4.1.2/../../../../nios2-elf/lib/mno-hw-mul\libc.a(lib_a-strcmp.o)
 .debug_aranges
                0x000003a8       0x20 d:/alalala/nios2eds/bin/gnu/h-i686-mingw32/bin/../lib/gcc/nios2-elf/4.1.2/../../../../nios2-elf/lib/mno-hw-mul\libc.a(lib_a-writer.o)
 .debug_aranges
                0x000003c8       0x20 d:/alalala/nios2eds/bin/gnu/h-i686-mingw32/bin/../lib/gcc/nios2-elf/4.1.2/../../../../nios2-elf/lib/mno-hw-mul\libc.a(lib_a-callocr.o)
 .debug_aranges
                0x000003e8       0x20 d:/alalala/nios2eds/bin/gnu/h-i686-mingw32/bin/../lib/gcc/nios2-elf/4.1.2/../../../../nios2-elf/lib/mno-hw-mul\libc.a(lib_a-closer.o)
 .debug_aranges
                0x00000408       0x20 d:/alalala/nios2eds/bin/gnu/h-i686-mingw32/bin/../lib/gcc/nios2-elf/4.1.2/../../../../nios2-elf/lib/mno-hw-mul\libc.a(lib_a-fclose.o)
 .debug_aranges
                0x00000428       0x20 d:/alalala/nios2eds/bin/gnu/h-i686-mingw32/bin/../lib/gcc/nios2-elf/4.1.2/../../../../nios2-elf/lib/mno-hw-mul\libc.a(lib_a-fstatr.o)
 .debug_aranges
                0x00000448       0x20 d:/alalala/nios2eds/bin/gnu/h-i686-mingw32/bin/../lib/gcc/nios2-elf/4.1.2/../../../../nios2-elf/lib/mno-hw-mul\libc.a(lib_a-isattyr.o)
 .debug_aranges
                0x00000468       0x20 d:/alalala/nios2eds/bin/gnu/h-i686-mingw32/bin/../lib/gcc/nios2-elf/4.1.2/../../../../nios2-elf/lib/mno-hw-mul\libc.a(lib_a-lseekr.o)
 .debug_aranges
                0x00000488       0x20 d:/alalala/nios2eds/bin/gnu/h-i686-mingw32/bin/../lib/gcc/nios2-elf/4.1.2/../../../../nios2-elf/lib/mno-hw-mul\libc.a(lib_a-readr.o)
 .debug_aranges
                0x000004a8       0x20 d:/alalala/nios2eds/bin/gnu/h-i686-mingw32/bin/../lib/gcc/nios2-elf/4.1.2/mno-hw-mul\libgcc.a(_muldi3.o)
 .debug_aranges
                0x000004c8       0x20 d:/alalala/nios2eds/bin/gnu/h-i686-mingw32/bin/../lib/gcc/nios2-elf/4.1.2/mno-hw-mul\libgcc.a(_udivdi3.o)
 .debug_aranges
                0x000004e8       0x20 d:/alalala/nios2eds/bin/gnu/h-i686-mingw32/bin/../lib/gcc/nios2-elf/4.1.2/mno-hw-mul\libgcc.a(_umoddi3.o)
 .debug_aranges
                0x00000508       0x20 d:/alalala/nios2eds/bin/gnu/h-i686-mingw32/bin/../lib/gcc/nios2-elf/4.1.2/mno-hw-mul\libgcc.a(_addsub_df.o)
 .debug_aranges
                0x00000528       0x20 d:/alalala/nios2eds/bin/gnu/h-i686-mingw32/bin/../lib/gcc/nios2-elf/4.1.2/mno-hw-mul\libgcc.a(_mul_df.o)
 .debug_aranges
                0x00000548       0x20 d:/alalala/nios2eds/bin/gnu/h-i686-mingw32/bin/../lib/gcc/nios2-elf/4.1.2/mno-hw-mul\libgcc.a(_div_df.o)
 .debug_aranges
                0x00000568       0x20 d:/alalala/nios2eds/bin/gnu/h-i686-mingw32/bin/../lib/gcc/nios2-elf/4.1.2/mno-hw-mul\libgcc.a(_eq_df.o)
 .debug_aranges
                0x00000588       0x20 d:/alalala/nios2eds/bin/gnu/h-i686-mingw32/bin/../lib/gcc/nios2-elf/4.1.2/mno-hw-mul\libgcc.a(_ne_df.o)
 .debug_aranges
                0x000005a8       0x20 d:/alalala/nios2eds/bin/gnu/h-i686-mingw32/bin/../lib/gcc/nios2-elf/4.1.2/mno-hw-mul\libgcc.a(_gt_df.o)
 .debug_aranges
                0x000005c8       0x20 d:/alalala/nios2eds/bin/gnu/h-i686-mingw32/bin/../lib/gcc/nios2-elf/4.1.2/mno-hw-mul\libgcc.a(_ge_df.o)
 .debug_aranges
                0x000005e8       0x20 d:/alalala/nios2eds/bin/gnu/h-i686-mingw32/bin/../lib/gcc/nios2-elf/4.1.2/mno-hw-mul\libgcc.a(_lt_df.o)
 .debug_aranges
                0x00000608       0x20 d:/alalala/nios2eds/bin/gnu/h-i686-mingw32/bin/../lib/gcc/nios2-elf/4.1.2/mno-hw-mul\libgcc.a(_si_to_df.o)
 .debug_aranges
                0x00000628       0x20 d:/alalala/nios2eds/bin/gnu/h-i686-mingw32/bin/../lib/gcc/nios2-elf/4.1.2/mno-hw-mul\libgcc.a(_df_to_si.o)
 .debug_aranges
                0x00000648       0x20 d:/alalala/nios2eds/bin/gnu/h-i686-mingw32/bin/../lib/gcc/nios2-elf/4.1.2/mno-hw-mul\libgcc.a(_usi_to_df.o)
 .debug_aranges
                0x00000668       0x20 d:/alalala/nios2eds/bin/gnu/h-i686-mingw32/bin/../lib/gcc/nios2-elf/4.1.2/mno-hw-mul\libgcc.a(lib2-divmod.o)
 .debug_aranges
                0x00000688       0x20 d:/alalala/nios2eds/bin/gnu/h-i686-mingw32/bin/../lib/gcc/nios2-elf/4.1.2/mno-hw-mul\libgcc.a(_clzsi2.o)
 .debug_aranges
                0x000006a8       0x20 d:/alalala/nios2eds/bin/gnu/h-i686-mingw32/bin/../lib/gcc/nios2-elf/4.1.2/mno-hw-mul\libgcc.a(_pack_df.o)
 .debug_aranges
                0x000006c8       0x20 d:/alalala/nios2eds/bin/gnu/h-i686-mingw32/bin/../lib/gcc/nios2-elf/4.1.2/mno-hw-mul\libgcc.a(_unpack_df.o)
 .debug_aranges
                0x000006e8       0x20 d:/alalala/nios2eds/bin/gnu/h-i686-mingw32/bin/../lib/gcc/nios2-elf/4.1.2/mno-hw-mul\libgcc.a(_fpcmp_parts_df.o)
 .debug_aranges
                0x00000708       0x20 ../0109_bsp/\libhal_bsp.a(alt_close.o)
 .debug_aranges
                0x00000728       0x20 ../0109_bsp/\libhal_bsp.a(alt_dev.o)
 .debug_aranges
                0x00000748       0x20 ../0109_bsp/\libhal_bsp.a(alt_fstat.o)
 .debug_aranges
                0x00000768       0x20 ../0109_bsp/\libhal_bsp.a(alt_irq_register.o)
 .debug_aranges
                0x00000788       0x20 ../0109_bsp/\libhal_bsp.a(alt_isatty.o)
 .debug_aranges
                0x000007a8       0x20 ../0109_bsp/\libhal_bsp.a(alt_load.o)
 .debug_aranges
                0x000007c8       0x20 ../0109_bsp/\libhal_bsp.a(alt_lseek.o)
 .debug_aranges
                0x000007e8       0x20 ../0109_bsp/\libhal_bsp.a(alt_main.o)
 .debug_aranges
                0x00000808       0x20 ../0109_bsp/\libhal_bsp.a(alt_malloc_lock.o)
 .debug_aranges
                0x00000828       0x20 ../0109_bsp/\libhal_bsp.a(alt_read.o)
 .debug_aranges
                0x00000848       0x20 ../0109_bsp/\libhal_bsp.a(alt_release_fd.o)
 .debug_aranges
                0x00000868       0x20 ../0109_bsp/\libhal_bsp.a(alt_sbrk.o)
 .debug_aranges
                0x00000888       0x20 ../0109_bsp/\libhal_bsp.a(alt_usleep.o)
 .debug_aranges
                0x000008a8       0x20 ../0109_bsp/\libhal_bsp.a(alt_write.o)
 .debug_aranges
                0x000008c8       0x20 ../0109_bsp/\libhal_bsp.a(alt_sys_init.o)
 .debug_aranges
                0x000008e8       0x20 ../0109_bsp/\libhal_bsp.a(altera_avalon_dma.o)
 .debug_aranges
                0x00000908       0x20 ../0109_bsp/\libhal_bsp.a(altera_avalon_jtag_uart_fd.o)
 .debug_aranges