Archive member included because of file (symbol)

d:/alalala/nios2eds/bin/gnu/h-i686-mingw32/bin/../lib/gcc/nios2-elf/4.1.2/mno-hw-mul\libgcc.a(lib2-mul.o)
                              obj/default/count_binary.o (__mulsi3)
d:/alalala/nios2eds/bin/gnu/h-i686-mingw32/bin/../lib/gcc/nios2-elf/4.1.2/../../../../nios2-elf/lib/mno-hw-mul\libc.a(lib_a-printf.o)
                              obj/default/count_binary.o (printf)
d:/alalala/nios2eds/bin/gnu/h-i686-mingw32/bin/../lib/gcc/nios2-elf/4.1.2/../../../../nios2-elf/lib/mno-hw-mul\libc.a(lib_a-puts.o)
                              obj/default/count_binary.o (puts)
d:/alalala/nios2eds/bin/gnu/h-i686-mingw32/bin/../lib/gcc/nios2-elf/4.1.2/../../../../nios2-elf/lib/mno-hw-mul\libc.a(lib_a-rand.o)
                              obj/default/count_binary.o (srand)
d:/alalala/nios2eds/bin/gnu/h-i686-mingw32/bin/../lib/gcc/nios2-elf/4.1.2/../../../../nios2-elf/lib/mno-hw-mul\libc.a(lib_a-strlen.o)
                              d:/alalala/nios2eds/bin/gnu/h-i686-mingw32/bin/../lib/gcc/nios2-elf/4.1.2/../../../../nios2-elf/lib/mno-hw-mul\libc.a(lib_a-puts.o) (strlen)
d:/alalala/nios2eds/bin/gnu/h-i686-mingw32/bin/../lib/gcc/nios2-elf/4.1.2/../../../../nios2-elf/lib/mno-hw-mul\libc.a(lib_a-vfprintf.o)
                              d:/alalala/nios2eds/bin/gnu/h-i686-mingw32/bin/../lib/gcc/nios2-elf/4.1.2/../../../../nios2-elf/lib/mno-hw-mul\libc.a(lib_a-printf.o) (___vfprintf_internal_r)
d:/alalala/nios2eds/bin/gnu/h-i686-mingw32/bin/../lib/gcc/nios2-elf/4.1.2/../../../../nios2-elf/lib/mno-hw-mul\libc.a(lib_a-wsetup.o)
                              d:/alalala/nios2eds/bin/gnu/h-i686-mingw32/bin/../lib/gcc/nios2-elf/4.1.2/../../../../nios2-elf/lib/mno-hw-mul\libc.a(lib_a-vfprintf.o) (__swsetup_r)
d:/alalala/nios2eds/bin/gnu/h-i686-mingw32/bin/../lib/gcc/nios2-elf/4.1.2/../../../../nios2-elf/lib/mno-hw-mul\libc.a(lib_a-dtoa.o)
                              d:/alalala/nios2eds/bin/gnu/h-i686-mingw32/bin/../lib/gcc/nios2-elf/4.1.2/../../../../nios2-elf/lib/mno-hw-mul\libc.a(lib_a-vfprintf.o) (_dtoa_r)
d:/alalala/nios2eds/bin/gnu/h-i686-mingw32/bin/../lib/gcc/nios2-elf/4.1.2/../../../../nios2-elf/lib/mno-hw-mul\libc.a(lib_a-fflush.o)
                              d:/alalala/nios2eds/bin/gnu/h-i686-mingw32/bin/../lib/gcc/nios2-elf/4.1.2/../../../../nios2-elf/lib/mno-hw-mul\libc.a(lib_a-vfprintf.o) (_fflush_r)
d:/alalala/nios2eds/bin/gnu/h-i686-mingw32/bin/../lib/gcc/nios2-elf/4.1.2/../../../../nios2-elf/lib/mno-hw-mul\libc.a(lib_a-findfp.o)
                              d:/alalala/nios2eds/bin/gnu/h-i686-mingw32/bin/../lib/gcc/nios2-elf/4.1.2/../../../../nios2-elf/lib/mno-hw-mul\libc.a(lib_a-vfprintf.o) (__sinit)
d:/alalala/nios2eds/bin/gnu/h-i686-mingw32/bin/../lib/gcc/nios2-elf/4.1.2/../../../../nios2-elf/lib/mno-hw-mul\libc.a(lib_a-freer.o)
                              d:/alalala/nios2eds/bin/gnu/h-i686-mingw32/bin/../lib/gcc/nios2-elf/4.1.2/../../../../nios2-elf/lib/mno-hw-mul\libc.a(lib_a-wsetup.o) (_free_r)
d:/alalala/nios2eds/bin/gnu/h-i686-mingw32/bin/../lib/gcc/nios2-elf/4.1.2/../../../../nios2-elf/lib/mno-hw-mul\libc.a(lib_a-fvwrite.o)
                              d:/alalala/nios2eds/bin/gnu/h-i686-mingw32/bin/../lib/gcc/nios2-elf/4.1.2/../../../../nios2-elf/lib/mno-hw-mul\libc.a(lib_a-puts.o) (__sfvwrite_r)
d:/alalala/nios2eds/bin/gnu/h-i686-mingw32/bin/../lib/gcc/nios2-elf/4.1.2/../../../../nios2-elf/lib/mno-hw-mul\libc.a(lib_a-fwalk.o)
                              d:/alalala/nios2eds/bin/gnu/h-i686-mingw32/bin/../lib/gcc/nios2-elf/4.1.2/../../../../nios2-elf/lib/mno-hw-mul\libc.a(lib_a-fflush.o) (_fwalk_reent)
d:/alalala/nios2eds/bin/gnu/h-i686-mingw32/bin/../lib/gcc/nios2-elf/4.1.2/../../../../nios2-elf/lib/mno-hw-mul\libc.a(lib_a-impure.o)
                              d:/alalala/nios2eds/bin/gnu/h-i686-mingw32/bin/../lib/gcc/nios2-elf/4.1.2/../../../../nios2-elf/lib/mno-hw-mul\libc.a(lib_a-printf.o) (_impure_ptr)
d:/alalala/nios2eds/bin/gnu/h-i686-mingw32/bin/../lib/gcc/nios2-elf/4.1.2/../../../../nios2-elf/lib/mno-hw-mul\libc.a(lib_a-locale.o)
                              d:/alalala/nios2eds/bin/gnu/h-i686-mingw32/bin/../lib/gcc/nios2-elf/4.1.2/../../../../nios2-elf/lib/mno-hw-mul\libc.a(lib_a-vfprintf.o) (_localeconv_r)
d:/alalala/nios2eds/bin/gnu/h-i686-mingw32/bin/../lib/gcc/nios2-elf/4.1.2/../../../../nios2-elf/lib/mno-hw-mul\libc.a(lib_a-makebuf.o)
                              d:/alalala/nios2eds/bin/gnu/h-i686-mingw32/bin/../lib/gcc/nios2-elf/4.1.2/../../../../nios2-elf/lib/mno-hw-mul\libc.a(lib_a-wsetup.o) (__smakebuf_r)
d:/alalala/nios2eds/bin/gnu/h-i686-mingw32/bin/../lib/gcc/nios2-elf/4.1.2/../../../../nios2-elf/lib/mno-hw-mul\libc.a(lib_a-mallocr.o)
                              d:/alalala/nios2eds/bin/gnu/h-i686-mingw32/bin/../lib/gcc/nios2-elf/4.1.2/../../../../nios2-elf/lib/mno-hw-mul\libc.a(lib_a-findfp.o) (_malloc_r)
[...]
Memory Configuration

Name             Origin             Length             Attributes
reset            0x02800000         0x00000020
sdram_ctrl       0x02800020         0x007fffe0
*default*        0x00000000         0xffffffff

Linker script and memory map

LOAD ../1229_bsp//obj/HAL/src/crt0.o
LOAD obj/default/count_binary.o
LOAD d:/alalala/nios2eds/bin/gnu/h-i686-mingw32/bin/../lib/gcc/nios2-elf/4.1.2/../../../../nios2-elf/lib/mno-hw-mul\libstdc++.a
LOAD d:/alalala/nios2eds/bin/gnu/h-i686-mingw32/bin/../lib/gcc/nios2-elf/4.1.2/../../../../nios2-elf/lib/mno-hw-mul\libm.a
LOAD d:/alalala/nios2eds/bin/gnu/h-i686-mingw32/bin/../lib/gcc/nios2-elf/4.1.2/mno-hw-mul\libgcc.a
START GROUP
LOAD d:/alalala/nios2eds/bin/gnu/h-i686-mingw32/bin/../lib/gcc/nios2-elf/4.1.2/../../../../nios2-elf/lib/mno-hw-mul\libc.a
LOAD d:/alalala/nios2eds/bin/gnu/h-i686-mingw32/bin/../lib/gcc/nios2-elf/4.1.2/mno-hw-mul\libgcc.a
LOAD ../1229_bsp/\libhal_bsp.a
END GROUP
LOAD d:/alalala/nios2eds/bin/gnu/h-i686-mingw32/bin/../lib/gcc/nios2-elf/4.1.2/mno-hw-mul\libgcc.a
                0x02800000                __alt_mem_sdram_ctrl = 0x2800000

.entry          0x02800000       0x20
 *(.entry)
 .entry         0x02800000       0x20 ../1229_bsp//obj/HAL/src/crt0.o
                0x02800000                __reset

.exceptions     0x02800020      0x194
                0x02800020                PROVIDE (__ram_exceptions_start, ABSOLUTE (.))
                0x02800020                . = ALIGN (0x20)
 *(.irq)
 *(.exceptions.entry.label)
 .exceptions.entry.label
                0x02800020        0x0 ../1229_bsp/\libhal_bsp.a(alt_irq_entry.o)
                0x02800020                alt_irq_entry
 .exceptions.entry.label
                0x02800020        0x0 ../1229_bsp/\libhal_bsp.a(alt_exception_entry.o)
                0x02800020                alt_exception
 *(.exceptions.entry.user)
 *(.exceptions.entry)
 .exceptions.entry
                0x02800020       0x54 ../1229_bsp/\libhal_bsp.a(alt_exception_entry.o)
 *(.exceptions.irqtest.user)
 *(.exceptions.irqtest)
 .exceptions.irqtest
                0x02800074       0x10 ../1229_bsp/\libhal_bsp.a(alt_irq_entry.o)
 *(.exceptions.irqhandler.user)
 *(.exceptions.irqhandler)
 .exceptions.irqhandler
                0x02800084        0x4 ../1229_bsp/\libhal_bsp.a(alt_irq_entry.o)
 *(.exceptions.irqreturn.user)
 *(.exceptions.irqreturn)
 .exceptions.irqreturn
                0x02800088        0x4 ../1229_bsp/\libhal_bsp.a(alt_irq_entry.o)
 *(.exceptions.notirq.label)
 .exceptions.notirq.label
                0x0280008c        0x0 ../1229_bsp/\libhal_bsp.a(alt_irq_entry.o)
 *(.exceptions.notirq.user)
 *(.exceptions.notirq)
 .exceptions.notirq
                0x0280008c        0x8 ../1229_bsp/\libhal_bsp.a(alt_exception_entry.o)
 *(.exceptions.soft.user)
 *(.exceptions.soft)
 *(.exceptions.unknown.user)
 *(.exceptions.unknown)
 .exceptions.unknown
                0x02800094        0x4 ../1229_bsp/\libhal_bsp.a(alt_exception_entry.o)
 *(.exceptions.exit.label)
 .exceptions.exit.label
                0x02800098        0x0 ../1229_bsp/\libhal_bsp.a(alt_irq_entry.o)
 .exceptions.exit.label
                0x02800098        0x0 ../1229_bsp/\libhal_bsp.a(alt_exception_entry.o)
 *(.exceptions.exit.user)
 *(.exceptions.exit)
 .exceptions.exit
                0x02800098       0x54 ../1229_bsp/\libhal_bsp.a(alt_exception_entry.o)
 *(.exceptions)
 .exceptions    0x028000ec       0xc8 ../1229_bsp/\libhal_bsp.a(alt_irq_handler.o)
                0x028000ec                alt_irq_handler
                0x028001b4                PROVIDE (__ram_exceptions_end, ABSOLUTE (.))
                0x02800020                PROVIDE (__flash_exceptions_start, LOADADDR (.exceptions))

.text           0x028001b4     0xe1fc
                0x028001b4                PROVIDE (stext, ABSOLUTE (.))
 *(.interp)
 *(.hash)
 *(.dynsym)
 *(.dynstr)
 *(.gnu.version)
 *(.gnu.version_d)
 *(.gnu.version_r)
 *(.rel.init)
 *(.rela.init)
 *(.rel.text .rel.text.* .rel.gnu.linkonce.t.*)
 *(.rela.text .rela.text.* .rela.gnu.linkonce.t.*)
 *(.rel.fini)
 *(.rela.fini)
 *(.rel.rodata .rel.rodata.* .rel.gnu.linkonce.r.*)
 *(.rela.rodata .rela.rodata.* .rela.gnu.linkonce.r.*)
 *(.rel.data .rel.data.* .rel.gnu.linkonce.d.*)
 *(.rela.data .rela.data.* .rela.gnu.linkonce.d.*)
 *(.rel.tdata .rel.tdata.* .rel.gnu.linkonce.td.*)
 *(.rela.tdata .rela.tdata.* .rela.gnu.linkonce.td.*)
 *(.rel.tbss .rel.tbss.* .rel.gnu.linkonce.tb.*)
 *(.rela.tbss .rela.tbss.* .rela.gnu.linkonce.tb.*)
 *(.rel.ctors)
 *(.rela.ctors)
 *(.rel.dtors)
 *(.rela.dtors)
 *(.rel.got)
 *(.rela.got)
 *(.rel.sdata .rel.sdata.* .rel.gnu.linkonce.s.*)
 *(.rela.sdata .rela.sdata.* .rela.gnu.linkonce.s.*)
 *(.rel.sbss .rel.sbss.* .rel.gnu.linkonce.sb.*)
 *(.rela.sbss .rela.sbss.* .rela.gnu.linkonce.sb.*)
 *(.rel.sdata2 .rel.sdata2.* .rel.gnu.linkonce.s2.*)
 *(.rela.sdata2 .rela.sdata2.* .rela.gnu.linkonce.s2.*)
 *(.rel.sbss2 .rel.sbss2.* .rel.gnu.linkonce.sb2.*)
 *(.rela.sbss2 .rela.sbss2.* .rela.gnu.linkonce.sb2.*)
 *(.rel.bss .rel.bss.* .rel.gnu.linkonce.b.*)
 *(.rela.bss .rela.bss.* .rela.gnu.linkonce.b.*)
 *(.rel.plt)
 *(.rela.plt)
 *(.rel.dyn)
 *(.init)
 *(.plt)
 *(.text .stub .text.* .gnu.linkonce.t.*)
 .text          0x028001b4       0x3c ../1229_bsp//obj/HAL/src/crt0.o
                0x028001b4                _start
 .text          0x028001f0      0xc0c obj/default/count_binary.o
                0x028001f0                star_display
                0x02800340                DoEnablePIOInterrupt
                0x028003c8                DoDisablePIOInterrupt
                0x02800420                PIOISRInitial
                0x028004b0                PIOISR
                0x028004f8                he0
                0x028005fc                main
                0x02800730                location1
 .text          0x02800dfc       0x38 d:/alalala/nios2eds/bin/gnu/h-i686-mingw32/bin/../lib/gcc/nios2-elf/4.1.2/mno-hw-mul\libgcc.a(lib2-mul.o)
                0x02800dfc                __mulsi3
 .text          0x02800e34       0x78 d:/alalala/nios2eds/bin/gnu/h-i686-mingw32/bin/../lib/gcc/nios2-elf/4.1.2/../../../../nios2-elf/lib/mno-hw-mul\libc.a(lib_a-printf.o)
                0x02800e34                printf
                0x02800e78                _printf_r
 .text          0x02800eac       0xb4 d:/alalala/nios2eds/bin/gnu/h-i686-mingw32/bin/../lib/gcc/nios2-elf/4.1.2/../../../../nios2-elf/lib/mno-hw-mul\libc.a(lib_a-puts.o)
                0x02800eac                _puts_r
                0x02800f4c                puts
 .text          0x02800f60       0x94 d:/alalala/nios2eds/bin/gnu/h-i686-mingw32/bin/../lib/gcc/nios2-elf/4.1.2/../../../../nios2-elf/lib/mno-hw-mul\libc.a(lib_a-rand.o)
                0x02800f60                srand
                0x02800f7c                rand
 .text          0x02800ff4       0x74 d:/alalala/nios2eds/bin/gnu/h-i686-mingw32/bin/../lib/gcc/nios2-elf/4.1.2/../../../../nios2-elf/lib/mno-hw-mul\libc.a(lib_a-strlen.o)
                0x02800ff4                strlen
 .text          0x02801068     0x1f40 d:/alalala/nios2eds/bin/gnu/h-i686-mingw32/bin/../lib/gcc/nios2-elf/4.1.2/../../../../nios2-elf/lib/mno-hw-mul\libc.a(lib_a-vfprintf.o)
                0x028010c0                ___vfprintf_internal_r
                0x02802f84                __vfprintf_internal
 .text          0x02802fa8      0x13c d:/alalala/nios2eds/bin/gnu/h-i686-mingw32/bin/../lib/gcc/nios2-elf/4.1.2/../../../../nios2-elf/lib/mno-hw-mul\libc.a(lib_a-wsetup.o)
                0x02802fa8                __swsetup_r
 .text          0x028030e4     0x17f8 d:/alalala/nios2eds/bin/gnu/h-i686-mingw32/bin/../lib/gcc/nios2-elf/4.1.2/../../../../nios2-elf/lib/mno-hw-mul\libc.a(lib_a-dtoa.o)
                0x02803328                _dtoa_r
 .text          0x028048dc      0x230 d:/alalala/nios2eds/bin/gnu/h-i686-mingw32/bin/../lib/gcc/nios2-elf/4.1.2/../../../../nios2-elf/lib/mno-hw-mul\libc.a(lib_a-fflush.o)
                0x028048dc                _fflush_r
                0x02804ad8                fflush
 .text          0x02804b0c      0x2f4 d:/alalala/nios2eds/bin/gnu/h-i686-mingw32/bin/../lib/gcc/nios2-elf/4.1.2/../../../../nios2-elf/lib/mno-hw-mul\libc.a(lib_a-findfp.o)
                0x02804b64                __sfp_lock_acquire
                0x02804b68                __sfp_lock_release
                0x02804b6c                __sinit_lock_acquire
                0x02804b70                __sinit_lock_release
                0x02804b74                __sinit
                0x02804c28                __fp_unlock_all
                0x02804c40                __fp_lock_all
                0x02804c58                _cleanup_r
                0x02804c64                _cleanup
                0x02804c74                __sfmoreglue
                0x02804d10                __sfp
 .text          0x02804e00      0x440 d:/alalala/nios2eds/bin/gnu/h-i686-mingw32/bin/../lib/gcc/nios2-elf/4.1.2/../../../../nios2-elf/lib/mno-hw-mul\libc.a(lib_a-freer.o)
                0x02804e00                _malloc_trim_r
                0x02804f2c                _free_r
 .text          0x02805240      0x49c d:/alalala/nios2eds/bin/gnu/h-i686-mingw32/bin/../lib/gcc/nios2-elf/4.1.2/../../../../nios2-elf/lib/mno-hw-mul\libc.a(lib_a-fvwrite.o)
                0x02805240                __sfvwrite_r
 .text          0x028056dc      0x180 d:/alalala/nios2eds/bin/gnu/h-i686-mingw32/bin/../lib/gcc/nios2-elf/4.1.2/../../../../nios2-elf/lib/mno-hw-mul\libc.a(lib_a-fwalk.o)
                0x028056dc                _fwalk_reent
                0x028057a4                _fwalk
 .text          0x0280585c        0x0 d:/alalala/nios2eds/bin/gnu/h-i686-mingw32/bin/../lib/gcc/nios2-elf/4.1.2/../../../../nios2-elf/lib/mno-hw-mul\libc.a(lib_a-impure.o)
 .text          0x0280585c       0xc4 d:/alalala/nios2eds/bin/gnu/h-i686-mingw32/bin/../lib/gcc/nios2-elf/4.1.2/../../../../nios2-elf/lib/mno-hw-mul\libc.a(lib_a-locale.o)
                0x0280585c                __locale_charset
                0x02805864                _localeconv_r
                0x02805870                localeconv
                0x02805880                _setlocale_r
                0x02805904                setlocale
 .text          0x02805920      0x194 d:/alalala/nios2eds/bin/gnu/h-i686-mingw32/bin/../lib/gcc/nios2-elf/4.1.2/../../../../nios2-elf/lib/mno-hw-mul\libc.a(lib_a-makebuf.o)
                0x02805920                __smakebuf_r
 .text          0x02805ab4      0x740 d:/alalala/nios2eds/bin/gnu/h-i686-mingw32/bin/../lib/gcc/nios2-elf/4.1.2/../../../../nios2-elf/lib/mno-hw-mul\libc.a(lib_a-mallocr.o)
                0x02805ab4                _malloc_r
 .text          0x028061f4       0xe4 d:/alalala/nios2eds/bin/gnu/h-i686-mingw32/bin/../lib/gcc/nios2-elf/4.1.2/../../../../nios2-elf/lib/mno-hw-mul\libc.a(lib_a-memchr.o)
                0x028061f4                memchr
 .text          0x028062d8       0xa0 d:/alalala/nios2eds/bin/gnu/h-i686-mingw32/bin/../lib/gcc/nios2-elf/4.1.2/../../../../nios2-elf/lib/mno-hw-mul\libc.a(lib_a-memcpy.o)
                0x028062d8                memcpy
 .text          0x02806378       0xe0 d:/alalala/nios2eds/bin/gnu/h-i686-mingw32/bin/../lib/gcc/nios2-elf/4.1.2/../../../../nios2-elf/lib/mno-hw-mul\libc.a(lib_a-memmove.o)
                0x02806378                memmove
 .text          0x02806458       0x98 d:/alalala/nios2eds/bin/gnu/h-i686-mingw32/bin/../lib/gcc/nios2-elf/4.1.2/../../../../nios2-elf/lib/mno-hw-mul\libc.a(lib_a-memset.o)
                0x02806458                memset
 .text          0x028064f0     0x108c d:/alalala/nios2eds/bin/gnu/h-i686-mingw32/bin/../lib/gcc/nios2-elf/4.1.2/../../../../nios2-elf/lib/mno-hw-mul\libc.a(lib_a-mprec.o)
                0x028064f0                _Bfree
                0x02806518                __hi0bits
                0x02806588                __lo0bits
                0x0280664c                __mcmp
                0x028066ac                __ulp
                0x0280672c                __b2d
                0x0280684c                __ratio
                0x028068fc                _mprec_log10
                0x02806990                __copybits
                0x028069e8                __any_on
                0x02806a70                _Balloc
                0x02806b2c                __d2b
                0x02806ca8                __mdiff
                0x02806e34                __lshift
                0x02806f80                __multiply
                0x028071d4                __i2b
                0x02807210                __multadd
                0x0280733c                __pow5mult
                0x0280745c                __s2b
 .text          0x0280757c      0x5f4 d:/alalala/nios2eds/bin/gnu/h-i686-mingw32/bin/../lib/gcc/nios2-elf/4.1.2/../../../../nios2-elf/lib/mno-hw-mul\libc.a(lib_a-reallocr.o)
                0x0280757c                _realloc_r
 .text          0x02807b70       0x40 d:/alalala/nios2eds/bin/gnu/h-i686-mingw32/bin/../lib/gcc/nios2-elf/4.1.2/../../../../nios2-elf/lib/mno-hw-mul\libc.a(lib_a-s_isinfd.o)
                0x02807b70                __isinfd
 .text          0x02807bb0       0x30 d:/alalala/nios2eds/bin/gnu/h-i686-mingw32/bin/../lib/gcc/nios2-elf/4.1.2/../../../../nios2-elf/lib/mno-hw-mul\libc.a(lib_a-s_isnand.o)
                0x02807bb0                __isnand
 .text          0x02807be0       0x70 d:/alalala/nios2eds/bin/gnu/h-i686-mingw32/bin/../lib/gcc/nios2-elf/4.1.2/../../../../nios2-elf/lib/mno-hw-mul\libc.a(lib_a-sbrkr.o)
                0x02807be0                _sbrk_r
 .text          0x02807c50      0x14c d:/alalala/nios2eds/bin/gnu/h-i686-mingw32/bin/../lib/gcc/nios2-elf/4.1.2/../../../../nios2-elf/lib/mno-hw-mul\libc.a(lib_a-stdio.o)
                0x02807c50                __sclose
                0x02807c58                __sseek
                0x02807cc0                __swrite
                0x02807d3c                __sread
 .text          0x02807d9c       0xbc d:/alalala/nios2eds/bin/gnu/h-i686-mingw32/bin/../lib/gcc/nios2-elf/4.1.2/../../../../nios2-elf/lib/mno-hw-mul\libc.a(lib_a-strcmp.o)
                0x02807d9c                strcmp
 .text          0x02807e58       0x78 d:/alalala/nios2eds/bin/gnu/h-i686-mingw32/bin/../lib/gcc/nios2-elf/4.1.2/../../../../nios2-elf/lib/mno-hw-mul\libc.a(lib_a-writer.o)
                0x02807e58                _write_r
 .text          0x02807ed0       0xc8 d:/alalala/nios2eds/bin/gnu/h-i686-mingw32/bin/../lib/gcc/nios2-elf/4.1.2/../../../../nios2-elf/lib/mno-hw-mul\libc.a(lib_a-callocr.o)
                0x02807ed0                _calloc_r
 .text          0x02807f98       0x70 d:/alalala/nios2eds/bin/gnu/h-i686-mingw32/bin/../lib/gcc/nios2-elf/4.1.2/../../../../nios2-elf/lib/mno-hw-mul\libc.a(lib_a-closer.o)
                0x02807f98                _close_r
 .text          0x02808008      0x124 d:/alalala/nios2eds/bin/gnu/h-i686-mingw32/bin/../lib/gcc/nios2-elf/4.1.2/../../../../nios2-elf/lib/mno-hw-mul\libc.a(lib_a-fclose.o)
                0x02808008                _fclose_r
                0x02808118                fclose
 .text          0x0280812c       0x74 d:/alalala/nios2eds/bin/gnu/h-i686-mingw32/bin/../lib/gcc/nios2-elf/4.1.2/../../../../nios2-elf/lib/mno-hw-mul\libc.a(lib_a-fstatr.o)
                0x0280812c                _fstat_r
 .text          0x028081a0        0x0 d:/alalala/nios2eds/bin/gnu/h-i686-mingw32/bin/../lib/gcc/nios2-elf/4.1.2/../../../../nios2-elf/lib/mno-hw-mul\libc.a(lib_a-int_errno.o)
 .text          0x028081a0       0x70 d:/alalala/nios2eds/bin/gnu/h-i686-mingw32/bin/../lib/gcc/nios2-elf/4.1.2/../../../../nios2-elf/lib/mno-hw-mul\libc.a(lib_a-isattyr.o)
                0x028081a0                _isatty_r
 .text          0x02808210       0x78 d:/alalala/nios2eds/bin/gnu/h-i686-mingw32/bin/../lib/gcc/nios2-elf/4.1.2/../../../../nios2-elf/lib/mno-hw-mul\libc.a(lib_a-lseekr.o)
                0x02808210                _lseek_r
 .text          0x02808288       0x78 d:/alalala/nios2eds/bin/gnu/h-i686-mingw32/bin/../lib/gcc/nios2-elf/4.1.2/../../../../nios2-elf/lib/mno-hw-mul\libc.a(lib_a-readr.o)
                0x02808288                _read_r
 .text          0x02808300      0x124 d:/alalala/nios2eds/bin/gnu/h-i686-mingw32/bin/../lib/gcc/nios2-elf/4.1.2/mno-hw-mul\libgcc.a(_muldi3.o)
                0x02808300                __muldi3
 .text          0x02808424      0x66c d:/alalala/nios2eds/bin/gnu/h-i686-mingw32/bin/../lib/gcc/nios2-elf/4.1.2/mno-hw-mul\libgcc.a(_udivdi3.o)
                0x02808424                __udivdi3
 .text          0x02808a90      0x660 d:/alalala/nios2eds/bin/gnu/h-i686-mingw32/bin/../lib/gcc/nios2-elf/4.1.2/mno-hw-mul\libgcc.a(_umoddi3.o)
                0x02808a90                __umoddi3
 .text          0x028090f0      0x504 d:/alalala/nios2eds/bin/gnu/h-i686-mingw32/bin/../lib/gcc/nios2-elf/4.1.2/mno-hw-mul\libgcc.a(_addsub_df.o)
                0x02809500                __subdf3
                0x02809580                __adddf3
 .text          0x028095f4      0x3c4 d:/alalala/nios2eds/bin/gnu/h-i686-mingw32/bin/../lib/gcc/nios2-elf/4.1.2/mno-hw-mul\libgcc.a(_mul_df.o)
                0x028095f4                __muldf3
 .text          0x028099b8      0x258 d:/alalala/nios2eds/bin/gnu/h-i686-mingw32/bin/../lib/gcc/nios2-elf/4.1.2/mno-hw-mul\libgcc.a(_div_df.o)
                0x028099b8                __divdf3
 .text          0x02809c10       0x88 d:/alalala/nios2eds/bin/gnu/h-i686-mingw32/bin/../lib/gcc/nios2-elf/4.1.2/mno-hw-mul\libgcc.a(_eq_df.o)
                0x02809c10                __eqdf2
 .text          0x02809c98       0x88 d:/alalala/nios2eds/bin/gnu/h-i686-mingw32/bin/../lib/gcc/nios2-elf/4.1.2/mno-hw-mul\libgcc.a(_ne_df.o)
                0x02809c98                __nedf2
 .text          0x02809d20       0x88 d:/alalala/nios2eds/bin/gnu/h-i686-mingw32/bin/../lib/gcc/nios2-elf/4.1.2/mno-hw-mul\libgcc.a(_gt_df.o)
                0x02809d20                __gtdf2
 .text          0x02809da8       0x88 d:/alalala/nios2eds/bin/gnu/h-i686-mingw32/bin/../lib/gcc/nios2-elf/4.1.2/mno-hw-mul\libgcc.a(_ge_df.o)
                0x02809da8                __gedf2
 .text          0x02809e30       0x88 d:/alalala/nios2eds/bin/gnu/h-i686-mingw32/bin/../lib/gcc/nios2-elf/4.1.2/mno-hw-mul\libgcc.a(_lt_df.o)
                0x02809e30                __ltdf2
 .text          0x02809eb8       0xf8 d:/alalala/nios2eds/bin/gnu/h-i686-mingw32/bin/../lib/gcc/nios2-elf/4.1.2/mno-hw-mul\libgcc.a(_si_to_df.o)
                0x02809eb8                __floatsidf
 .text          0x02809fb0       0xd8 d:/alalala/nios2eds/bin/gnu/h-i686-mingw32/bin/../lib/gcc/nios2-elf/4.1.2/mno-hw-mul\libgcc.a(_df_to_si.o)
                0x02809fb0                __fixdfsi
 .text          0x0280a088        0x0 d:/alalala/nios2eds/bin/gnu/h-i686-mingw32/bin/../lib/gcc/nios2-elf/4.1.2/mno-hw-mul\libgcc.a(_thenan_df.o)
 .text          0x0280a088      0x194 d:/alalala/nios2eds/bin/gnu/h-i686-mingw32/bin/../lib/gcc/nios2-elf/4.1.2/mno-hw-mul\libgcc.a(_usi_to_df.o)
                0x0280a088                __floatunsidf
 .text          0x0280a21c      0x14c d:/alalala/nios2eds/bin/gnu/h-i686-mingw32/bin/../lib/gcc/nios2-elf/4.1.2/mno-hw-mul\libgcc.a(lib2-divmod.o)
                0x0280a298                __divsi3
                0x0280a2f8                __modsi3
                0x0280a358                __udivsi3
                0x0280a360                __umodsi3
 .text          0x0280a368        0x0 d:/alalala/nios2eds/bin/gnu/h-i686-mingw32/bin/../lib/gcc/nios2-elf/4.1.2/mno-hw-mul\libgcc.a(_clz.o)
 .text          0x0280a368       0x80 d:/alalala/nios2eds/bin/gnu/h-i686-mingw32/bin/../lib/gcc/nios2-elf/4.1.2/mno-hw-mul\libgcc.a(_clzsi2.o)
                0x0280a368                __clzsi2
 .text          0x0280a3e8      0x314 d:/alalala/nios2eds/bin/gnu/h-i686-mingw32/bin/../lib/gcc/nios2-elf/4.1.2/mno-hw-mul\libgcc.a(_pack_df.o)
                0x0280a3e8                __pack_d
 .text          0x0280a6fc      0x138 d:/alalala/nios2eds/bin/gnu/h-i686-mingw32/bin/../lib/gcc/nios2-elf/4.1.2/mno-hw-mul\libgcc.a(_unpack_df.o)
                0x0280a6fc                __unpack_d
 .text          0x0280a834       0xc8 d:/alalala/nios2eds/bin/gnu/h-i686-mingw32/bin/../lib/gcc/nios2-elf/4.1.2/mno-hw-mul\libgcc.a(_fpcmp_parts_df.o)
                0x0280a834                __fpcmp_parts_d
 .text          0x0280a8fc      0x160 ../1229_bsp/\libhal_bsp.a(alt_close.o)
                0x0280a8fc                close
 .text          0x0280aa5c       0x2c ../1229_bsp/\libhal_bsp.a(alt_dev.o)
 .text          0x0280aa88        0x0 ../1229_bsp/\libhal_bsp.a(alt_errno.o)
 .text          0x0280aa88      0x138 ../1229_bsp/\libhal_bsp.a(alt_fstat.o)
                0x0280aa88                fstat
 .text          0x0280abc0      0x1c0 ../1229_bsp/\libhal_bsp.a(alt_irq_register.o)
                0x0280abc0                alt_irq_register
 .text          0x0280ad80        0x0 ../1229_bsp/\libhal_bsp.a(alt_irq_vars.o)
 .text          0x0280ad80      0x124 ../1229_bsp/\libhal_bsp.a(alt_isatty.o)
                0x0280ad80                isatty
 .text          0x0280aea4       0xec ../1229_bsp/\libhal_bsp.a(alt_load.o)
                0x0280aea4                alt_load
 .text          0x0280af90      0x154 ../1229_bsp/\libhal_bsp.a(alt_lseek.o)
                0x0280af90                lseek
 .text          0x0280b0e4       0x6c ../1229_bsp/\libhal_bsp.a(alt_main.o)
                0x0280b0e4                alt_main
 .text          0x0280b150       0x40 ../1229_bsp/\libhal_bsp.a(alt_malloc_lock.o)
                0x0280b150                __malloc_lock
                0x0280b170                __malloc_unlock
 .text          0x0280b190      0x184 ../1229_bsp/\libhal_bsp.a(alt_read.o)
                0x0280b190                read
 .text          0x0280b314       0x78 ../1229_bsp/\libhal_bsp.a(alt_release_fd.o)
                0x0280b314                alt_release_fd
 .text          0x0280b38c       0xbc ../1229_bsp/\libhal_bsp.a(alt_sbrk.o)
                0x0280b38c                sbrk
 .text          0x0280b448       0x30 ../1229_bsp/\libhal_bsp.a(alt_usleep.o)
                0x0280b448                usleep
 .text          0x0280b478      0x184 ../1229_bsp/\libhal_bsp.a(alt_write.o)
                0x0280b478                write
 .text          0x0280b5fc       0xd4 ../1229_bsp/\libhal_bsp.a(alt_sys_init.o)
                0x0280b5fc                alt_irq_init
                0x0280b630                alt_sys_init
 .text          0x0280b6d0      0xcac ../1229_bsp/\libhal_bsp.a(altera_avalon_dma.o)
                0x0280b6d0                alt_avalon_dma_launch_bidir
                0x0280bce4                alt_avalon_dma_tx_ioctl
                0x0280bd28                alt_avalon_dma_rx_ioctl
                0x0280bd6c                alt_avalon_dma_prepare
                0x0280bec0                alt_avalon_dma_space
                0x0280bf40                alt_avalon_dma_send
                0x0280c25c                alt_avalon_dma_init
 .text          0x0280c37c      0x148 ../1229_bsp/\libhal_bsp.a(altera_avalon_jtag_uart_fd.o)
                0x0280c37c                altera_avalon_jtag_uart_read_fd
                0x0280c3d4                altera_avalon_jtag_uart_write_fd
                0x0280c42c                altera_avalon_jtag_uart_close_fd
                0x0280c474                altera_avalon_jtag_uart_ioctl_fd
 .text          0x0280c4c4      0x40c ../1229_bsp/\libhal_bsp.a(altera_avalon_jtag_uart_init.o)
                0x0280c4c4                altera_avalon_jtag_uart_init
                0x0280c85c                altera_avalon_jtag_uart_close
 .text          0x0280c8d0       0xf4 ../1229_bsp/\libhal_bsp.a(altera_avalon_jtag_uart_ioctl.o)
                0x0280c8d0                altera_avalon_jtag_uart_ioctl
 .text          0x0280c9c4      0x224 ../1229_bsp/\libhal_bsp.a(altera_avalon_jtag_uart_read.o)
                0x0280c9c4                altera_avalon_jtag_uart_read
 .text          0x0280cbe8      0x240 ../1229_bsp/\libhal_bsp.a(altera_avalon_jtag_uart_write.o)
                0x0280cbe8                altera_avalon_jtag_uart_write
 .text          0x0280ce28      0x154 ../1229_bsp/\libhal_bsp.a(alt_alarm_start.o)
                0x0280ce28                alt_alarm_start
 .text          0x0280cf7c      0x15c ../1229_bsp/\libhal_bsp.a(alt_busy_sleep.o)
                0x0280cf7c                alt_busy_sleep
 .text          0x0280d0d8       0x1c ../1229_bsp/\libhal_bsp.a(alt_dcache_flush_all.o)
                0x0280d0d8                alt_dcache_flush_all
 .text          0x0280d0f4      0x114 ../1229_bsp/\libhal_bsp.a(alt_dev_llist_insert.o)
                0x0280d0f4                alt_dev_llist_insert
 .text          0x0280d208       0xb8 ../1229_bsp/\libhal_bsp.a(alt_dma_rxchan_open.o)
                0x0280d208                alt_dma_rxchan_open
 .text          0x0280d2c0       0xb8 ../1229_bsp/\libhal_bsp.a(alt_dma_txchan_open.o)
                0x0280d2c0                alt_dma_txchan_open
 .text          0x0280d378       0x64 ../1229_bsp/\libhal_bsp.a(alt_do_ctors.o)
                0x0280d378                _do_ctors
 .text          0x0280d3dc       0x64 ../1229_bsp/\libhal_bsp.a(alt_do_dtors.o)
                0x0280d3dc                _do_dtors
 .text          0x0280d440       0x94 ../1229_bsp/\libhal_bsp.a(alt_find_dev.o)
                0x0280d440                alt_find_dev
 .text          0x0280d4d4       0x1c ../1229_bsp/\libhal_bsp.a(alt_icache_flush_all.o)
                0x0280d4d4                alt_icache_flush_all
 .text          0x0280d4f0      0x1d4 ../1229_bsp/\libhal_bsp.a(alt_iic.o)
                0x0280d4f0                alt_ic_isr_register
                0x0280d540                alt_ic_irq_enable
                0x0280d5dc                alt_ic_irq_disable
                0x0280d67c                alt_ic_irq_enabled
 .text          0x0280d6c4       0xf8 ../1229_bsp/\libhal_bsp.a(alt_iic_isr_register.o)
                0x0280d6c4                alt_iic_isr_register
 .text          0x0280d7bc      0x150 ../1229_bsp/\libhal_bsp.a(alt_io_redirect.o)
                0x0280d894                alt_io_redirect
 .text          0x0280d90c        0x0 ../1229_bsp/\libhal_bsp.a(alt_irq_entry.o)
 .text          0x0280d90c        0x0 ../1229_bsp/\libhal_bsp.a(alt_irq_handler.o)
 .text          0x0280d90c      0x2e4 ../1229_bsp/\libhal_bsp.a(alt_open.o)
                0x0280da04                open
 .text          0x0280dbf0      0x1a4 ../1229_bsp/\libhal_bsp.a(alt_tick.o)
                0x0280dbf0                alt_alarm_stop
                0x0280dc88                alt_tick
 .text          0x0280dd94       0x20 ../1229_bsp/\libhal_bsp.a(altera_nios2_qsys_irq.o)
                0x0280dd94                altera_nios2_qsys_irq_init
 .text          0x0280ddb4        0x0 ../1229_bsp/\libhal_bsp.a(alt_exception_entry.o)
 .text          0x0280ddb4      0x120 ../1229_bsp/\libhal_bsp.a(alt_find_file.o)
                0x0280ddb4                alt_find_file
 .text          0x0280ded4       0xd0 ../1229_bsp/\libhal_bsp.a(alt_get_fd.o)
                0x0280ded4                alt_get_fd
 .text          0x0280dfa4       0x14 d:/alalala/nios2eds/bin/gnu/h-i686-mingw32/bin/../lib/gcc/nios2-elf/4.1.2/../../../../nios2-elf/lib/mno-hw-mul\libc.a(lib_a-atexit.o)
                0x0280dfa4                atexit
 .text          0x0280dfb8       0x38 d:/alalala/nios2eds/bin/gnu/h-i686-mingw32/bin/../lib/gcc/nios2-elf/4.1.2/../../../../nios2-elf/lib/mno-hw-mul\libc.a(lib_a-exit.o)
                0x0280dfb8                exit
 .text          0x0280dff0       0x74 d:/alalala/nios2eds/bin/gnu/h-i686-mingw32/bin/../lib/gcc/nios2-elf/4.1.2/../../../../nios2-elf/lib/mno-hw-mul\libc.a(lib_a-memcmp.o)
                0x0280dff0                memcmp
 .text          0x0280e064      0x134 d:/alalala/nios2eds/bin/gnu/h-i686-mingw32/bin/../lib/gcc/nios2-elf/4.1.2/../../../../nios2-elf/lib/mno-hw-mul\libc.a(lib_a-__atexit.o)
                0x0280e064                __register_exitproc
 .text          0x0280e198      0x1b4 d:/alalala/nios2eds/bin/gnu/h-i686-mingw32/bin/../lib/gcc/nios2-elf/4.1.2/../../../../nios2-elf/lib/mno-hw-mul\libc.a(lib_a-__call_atexit.o)
                0x0280e19c                __call_exitprocs
 .text          0x0280e34c       0x60 ../1229_bsp/\libhal_bsp.a(alt_exit.o)
                0x0280e38c                _exit
 *(.gnu.warning.*)
 *(.fini)
                0x0280e3ac                PROVIDE (__etext, ABSOLUTE (.))
                0x0280e3ac                PROVIDE (_etext, ABSOLUTE (.))
                0x0280e3ac                PROVIDE (etext, ABSOLUTE (.))
 *(.eh_frame_hdr)
                0x0280e3ac                . = ALIGN (0x4)
                0x0280e3ac                PROVIDE (__preinit_array_start, ABSOLUTE (.))
 *(.preinit_array)
                0x0280e3ac                PROVIDE (__preinit_array_end, ABSOLUTE (.))
                0x0280e3ac                PROVIDE (__init_array_start, ABSOLUTE (.))
 *(.init_array)
                0x0280e3ac                PROVIDE (__init_array_end, ABSOLUTE (.))
                0x0280e3ac                PROVIDE (__fini_array_start, ABSOLUTE (.))
 *(.fini_array)
                0x0280e3ac                PROVIDE (__fini_array_end, ABSOLUTE (.))
 *(.eh_frame)
 *(.gcc_except_table)
 *(.dynamic)
                0x0280e3ac                PROVIDE (__CTOR_LIST__, ABSOLUTE (.))
 *(.ctors)
 *(SORT(.ctors.*))
 .ctors.65535   0x0280e3ac        0x4 d:/alalala/nios2eds/bin/gnu/h-i686-mingw32/bin/../lib/gcc/nios2-elf/4.1.2/../../../../nios2-elf/lib/mno-hw-mul\libc.a(lib_a-__call_atexit.o)
                0x0280e3b0                PROVIDE (__CTOR_END__, ABSOLUTE (.))
                0x0280e3b0                PROVIDE (__DTOR_LIST__, ABSOLUTE (.))
 *(.dtors)
 *(SORT(.dtors.*))
                0x0280e3b0                PROVIDE (__DTOR_END__, ABSOLUTE (.))
 *(.jcr)
                0x0280e3b0                . = ALIGN (0x4)

.rodata         0x0280e3b0      0x54c
                0x0280e3b0                PROVIDE (__ram_rodata_start, ABSOLUTE (.))
                0x0280e3b0                . = ALIGN (0x4)
 *(.rodata .rodata.* .gnu.linkonce.r.*)
 .rodata        0x0280e3b0      0x204 obj/default/count_binary.o
 .rodata.str1.4
                0x0280e5b4        0x2 d:/alalala/nios2eds/bin/gnu/h-i686-mingw32/bin/../lib/gcc/nios2-elf/4.1.2/../../../../nios2-elf/lib/mno-hw-mul\libc.a(lib_a-puts.o)
                                  0x4 (size before relaxing)
 *fill*         0x0280e5b6        0x2 00
 .rodata.str1.4
                0x0280e5b8       0x5e d:/alalala/nios2eds/bin/gnu/h-i686-mingw32/bin/../lib/gcc/nios2-elf/4.1.2/../../../../nios2-elf/lib/mno-hw-mul\libc.a(lib_a-vfprintf.o)
                                 0x60 (size before relaxing)
 .rodata        0x0280e616       0x20 d:/alalala/nios2eds/bin/gnu/h-i686-mingw32/bin/../lib/gcc/nios2-elf/4.1.2/../../../../nios2-elf/lib/mno-hw-mul\libc.a(lib_a-vfprintf.o)
 *fill*         0x0280e636        0x2 00
 .rodata.str1.4
                0x0280e638       0x10 d:/alalala/nios2eds/bin/gnu/h-i686-mingw32/bin/../lib/gcc/nios2-elf/4.1.2/../../../../nios2-elf/lib/mno-hw-mul\libc.a(lib_a-dtoa.o)
                                 0x14 (size before relaxing)
 .rodata.str1.4
                0x0280e648        0x2 d:/alalala/nios2eds/bin/gnu/h-i686-mingw32/bin/../lib/gcc/nios2-elf/4.1.2/../../../../nios2-elf/lib/mno-hw-mul\libc.a(lib_a-impure.o)
                                  0x4 (size before relaxing)
 *fill*         0x0280e64a        0x2 00
 .rodata.str1.4
                0x0280e64c       0x10 d:/alalala/nios2eds/bin/gnu/h-i686-mingw32/bin/../lib/gcc/nios2-elf/4.1.2/../../../../nios2-elf/lib/mno-hw-mul\libc.a(lib_a-locale.o)
                                 0x18 (size before relaxing)
 .rodata        0x0280e65c       0x30 d:/alalala/nios2eds/bin/gnu/h-i686-mingw32/bin/../lib/gcc/nios2-elf/4.1.2/../../../../nios2-elf/lib/mno-hw-mul\libc.a(lib_a-locale.o)
 .rodata        0x0280e68c      0x124 d:/alalala/nios2eds/bin/gnu/h-i686-mingw32/bin/../lib/gcc/nios2-elf/4.1.2/../../../../nios2-elf/lib/mno-hw-mul\libc.a(lib_a-mprec.o)
                0x0280e68c                __mprec_tens
                0x0280e754                __mprec_bigtens
                0x0280e77c                __mprec_tinytens
 .rodata        0x0280e7b0       0x14 d:/alalala/nios2eds/bin/gnu/h-i686-mingw32/bin/../lib/gcc/nios2-elf/4.1.2/mno-hw-mul\libgcc.a(_thenan_df.o)
                0x0280e7b0                __thenan_df
 .rodata        0x0280e7c4      0x100 d:/alalala/nios2eds/bin/gnu/h-i686-mingw32/bin/../lib/gcc/nios2-elf/4.1.2/mno-hw-mul\libgcc.a(_clz.o)
                0x0280e7c4                __clz_tab
 .rodata        0x0280e8c4        0xc ../1229_bsp/\libhal_bsp.a(alt_dev.o)
 .rodata        0x0280e8d0       0x10 ../1229_bsp/\libhal_bsp.a(alt_main.o)
 .rodata        0x0280e8e0       0x1c ../1229_bsp/\libhal_bsp.a(alt_sys_init.o)
 *(.rodata1)
                0x0280e8fc                . = ALIGN (0x4)
                0x0280e8fc                PROVIDE (__ram_rodata_end, ABSOLUTE (.))
                0x0280e3b0                PROVIDE (__flash_rodata_start, LOADADDR (.rodata))

.rwdata         0x0280e8fc     0x20f4 load address 0x028109f0
                0x0280e8fc                PROVIDE (__ram_rwdata_start, ABSOLUTE (.))
                0x0280e8fc                . = ALIGN (0x4)
 *(.got.plt)
 *(.got)
 *(.data1)
 *(.data .data.* .gnu.linkonce.d.*)
 .data          0x0280e8fc        0x0 ../1229_bsp//obj/HAL/src/crt0.o
 .data          0x0280e8fc      0x5ac obj/default/count_binary.o
                0x0280e8fc                maze1
                0x0280eae0                maze2
                0x0280ecc4                maze3
 .data          0x0280eea8        0x0 d:/alalala/nios2eds/bin/gnu/h-i686-mingw32/bin/../lib/gcc/nios2-elf/4.1.2/mno-hw-mul\libgcc.a(lib2-mul.o)
 .data          0x0280eea8        0x0 d:/alalala/nios2eds/bin/gnu/h-i686-mingw32/bin/../lib/gcc/nios2-elf/4.1.2/../../../../nios2-elf/lib/mno-hw-mul\libc.a(lib_a-printf.o)
 .data          0x0280eea8        0x0 d:/alalala/nios2eds/bin/gnu/h-i686-mingw32/bin/../lib/gcc/nios2-elf/4.1.2/../../../../nios2-elf/lib/mno-hw-mul\libc.a(lib_a-puts.o)
 .data          0x0280eea8        0x0 d:/alalala/nios2eds/bin/gnu/h-i686-mingw32/bin/../lib/gcc/nios2-elf/4.1.2/../../../../nios2-elf/lib/mno-hw-mul\libc.a(lib_a-rand.o)
 .data          0x0280eea8        0x0 d:/alalala/nios2eds/bin/gnu/h-i686-mingw32/bin/../lib/gcc/nios2-elf/4.1.2/../../../../nios2-elf/lib/mno-hw-mul\libc.a(lib_a-strlen.o)
 .data          0x0280eea8        0x0 d:/alalala/nios2eds/bin/gnu/h-i686-mingw32/bin/../lib/gcc/nios2-elf/4.1.2/../../../../nios2-elf/lib/mno-hw-mul\libc.a(lib_a-vfprintf.o)
 .data          0x0280eea8        0x0 d:/alalala/nios2eds/bin/gnu/h-i686-mingw32/bin/../lib/gcc/nios2-elf/4.1.2/../../../../nios2-elf/lib/mno-hw-mul\libc.a(lib_a-wsetup.o)
 .data          0x0280eea8        0x0 d:/alalala/nios2eds/bin/gnu/h-i686-mingw32/bin/../lib/gcc/nios2-elf/4.1.2/../../../../nios2-elf/lib/mno-hw-mul\libc.a(lib_a-dtoa.o)
 .data          0x0280eea8        0x0 d:/alalala/nios2eds/bin/gnu/h-i686-mingw32/bin/../lib/gcc/nios2-elf/4.1.2/../../../../nios2-elf/lib/mno-hw-mul\libc.a(lib_a-fflush.o)
 .data          0x0280eea8        0x0 d:/alalala/nios2eds/bin/gnu/h-i686-mingw32/bin/../lib/gcc/nios2-elf/4.1.2/../../../../nios2-elf/lib/mno-hw-mul\libc.a(lib_a-findfp.o)
 .data          0x0280eea8        0x0 d:/alalala/nios2eds/bin/gnu/h-i686-mingw32/bin/../lib/gcc/nios2-elf/4.1.2/../../../../nios2-elf/lib/mno-hw-mul\libc.a(lib_a-freer.o)
 .data          0x0280eea8        0x0 d:/alalala/nios2eds/bin/gnu/h-i686-mingw32/bin/../lib/gcc/nios2-elf/4.1.2/../../../../nios2-elf/lib/mno-hw-mul\libc.a(lib_a-fvwrite.o)
 .data          0x0280eea8        0x0 d:/alalala/nios2eds/bin/gnu/h-i686-mingw32/bin/../lib/gcc/nios2-elf/4.1.2/../../../../nios2-elf/lib/mno-hw-mul\libc.a(lib_a-fwalk.o)
 .data          0x0280eea8      0x400 d:/alalala/nios2eds/bin/gnu/h-i686-mingw32/bin/../lib/gcc/nios2-elf/4.1.2/../../../../nios2-elf/lib/mno-hw-mul\libc.a(lib_a-impure.o)
 .data          0x0280f2a8        0xc d:/alalala/nios2eds/bin/gnu/h-i686-mingw32/bin/../lib/gcc/nios2-elf/4.1.2/../../../../nios2-elf/lib/mno-hw-mul\libc.a(lib_a-locale.o)
                0x0280f2a8                __lc_ctype
 .data          0x0280f2b4        0x0 d:/alalala/nios2eds/bin/gnu/h-i686-mingw32/bin/../lib/gcc/nios2-elf/4.1.2/../../../../nios2-elf/lib/mno-hw-mul\libc.a(lib_a-makebuf.o)
 .data          0x0280f2b4      0x408 d:/alalala/nios2eds/bin/gnu/h-i686-mingw32/bin/../lib/gcc/nios2-elf/4.1.2/../../../../nios2-elf/lib/mno-hw-mul\libc.a(lib_a-mallocr.o)
                0x0280f2b4                __malloc_av_
 .data          0x0280f6bc        0x0 d:/alalala/nios2eds/bin/gnu/h-i686-mingw32/bin/../lib/gcc/nios2-elf/4.1.2/../../../../nios2-elf/lib/mno-hw-mul\libc.a(lib_a-memchr.o)
 .data          0x0280f6bc        0x0 d:/alalala/nios2eds/bin/gnu/h-i686-mingw32/bin/../lib/gcc/nios2-elf/4.1.2/../../../../nios2-elf/lib/mno-hw-mul\libc.a(lib_a-memcpy.o)
 .data          0x0280f6bc        0x0 d:/alalala/nios2eds/bin/gnu/h-i686-mingw32/bin/../lib/gcc/nios2-elf/4.1.2/../../../../nios2-elf/lib/mno-hw-mul\libc.a(lib_a-memmove.o)
 .data          0x0280f6bc        0x0 d:/alalala/nios2eds/bin/gnu/h-i686-mingw32/bin/../lib/gcc/nios2-elf/4.1.2/../../../../nios2-elf/lib/mno-hw-mul\libc.a(lib_a-memset.o)
 .data          0x0280f6bc        0x0 d:/alalala/nios2eds/bin/gnu/h-i686-mingw32/bin/../lib/gcc/nios2-elf/4.1.2/../../../../nios2-elf/lib/mno-hw-mul\libc.a(lib_a-mprec.o)
 .data          0x0280f6bc        0x0 d:/alalala/nios2eds/bin/gnu/h-i686-mingw32/bin/../lib/gcc/nios2-elf/4.1.2/../../../../nios2-elf/lib/mno-hw-mul\libc.a(lib_a-reallocr.o)
 .data          0x0280f6bc        0x0 d:/alalala/nios2eds/bin/gnu/h-i686-mingw32/bin/../lib/gcc/nios2-elf/4.1.2/../../../../nios2-elf/lib/mno-hw-mul\libc.a(lib_a-s_isinfd.o)
 .data          0x0280f6bc        0x0 d:/alalala/nios2eds/bin/gnu/h-i686-mingw32/bin/../lib/gcc/nios2-elf/4.1.2/../../../../nios2-elf/lib/mno-hw-mul\libc.a(lib_a-s_isnand.o)
 .data          0x0280f6bc        0x0 d:/alalala/nios2eds/bin/gnu/h-i686-mingw32/bin/../lib/gcc/nios2-elf/4.1.2/../../../../nios2-elf/lib/mno-hw-mul\libc.a(lib_a-sbrkr.o)
 .data          0x0280f6bc        0x0 d:/alalala/nios2eds/bin/gnu/h-i686-mingw32/bin/../lib/gcc/nios2-elf/4.1.2/../../../../nios2-elf/lib/mno-hw-mul\libc.a(lib_a-stdio.o)
 .data          0x0280f6bc        0x0 d:/alalala/nios2eds/bin/gnu/h-i686-mingw32/bin/../lib/gcc/nios2-elf/4.1.2/../../../../nios2-elf/lib/mno-hw-mul\libc.a(lib_a-strcmp.o)
 .data          0x0280f6bc        0x0 d:/alalala/nios2eds/bin/gnu/h-i686-mingw32/bin/../lib/gcc/nios2-elf/4.1.2/../../../../nios2-elf/lib/mno-hw-mul\libc.a(lib_a-writer.o)
 .data          0x0280f6bc        0x0 d:/alalala/nios2eds/bin/gnu/h-i686-mingw32/bin/../lib/gcc/nios2-elf/4.1.2/../../../../nios2-elf/lib/mno-hw-mul\libc.a(lib_a-callocr.o)
 .data          0x0280f6bc        0x0 d:/alalala/nios2eds/bin/gnu/h-i686-mingw32/bin/../lib/gcc/nios2-elf/4.1.2/../../../../nios2-elf/lib/mno-hw-mul\libc.a(lib_a-closer.o)
 .data          0x0280f6bc        0x0 d:/alalala/nios2eds/bin/gnu/h-i686-mingw32/bin/../lib/gcc/nios2-elf/4.1.2/../../../../nios2-elf/lib/mno-hw-mul\libc.a(lib_a-fclose.o)
 .data          0x0280f6bc        0x0 d:/alalala/nios2eds/bin/gnu/h-i686-mingw32/bin/../lib/gcc/nios2-elf/4.1.2/../../../../nios2-elf/lib/mno-hw-mul\libc.a(lib_a-fstatr.o)
 .data          0x0280f6bc        0x0 d:/alalala/nios2eds/bin/gnu/h-i686-mingw32/bin/../lib/gcc/nios2-elf/4.1.2/../../../../nios2-elf/lib/mno-hw-mul\libc.a(lib_a-int_errno.o)
 .data          0x0280f6bc        0x0 d:/alalala/nios2eds/bin/gnu/h-i686-mingw32/bin/../lib/gcc/nios2-elf/4.1.2/../../../../nios2-elf/lib/mno-hw-mul\libc.a(lib_a-isattyr.o)
 .data          0x0280f6bc        0x0 d:/alalala/nios2eds/bin/gnu/h-i686-mingw32/bin/../lib/gcc/nios2-elf/4.1.2/../../../../nios2-elf/lib/mno-hw-mul\libc.a(lib_a-lseekr.o)
 .data          0x0280f6bc        0x0 d:/alalala/nios2eds/bin/gnu/h-i686-mingw32/bin/../lib/gcc/nios2-elf/4.1.2/../../../../nios2-elf/lib/mno-hw-mul\libc.a(lib_a-readr.o)
 .data          0x0280f6bc        0x0 d:/alalala/nios2eds/bin/gnu/h-i686-mingw32/bin/../lib/gcc/nios2-elf/4.1.2/mno-hw-mul\libgcc.a(_muldi3.o)
 .data          0x0280f6bc        0x0 d:/alalala/nios2eds/bin/gnu/h-i686-mingw32/bin/../lib/gcc/nios2-elf/4.1.2/mno-hw-mul\libgcc.a(_udivdi3.o)
 .data          0x0280f6bc        0x0 d:/alalala/nios2eds/bin/gnu/h-i686-mingw32/bin/../lib/gcc/nios2-elf/4.1.2/mno-hw-mul\libgcc.a(_umoddi3.o)
 .data          0x0280f6bc        0x0 d:/alalala/nios2eds/bin/gnu/h-i686-mingw32/bin/../lib/gcc/nios2-elf/4.1.2/mno-hw-mul\libgcc.a(_addsub_df.o)
 .data          0x0280f6bc        0x0 d:/alalala/nios2eds/bin/gnu/h-i686-mingw32/bin/../lib/gcc/nios2-elf/4.1.2/mno-hw-mul\libgcc.a(_mul_df.o)
 .data          0x0280f6bc        0x0 d:/alalala/nios2eds/bin/gnu/h-i686-mingw32/bin/../lib/gcc/nios2-elf/4.1.2/mno-hw-mul\libgcc.a(_div_df.o)
 .data          0x0280f6bc        0x0 d:/alalala/nios2eds/bin/gnu/h-i686-mingw32/bin/../lib/gcc/nios2-elf/4.1.2/mno-hw-mul\libgcc.a(_eq_df.o)
 .data          0x0280f6bc        0x0 d:/alalala/nios2eds/bin/gnu/h-i686-mingw32/bin/../lib/gcc/nios2-elf/4.1.2/mno-hw-mul\libgcc.a(_ne_df.o)
 .data          0x0280f6bc        0x0 d:/alalala/nios2eds/bin/gnu/h-i686-mingw32/bin/../lib/gcc/nios2-elf/4.1.2/mno-hw-mul\libgcc.a(_gt_df.o)
 .data          0x0280f6bc        0x0 d:/alalala/nios2eds/bin/gnu/h-i686-mingw32/bin/../lib/gcc/nios2-elf/4.1.2/mno-hw-mul\libgcc.a(_ge_df.o)
 .data          0x0280f6bc        0x0 d:/alalala/nios2eds/bin/gnu/h-i686-mingw32/bin/../lib/gcc/nios2-elf/4.1.2/mno-hw-mul\libgcc.a(_lt_df.o)
 .data          0x0280f6bc        0x0 d:/alalala/nios2eds/bin/gnu/h-i686-mingw32/bin/../lib/gcc/nios2-elf/4.1.2/mno-hw-mul\libgcc.a(_si_to_df.o)
 .data          0x0280f6bc        0x0 d:/alalala/nios2eds/bin/gnu/h-i686-mingw32/bin/../lib/gcc/nios2-elf/4.1.2/mno-hw-mul\libgcc.a(_df_to_si.o)
 .data          0x0280f6bc        0x0 d:/alalala/nios2eds/bin/gnu/h-i686-mingw32/bin/../lib/gcc/nios2-elf/4.1.2/mno-hw-mul\libgcc.a(_thenan_df.o)
 .data          0x0280f6bc        0x0 d:/alalala/nios2eds/bin/gnu/h-i686-mingw32/bin/../lib/gcc/nios2-elf/4.1.2/mno-hw-mul\libgcc.a(_usi_to_df.o)
 .data          0x0280f6bc        0x0 d:/alalala/nios2eds/bin/gnu/h-i686-mingw32/bin/../lib/gcc/nios2-elf/4.1.2/mno-hw-mul\libgcc.a(lib2-divmod.o)
 .data          0x0280f6bc        0x0 d:/alalala/nios2eds/bin/gnu/h-i686-mingw32/bin/../lib/gcc/nios2-elf/4.1.2/mno-hw-mul\libgcc.a(_clz.o)
 .data          0x0280f6bc        0x0 d:/alalala/nios2eds/bin/gnu/h-i686-mingw32/bin/../lib/gcc/nios2-elf/4.1.2/mno-hw-mul\libgcc.a(_clzsi2.o)
 .data          0x0280f6bc        0x0 d:/alalala/nios2eds/bin/gnu/h-i686-mingw32/bin/../lib/gcc/nios2-elf/4.1.2/mno-hw-mul\libgcc.a(_pack_df.o)
 .data          0x0280f6bc        0x0 d:/alalala/nios2eds/bin/gnu/h-i686-mingw32/bin/../lib/gcc/nios2-elf/4.1.2/mno-hw-mul\libgcc.a(_unpack_df.o)
 .data          0x0280f6bc        0x0 d:/alalala/nios2eds/bin/gnu/h-i686-mingw32/bin/../lib/gcc/nios2-elf/4.1.2/mno-hw-mul\libgcc.a(_fpcmp_parts_df.o)
 .data          0x0280f6bc        0x0 ../1229_bsp/\libhal_bsp.a(alt_close.o)
 .data          0x0280f6bc      0x1a8 ../1229_bsp/\libhal_bsp.a(alt_dev.o)
                0x0280f6bc                alt_dev_null
                0x0280f6e4                alt_fd_list
 .data          0x0280f864        0x0 ../1229_bsp/\libhal_bsp.a(alt_errno.o)
 .data          0x0280f864        0x0 ../1229_bsp/\libhal_bsp.a(alt_fstat.o)
 .data          0x0280f864        0x0 ../1229_bsp/\libhal_bsp.a(alt_irq_register.o)
 .data          0x0280f864        0x0 ../1229_bsp/\libhal_bsp.a(alt_irq_vars.o)
 .data          0x0280f864        0x0 ../1229_bsp/\libhal_bsp.a(alt_isatty.o)
 .data          0x0280f864        0x0 ../1229_bsp/\libhal_bsp.a(alt_load.o)
 .data          0x0280f864        0x0 ../1229_bsp/\libhal_bsp.a(alt_lseek.o)
 .data          0x0280f864        0x0 ../1229_bsp/\libhal_bsp.a(alt_main.o)
 .data          0x0280f864        0x0 ../1229_bsp/\libhal_bsp.a(alt_malloc_lock.o)
 .data          0x0280f864        0x0 ../1229_bsp/\libhal_bsp.a(alt_read.o)
 .data          0x0280f864        0x0 ../1229_bsp/\libhal_bsp.a(alt_release_fd.o)
 .data          0x0280f864        0x0 ../1229_bsp/\libhal_bsp.a(alt_sbrk.o)
 .data          0x0280f864        0x0 ../1229_bsp/\libhal_bsp.a(alt_usleep.o)
 .data          0x0280f864        0x0 ../1229_bsp/\libhal_bsp.a(alt_write.o)
 .data          0x0280f864     0x113c ../1229_bsp/\libhal_bsp.a(alt_sys_init.o)
 .data          0x028109a0        0x0 ../1229_bsp/\libhal_bsp.a(altera_avalon_dma.o)
 .data          0x028109a0        0x0 ../1229_bsp/\libhal_bsp.a(altera_avalon_jtag_uart_fd.o)
 .data          0x028109a0        0x0 ../1229_bsp/\libhal_bsp.a(altera_avalon_jtag_uart_init.o)
 .data          0x028109a0        0x0 ../1229_bsp/\libhal_bsp.a(altera_avalon_jtag_uart_ioctl.o)
 .data          0x028109a0        0x0 ../1229_bsp/\libhal_bsp.a(altera_avalon_jtag_uart_read.o)
 .data          0x028109a0        0x0 ../1229_bsp/\libhal_bsp.a(altera_avalon_jtag_uart_write.o)
 .data          0x028109a0        0x0 ../1229_bsp/\libhal_bsp.a(alt_alarm_start.o)
 .data          0x028109a0        0x0 ../1229_bsp/\libhal_bsp.a(alt_busy_sleep.o)
 .data          0x028109a0        0x0 ../1229_bsp/\libhal_bsp.a(alt_dcache_flush_all.o)
 .data          0x028109a0        0x0 ../1229_bsp/\libhal_bsp.a(alt_dev_llist_insert.o)
 .data          0x028109a0        0x0 ../1229_bsp/\libhal_bsp.a(alt_dma_rxchan_open.o)
 .data          0x028109a0        0x0 ../1229_bsp/\libhal_bsp.a(alt_dma_txchan_open.o)
 .data          0x028109a0        0x0 ../1229_bsp/\libhal_bsp.a(alt_do_ctors.o)
 .data          0x028109a0        0x0 ../1229_bsp/\libhal_bsp.a(alt_do_dtors.o)
 .data          0x028109a0        0x0 ../1229_bsp/\libhal_bsp.a(alt_find_dev.o)
 .data          0x028109a0        0x0 ../1229_bsp/\libhal_bsp.a(alt_icache_flush_all.o)
 .data          0x028109a0        0x0 ../1229_bsp/\libhal_bsp.a(alt_iic.o)
 .data          0x028109a0        0x0 ../1229_bsp/\libhal_bsp.a(alt_iic_isr_register.o)
 .data          0x028109a0        0x0 ../1229_bsp/\libhal_bsp.a(alt_io_redirect.o)
 .data          0x028109a0        0x0 ../1229_bsp/\libhal_bsp.a(alt_irq_entry.o)
 .data          0x028109a0        0x0 ../1229_bsp/\libhal_bsp.a(alt_irq_handler.o)
 .data          0x028109a0        0x0 ../1229_bsp/\libhal_bsp.a(alt_open.o)
 .data          0x028109a0        0x0 ../1229_bsp/\libhal_bsp.a(alt_tick.o)
 .data          0x028109a0        0x0 ../1229_bsp/\libhal_bsp.a(altera_nios2_qsys_irq.o)
 .data          0x028109a0        0x0 ../1229_bsp/\libhal_bsp.a(alt_exception_entry.o)
 .data          0x028109a0        0x0 ../1229_bsp/\libhal_bsp.a(alt_find_file.o)
 .data          0x028109a0        0x0 ../1229_bsp/\libhal_bsp.a(alt_get_fd.o)
 .data          0x028109a0        0x0 d:/alalala/nios2eds/bin/gnu/h-i686-mingw32/bin/../lib/gcc/nios2-elf/4.1.2/../../../../nios2-elf/lib/mno-hw-mul\libc.a(lib_a-atexit.o)
 .data          0x028109a0        0x0 d:/alalala/nios2eds/bin/gnu/h-i686-mingw32/bin/../lib/gcc/nios2-elf/4.1.2/../../../../nios2-elf/lib/mno-hw-mul\libc.a(lib_a-exit.o)
 .data          0x028109a0        0x0 d:/alalala/nios2eds/bin/gnu/h-i686-mingw32/bin/../lib/gcc/nios2-elf/4.1.2/../../../../nios2-elf/lib/mno-hw-mul\libc.a(lib_a-memcmp.o)
 .data          0x028109a0        0x0 d:/alalala/nios2eds/bin/gnu/h-i686-mingw32/bin/../lib/gcc/nios2-elf/4.1.2/../../../../nios2-elf/lib/mno-hw-mul\libc.a(lib_a-__atexit.o)
 .data          0x028109a0        0x0 d:/alalala/nios2eds/bin/gnu/h-i686-mingw32/bin/../lib/gcc/nios2-elf/4.1.2/../../../../nios2-elf/lib/mno-hw-mul\libc.a(lib_a-__call_atexit.o)
 .data          0x028109a0        0x0 ../1229_bsp/\libhal_bsp.a(alt_exit.o)
                0x028189a0                _gp = ABSOLUTE ((. + 0x8000))
                0x028189a0                PROVIDE (gp, _gp)
 *(.rwdata .rwdata.*)
 *(.sdata .sdata.* .gnu.linkonce.s.*)
 .sdata         0x028109a0        0x8 d:/alalala/nios2eds/bin/gnu/h-i686-mingw32/bin/../lib/gcc/nios2-elf/4.1.2/../../../../nios2-elf/lib/mno-hw-mul\libc.a(lib_a-impure.o)
                0x028109a0                _impure_ptr
                0x028109a4                _global_impure_ptr
 .sdata         0x028109a8        0x8 d:/alalala/nios2eds/bin/gnu/h-i686-mingw32/bin/../lib/gcc/nios2-elf/4.1.2/../../../../nios2-elf/lib/mno-hw-mul\libc.a(lib_a-locale.o)
                0x028109a8                __mb_cur_max
 .sdata         0x028109b0        0x8 d:/alalala/nios2eds/bin/gnu/h-i686-mingw32/bin/../lib/gcc/nios2-elf/4.1.2/../../../../nios2-elf/lib/mno-hw-mul\libc.a(lib_a-mallocr.o)
                0x028109b0                __malloc_trim_threshold
                0x028109b4                __malloc_sbrk_base
 .sdata         0x028109b8       0x14 ../1229_bsp/\libhal_bsp.a(alt_dev.o)
                0x028109b8                alt_fs_list
                0x028109c0                alt_dev_list
                0x028109c8                alt_max_fd
 .sdata         0x028109cc        0x4 ../1229_bsp/\libhal_bsp.a(alt_errno.o)
                0x028109cc                alt_errno
 .sdata         0x028109d0        0x4 ../1229_bsp/\libhal_bsp.a(alt_irq_vars.o)
                0x028109d0                alt_priority_mask
 .sdata         0x028109d4        0x4 ../1229_bsp/\libhal_bsp.a(alt_sbrk.o)
 .sdata         0x028109d8        0x8 ../1229_bsp/\libhal_bsp.a(alt_dma_rxchan_open.o)
                0x028109d8                alt_dma_rxchan_list
 .sdata         0x028109e0        0x8 ../1229_bsp/\libhal_bsp.a(alt_dma_txchan_open.o)
                0x028109e0                alt_dma_txchan_list
 .sdata         0x028109e8        0x8 ../1229_bsp/\libhal_bsp.a(alt_tick.o)
                0x028109e8                alt_alarm_list
 *(.sdata2 .sdata2.* .gnu.linkonce.s2.*)
                0x028109f0                . = ALIGN (0x4)
                0x028109f0                _edata = ABSOLUTE (.)
                0x028109f0                PROVIDE (edata, ABSOLUTE (.))
                0x028109f0                PROVIDE (__ram_rwdata_end, ABSOLUTE (.))
                0x028109f0                PROVIDE (__flash_rwdata_start, LOADADDR (.rwdata))

.bss            0x02812ae4      0x314
                0x02812ae4                __bss_start = ABSOLUTE (.)
                0x02812ae4                PROVIDE (__sbss_start, ABSOLUTE (.))
                0x02812ae4                PROVIDE (___sbss_start, ABSOLUTE (.))
 *(.dynsbss)
 *(.sbss .sbss.* .gnu.linkonce.sb.*)
 .sbss          0x02812ae4        0x4 obj/default/count_binary.o
                0x02812ae4                tmp
 .sbss          0x02812ae8        0xc d:/alalala/nios2eds/bin/gnu/h-i686-mingw32/bin/../lib/gcc/nios2-elf/4.1.2/../../../../nios2-elf/lib/mno-hw-mul\libc.a(lib_a-locale.o)
                0x02812ae8                __nlocale_changed
                0x02812aec                __mlocale_changed
                0x02812af0                _PathLocale
 .sbss          0x02812af4        0xc d:/alalala/nios2eds/bin/gnu/h-i686-mingw32/bin/../lib/gcc/nios2-elf/4.1.2/../../../../nios2-elf/lib/mno-hw-mul\libc.a(lib_a-mallocr.o)
                0x02812af4                __malloc_top_pad
                0x02812af8                __malloc_max_sbrked_mem
                0x02812afc                __malloc_max_total_mem
 .sbss          0x02812b00        0x4 d:/alalala/nios2eds/bin/gnu/h-i686-mingw32/bin/../lib/gcc/nios2-elf/4.1.2/../../../../nios2-elf/lib/mno-hw-mul\libc.a(lib_a-int_errno.o)
                0x02812b00                errno
 .sbss          0x02812b04        0x4 ../1229_bsp/\libhal_bsp.a(alt_irq_vars.o)
                0x02812b04                alt_irq_active
 .sbss          0x02812b08        0xc ../1229_bsp/\libhal_bsp.a(alt_main.o)
                0x02812b08                alt_argc
                0x02812b0c                alt_argv
                0x02812b10                alt_envp
 .sbss          0x02812b14        0x8 ../1229_bsp/\libhal_bsp.a(alt_tick.o)
                0x02812b14                _alt_tick_rate
                0x02812b18                _alt_nticks
 *(.sbss2 .sbss2.* .gnu.linkonce.sb2.*)
 *(.scommon)
                0x02812b1c                PROVIDE (__sbss_end, ABSOLUTE (.))
                0x02812b1c                PROVIDE (___sbss_end, ABSOLUTE (.))
 *(.dynbss)
 *(.bss .bss.* .gnu.linkonce.b.*)
 .bss           0x02812b1c        0x0 ../1229_bsp//obj/HAL/src/crt0.o
 .bss           0x02812b1c        0x0 obj/default/count_binary.o
 .bss           0x02812b1c        0x0 d:/alalala/nios2eds/bin/gnu/h-i686-mingw32/bin/../lib/gcc/nios2-elf/4.1.2/mno-hw-mul\libgcc.a(lib2-mul.o)
 .bss           0x02812b1c        0x0 d:/alalala/nios2eds/bin/gnu/h-i686-mingw32/bin/../lib/gcc/nios2-elf/4.1.2/../../../../nios2-elf/lib/mno-hw-mul\libc.a(lib_a-printf.o)
 .bss           0x02812b1c        0x0 d:/alalala/nios2eds/bin/gnu/h-i686-mingw32/bin/../lib/gcc/nios2-elf/4.1.2/../../../../nios2-elf/lib/mno-hw-mul\libc.a(lib_a-puts.o)
 .bss           0x02812b1c        0x0 d:/alalala/nios2eds/bin/gnu/h-i686-mingw32/bin/../lib/gcc/nios2-elf/4.1.2/../../../../nios2-elf/lib/mno-hw-mul\libc.a(lib_a-rand.o)
 .bss           0x02812b1c        0x0 d:/alalala/nios2eds/bin/gnu/h-i686-mingw32/bin/../lib/gcc/nios2-elf/4.1.2/../../../../nios2-elf/lib/mno-hw-mul\libc.a(lib_a-strlen.o)
 .bss           0x02812b1c        0x0 d:/alalala/nios2eds/bin/gnu/h-i686-mingw32/bin/../lib/gcc/nios2-elf/4.1.2/../../../../nios2-elf/lib/mno-hw-mul\libc.a(lib_a-vfprintf.o)
 .bss           0x02812b1c        0x0 d:/alalala/nios2eds/bin/gnu/h-i686-mingw32/bin/../lib/gcc/nios2-elf/4.1.2/../../../../nios2-elf/lib/mno-hw-mul\libc.a(lib_a-wsetup.o)
 .bss           0x02812b1c        0x0 d:/alalala/nios2eds/bin/gnu/h-i686-mingw32/bin/../lib/gcc/nios2-elf/4.1.2/../../../../nios2-elf/lib/mno-hw-mul\libc.a(lib_a-dtoa.o)
 .bss           0x02812b1c        0x0 d:/alalala/nios2eds/bin/gnu/h-i686-mingw32/bin/../lib/gcc/nios2-elf/4.1.2/../../../../nios2-elf/lib/mno-hw-mul\libc.a(lib_a-fflush.o)
 .bss           0x02812b1c        0x0 d:/alalala/nios2eds/bin/gnu/h-i686-mingw32/bin/../lib/gcc/nios2-elf/4.1.2/../../../../nios2-elf/lib/mno-hw-mul\libc.a(lib_a-findfp.o)
 .bss           0x02812b1c        0x0 d:/alalala/nios2eds/bin/gnu/h-i686-mingw32/bin/../lib/gcc/nios2-elf/4.1.2/../../../../nios2-elf/lib/mno-hw-mul\libc.a(lib_a-freer.o)
 .bss           0x02812b1c        0x0 d:/alalala/nios2eds/bin/gnu/h-i686-mingw32/bin/../lib/gcc/nios2-elf/4.1.2/../../../../nios2-elf/lib/mno-hw-mul\libc.a(lib_a-fvwrite.o)
 .bss           0x02812b1c        0x0 d:/alalala/nios2eds/bin/gnu/h-i686-mingw32/bin/../lib/gcc/nios2-elf/4.1.2/../../../../nios2-elf/lib/mno-hw-mul\libc.a(lib_a-fwalk.o)
 .bss           0x02812b1c        0x0 d:/alalala/nios2eds/bin/gnu/h-i686-mingw32/bin/../lib/gcc/nios2-elf/4.1.2/../../../../nios2-elf/lib/mno-hw-mul\libc.a(lib_a-impure.o)
 .bss           0x02812b1c        0x0 d:/alalala/nios2eds/bin/gnu/h-i686-mingw32/bin/../lib/gcc/nios2-elf/4.1.2/../../../../nios2-elf/lib/mno-hw-mul\libc.a(lib_a-locale.o)
 .bss           0x02812b1c        0x0 d:/alalala/nios2eds/bin/gnu/h-i686-mingw32/bin/../lib/gcc/nios2-elf/4.1.2/../../../../nios2-elf/lib/mno-hw-mul\libc.a(lib_a-makebuf.o)
 .bss           0x02812b1c       0x28 d:/alalala/nios2eds/bin/gnu/h-i686-mingw32/bin/../lib/gcc/nios2-elf/4.1.2/../../../../nios2-elf/lib/mno-hw-mul\libc.a(lib_a-mallocr.o)
                0x02812b1c                __malloc_current_mallinfo
 .bss           0x02812b44        0x0 d:/alalala/nios2eds/bin/gnu/h-i686-mingw32/bin/../lib/gcc/nios2-elf/4.1.2/../../../../nios2-elf/lib/mno-hw-mul\libc.a(lib_a-memchr.o)
 .bss           0x02812b44        0x0 d:/alalala/nios2eds/bin/gnu/h-i686-mingw32/bin/../lib/gcc/nios2-elf/4.1.2/../../../../nios2-elf/lib/mno-hw-mul\libc.a(lib_a-memcpy.o)
 .bss           0x02812b44        0x0 d:/alalala/nios2eds/bin/gnu/h-i686-mingw32/bin/../lib/gcc/nios2-elf/4.1.2/../../../../nios2-elf/lib/mno-hw-mul\libc.a(lib_a-memmove.o)
 .bss           0x02812b44        0x0 d:/alalala/nios2eds/bin/gnu/h-i686-mingw32/bin/../lib/gcc/nios2-elf/4.1.2/../../../../nios2-elf/lib/mno-hw-mul\libc.a(lib_a-memset.o)
 .bss           0x02812b44        0x0 d:/alalala/nios2eds/bin/gnu/h-i686-mingw32/bin/../lib/gcc/nios2-elf/4.1.2/../../../../nios2-elf/lib/mno-hw-mul\libc.a(lib_a-mprec.o)
 .bss           0x02812b44        0x0 d:/alalala/nios2eds/bin/gnu/h-i686-mingw32/bin/../lib/gcc/nios2-elf/4.1.2/../../../../nios2-elf/lib/mno-hw-mul\libc.a(lib_a-reallocr.o)
 .bss           0x02812b44        0x0 d:/alalala/nios2eds/bin/gnu/h-i686-mingw32/bin/../lib/gcc/nios2-elf/4.1.2/../../../../nios2-elf/lib/mno-hw-mul\libc.a(lib_a-s_isinfd.o)
 .bss           0x02812b44        0x0 d:/alalala/nios2eds/bin/gnu/h-i686-mingw32/bin/../lib/gcc/nios2-elf/4.1.2/../../../../nios2-elf/lib/mno-hw-mul\libc.a(lib_a-s_isnand.o)
 .bss           0x02812b44        0x0 d:/alalala/nios2eds/bin/gnu/h-i686-mingw32/bin/../lib/gcc/nios2-elf/4.1.2/../../../../nios2-elf/lib/mno-hw-mul\libc.a(lib_a-sbrkr.o)
 .bss           0x02812b44        0x0 d:/alalala/nios2eds/bin/gnu/h-i686-mingw32/bin/../lib/gcc/nios2-elf/4.1.2/../../../../nios2-elf/lib/mno-hw-mul\libc.a(lib_a-stdio.o)
 .bss           0x02812b44        0x0 d:/alalala/nios2eds/bin/gnu/h-i686-mingw32/bin/../lib/gcc/nios2-elf/4.1.2/../../../../nios2-elf/lib/mno-hw-mul\libc.a(lib_a-strcmp.o)
 .bss           0x02812b44        0x0 d:/alalala/nios2eds/bin/gnu/h-i686-mingw32/bin/../lib/gcc/nios2-elf/4.1.2/../../../../nios2-elf/lib/mno-hw-mul\libc.a(lib_a-writer.o)
 .bss           0x02812b44        0x0 d:/alalala/nios2eds/bin/gnu/h-i686-mingw32/bin/../lib/gcc/nios2-elf/4.1.2/../../../../nios2-elf/lib/mno-hw-mul\libc.a(lib_a-callocr.o)
 .bss           0x02812b44        0x0 d:/alalala/nios2eds/bin/gnu/h-i686-mingw32/bin/../lib/gcc/nios2-elf/4.1.2/../../../../nios2-elf/lib/mno-hw-mul\libc.a(lib_a-closer.o)
 .bss           0x02812b44        0x0 d:/alalala/nios2eds/bin/gnu/h-i686-mingw32/bin/../lib/gcc/nios2-elf/4.1.2/../../../../nios2-elf/lib/mno-hw-mul\libc.a(lib_a-fclose.o)
 .bss           0x02812b44        0x0 d:/alalala/nios2eds/bin/gnu/h-i686-mingw32/bin/../lib/gcc/nios2-elf/4.1.2/../../../../nios2-elf/lib/mno-hw-mul\libc.a(lib_a-fstatr.o)
 .bss           0x02812b44        0x0 d:/alalala/nios2eds/bin/gnu/h-i686-mingw32/bin/../lib/gcc/nios2-elf/4.1.2/../../../../nios2-elf/lib/mno-hw-mul\libc.a(lib_a-int_errno.o)
 .bss           0x02812b44        0x0 d:/alalala/nios2eds/bin/gnu/h-i686-mingw32/bin/../lib/gcc/nios2-elf/4.1.2/../../../../nios2-elf/lib/mno-hw-mul\libc.a(lib_a-isattyr.o)
 .bss           0x02812b44        0x0 d:/alalala/nios2eds/bin/gnu/h-i686-mingw32/bin/../lib/gcc/nios2-elf/4.1.2/../../../../nios2-elf/lib/mno-hw-mul\libc.a(lib_a-lseekr.o)
 .bss           0x02812b44        0x0 d:/alalala/nios2eds/bin/gnu/h-i686-mingw32/bin/../lib/gcc/nios2-elf/4.1.2/../../../../nios2-elf/lib/mno-hw-mul\libc.a(lib_a-readr.o)
 .bss           0x02812b44        0x0 d:/alalala/nios2eds/bin/gnu/h-i686-mingw32/bin/../lib/gcc/nios2-elf/4.1.2/mno-hw-mul\libgcc.a(_muldi3.o)
 .bss           0x02812b44        0x0 d:/alalala/nios2eds/bin/gnu/h-i686-mingw32/bin/../lib/gcc/nios2-elf/4.1.2/mno-hw-mul\libgcc.a(_udivdi3.o)
 .bss           0x02812b44        0x0 d:/alalala/nios2eds/bin/gnu/h-i686-mingw32/bin/../lib/gcc/nios2-elf/4.1.2/mno-hw-mul\libgcc.a(_umoddi3.o)
 .bss           0x02812b44        0x0 d:/alalala/nios2eds/bin/gnu/h-i686-mingw32/bin/../lib/gcc/nios2-elf/4.1.2/mno-hw-mul\libgcc.a(_addsub_df.o)
 .bss           0x02812b44        0x0 d:/alalala/nios2eds/bin/gnu/h-i686-mingw32/bin/../lib/gcc/nios2-elf/4.1.2/mno-hw-mul\libgcc.a(_mul_df.o)
 .bss           0x02812b44        0x0 d:/alalala/nios2eds/bin/gnu/h-i686-mingw32/bin/../lib/gcc/nios2-elf/4.1.2/mno-hw-mul\libgcc.a(_div_df.o)
 .bss           0x02812b44        0x0 d:/alalala/nios2eds/bin/gnu/h-i686-mingw32/bin/../lib/gcc/nios2-elf/4.1.2/mno-hw-mul\libgcc.a(_eq_df.o)
 .bss           0x02812b44        0x0 d:/alalala/nios2eds/bin/gnu/h-i686-mingw32/bin/../lib/gcc/nios2-elf/4.1.2/mno-hw-mul\libgcc.a(_ne_df.o)
 .bss           0x02812b44        0x0 d:/alalala/nios2eds/bin/gnu/h-i686-mingw32/bin/../lib/gcc/nios2-elf/4.1.2/mno-hw-mul\libgcc.a(_gt_df.o)
 .bss           0x02812b44        0x0 d:/alalala/nios2eds/bin/gnu/h-i686-mingw32/bin/../lib/gcc/nios2-elf/4.1.2/mno-hw-mul\libgcc.a(_ge_df.o)
 .bss           0x02812b44        0x0 d:/alalala/nios2eds/bin/gnu/h-i686-mingw32/bin/../lib/gcc/nios2-elf/4.1.2/mno-hw-mul\libgcc.a(_lt_df.o)
 .bss           0x02812b44        0x0 d:/alalala/nios2eds/bin/gnu/h-i686-mingw32/bin/../lib/gcc/nios2-elf/4.1.2/mno-hw-mul\libgcc.a(_si_to_df.o)
 .bss           0x02812b44        0x0 d:/alalala/nios2eds/bin/gnu/h-i686-mingw32/bin/../lib/gcc/nios2-elf/4.1.2/mno-hw-mul\libgcc.a(_df_to_si.o)
 .bss           0x02812b44        0x0 d:/alalala/nios2eds/bin/gnu/h-i686-mingw32/bin/../lib/gcc/nios2-elf/4.1.2/mno-hw-mul\libgcc.a(_thenan_df.o)
 .bss           0x02812b44        0x0 d:/alalala/nios2eds/bin/gnu/h-i686-mingw32/bin/../lib/gcc/nios2-elf/4.1.2/mno-hw-mul\libgcc.a(_usi_to_df.o)
 .bss           0x02812b44        0x0 d:/alalala/nios2eds/bin/gnu/h-i686-mingw32/bin/../lib/gcc/nios2-elf/4.1.2/mno-hw-mul\libgcc.a(lib2-divmod.o)
 .bss           0x02812b44        0x0 d:/alalala/nios2eds/bin/gnu/h-i686-mingw32/bin/../lib/gcc/nios2-elf/4.1.2/mno-hw-mul\libgcc.a(_clz.o)
 .bss           0x02812b44        0x0 d:/alalala/nios2eds/bin/gnu/h-i686-mingw32/bin/../lib/gcc/nios2-elf/4.1.2/mno-hw-mul\libgcc.a(_clzsi2.o)
 .bss           0x02812b44        0x0 d:/alalala/nios2eds/bin/gnu/h-i686-mingw32/bin/../lib/gcc/nios2-elf/4.1.2/mno-hw-mul\libgcc.a(_pack_df.o)
 .bss           0x02812b44        0x0 d:/alalala/nios2eds/bin/gnu/h-i686-mingw32/bin/../lib/gcc/nios2-elf/4.1.2/mno-hw-mul\libgcc.a(_unpack_df.o)
 .bss           0x02812b44        0x0 d:/alalala/nios2eds/bin/gnu/h-i686-mingw32/bin/../lib/gcc/nios2-elf/4.1.2/mno-hw-mul\libgcc.a(_fpcmp_parts_df.o)
 .bss           0x02812b44        0x0 ../1229_bsp/\libhal_bsp.a(alt_close.o)
 .bss           0x02812b44        0x0 ../1229_bsp/\libhal_bsp.a(alt_dev.o)
 .bss           0x02812b44        0x0 ../1229_bsp/\libhal_bsp.a(alt_errno.o)
 .bss           0x02812b44        0x0 ../1229_bsp/\libhal_bsp.a(alt_fstat.o)
 .bss           0x02812b44        0x0 ../1229_bsp/\libhal_bsp.a(alt_irq_register.o)
 .bss           0x02812b44        0x0 ../1229_bsp/\libhal_bsp.a(alt_irq_vars.o)
 .bss           0x02812b44        0x0 ../1229_bsp/\libhal_bsp.a(alt_isatty.o)
 .bss           0x02812b44        0x0 ../1229_bsp/\libhal_bsp.a(alt_load.o)
 .bss           0x02812b44        0x0 ../1229_bsp/\libhal_bsp.a(alt_lseek.o)
 .bss           0x02812b44        0x0 ../1229_bsp/\libhal_bsp.a(alt_main.o)
 .bss           0x02812b44        0x0 ../1229_bsp/\libhal_bsp.a(alt_malloc_lock.o)
 .bss           0x02812b44        0x0 ../1229_bsp/\libhal_bsp.a(alt_read.o)
 .bss           0x02812b44        0x0 ../1229_bsp/\libhal_bsp.a(alt_release_fd.o)
 .bss           0x02812b44        0x0 ../1229_bsp/\libhal_bsp.a(alt_sbrk.o)
 .bss           0x02812b44        0x0 ../1229_bsp/\libhal_bsp.a(alt_usleep.o)
 .bss           0x02812b44        0x0 ../1229_bsp/\libhal_bsp.a(alt_write.o)
 .bss           0x02812b44        0x0 ../1229_bsp/\libhal_bsp.a(alt_sys_init.o)
 .bss           0x02812b44        0x0 ../1229_bsp/\libhal_bsp.a(altera_avalon_dma.o)
 .bss           0x02812b44        0x0 ../1229_bsp/\libhal_bsp.a(altera_avalon_jtag_uart_fd.o)
 .bss           0x02812b44        0x0 ../1229_bsp/\libhal_bsp.a(altera_avalon_jtag_uart_init.o)
 .bss           0x02812b44        0x0 ../1229_bsp/\libhal_bsp.a(altera_avalon_jtag_uart_ioctl.o)
 .bss           0x02812b44        0x0 ../1229_bsp/\libhal_bsp.a(altera_avalon_jtag_uart_read.o)
 .bss           0x02812b44        0x0 ../1229_bsp/\libhal_bsp.a(altera_avalon_jtag_uart_write.o)
 .bss           0x02812b44        0x0 ../1229_bsp/\libhal_bsp.a(alt_alarm_start.o)
 .bss           0x02812b44        0x0 ../1229_bsp/\libhal_bsp.a(alt_busy_sleep.o)
 .bss           0x02812b44        0x0 ../1229_bsp/\libhal_bsp.a(alt_dcache_flush_all.o)
 .bss           0x02812b44        0x0 ../1229_bsp/\libhal_bsp.a(alt_dev_llist_insert.o)
 .bss           0x02812b44        0x0 ../1229_bsp/\libhal_bsp.a(alt_dma_rxchan_open.o)
 .bss           0x02812b44        0x0 ../1229_bsp/\libhal_bsp.a(alt_dma_txchan_open.o)
 .bss           0x02812b44        0x0 ../1229_bsp/\libhal_bsp.a(alt_do_ctors.o)
 .bss           0x02812b44        0x0 ../1229_bsp/\libhal_bsp.a(alt_do_dtors.o)
 .bss           0x02812b44        0x0 ../1229_bsp/\libhal_bsp.a(alt_find_dev.o)
 .bss           0x02812b44        0x0 ../1229_bsp/\libhal_bsp.a(alt_icache_flush_all.o)
 .bss           0x02812b44        0x0 ../1229_bsp/\libhal_bsp.a(alt_iic.o)
 .bss           0x02812b44        0x0 ../1229_bsp/\libhal_bsp.a(alt_iic_isr_register.o)
 .bss           0x02812b44        0x0 ../1229_bsp/\libhal_bsp.a(alt_io_redirect.o)
 .bss           0x02812b44        0x0 ../1229_bsp/\libhal_bsp.a(alt_irq_entry.o)
 .bss           0x02812b44        0x0 ../1229_bsp/\libhal_bsp.a(alt_irq_handler.o)
 .bss           0x02812b44        0x0 ../1229_bsp/\libhal_bsp.a(alt_open.o)
 .bss           0x02812b44        0x0 ../1229_bsp/\libhal_bsp.a(alt_tick.o)
 .bss           0x02812b44        0x0 ../1229_bsp/\libhal_bsp.a(altera_nios2_qsys_irq.o)
 .bss           0x02812b44        0x0 ../1229_bsp/\libhal_bsp.a(alt_exception_entry.o)
 .bss           0x02812b44        0x0 ../1229_bsp/\libhal_bsp.a(alt_find_file.o)
 .bss           0x02812b44        0x0 ../1229_bsp/\libhal_bsp.a(alt_get_fd.o)
 .bss           0x02812b44        0x0 d:/alalala/nios2eds/bin/gnu/h-i686-mingw32/bin/../lib/gcc/nios2-elf/4.1.2/../../../../nios2-elf/lib/mno-hw-mul\libc.a(lib_a-atexit.o)
 .bss           0x02812b44        0x0 d:/alalala/nios2eds/bin/gnu/h-i686-mingw32/bin/../lib/gcc/nios2-elf/4.1.2/../../../../nios2-elf/lib/mno-hw-mul\libc.a(lib_a-exit.o)
 .bss           0x02812b44        0x0 d:/alalala/nios2eds/bin/gnu/h-i686-mingw32/bin/../lib/gcc/nios2-elf/4.1.2/../../../../nios2-elf/lib/mno-hw-mul\libc.a(lib_a-memcmp.o)
 .bss           0x02812b44        0x0 d:/alalala/nios2eds/bin/gnu/h-i686-mingw32/bin/../lib/gcc/nios2-elf/4.1.2/../../../../nios2-elf/lib/mno-hw-mul\libc.a(lib_a-__atexit.o)
 .bss           0x02812b44        0x0 d:/alalala/nios2eds/bin/gnu/h-i686-mingw32/bin/../lib/gcc/nios2-elf/4.1.2/../../../../nios2-elf/lib/mno-hw-mul\libc.a(lib_a-__call_atexit.o)
 .bss           0x02812b44        0x0 ../1229_bsp/\libhal_bsp.a(alt_exit.o)
 *(COMMON)
 COMMON         0x02812b44       0x24 obj/default/count_binary.o
                0x02812b44                sPIO
 COMMON         0x02812b68      0x100 ../1229_bsp/\libhal_bsp.a(alt_irq_handler.o)
                0x02812b68                alt_irq
 COMMON         0x02812c68      0x190 d:/alalala/nios2eds/bin/gnu/h-i686-mingw32/bin/../lib/gcc/nios2-elf/4.1.2/../../../../nios2-elf/lib/mno-hw-mul\libc.a(lib_a-atexit.o)
                0x02812c68                _atexit0
                0x02812df8                . = ALIGN (0x4)
                0x02812df8                __bss_end = ABSOLUTE (.)

.sdram_ctrl     0x02812df8        0x0
                0x02812df8                PROVIDE (_alt_partition_sdram_ctrl_start, ABSOLUTE (.))
 *(.sdram_ctrl. sdram_ctrl.*)
                0x02812df8                . = ALIGN (0x4)
                0x02812df8                PROVIDE (_alt_partition_sdram_ctrl_end, ABSOLUTE (.))
                0x02812df8                _end = ABSOLUTE (.)
                0x02812df8                end = ABSOLUTE (.)
                0x02812df8                __alt_stack_base = ABSOLUTE (.)
                0x02812df8                PROVIDE (_alt_partition_sdram_ctrl_load_addr, LOADADDR (.sdram_ctrl))

.stab
 *(.stab)

.stabstr
 *(.stabstr)

.stab.excl
 *(.stab.excl)

.stab.exclstr
 *(.stab.exclstr)

.stab.index
 *(.stab.index)

.stab.indexstr
 *(.stab.indexstr)

.comment        0x00000000       0x26
 *(.comment)
 .comment       0x00000000       0x26 obj/default/count_binary.o
                                 0x27 (size before relaxing)
 .comment       0x00000000       0x27 d:/alalala/nios2eds/bin/gnu/h-i686-mingw32/bin/../lib/gcc/nios2-elf/4.1.2/mno-hw-mul\libgcc.a(lib2-mul.o)
 .comment       0x00000000       0x27 d:/alalala/nios2eds/bin/gnu/h-i686-mingw32/bin/../lib/gcc/nios2-elf/4.1.2/../../../../nios2-elf/lib/mno-hw-mul\libc.a(lib_a-printf.o)
 .comment       0x00000000       0x27 d:/alalala/nios2eds/bin/gnu/h-i686-mingw32/bin/../lib/gcc/nios2-elf/4.1.2/../../../../nios2-elf/lib/mno-hw-mul\libc.a(lib_a-puts.o)
 .comment       0x00000000       0x27 d:/alalala/nios2eds/bin/gnu/h-i686-mingw32/bin/../lib/gcc/nios2-elf/4.1.2/../../../../nios2-elf/lib/mno-hw-mul\libc.a(lib_a-rand.o)
 .comment       0x00000000       0x27 d:/alalala/nios2eds/bin/gnu/h-i686-mingw32/bin/../lib/gcc/nios2-elf/4.1.2/../../../../nios2-elf/lib/mno-hw-mul\libc.a(lib_a-strlen.o)
 .comment       0x00000000       0x27 d:/alalala/nios2eds/bin/gnu/h-i686-mingw32/bin/../lib/gcc/nios2-elf/4.1.2/../../../../nios2-elf/lib/mno-hw-mul\libc.a(lib_a-vfprintf.o)
 .comment       0x00000000       0x27 d:/alalala/nios2eds/bin/gnu/h-i686-mingw32/bin/../lib/gcc/nios2-elf/4.1.2/../../../../nios2-elf/lib/mno-hw-mul\libc.a(lib_a-wsetup.o)
 .comment       0x00000000       0x27 d:/alalala/nios2eds/bin/gnu/h-i686-mingw32/bin/../lib/gcc/nios2-elf/4.1.2/../../../../nios2-elf/lib/mno-hw-mul\libc.a(lib_a-dtoa.o)
 .comment       0x00000000       0x27 d:/alalala/nios2eds/bin/gnu/h-i686-mingw32/bin/../lib/gcc/nios2-elf/4.1.2/../../../../nios2-elf/lib/mno-hw-mul\libc.a(lib_a-fflush.o)
 .comment       0x00000000       0x27 d:/alalala/nios2eds/bin/gnu/h-i686-mingw32/bin/../lib/gcc/nios2-elf/4.1.2/../../../../nios2-elf/lib/mno-hw-mul\libc.a(lib_a-findfp.o)
 .comment       0x00000000       0x27 d:/alalala/nios2eds/bin/gnu/h-i686-mingw32/bin/../lib/gcc/nios2-elf/4.1.2/../../../../nios2-elf/lib/mno-hw-mul\libc.a(lib_a-freer.o)
 .comment       0x00000000       0x27 d:/alalala/nios2eds/bin/gnu/h-i686-mingw32/bin/../lib/gcc/nios2-elf/4.1.2/../../../../nios2-elf/lib/mno-hw-mul\libc.a(lib_a-fvwrite.o)
 .comment       0x00000000       0x27 d:/alalala/nios2eds/bin/gnu/h-i686-mingw32/bin/../lib/gcc/nios2-elf/4.1.2/../../../../nios2-elf/lib/mno-hw-mul\libc.a(lib_a-fwalk.o)
 .comment       0x00000000       0x27 d:/alalala/nios2eds/bin/gnu/h-i686-mingw32/bin/../lib/gcc/nios2-elf/4.1.2/../../../../nios2-elf/lib/mno-hw-mul\libc.a(lib_a-impure.o)
 .comment       0x00000000       0x27 d:/alalala/nios2eds/bin/gnu/h-i686-mingw32/bin/../lib/gcc/nios2-elf/4.1.2/../../../../nios2-elf/lib/mno-hw-mul\libc.a(lib_a-locale.o)
 .comment       0x00000000       0x27 d:/alalala/nios2eds/bin/gnu/h-i686-mingw32/bin/../lib/gcc/nios2-elf/4.1.2/../../../../nios2-elf/lib/mno-hw-mul\libc.a(lib_a-makebuf.o)
 .comment       0x00000000       0x27 d:/alalala/nios2eds/bin/gnu/h-i686-mingw32/bin/../lib/gcc/nios2-elf/4.1.2/../../../../nios2-elf/lib/mno-hw-mul\libc.a(lib_a-mallocr.o)
 .comment       0x00000000       0x27 d:/alalala/nios2eds/bin/gnu/h-i686-mingw32/bin/../lib/gcc/nios2-elf/4.1.2/../../../../nios2-elf/lib/mno-hw-mul\libc.a(lib_a-memchr.o)
 .comment       0x00000000       0x27 d:/alalala/nios2eds/bin/gnu/h-i686-mingw32/bin/../lib/gcc/nios2-elf/4.1.2/../../../../nios2-elf/lib/mno-hw-mul\libc.a(lib_a-memcpy.o)
 .comment       0x00000000       0x27 d:/alalala/nios2eds/bin/gnu/h-i686-mingw32/bin/../lib/gcc/nios2-elf/4.1.2/../../../../nios2-elf/lib/mno-hw-mul\libc.a(lib_a-memmove.o)
 .comment       0x00000000       0x27 d:/alalala/nios2eds/bin/gnu/h-i686-mingw32/bin/../lib/gcc/nios2-elf/4.1.2/../../../../nios2-elf/lib/mno-hw-mul\libc.a(lib_a-memset.o)
 .comment       0x00000000       0x27 d:/alalala/nios2eds/bin/gnu/h-i686-mingw32/bin/../lib/gcc/nios2-elf/4.1.2/../../../../nios2-elf/lib/mno-hw-mul\libc.a(lib_a-mprec.o)
 .comment       0x00000000       0x27 d:/alalala/nios2eds/bin/gnu/h-i686-mingw32/bin/../lib/gcc/nios2-elf/4.1.2/../../../../nios2-elf/lib/mno-hw-mul\libc.a(lib_a-reallocr.o)
 .comment       0x00000000       0x27 d:/alalala/nios2eds/bin/gnu/h-i686-mingw32/bin/../lib/gcc/nios2-elf/4.1.2/../../../../nios2-elf/lib/mno-hw-mul\libc.a(lib_a-s_isinfd.o)
 .comment       0x00000000       0x27 d:/alalala/nios2eds/bin/gnu/h-i686-mingw32/bin/../lib/gcc/nios2-elf/4.1.2/../../../../nios2-elf/lib/mno-hw-mul\libc.a(lib_a-s_isnand.o)
 .comment       0x00000000       0x27 d:/alalala/nios2eds/bin/gnu/h-i686-mingw32/bin/../lib/gcc/nios2-elf/4.1.2/../../../../nios2-elf/lib/mno-hw-mul\libc.a(lib_a-sbrkr.o)
 .comment       0x00000000       0x27 d:/alalala/nios2eds/bin/gnu/h-i686-mingw32/bin/../lib/gcc/nios2-elf/4.1.2/../../../../nios2-elf/lib/mno-hw-mul\libc.a(lib_a-stdio.o)
 .comment       0x00000000       0x27 d:/alalala/nios2eds/bin/gnu/h-i686-mingw32/bin/../lib/gcc/nios2-elf/4.1.2/../../../../nios2-elf/lib/mno-hw-mul\libc.a(lib_a-strcmp.o)
 .comment       0x00000000       0x27 d:/alalala/nios2eds/bin/gnu/h-i686-mingw32/bin/../lib/gcc/nios2-elf/4.1.2/../../../../nios2-elf/lib/mno-hw-mul\libc.a(lib_a-writer.o)
 .comment       0x00000000       0x27 d:/alalala/nios2eds/bin/gnu/h-i686-mingw32/bin/../lib/gcc/nios2-elf/4.1.2/../../../../nios2-elf/lib/mno-hw-mul\libc.a(lib_a-callocr.o)
 .comment       0x00000000       0x27 d:/alalala/nios2eds/bin/gnu/h-i686-mingw32/bin/../lib/gcc/nios2-elf/4.1.2/../../../../nios2-elf/lib/mno-hw-mul\libc.a(lib_a-closer.o)
 .comment       0x00000000       0x27 d:/alalala/nios2eds/bin/gnu/h-i686-mingw32/bin/../lib/gcc/nios2-elf/4.1.2/../../../../nios2-elf/lib/mno-hw-mul\libc.a(lib_a-fclose.o)
 .comment       0x00000000       0x27 d:/alalala/nios2eds/bin/gnu/h-i686-mingw32/bin/../lib/gcc/nios2-elf/4.1.2/../../../../nios2-elf/lib/mno-hw-mul\libc.a(lib_a-fstatr.o)
 .comment       0x00000000       0x27 d:/alalala/nios2eds/bin/gnu/h-i686-mingw32/bin/../lib/gcc/nios2-elf/4.1.2/../../../../nios2-elf/lib/mno-hw-mul\libc.a(lib_a-int_errno.o)
 .comment       0x00000000       0x27 d:/alalala/nios2eds/bin/gnu/h-i686-mingw32/bin/../lib/gcc/nios2-elf/4.1.2/../../../../nios2-elf/lib/mno-hw-mul\libc.a(lib_a-isattyr.o)
 .comment       0x00000000       0x27 d:/alalala/nios2eds/bin/gnu/h-i686-mingw32/bin/../lib/gcc/nios2-elf/4.1.2/../../../../nios2-elf/lib/mno-hw-mul\libc.a(lib_a-lseekr.o)
 .comment       0x00000000       0x27 d:/alalala/nios2eds/bin/gnu/h-i686-mingw32/bin/../lib/gcc/nios2-elf/4.1.2/../../../../nios2-elf/lib/mno-hw-mul\libc.a(lib_a-readr.o)
 .comment       0x00000000       0x27 d:/alalala/nios2eds/bin/gnu/h-i686-mingw32/bin/../lib/gcc/nios2-elf/4.1.2/mno-hw-mul\libgcc.a(_muldi3.o)
 .comment       0x00000000       0x27 d:/alalala/nios2eds/bin/gnu/h-i686-mingw32/bin/../lib/gcc/nios2-elf/4.1.2/mno-hw-mul\libgcc.a(_udivdi3.o)
 .comment       0x00000000       0x27 d:/alalala/nios2eds/bin/gnu/h-i686-mingw32/bin/../lib/gcc/nios2-elf/4.1.2/mno-hw-mul\libgcc.a(_umoddi3.o)
 .comment       0x00000000       0x27 d:/alalala/nios2eds/bin/gnu/h-i686-mingw32/bin/../lib/gcc/nios2-elf/4.1.2/mno-hw-mul\libgcc.a(_addsub_df.o)
 .comment       0x00000000       0x27 d:/alalala/nios2eds/bin/gnu/h-i686-mingw32/bin/../lib/gcc/nios2-elf/4.1.2/mno-hw-mul\libgcc.a(_mul_df.o)
 .comment       0x00000000       0x27 d:/alalala/nios2eds/bin/gnu/h-i686-mingw32/bin/../lib/gcc/nios2-elf/4.1.2/mno-hw-mul\libgcc.a(_div_df.o)
 .comment       0x00000000       0x27 d:/alalala/nios2eds/bin/gnu/h-i686-mingw32/bin/../lib/gcc/nios2-elf/4.1.2/mno-hw-mul\libgcc.a(_eq_df.o)
 .comment       0x00000000       0x27 d:/alalala/nios2eds/bin/gnu/h-i686-mingw32/bin/../lib/gcc/nios2-elf/4.1.2/mno-hw-mul\libgcc.a(_ne_df.o)
 .comment       0x00000000       0x27 d:/alalala/nios2eds/bin/gnu/h-i686-mingw32/bin/../lib/gcc/nios2-elf/4.1.2/mno-hw-mul\libgcc.a(_gt_df.o)
 .comment       0x00000000       0x27 d:/alalala/nios2eds/bin/gnu/h-i686-mingw32/bin/../lib/gcc/nios2-elf/4.1.2/mno-hw-mul\libgcc.a(_ge_df.o)
 .comment       0x00000000       0x27 d:/alalala/nios2eds/bin/gnu/h-i686-mingw32/bin/../lib/gcc/nios2-elf/4.1.2/mno-hw-mul\libgcc.a(_lt_df.o)
 .comment       0x00000000       0x27 d:/alalala/nios2eds/bin/gnu/h-i686-mingw32/bin/../lib/gcc/nios2-elf/4.1.2/mno-hw-mul\libgcc.a(_si_to_df.o)
 .comment       0x00000000       0x27 d:/alalala/nios2eds/bin/gnu/h-i686-mingw32/bin/../lib/gcc/nios2-elf/4.1.2/mno-hw-mul\libgcc.a(_df_to_si.o)
 .comment       0x00000000       0x27 d:/alalala/nios2eds/bin/gnu/h-i686-mingw32/bin/../lib/gcc/nios2-elf/4.1.2/mno-hw-mul\libgcc.a(_thenan_df.o)
 .comment       0x00000000       0x27 d:/alalala/nios2eds/bin/gnu/h-i686-mingw32/bin/../lib/gcc/nios2-elf/4.1.2/mno-hw-mul\libgcc.a(_usi_to_df.o)
 .comment       0x00000000       0x27 d:/alalala/nios2eds/bin/gnu/h-i686-mingw32/bin/../lib/gcc/nios2-elf/4.1.2/mno-hw-mul\libgcc.a(lib2-divmod.o)
 .comment       0x00000000       0x27 d:/alalala/nios2eds/bin/gnu/h-i686-mingw32/bin/../lib/gcc/nios2-elf/4.1.2/mno-hw-mul\libgcc.a(_clz.o)
 .comment       0x00000000       0x27 d:/alalala/nios2eds/bin/gnu/h-i686-mingw32/bin/../lib/gcc/nios2-elf/4.1.2/mno-hw-mul\libgcc.a(_clzsi2.o)
 .comment       0x00000000       0x27 d:/alalala/nios2eds/bin/gnu/h-i686-mingw32/bin/../lib/gcc/nios2-elf/4.1.2/mno-hw-mul\libgcc.a(_pack_df.o)
 .comment       0x00000000       0x27 d:/alalala/nios2eds/bin/gnu/h-i686-mingw32/bin/../lib/gcc/nios2-elf/4.1.2/mno-hw-mul\libgcc.a(_unpack_df.o)
 .comment       0x00000000       0x27 d:/alalala/nios2eds/bin/gnu/h-i686-mingw32/bin/../lib/gcc/nios2-elf/4.1.2/mno-hw-mul\libgcc.a(_fpcmp_parts_df.o)
 .comment       0x00000000       0x27 ../1229_bsp/\libhal_bsp.a(alt_close.o)
 .comment       0x00000000       0x27 ../1229_bsp/\libhal_bsp.a(alt_dev.o)
 .comment       0x00000000       0x27 ../1229_bsp/\libhal_bsp.a(alt_errno.o)
 .comment       0x00000000       0x27 ../1229_bsp/\libhal_bsp.a(alt_fstat.o)
 .comment       0x00000000       0x27 ../1229_bsp/\libhal_bsp.a(alt_irq_register.o)
 .comment       0x00000000       0x27 ../1229_bsp/\libhal_bsp.a(alt_irq_vars.o)
 .comment       0x00000000       0x27 ../1229_bsp/\libhal_bsp.a(alt_isatty.o)
 .comment       0x00000000       0x27 ../1229_bsp/\libhal_bsp.a(alt_load.o)
 .comment       0x00000000       0x27 ../1229_bsp/\libhal_bsp.a(alt_lseek.o)
 .comment       0x00000000       0x27 ../1229_bsp/\libhal_bsp.a(alt_main.o)
 .comment       0x00000000       0x27 ../1229_bsp/\libhal_bsp.a(alt_malloc_lock.o)
 .comment       0x00000000       0x27 ../1229_bsp/\libhal_bsp.a(alt_read.o)
 .comment       0x00000000       0x27 ../1229_bsp/\libhal_bsp.a(alt_release_fd.o)
 .comment       0x00000000       0x27 ../1229_bsp/\libhal_bsp.a(alt_sbrk.o)
 .comment       0x00000000       0x27 ../1229_bsp/\libhal_bsp.a(alt_usleep.o)
 .comment       0x00000000       0x27 ../1229_bsp/\libhal_bsp.a(alt_write.o)
 .comment       0x00000000       0x27 ../1229_bsp/\libhal_bsp.a(alt_sys_init.o)
 .comment       0x00000000       0x27 ../1229_bsp/\libhal_bsp.a(altera_avalon_dma.o)
 .comment       0x00000000       0x27 ../1229_bsp/\libhal_bsp.a(altera_avalon_jtag_uart_fd.o)
 .comment       0x00000000       0x27 ../1229_bsp/\libhal_bsp.a(altera_avalon_jtag_uart_init.o)
 .comment       0x00000000       0x27 ../1229_bsp/\libhal_bsp.a(altera_avalon_jtag_uart_ioctl.o)
 .comment       0x00000000       0x27 ../1229_bsp/\libhal_bsp.a(altera_avalon_jtag_uart_read.o)
 .comment       0x00000000       0x27 ../1229_bsp/\libhal_bsp.a(altera_avalon_jtag_uart_write.o)
 .comment       0x00000000       0x27 ../1229_bsp/\libhal_bsp.a(alt_alarm_start.o)
 .comment       0x00000000       0x27 ../1229_bsp/\libhal_bsp.a(alt_busy_sleep.o)
 .comment       0x00000000       0x27 ../1229_bsp/\libhal_bsp.a(alt_dcache_flush_all.o)
 .comment       0x00000000       0x27 ../1229_bsp/\libhal_bsp.a(alt_dev_llist_insert.o)
 .comment       0x00000000       0x27 ../1229_bsp/\libhal_bsp.a(alt_dma_rxchan_open.o)
 .comment       0x00000000       0x27 ../1229_bsp/\libhal_bsp.a(alt_dma_txchan_open.o)
 .comment       0x00000000       0x27 ../1229_bsp/\libhal_bsp.a(alt_do_ctors.o)
 .comment       0x00000000       0x27 ../1229_bsp/\libhal_bsp.a(alt_do_dtors.o)
 .comment       0x00000000       0x27 ../1229_bsp/\libhal_bsp.a(alt_find_dev.o)
 .comment       0x00000000       0x27 ../1229_bsp/\libhal_bsp.a(alt_icache_flush_all.o)
 .comment       0x00000000       0x27 ../1229_bsp/\libhal_bsp.a(alt_iic.o)
 .comment       0x00000000       0x27 ../1229_bsp/\libhal_bsp.a(alt_iic_isr_register.o)
 .comment       0x00000000       0x27 ../1229_bsp/\libhal_bsp.a(alt_io_redirect.o)
 .comment       0x00000000       0x27 ../1229_bsp/\libhal_bsp.a(alt_irq_handler.o)
 .comment       0x00000000       0x27 ../1229_bsp/\libhal_bsp.a(alt_open.o)
 .comment       0x00000000       0x27 ../1229_bsp/\libhal_bsp.a(alt_tick.o)
 .comment       0x00000000       0x27 ../1229_bsp/\libhal_bsp.a(altera_nios2_qsys_irq.o)
 .comment       0x00000000       0x27 ../1229_bsp/\libhal_bsp.a(alt_find_file.o)
 .comment       0x00000000       0x27 ../1229_bsp/\libhal_bsp.a(alt_get_fd.o)
 .comment       0x00000000       0x27 d:/alalala/nios2eds/bin/gnu/h-i686-mingw32/bin/../lib/gcc/nios2-elf/4.1.2/../../../../nios2-elf/lib/mno-hw-mul\libc.a(lib_a-atexit.o)
 .comment       0x00000000       0x27 d:/alalala/nios2eds/bin/gnu/h-i686-mingw32/bin/../lib/gcc/nios2-elf/4.1.2/../../../../nios2-elf/lib/mno-hw-mul\libc.a(lib_a-exit.o)
 .comment       0x00000000       0x27 d:/alalala/nios2eds/bin/gnu/h-i686-mingw32/bin/../lib/gcc/nios2-elf/4.1.2/../../../../nios2-elf/lib/mno-hw-mul\libc.a(lib_a-memcmp.o)
 .comment       0x00000000       0x27 d:/alalala/nios2eds/bin/gnu/h-i686-mingw32/bin/../lib/gcc/nios2-elf/4.1.2/../../../../nios2-elf/lib/mno-hw-mul\libc.a(lib_a-__atexit.o)
 .comment       0x00000000       0x27 d:/alalala/nios2eds/bin/gnu/h-i686-mingw32/bin/../lib/gcc/nios2-elf/4.1.2/../../../../nios2-elf/lib/mno-hw-mul\libc.a(lib_a-__call_atexit.o)
 .comment       0x00000000       0x27 ../1229_bsp/\libhal_bsp.a(alt_exit.o)

.debug
 *(.debug)

.line
 *(.line)

.debug_srcinfo
 *(.debug_srcinfo)

.debug_sfnames
 *(.debug_sfnames)

.debug_aranges  0x00000000      0xd38
 *(.debug_aranges)
 .debug_aranges
                0x00000000       0x28 ../1229_bsp//obj/HAL/src/crt0.o
 .debug_aranges
                0x00000028       0x20 obj/default/count_binary.o
 .debug_aranges
                0x00000048       0x20 d:/alalala/nios2eds/bin/gnu/h-i686-mingw32/bin/../lib/gcc/nios2-elf/4.1.2/mno-hw-mul\libgcc.a(lib2-mul.o)
 .debug_aranges
                0x00000068       0x20 d:/alalala/nios2eds/bin/gnu/h-i686-mingw32/bin/../lib/gcc/nios2-elf/4.1.2/../../../../nios2-elf/lib/mno-hw-mul\libc.a(lib_a-printf.o)
 .debug_aranges
                0x00000088       0x20 d:/alalala/nios2eds/bin/gnu/h-i686-mingw32/bin/../lib/gcc/nios2-elf/4.1.2/../../../../nios2-elf/lib/mno-hw-mul\libc.a(lib_a-puts.o)
 .debug_aranges
                0x000000a8       0x20 d:/alalala/nios2eds/bin/gnu/h-i686-mingw32/bin/../lib/gcc/nios2-elf/4.1.2/../../../../nios2-elf/lib/mno-hw-mul\libc.a(lib_a-rand.o)
 .debug_aranges
                0x000000c8       0x20 d:/alalala/nios2eds/bin/gnu/h-i686-mingw32/bin/../lib/gcc/nios2-elf/4.1.2/../../../../nios2-elf/lib/mno-hw-mul\libc.a(lib_a-strlen.o)
 .debug_aranges
                0x000000e8       0x20 d:/alalala/nios2eds/bin/gnu/h-i686-mingw32/bin/../lib/gcc/nios2-elf/4.1.2/../../../../nios2-elf/lib/mno-hw-mul\libc.a(lib_a-vfprintf.o)
 .debug_aranges
                0x00000108       0x20 d:/alalala/nios2eds/bin/gnu/h-i686-mingw32/bin/../lib/gcc/nios2-elf/4.1.2/../../../../nios2-elf/lib/mno-hw-mul\libc.a(lib_a-wsetup.o)
 .debug_aranges
                0x00000128       0x20 d:/alalala/nios2eds/bin/gnu/h-i686-mingw32/bin/../lib/gcc/nios2-elf/4.1.2/../../../../nios2-elf/lib/mno-hw-mul\libc.a(lib_a-dtoa.o)
 .debug_aranges
                0x00000148       0x20 d:/alalala/nios2eds/bin/gnu/h-i686-mingw32/bin/../lib/gcc/nios2-elf/4.1.2/../../../../nios2-elf/lib/mno-hw-mul\libc.a(lib_a-fflush.o)
 .debug_aranges
                0x00000168       0x20 d:/alalala/nios2eds/bin/gnu/h-i686-mingw32/bin/../lib/gcc/nios2-elf/4.1.2/../../../../nios2-elf/lib/mno-hw-mul\libc.a(lib_a-findfp.o)
 .debug_aranges
                0x00000188       0x20 d:/alalala/nios2eds/bin/gnu/h-i686-mingw32/bin/../lib/gcc/nios2-elf/4.1.2/../../../../nios2-elf/lib/mno-hw-mul\libc.a(lib_a-freer.o)
 .debug_aranges
                0x000001a8       0x20 d:/alalala/nios2eds/bin/gnu/h-i686-mingw32/bin/../lib/gcc/nios2-elf/4.1.2/../../../../nios2-elf/lib/mno-hw-mul\libc.a(lib_a-fvwrite.o)
 .debug_aranges
                0x000001c8       0x20 d:/alalala/nios2eds/bin/gnu/h-i686-mingw32/bin/../lib/gcc/nios2-elf/4.1.2/../../../../nios2-elf/lib/mno-hw-mul\libc.a(lib_a-fwalk.o)
 .debug_aranges
                0x000001e8       0x20 d:/alalala/nios2eds/bin/gnu/h-i686-mingw32/bin/../lib/gcc/nios2-elf/4.1.2/../../../../nios2-elf/lib/mno-hw-mul\libc.a(lib_a-locale.o)
 .debug_aranges
                0x00000208       0x20 d:/alalala/nios2eds/bin/gnu/h-i686-mingw32/bin/../lib/gcc/nios2-elf/4.1.2/../../../../nios2-elf/lib/mno-hw-mul\libc.a(lib_a-makebuf.o)
 .debug_aranges
                0x00000228       0x20 d:/alalala/nios2eds/bin/gnu/h-i686-mingw32/bin/../lib/gcc/nios2-elf/4.1.2/../../../../nios2-elf/lib/mno-hw-mul\libc.a(lib_a-mallocr.o)
 .debug_aranges
                0x00000248       0x20 d:/alalala/nios2eds/bin/gnu/h-i686-mingw32/bin/../lib/gcc/nios2-elf/4.1.2/../../../../nios2-elf/lib/mno-hw-mul\libc.a(lib_a-memchr.o)
 .debug_aranges
                0x00000268       0x20 d:/alalala/nios2eds/bin/gnu/h-i686-mingw32/bin/../lib/gcc/nios2-elf/4.1.2/../../../../nios2-elf/lib/mno-hw-mul\libc.a(lib_a-memcpy.o)
 .debug_aranges
                0x00000288       0x20 d:/alalala/nios2eds/bin/gnu/h-i686-mingw32/bin/../lib/gcc/nios2-elf/4.1.2/../../../../nios2-elf/lib/mno-hw-mul\libc.a(lib_a-memmove.o)
 .debug_aranges
                0x000002a8       0x20 d:/alalala/nios2eds/bin/gnu/h-i686-mingw32/bin/../lib/gcc/nios2-elf/4.1.2/../../../../nios2-elf/lib/mno-hw-mul\libc.a(lib_a-memset.o)
 .debug_aranges
                0x000002c8       0x20 d:/alalala/nios2eds/bin/gnu/h-i686-mingw32/bin/../lib/gcc/nios2-elf/4.1.2/../../../../nios2-elf/lib/mno-hw-mul\libc.a(lib_a-mprec.o)
 .debug_aranges
                0x000002e8       0x20 d:/alalala/nios2eds/bin/gnu/h-i686-mingw32/bin/../lib/gcc/nios2-elf/4.1.2/../../../../nios2-elf/lib/mno-hw-mul\libc.a(lib_a-reallocr.o)
 .debug_aranges
                0x00000308       0x20 d:/alalala/nios2eds/bin/gnu/h-i686-mingw32/bin/../lib/gcc/nios2-elf/4.1.2/../../../../nios2-elf/lib/mno-hw-mul\libc.a(lib_a-s_isinfd.o)
 .debug_aranges
                0x00000328       0x20 d:/alalala/nios2eds/bin/gnu/h-i686-mingw32/bin/../lib/gcc/nios2-elf/4.1.2/../../../../nios2-elf/lib/mno-hw-mul\libc.a(lib_a-s_isnand.o)
 .debug_aranges
                0x00000348       0x20 d:/alalala/nios2eds/bin/gnu/h-i686-mingw32/bin/../lib/gcc/nios2-elf/4.1.2/../../../../nios2-elf/lib/mno-hw-mul\libc.a(lib_a-sbrkr.o)
 .debug_aranges
                0x00000368       0x20 d:/alalala/nios2eds/bin/gnu/h-i686-mingw32/bin/../lib/gcc/nios2-elf/4.1.2/../../../../nios2-elf/lib/mno-hw-mul\libc.a(lib_a-stdio.o)
 .debug_aranges
                0x00000388       0x20 d:/alalala/nios2eds/bin/gnu/h-i686-mingw32/bin/../lib/gcc/nios2-elf/4.1.2/../../../../nios2-elf/lib/mno-hw-mul\libc.a(lib_a-strcmp.o)
 .debug_aranges
                0x000003a8       0x20 d:/alalala/nios2eds/bin/gnu/h-i686-mingw32/bin/../lib/gcc/nios2-elf/4.1.2/../../../../nios2-elf/lib/mno-hw-mul\libc.a(lib_a-writer.o)
 .debug_aranges
                0x000003c8       0x20 d:/alalala/nios2eds/bin/gnu/h-i686-mingw32/bin/../lib/gcc/nios2-elf/4.1.2/../../../../nios2-elf/lib/mno-hw-mul\libc.a(lib_a-callocr.o)
 .debug_aranges
                0x000003e8       0x20 d:/alalala/nios2eds/bin/gnu/h-i686-mingw32/bin/../lib/gcc/nios2-elf/4.1.2/../../../../nios2-elf/lib/mno-hw-mul\libc.a(lib_a-closer.o)
 .debug_aranges
                0x00000408       0x20 d:/alalala/nios2eds/bin/gnu/h-i686-mingw32/bin/../lib/gcc/nios2-elf/4.1.2/../../../../nios2-elf/lib/mno-hw-mul\libc.a(lib_a-fclose.o)
 .debug_aranges
                0x00000428       0x20 d:/alalala/nios2eds/bin/gnu/h-i686-mingw32/bin/../lib/gcc/nios2-elf/4.1.2/../../../../nios2-elf/lib/mno-hw-mul\libc.a(lib_a-fstatr.o)
 .debug_aranges
                0x00000448       0x20 d:/alalala/nios2eds/bin/gnu/h-i686-mingw32/bin/../lib/gcc/nios2-elf/4.1.2/../../../../nios2-elf/lib/mno-hw-mul\libc.a(lib_a-isattyr.o)
 .debug_aranges
                0x00000468       0x20 d:/alalala/nios2eds/bin/gnu/h-i686-mingw32/bin/../lib/gcc/nios2-elf/4.1.2/../../../../nios2-elf/lib/mno-hw-mul\libc.a(lib_a-lseekr.o)
 .debug_aranges
                0x00000488       0x20 d:/alalala/nios2eds/bin/gnu/h-i686-mingw32/bin/../lib/gcc/nios2-elf/4.1.2/../../../../nios2-elf/lib/mno-hw-mul\libc.a(lib_a-readr.o)
 .debug_aranges
                0x000004a8       0x20 d:/alalala/nios2eds/bin/gnu/h-i686-mingw32/bin/../lib/gcc/nios2-elf/4.1.2/mno-hw-mul\libgcc.a(_muldi3.o)
 .debug_aranges
                0x000004c8       0x20 d:/alalala/nios2eds/bin/gnu/h-i686-mingw32/bin/../lib/gcc/nios2-elf/4.1.2/mno-hw-mul\libgcc.a(_udivdi3.o)
 .debug_aranges
                0x000004e8       0x20 d:/alalala/nios2eds/bin/gnu/h-i686-mingw32/bin/../lib/gcc/nios2-elf/4.1.2/mno-hw-mul\libgcc.a(_umoddi3.o)
 .debug_aranges
                0x00000508       0x20 d:/alalala/nios2eds/bin/gnu/h-i686-mingw32/bin/../lib/gcc/nios2-elf/4.1.2/mno-hw-mul\libgcc.a(_addsub_df.o)
 .debug_aranges
                0x00000528       0x20 d:/alalala/nios2eds/bin/gnu/h-i686-mingw32/bin/../lib/gcc/nios2-elf/4.1.2/mno-hw-mul\libgcc.a(_mul_df.o)
 .debug_aranges
                0x00000548       0x20 d:/alalala/nios2eds/bin/gnu/h-i686-mingw32/bin/../lib/gcc/nios2-elf/4.1.2/mno-hw-mul\libgcc.a(_div_df.o)
 .debug_aranges
                0x00000568       0x20 d:/alalala/nios2eds/bin/gnu/h-i686-mingw32/bin/../lib/gcc/nios2-elf/4.1.2/mno-hw-mul\libgcc.a(_eq_df.o)
 .debug_aranges
                0x00000588       0x20 d:/alalala/nios2eds/bin/gnu/h-i686-mingw32/bin/../lib/gcc/nios2-elf/4.1.2/mno-hw-mul\libgcc.a(_ne_df.o)
 .debug_aranges
                0x000005a8       0x20 d:/alalala/nios2eds/bin/gnu/h-i686-mingw32/bin/../lib/gcc/nios2-elf/4.1.2/mno-hw-mul\libgcc.a(_gt_df.o)
 .debug_aranges
                0x000005c8       0x20 d:/alalala/nios2eds/bin/gnu/h-i686-mingw32/bin/../lib/gcc/nios2-elf/4.1.2/mno-hw-mul\libgcc.a(_ge_df.o)
 .debug_aranges
                0x000005e8       0x20 d:/alalala/nios2eds/bin/gnu/h-i686-mingw32/bin/../lib/gcc/nios2-elf/4.1.2/mno-hw-mul\libgcc.a(_lt_df.o)
 .debug_aranges
                0x00000608       0x20 d:/alalala/nios2eds/bin/gnu/h-i686-mingw32/bin/../lib/gcc/nios2-elf/4.1.2/mno-hw-mul\libgcc.a(_si_to_df.o)
 .debug_aranges
                0x00000628       0x20 d:/alalala/nios2eds/bin/gnu/h-i686-mingw32/bin/../lib/gcc/nios2-elf/4.1.2/mno-hw-mul\libgcc.a(_df_to_si.o)
 .debug_aranges
                0x00000648       0x20 d:/alalala/nios2eds/bin/gnu/h-i686-mingw32/bin/../lib/gcc/nios2-elf/4.1.2/mno-hw-mul\libgcc.a(_usi_to_df.o)
 .debug_aranges
                0x00000668       0x20 d:/alalala/nios2eds/bin/gnu/h-i686-mingw32/bin/../lib/gcc/nios2-elf/4.1.2/mno-hw-mul\libgcc.a(lib2-divmod.o)
 .debug_aranges
                0x00000688       0x20 d:/alalala/nios2eds/bin/gnu/h-i686-mingw32/bin/../lib/gcc/nios2-elf/4.1.2/mno-hw-mul\libgcc.a(_clzsi2.o)
 .debug_aranges
                0x000006a8       0x20 d:/alalala/nios2eds/bin/gnu/h-i686-mingw32/bin/../lib/gcc/nios2-elf/4.1.2/mno-hw-mul\libgcc.a(_pack_df.o)
 .debug_aranges
                0x000006c8       0x20 d:/alalala/nios2eds/bin/gnu/h-i686-mingw32/bin/../lib/gcc/nios2-elf/4.1.2/mno-hw-mul\libgcc.a(_unpack_df.o)
 .debug_aranges
                0x000006e8       0x20 d:/alalala/nios2eds/bin/gnu/h-i686-mingw32/bin/../lib/gcc/nios2-elf/4.1.2/mno-hw-mul\libgcc.a(_fpcmp_parts_df.o)
 .debug_aranges
                0x00000708       0x20 ../1229_bsp/\libhal_bsp.a(alt_close.o)
 .debug_aranges
                0x00000728       0x20 ../1229_bsp/\libhal_bsp.a(alt_dev.o)
 .debug_aranges
                0x00000748       0x20 ../1229_bsp/\libhal_bsp.a(alt_fstat.o)
 .debug_aranges
                0x00000768       0x20 ../1229_bsp/\libhal_bsp.a(alt_irq_register.o)
 .debug_aranges
                0x00000788       0x20 ../1229_bsp/\libhal_bsp.a(alt_isatty.o)
 .debug_aranges
                0x000007a8       0x20 ../1229_bsp/\libhal_bsp.a(alt_load.o)
 .debug_aranges
                0x000007c8       0x20 ../1229_bsp/\libhal_bsp.a(alt_lseek.o)
 .debug_aranges
                0x000007e8       0x20 ../1229_bsp/\libhal_bsp.a(alt_main.o)
 .debug_aranges
                0x00000808       0x20 ../1229_bsp/\libhal_bsp.a(alt_malloc_lock.o)
 .debug_aranges
                0x00000828       0x20 ../1229_bsp/\libhal_bsp.a(alt_read.o)
 .debug_aranges
                0x00000848       0x20 ../1229_bsp/\libhal_bsp.a(alt_release_fd.o)
 .debug_aranges
                0x00000868       0x20 ../1229_bsp/\libhal_bsp.a(alt_sbrk.o)
 .debug_aranges
                0x00000888       0x20 ../1229_bsp/\libhal_bsp.a(alt_usleep.o)
 .debug_aranges
                0x000008a8       0x20 ../1229_bsp/\libhal_bsp.a(alt_write.o)
 .debug_aranges
                0x000008c8       0x20 ../1229_bsp/\libhal_bsp.a(alt_sys_init.o)
 .debug_aranges
                0x000008e8       0x20 ../1229_bsp/\libhal_bsp.a(altera_avalon_dma.o)
 .debug_aranges
                0x00000908       0x20 ../1229_bsp/\libhal_bsp.a(altera_avalon_jtag_uart_fd.o)
 .debug_aranges
                0x00000928       0x20 ../1229_bsp/\libhal_bsp.a(altera_avalon_jtag_uart_init.o)
 .debug_aranges
                0x00000948       0x20 ../1229_bsp/\libhal_bsp.a(altera_avalon_jtag_uart_ioctl.o)
 .debug_aranges
                0x00000968       0x20 ../1229_bsp/\libhal_bsp.a(altera_avalon_jtag_uart_read.o)
 .debug_aranges
                0x00000988       0x20 ../1229_bsp/\libhal_bsp.a(altera_avalon_jtag_uart_write.o)
 .debug_aranges
                0x000009a8       0x20 ../1229_bsp/\libhal_bsp.a(alt_alarm_start.o)
 .debug_aranges
                0x000009c8       0x20 ../1229_bsp/\libhal_bsp.a(alt_busy_sleep.o)
 .debug_aranges
                0x000009e8       0x20 ../1229_bsp/\libhal_bsp.a(alt_dcache_flush_all.o)
 .debug_aranges
                0x00000a08       0x20 ../1229_bsp/\libhal_bsp.a(alt_dev_llist_insert.o)
 .debug_aranges
                0x00000a28       0x20 ../1229_bsp/\libhal_bsp.a(alt_dma_rxchan_open.o)
 .debug_aranges
                0x00000a48       0x20 ../1229_bsp/\libhal_bsp.a(alt_dma_txchan_open.o)
 .debug_aranges
                0x00000a68       0x20 ../1229_bsp/\libhal_bsp.a(alt_do_ctors.o)
 .debug_aranges
                0x00000a88       0x20 ../1229_bsp/\libhal_bsp.a(alt_do_dtors.o)
 .debug_aranges